

================================================================
== Vitis HLS Report for 'fir'
================================================================
* Date:           Sun Dec  1 15:27:59 2024

* Version:        2023.1 (Build 3854077 on May  4 2023)
* Project:        fir
* Solution:       solution1 (Vivado IP Flow Target)
* Product family: zynq
* Target device:  xc7z020-clg484-1


================================================================
== Performance Estimates
================================================================
+ Timing: 
    * Summary: 
    +--------+----------+----------+------------+
    |  Clock |  Target  | Estimated| Uncertainty|
    +--------+----------+----------+------------+
    |ap_clk  |  10.00 ns|  5.580 ns|     2.70 ns|
    +--------+----------+----------+------------+

+ Latency: 
    * Summary: 
    +---------+---------+----------+----------+-----+-----+---------+
    |  Latency (cycles) |  Latency (absolute) |  Interval | Pipeline|
    |   min   |   max   |    min   |    max   | min | max |   Type  |
    +---------+---------+----------+----------+-----+-----+---------+
    |       68|       68|  0.680 us|  0.680 us|   69|   69|       no|
    +---------+---------+----------+----------+-----+-----+---------+

    + Detail: 
        * Instance: 
        +-----------------------------+-------------------+---------+---------+----------+----------+-----+-----+---------+
        |                             |                   |  Latency (cycles) |  Latency (absolute) |  Interval | Pipeline|
        |           Instance          |       Module      |   min   |   max   |    min   |    max   | min | max |   Type  |
        +-----------------------------+-------------------+---------+---------+----------+----------+-----+-----+---------+
        |grp_fir_Pipeline_loop_fu_78  |fir_Pipeline_loop  |       62|       62|  0.620 us|  0.620 us|   62|   62|       no|
        +-----------------------------+-------------------+---------+---------+----------+----------+-----+-----+---------+

        * Loop: 
        N/A

============================================================
+ Verbose Summary: Synthesis Manager
============================================================
InlineROM: 1
ExposeGlobal: 0
============================================================
+ Verbose Summary: CDFG Model
============================================================
IsTopModel: 1
ResetActiveHigh: 1
IsCombinational: 0
IsDatapathOnly: 0
HasWiredReturn: 1
HasMFsm: 0
HasVarLatency: 1
IsPipeline: 0
IsRtlPipelined: 0
IsInstanceOverlapped: 0
IsDontTouch: 0
HasImplIP: 0
IsGatedGlobalClock: 0


============================================================
+ Verbose Summary: Schedule
============================================================
* Number of FSM states : 7
* Pipeline : 0
* Dataflow Pipeline: 0

* FSM state transitions: 
1 --> 2 
2 --> 3 
3 --> 4 
4 --> 5 
5 --> 6 
6 --> 7 
7 --> 

* FSM state operations: 

State 1 <SV = 0> <Delay = 2.32>
ST_1 : Operation 8 [1/1] (0.00ns)   --->   "%acc_01_loc = alloca i64 1"   --->   Operation 8 'alloca' 'acc_01_loc' <Predicate = true> <Delay = 0.00>
ST_1 : Operation 9 [2/2] (2.32ns)   --->   "%shift_reg_load = load i16 57" [../xup_high_level_synthesis_design_flow-main/source/lab4/fir.cpp:19]   --->   Operation 9 'load' 'shift_reg_load' <Predicate = true> <Delay = 2.32> <CoreInst = "RAM">   --->   Core 82 'RAM' <Latency = 1> <II = 1> <Delay = 2.32> <Storage> <Opcode : 'load' 'store'> <Ports = 2> <Width = 16> <Depth = 58> <RAM>

State 2 <SV = 1> <Delay = 2.32>
ST_2 : Operation 10 [1/2] (2.32ns)   --->   "%shift_reg_load = load i16 57" [../xup_high_level_synthesis_design_flow-main/source/lab4/fir.cpp:19]   --->   Operation 10 'load' 'shift_reg_load' <Predicate = true> <Delay = 2.32> <CoreInst = "RAM">   --->   Core 82 'RAM' <Latency = 1> <II = 1> <Delay = 2.32> <Storage> <Opcode : 'load' 'store'> <Ports = 2> <Width = 16> <Depth = 58> <RAM>

State 3 <SV = 2> <Delay = 5.58>
ST_3 : Operation 11 [1/1] (0.00ns)   --->   "%sext_ln16 = sext i16 %shift_reg_load" [../xup_high_level_synthesis_design_flow-main/source/lab4/fir.cpp:16]   --->   Operation 11 'sext' 'sext_ln16' <Predicate = true> <Delay = 0.00>
ST_3 : Operation 12 [1/1] (5.58ns)   --->   "%mul_ln16 = mul i25 %sext_ln16, i25 33554054" [../xup_high_level_synthesis_design_flow-main/source/lab4/fir.cpp:16]   --->   Operation 12 'mul' 'mul_ln16' <Predicate = true> <Delay = 5.58> <CoreInst = "Multiplier">   --->   Core 3 'Multiplier' <Latency = 0> <II = 1> <Delay = 5.58> <FuncUnit> <Opcode : 'mul'> <InPorts = 2> <OutPorts = 1>

State 4 <SV = 3> <Delay = 2.05>
ST_4 : Operation 13 [1/1] (1.00ns)   --->   "%x_read = read i16 @_ssdm_op_Read.s_axilite.i16, i16 %x"   --->   Operation 13 'read' 'x_read' <Predicate = true> <Delay = 1.00> <CoreInst = "s_axilite">   --->   Core 114 's_axilite' <Latency = 0> <II = 1> <Delay = 1.00> <Adapter> <Opcode : 'read' 'write'>
ST_4 : Operation 14 [2/2] (1.58ns)   --->   "%call_ln16 = call void @fir_Pipeline_loop, i25 %mul_ln16, i31 %acc_01_loc, i16 %shift_reg, i16 %c" [../xup_high_level_synthesis_design_flow-main/source/lab4/fir.cpp:16]   --->   Operation 14 'call' 'call_ln16' <Predicate = true> <Delay = 1.58> <CoreType = "Generic">   --->   Core 0 '' <Latency = 0> <II = 1> <Delay = 1.00> <Generic> <Opcode : >
ST_4 : Operation 15 [1/1] (0.00ns)   --->   "%sext_ln24 = sext i16 %x_read" [../xup_high_level_synthesis_design_flow-main/source/lab4/fir.cpp:24]   --->   Operation 15 'sext' 'sext_ln24' <Predicate = true> <Delay = 0.00>
ST_4 : Operation 16 [3/3] (1.05ns) (grouped into DSP with root node acc)   --->   "%mul_ln24 = mul i26 %sext_ln24, i26 67108486" [../xup_high_level_synthesis_design_flow-main/source/lab4/fir.cpp:24]   --->   Operation 16 'mul' 'mul_ln24' <Predicate = true> <Delay = 1.05> <CoreInst = "DSP48">   --->   Core 119 'DSP48' <Latency = 3> <II = 1> <Delay = 2.15> <IPBlock> <Opcode : '<invalid operator> ' 'mul' 'add' 'sub' 'select'> <InPorts = 0> <OutPorts = 1> <Sync> <CReg>

State 5 <SV = 4> <Delay = 1.05>
ST_5 : Operation 17 [1/2] (0.00ns)   --->   "%call_ln16 = call void @fir_Pipeline_loop, i25 %mul_ln16, i31 %acc_01_loc, i16 %shift_reg, i16 %c" [../xup_high_level_synthesis_design_flow-main/source/lab4/fir.cpp:16]   --->   Operation 17 'call' 'call_ln16' <Predicate = true> <Delay = 0.00> <CoreType = "Generic">   --->   Core 0 '' <Latency = 0> <II = 1> <Delay = 1.00> <Generic> <Opcode : >
ST_5 : Operation 18 [2/3] (1.05ns) (grouped into DSP with root node acc)   --->   "%mul_ln24 = mul i26 %sext_ln24, i26 67108486" [../xup_high_level_synthesis_design_flow-main/source/lab4/fir.cpp:24]   --->   Operation 18 'mul' 'mul_ln24' <Predicate = true> <Delay = 1.05> <CoreInst = "DSP48">   --->   Core 119 'DSP48' <Latency = 3> <II = 1> <Delay = 2.15> <IPBlock> <Opcode : '<invalid operator> ' 'mul' 'add' 'sub' 'select'> <InPorts = 0> <OutPorts = 1> <Sync> <CReg>

State 6 <SV = 5> <Delay = 2.32>
ST_6 : Operation 19 [1/1] (0.00ns)   --->   "%acc_01_loc_load = load i31 %acc_01_loc"   --->   Operation 19 'load' 'acc_01_loc_load' <Predicate = true> <Delay = 0.00>
ST_6 : Operation 20 [1/3] (0.00ns) (grouped into DSP with root node acc)   --->   "%mul_ln24 = mul i26 %sext_ln24, i26 67108486" [../xup_high_level_synthesis_design_flow-main/source/lab4/fir.cpp:24]   --->   Operation 20 'mul' 'mul_ln24' <Predicate = true> <Delay = 0.00> <CoreInst = "DSP48">   --->   Core 119 'DSP48' <Latency = 3> <II = 1> <Delay = 2.15> <IPBlock> <Opcode : '<invalid operator> ' 'mul' 'add' 'sub' 'select'> <InPorts = 0> <OutPorts = 1> <Sync> <CReg>
ST_6 : Operation 21 [1/1] (0.00ns) (grouped into DSP with root node acc)   --->   "%sext_ln24_1 = sext i26 %mul_ln24" [../xup_high_level_synthesis_design_flow-main/source/lab4/fir.cpp:24]   --->   Operation 21 'sext' 'sext_ln24_1' <Predicate = true> <Delay = 0.00>
ST_6 : Operation 22 [2/2] (2.10ns) (root node of the DSP)   --->   "%acc = add i31 %acc_01_loc_load, i31 %sext_ln24_1" [../xup_high_level_synthesis_design_flow-main/source/lab4/fir.cpp:24]   --->   Operation 22 'add' 'acc' <Predicate = true> <Delay = 2.10> <CoreInst = "DSP48">   --->   Core 119 'DSP48' <Latency = 3> <II = 1> <Delay = 2.15> <IPBlock> <Opcode : '<invalid operator> ' 'mul' 'add' 'sub' 'select'> <InPorts = 0> <OutPorts = 1> <Sync> <CReg>
ST_6 : Operation 23 [1/1] (2.32ns)   --->   "%store_ln25 = store i16 %x_read, i16 0" [../xup_high_level_synthesis_design_flow-main/source/lab4/fir.cpp:25]   --->   Operation 23 'store' 'store_ln25' <Predicate = true> <Delay = 2.32> <CoreInst = "RAM">   --->   Core 82 'RAM' <Latency = 1> <II = 1> <Delay = 2.32> <Storage> <Opcode : 'load' 'store'> <Ports = 2> <Width = 16> <Depth = 58> <RAM>

State 7 <SV = 6> <Delay = 3.10>
ST_7 : Operation 24 [1/1] (0.00ns)   --->   "%spectopmodule_ln3 = spectopmodule void @_ssdm_op_SpecTopModule, void @empty_5" [../xup_high_level_synthesis_design_flow-main/source/lab4/fir.cpp:3]   --->   Operation 24 'spectopmodule' 'spectopmodule_ln3' <Predicate = true> <Delay = 0.00>
ST_7 : Operation 25 [1/1] (0.00ns)   --->   "%specbitsmap_ln0 = specbitsmap void @_ssdm_op_SpecBitsMap, i16 %y"   --->   Operation 25 'specbitsmap' 'specbitsmap_ln0' <Predicate = true> <Delay = 0.00>
ST_7 : Operation 26 [1/1] (0.00ns)   --->   "%specinterface_ln0 = specinterface void @_ssdm_op_SpecInterface, i16 %y, void @empty, i32 0, i32 0, void @empty_0, i32 0, i32 0, void @empty_1, void @empty_2, void @empty_0, i32 0, i32 0, i32 0, i32 0, void @empty_0, void @empty_0, i32 4294967295, i32 0"   --->   Operation 26 'specinterface' 'specinterface_ln0' <Predicate = true> <Delay = 0.00>
ST_7 : Operation 27 [1/1] (0.00ns)   --->   "%specinterface_ln0 = specinterface void @_ssdm_op_SpecInterface, i16 %y, void @empty_3, i32 0, i32 0, void @empty_0, i32 0, i32 0, void @empty_0, void @empty_0, void @empty_0, i32 0, i32 0, i32 0, i32 0, void @empty_0, void @empty_0, i32 4294967295, i32 0"   --->   Operation 27 'specinterface' 'specinterface_ln0' <Predicate = true> <Delay = 0.00>
ST_7 : Operation 28 [1/1] (0.00ns)   --->   "%specbitsmap_ln0 = specbitsmap void @_ssdm_op_SpecBitsMap, i16 %x"   --->   Operation 28 'specbitsmap' 'specbitsmap_ln0' <Predicate = true> <Delay = 0.00>
ST_7 : Operation 29 [1/1] (0.00ns)   --->   "%specinterface_ln0 = specinterface void @_ssdm_op_SpecInterface, i16 %x, void @empty, i32 0, i32 0, void @empty_0, i32 0, i32 0, void @empty_1, void @empty_4, void @empty_0, i32 0, i32 0, i32 0, i32 0, void @empty_0, void @empty_0, i32 4294967295, i32 0"   --->   Operation 29 'specinterface' 'specinterface_ln0' <Predicate = true> <Delay = 0.00>
ST_7 : Operation 30 [1/1] (0.00ns)   --->   "%specinterface_ln0 = specinterface void @_ssdm_op_SpecInterface, i16 %x, void @empty_3, i32 0, i32 0, void @empty_0, i32 0, i32 0, void @empty_0, void @empty_0, void @empty_0, i32 0, i32 0, i32 0, i32 0, void @empty_0, void @empty_0, i32 4294967295, i32 0"   --->   Operation 30 'specinterface' 'specinterface_ln0' <Predicate = true> <Delay = 0.00>
ST_7 : Operation 31 [1/1] (0.00ns)   --->   "%specinterface_ln0 = specinterface void @_ssdm_op_SpecInterface, i32 0, void @empty, i32 0, i32 0, void @empty_0, i32 0, i32 0, void @empty_1, void @empty_0, void @empty_0, i32 0, i32 0, i32 0, i32 0, void @empty_0, void @empty_0, i32 4294967295, i32 0"   --->   Operation 31 'specinterface' 'specinterface_ln0' <Predicate = true> <Delay = 0.00>
ST_7 : Operation 32 [1/2] (2.10ns) (root node of the DSP)   --->   "%acc = add i31 %acc_01_loc_load, i31 %sext_ln24_1" [../xup_high_level_synthesis_design_flow-main/source/lab4/fir.cpp:24]   --->   Operation 32 'add' 'acc' <Predicate = true> <Delay = 2.10> <CoreInst = "DSP48">   --->   Core 119 'DSP48' <Latency = 3> <II = 1> <Delay = 2.15> <IPBlock> <Opcode : '<invalid operator> ' 'mul' 'add' 'sub' 'select'> <InPorts = 0> <OutPorts = 1> <Sync> <CReg>
ST_7 : Operation 33 [1/1] (0.00ns)   --->   "%trunc_ln = partselect i16 @_ssdm_op_PartSelect.i16.i31.i32.i32, i31 %acc, i32 15, i32 30" [../xup_high_level_synthesis_design_flow-main/source/lab4/fir.cpp:26]   --->   Operation 33 'partselect' 'trunc_ln' <Predicate = true> <Delay = 0.00>
ST_7 : Operation 34 [1/1] (1.00ns)   --->   "%write_ln26 = write void @_ssdm_op_Write.s_axilite.i16P0A, i16 %y, i16 %trunc_ln" [../xup_high_level_synthesis_design_flow-main/source/lab4/fir.cpp:26]   --->   Operation 34 'write' 'write_ln26' <Predicate = true> <Delay = 1.00> <CoreInst = "s_axilite">   --->   Core 114 's_axilite' <Latency = 0> <II = 1> <Delay = 1.00> <Adapter> <Opcode : 'read' 'write'>
ST_7 : Operation 35 [1/1] (0.00ns)   --->   "%ret_ln27 = ret" [../xup_high_level_synthesis_design_flow-main/source/lab4/fir.cpp:27]   --->   Operation 35 'ret' 'ret_ln27' <Predicate = true> <Delay = 0.00>


============================================================
+ Verbose Summary: Binding
============================================================
STG Binding: 
---------------- STG Properties BEGIN ----------------
- Is combinational: 0
- Is one-state seq: 0
- Is datapath-only: 0
- Is pipelined: 0
- Is top level: 1
Port [ Return ] is wired: 1; IO mode=ap_ctrl_hs:ce=0
Port [ y]:  wired=1; compound=0; hidden=0; nouse=0; global=0; static=0; extern=0; dir=1; type=0; pingpong=0; private_global=0; IO mode=ap_vld:ce=0
Port [ x]:  wired=1; compound=0; hidden=0; nouse=0; global=0; static=0; extern=0; dir=0; type=0; pingpong=0; private_global=0; IO mode=ap_none:ce=0
Port [ shift_reg]:  wired=0; compound=1; hidden=1; nouse=0; global=1; static=1; extern=0; dir=2; type=1; pingpong=0; private_global=1; MemPort=[21]; IO mode=ap_memory:ce=0
Port [ c]:  wired=0; compound=1; hidden=1; nouse=1; global=1; static=1; extern=0; dir=0; type=1; pingpong=0; private_global=0; MemPort=[1]; IO mode=ap_memory:ce=0
---------------- STG Properties END ------------------

---------------- Datapath Model BEGIN ----------------

<LifeTime>
<method=bitvector/>
acc_01_loc        (alloca       ) [ 00111110]
shift_reg_load    (load         ) [ 00010000]
sext_ln16         (sext         ) [ 00000000]
mul_ln16          (mul          ) [ 00001100]
x_read            (read         ) [ 00000110]
sext_ln24         (sext         ) [ 00000110]
call_ln16         (call         ) [ 00000000]
acc_01_loc_load   (load         ) [ 00000001]
mul_ln24          (mul          ) [ 00000000]
sext_ln24_1       (sext         ) [ 00000001]
store_ln25        (store        ) [ 00000000]
spectopmodule_ln3 (spectopmodule) [ 00000000]
specbitsmap_ln0   (specbitsmap  ) [ 00000000]
specinterface_ln0 (specinterface) [ 00000000]
specinterface_ln0 (specinterface) [ 00000000]
specbitsmap_ln0   (specbitsmap  ) [ 00000000]
specinterface_ln0 (specinterface) [ 00000000]
specinterface_ln0 (specinterface) [ 00000000]
specinterface_ln0 (specinterface) [ 00000000]
acc               (add          ) [ 00000000]
trunc_ln          (partselect   ) [ 00000000]
write_ln26        (write        ) [ 00000000]
ret_ln27          (ret          ) [ 00000000]
</LifeTime>

<model>

<comp_list>
<comp id="0" class="1000" name="y">
<pin_list>
<pin id="1" dir="1" index="0" bw="1" slack="0"/>
</pin_list>
<bind>
<StgValue><ssdm name="y"/></StgValue>
</bind>
</comp>

<comp id="2" class="1000" name="x">
<pin_list>
<pin id="3" dir="1" index="0" bw="1" slack="0"/>
</pin_list>
<bind>
<StgValue><ssdm name="x"/></StgValue>
</bind>
</comp>

<comp id="4" class="1000" name="shift_reg">
<pin_list>
<pin id="5" dir="1" index="0" bw="1" slack="0"/>
</pin_list>
<bind>
<StgValue><ssdm name="shift_reg"/><MemPortTyVec>2 1 </MemPortTyVec>
</StgValue>
</bind>
</comp>

<comp id="6" class="1000" name="c">
<pin_list>
<pin id="7" dir="1" index="0" bw="1" slack="0"/>
</pin_list>
<bind>
<StgValue><ssdm name="c"/><MemPortTyVec>1 </MemPortTyVec>
</StgValue>
</bind>
</comp>

<comp id="8" class="1001" name="const_8">
<pin_list>
<pin id="9" dir="1" index="0" bw="1" slack="0"/>
</pin_list>
<bind>
<StgValue><ssdm name=""/></StgValue>
</bind>
</comp>

<comp id="10" class="1001" name="const_10">
<pin_list>
<pin id="11" dir="1" index="0" bw="1" slack="0"/>
</pin_list>
<bind>
<StgValue><ssdm name=""/></StgValue>
</bind>
</comp>

<comp id="12" class="1001" name="const_12">
<pin_list>
<pin id="13" dir="1" index="0" bw="1" slack="0"/>
</pin_list>
<bind>
<StgValue><ssdm name=""/></StgValue>
</bind>
</comp>

<comp id="14" class="1001" name="const_14">
<pin_list>
<pin id="15" dir="1" index="0" bw="1" slack="0"/>
</pin_list>
<bind>
<StgValue><ssdm name="_ssdm_op_Read.s_axilite.i16"/></StgValue>
</bind>
</comp>

<comp id="16" class="1001" name="const_16">
<pin_list>
<pin id="17" dir="1" index="0" bw="1" slack="0"/>
</pin_list>
<bind>
<StgValue><ssdm name="fir_Pipeline_loop"/></StgValue>
</bind>
</comp>

<comp id="18" class="1001" name="const_18">
<pin_list>
<pin id="19" dir="1" index="0" bw="1" slack="0"/>
</pin_list>
<bind>
<StgValue><ssdm name=""/></StgValue>
</bind>
</comp>

<comp id="20" class="1001" name="const_20">
<pin_list>
<pin id="21" dir="1" index="0" bw="1" slack="0"/>
</pin_list>
<bind>
<StgValue><ssdm name=""/></StgValue>
</bind>
</comp>

<comp id="22" class="1001" name="const_22">
<pin_list>
<pin id="23" dir="1" index="0" bw="1" slack="2147483647"/>
</pin_list>
<bind>
<StgValue><ssdm name="_ssdm_op_SpecTopModule"/></StgValue>
</bind>
</comp>

<comp id="24" class="1001" name="const_24">
<pin_list>
<pin id="25" dir="1" index="0" bw="1" slack="2147483647"/>
</pin_list>
<bind>
<StgValue><ssdm name="empty_5"/></StgValue>
</bind>
</comp>

<comp id="26" class="1001" name="const_26">
<pin_list>
<pin id="27" dir="1" index="0" bw="1" slack="2147483647"/>
</pin_list>
<bind>
<StgValue><ssdm name="_ssdm_op_SpecBitsMap"/></StgValue>
</bind>
</comp>

<comp id="28" class="1001" name="const_28">
<pin_list>
<pin id="29" dir="1" index="0" bw="1" slack="2147483647"/>
</pin_list>
<bind>
<StgValue><ssdm name="_ssdm_op_SpecInterface"/></StgValue>
</bind>
</comp>

<comp id="30" class="1001" name="const_30">
<pin_list>
<pin id="31" dir="1" index="0" bw="1" slack="2147483647"/>
</pin_list>
<bind>
<StgValue><ssdm name="empty"/></StgValue>
</bind>
</comp>

<comp id="32" class="1001" name="const_32">
<pin_list>
<pin id="33" dir="1" index="0" bw="1" slack="2147483647"/>
</pin_list>
<bind>
<StgValue><ssdm name=""/></StgValue>
</bind>
</comp>

<comp id="34" class="1001" name="const_34">
<pin_list>
<pin id="35" dir="1" index="0" bw="1" slack="2147483647"/>
</pin_list>
<bind>
<StgValue><ssdm name="empty_0"/></StgValue>
</bind>
</comp>

<comp id="36" class="1001" name="const_36">
<pin_list>
<pin id="37" dir="1" index="0" bw="1" slack="2147483647"/>
</pin_list>
<bind>
<StgValue><ssdm name="empty_1"/></StgValue>
</bind>
</comp>

<comp id="38" class="1001" name="const_38">
<pin_list>
<pin id="39" dir="1" index="0" bw="1" slack="2147483647"/>
</pin_list>
<bind>
<StgValue><ssdm name="empty_2"/></StgValue>
</bind>
</comp>

<comp id="40" class="1001" name="const_40">
<pin_list>
<pin id="41" dir="1" index="0" bw="1" slack="2147483647"/>
</pin_list>
<bind>
<StgValue><ssdm name=""/></StgValue>
</bind>
</comp>

<comp id="42" class="1001" name="const_42">
<pin_list>
<pin id="43" dir="1" index="0" bw="1" slack="2147483647"/>
</pin_list>
<bind>
<StgValue><ssdm name="empty_3"/></StgValue>
</bind>
</comp>

<comp id="44" class="1001" name="const_44">
<pin_list>
<pin id="45" dir="1" index="0" bw="1" slack="2147483647"/>
</pin_list>
<bind>
<StgValue><ssdm name="empty_4"/></StgValue>
</bind>
</comp>

<comp id="46" class="1001" name="const_46">
<pin_list>
<pin id="47" dir="1" index="0" bw="1" slack="0"/>
</pin_list>
<bind>
<StgValue><ssdm name="_ssdm_op_PartSelect.i16.i31.i32.i32"/></StgValue>
</bind>
</comp>

<comp id="48" class="1001" name="const_48">
<pin_list>
<pin id="49" dir="1" index="0" bw="1" slack="0"/>
</pin_list>
<bind>
<StgValue><ssdm name=""/></StgValue>
</bind>
</comp>

<comp id="50" class="1001" name="const_50">
<pin_list>
<pin id="51" dir="1" index="0" bw="1" slack="0"/>
</pin_list>
<bind>
<StgValue><ssdm name=""/></StgValue>
</bind>
</comp>

<comp id="52" class="1001" name="const_52">
<pin_list>
<pin id="53" dir="1" index="0" bw="1" slack="0"/>
</pin_list>
<bind>
<StgValue><ssdm name="_ssdm_op_Write.s_axilite.i16P0A"/></StgValue>
</bind>
</comp>

<comp id="54" class="1004" name="acc_01_loc_fu_54">
<pin_list>
<pin id="55" dir="0" index="0" bw="1" slack="0"/>
<pin id="56" dir="1" index="1" bw="31" slack="3"/>
</pin_list>
<bind>
<opcode="alloca(26) " fcode="alloca"/>
<opset="acc_01_loc/1 "/>
</bind>
</comp>

<comp id="58" class="1004" name="x_read_read_fu_58">
<pin_list>
<pin id="59" dir="0" index="0" bw="16" slack="0"/>
<pin id="60" dir="0" index="1" bw="16" slack="0"/>
<pin id="61" dir="1" index="2" bw="16" slack="0"/>
</pin_list>
<bind>
<opcode="read(1150) " fcode="read"/>
<opset="x_read/4 "/>
</bind>
</comp>

<comp id="64" class="1004" name="write_ln26_write_fu_64">
<pin_list>
<pin id="65" dir="0" index="0" bw="0" slack="0"/>
<pin id="66" dir="0" index="1" bw="16" slack="0"/>
<pin id="67" dir="0" index="2" bw="16" slack="0"/>
<pin id="68" dir="1" index="3" bw="0" slack="2147483647"/>
</pin_list>
<bind>
<opcode="write(1151) " fcode="write"/>
<opset="write_ln26/7 "/>
</bind>
</comp>

<comp id="71" class="1004" name="grp_access_fu_71">
<pin_list>
<pin id="72" dir="0" index="0" bw="16" slack="0"/>
<pin id="73" dir="0" index="1" bw="16" slack="2"/>
<pin id="74" dir="0" index="2" bw="0" slack="2147483647"/>
<pin id="75" dir="1" index="3" bw="16" slack="1"/>
</pin_list>
<bind>
<opcode="load(27) store(28) " fcode="store"/>
<opset="shift_reg_load/1 store_ln25/6 "/>
</bind>
</comp>

<comp id="78" class="1004" name="grp_fir_Pipeline_loop_fu_78">
<pin_list>
<pin id="79" dir="0" index="0" bw="0" slack="0"/>
<pin id="80" dir="0" index="1" bw="25" slack="1"/>
<pin id="81" dir="0" index="2" bw="31" slack="3"/>
<pin id="82" dir="0" index="3" bw="16" slack="0"/>
<pin id="83" dir="0" index="4" bw="16" slack="0"/>
<pin id="84" dir="1" index="5" bw="0" slack="2147483647"/>
</pin_list>
<bind>
<opcode="call(48) " fcode="call"/>
<opset="call_ln16/4 "/>
</bind>
</comp>

<comp id="88" class="1004" name="sext_ln16_fu_88">
<pin_list>
<pin id="89" dir="0" index="0" bw="16" slack="1"/>
<pin id="90" dir="1" index="1" bw="25" slack="0"/>
</pin_list>
<bind>
<opcode="sext(35) " fcode="sext"/>
<opset="sext_ln16/3 "/>
</bind>
</comp>

<comp id="91" class="1004" name="mul_ln16_fu_91">
<pin_list>
<pin id="92" dir="0" index="0" bw="16" slack="0"/>
<pin id="93" dir="0" index="1" bw="10" slack="0"/>
<pin id="94" dir="1" index="2" bw="25" slack="1"/>
</pin_list>
<bind>
<opcode="mul(12) " fcode="mul"/>
<opset="mul_ln16/3 "/>
</bind>
</comp>

<comp id="97" class="1004" name="sext_ln24_fu_97">
<pin_list>
<pin id="98" dir="0" index="0" bw="16" slack="0"/>
<pin id="99" dir="1" index="1" bw="26" slack="0"/>
</pin_list>
<bind>
<opcode="sext(35) " fcode="sext"/>
<opset="sext_ln24/4 "/>
</bind>
</comp>

<comp id="101" class="1004" name="acc_01_loc_load_load_fu_101">
<pin_list>
<pin id="102" dir="0" index="0" bw="31" slack="5"/>
<pin id="103" dir="1" index="1" bw="31" slack="0"/>
</pin_list>
<bind>
<opcode="load(27) " fcode="load"/>
<opset="acc_01_loc_load/6 "/>
</bind>
</comp>

<comp id="104" class="1004" name="trunc_ln_fu_104">
<pin_list>
<pin id="105" dir="0" index="0" bw="16" slack="0"/>
<pin id="106" dir="0" index="1" bw="31" slack="0"/>
<pin id="107" dir="0" index="2" bw="5" slack="0"/>
<pin id="108" dir="0" index="3" bw="6" slack="0"/>
<pin id="109" dir="1" index="4" bw="16" slack="0"/>
</pin_list>
<bind>
<opcode="partselect(1002) " fcode="partselect"/>
<opset="trunc_ln/7 "/>
</bind>
</comp>

<comp id="114" class="1007" name="grp_fu_114">
<pin_list>
<pin id="115" dir="0" index="0" bw="16" slack="0"/>
<pin id="116" dir="0" index="1" bw="10" slack="0"/>
<pin id="117" dir="0" index="2" bw="31" slack="0"/>
<pin id="118" dir="1" index="3" bw="31" slack="0"/>
</pin_list>
<bind>
<opcode="muladd(1172) " fcode="muladd"/>
<opset="mul_ln24/4 sext_ln24_1/6 acc/6 "/>
</bind>
</comp>

<comp id="123" class="1005" name="acc_01_loc_reg_123">
<pin_list>
<pin id="124" dir="0" index="0" bw="31" slack="3"/>
<pin id="125" dir="1" index="1" bw="31" slack="3"/>
</pin_list>
<bind>
<opset="acc_01_loc "/>
</bind>
</comp>

<comp id="129" class="1005" name="shift_reg_load_reg_129">
<pin_list>
<pin id="130" dir="0" index="0" bw="16" slack="1"/>
<pin id="131" dir="1" index="1" bw="16" slack="1"/>
</pin_list>
<bind>
<opset="shift_reg_load "/>
</bind>
</comp>

<comp id="134" class="1005" name="mul_ln16_reg_134">
<pin_list>
<pin id="135" dir="0" index="0" bw="25" slack="1"/>
<pin id="136" dir="1" index="1" bw="25" slack="1"/>
</pin_list>
<bind>
<opset="mul_ln16 "/>
</bind>
</comp>

<comp id="139" class="1005" name="x_read_reg_139">
<pin_list>
<pin id="140" dir="0" index="0" bw="16" slack="2"/>
<pin id="141" dir="1" index="1" bw="16" slack="2"/>
</pin_list>
<bind>
<opset="x_read "/>
</bind>
</comp>

<comp id="144" class="1005" name="sext_ln24_reg_144">
<pin_list>
<pin id="145" dir="0" index="0" bw="26" slack="1"/>
<pin id="146" dir="1" index="1" bw="26" slack="1"/>
</pin_list>
<bind>
<opset="sext_ln24 "/>
</bind>
</comp>

</comp_list>

<net_list>
<net id="57"><net_src comp="8" pin="0"/><net_sink comp="54" pin=0"/></net>

<net id="62"><net_src comp="14" pin="0"/><net_sink comp="58" pin=0"/></net>

<net id="63"><net_src comp="2" pin="0"/><net_sink comp="58" pin=1"/></net>

<net id="69"><net_src comp="52" pin="0"/><net_sink comp="64" pin=0"/></net>

<net id="70"><net_src comp="0" pin="0"/><net_sink comp="64" pin=1"/></net>

<net id="76"><net_src comp="10" pin="0"/><net_sink comp="71" pin=0"/></net>

<net id="77"><net_src comp="20" pin="0"/><net_sink comp="71" pin=0"/></net>

<net id="85"><net_src comp="16" pin="0"/><net_sink comp="78" pin=0"/></net>

<net id="86"><net_src comp="4" pin="0"/><net_sink comp="78" pin=3"/></net>

<net id="87"><net_src comp="6" pin="0"/><net_sink comp="78" pin=4"/></net>

<net id="95"><net_src comp="88" pin="1"/><net_sink comp="91" pin=0"/></net>

<net id="96"><net_src comp="12" pin="0"/><net_sink comp="91" pin=1"/></net>

<net id="100"><net_src comp="58" pin="2"/><net_sink comp="97" pin=0"/></net>

<net id="110"><net_src comp="46" pin="0"/><net_sink comp="104" pin=0"/></net>

<net id="111"><net_src comp="48" pin="0"/><net_sink comp="104" pin=2"/></net>

<net id="112"><net_src comp="50" pin="0"/><net_sink comp="104" pin=3"/></net>

<net id="113"><net_src comp="104" pin="4"/><net_sink comp="64" pin=2"/></net>

<net id="119"><net_src comp="97" pin="1"/><net_sink comp="114" pin=0"/></net>

<net id="120"><net_src comp="18" pin="0"/><net_sink comp="114" pin=1"/></net>

<net id="121"><net_src comp="101" pin="1"/><net_sink comp="114" pin=2"/></net>

<net id="122"><net_src comp="114" pin="3"/><net_sink comp="104" pin=1"/></net>

<net id="126"><net_src comp="54" pin="1"/><net_sink comp="123" pin=0"/></net>

<net id="127"><net_src comp="123" pin="1"/><net_sink comp="78" pin=2"/></net>

<net id="128"><net_src comp="123" pin="1"/><net_sink comp="101" pin=0"/></net>

<net id="132"><net_src comp="71" pin="3"/><net_sink comp="129" pin=0"/></net>

<net id="133"><net_src comp="129" pin="1"/><net_sink comp="88" pin=0"/></net>

<net id="137"><net_src comp="91" pin="2"/><net_sink comp="134" pin=0"/></net>

<net id="138"><net_src comp="134" pin="1"/><net_sink comp="78" pin=1"/></net>

<net id="142"><net_src comp="58" pin="2"/><net_sink comp="139" pin=0"/></net>

<net id="143"><net_src comp="139" pin="1"/><net_sink comp="71" pin=1"/></net>

<net id="147"><net_src comp="97" pin="1"/><net_sink comp="144" pin=0"/></net>

<net id="148"><net_src comp="144" pin="1"/><net_sink comp="114" pin=0"/></net>

</net_list>

</model> 
---------------- Datapath Model END ------------------

* FSMD analyzer results:
  - Output states:
	Port: y | {7 }
	Port: shift_reg | {4 5 6 }
 - Input state : 
	Port: fir : x | {4 }
	Port: fir : shift_reg | {1 2 4 5 }
	Port: fir : c | {4 5 }
  - Chain level:
	State 1
	State 2
	State 3
		mul_ln16 : 1
	State 4
		mul_ln24 : 1
	State 5
	State 6
		sext_ln24_1 : 1
		acc : 2
	State 7
		trunc_ln : 1
		write_ln26 : 2


============================================================
+ Verbose Summary: Datapath Resource usage 
============================================================

* Functional unit list:
|----------|-----------------------------|---------|---------|---------|---------|
| Operation|       Functional Unit       |   DSP   |  Delay  |    FF   |   LUT   |
|----------|-----------------------------|---------|---------|---------|---------|
|   call   | grp_fir_Pipeline_loop_fu_78 |    1    |  6.4713 |   221   |    69   |
|----------|-----------------------------|---------|---------|---------|---------|
|    mul   |        mul_ln16_fu_91       |    1    |    0    |    0    |    6    |
|----------|-----------------------------|---------|---------|---------|---------|
|  muladd  |          grp_fu_114         |    1    |    0    |    0    |    0    |
|----------|-----------------------------|---------|---------|---------|---------|
|   read   |      x_read_read_fu_58      |    0    |    0    |    0    |    0    |
|----------|-----------------------------|---------|---------|---------|---------|
|   write  |    write_ln26_write_fu_64   |    0    |    0    |    0    |    0    |
|----------|-----------------------------|---------|---------|---------|---------|
|   sext   |       sext_ln16_fu_88       |    0    |    0    |    0    |    0    |
|          |       sext_ln24_fu_97       |    0    |    0    |    0    |    0    |
|----------|-----------------------------|---------|---------|---------|---------|
|partselect|       trunc_ln_fu_104       |    0    |    0    |    0    |    0    |
|----------|-----------------------------|---------|---------|---------|---------|
|   Total  |                             |    3    |  6.4713 |   221   |    75   |
|----------|-----------------------------|---------|---------|---------|---------|

Memories:
+---------+--------+--------+--------+--------+
|         |  BRAM  |   FF   |   LUT  |  URAM  |
+---------+--------+--------+--------+--------+
|    c    |    0   |   16   |   15   |    -   |
|shift_reg|    0   |   32   |   15   |    0   |
+---------+--------+--------+--------+--------+
|  Total  |    0   |   48   |   30   |    0   |
+---------+--------+--------+--------+--------+

* Register list:
+----------------------+--------+
|                      |   FF   |
+----------------------+--------+
|  acc_01_loc_reg_123  |   31   |
|   mul_ln16_reg_134   |   25   |
|   sext_ln24_reg_144  |   26   |
|shift_reg_load_reg_129|   16   |
|    x_read_reg_139    |   16   |
+----------------------+--------+
|         Total        |   114  |
+----------------------+--------+

* Multiplexer (MUX) list: 
|------------------|------|------|------|--------||---------||---------|
|       Comp       |  Pin | Size |  BW  | S x BW ||  Delay  ||   LUT   |
|------------------|------|------|------|--------||---------||---------|
| grp_access_fu_71 |  p0  |   2  |  16  |   32   |
|    grp_fu_114    |  p0  |   2  |  16  |   32   ||    9    |
|------------------|------|------|------|--------||---------||---------|
|       Total      |      |      |      |   64   ||  3.176  ||    9    |
|------------------|------|------|------|--------||---------||---------|



* Summary:
+-----------+--------+--------+--------+--------+--------+--------+
|           |  BRAM  |   DSP  |  Delay |   FF   |   LUT  |  URAM  |
+-----------+--------+--------+--------+--------+--------+--------+
|  Function |    -   |    3   |    6   |   221  |   75   |    -   |
|   Memory  |    0   |    -   |    -   |   48   |   30   |    0   |
|Multiplexer|    -   |    -   |    3   |    -   |    9   |    -   |
|  Register |    -   |    -   |    -   |   114  |    -   |    -   |
+-----------+--------+--------+--------+--------+--------+--------+
|   Total   |    0   |    3   |    9   |   383  |   114  |    0   |
+-----------+--------+--------+--------+--------+--------+--------+
