

================================================================
== Vitis HLS Report for 'dct_Pipeline_DCT_Inner_Loop1'
================================================================
* Date:           Sun Dec  1 14:00:13 2024

* Version:        2023.1 (Build 3854077 on May  4 2023)
* Project:        lab3
* Solution:       solution3 (Vivado IP Flow Target)
* Product family: zynq
* Target device:  xc7z020-clg484-1


================================================================
== Performance Estimates
================================================================
+ Timing: 
    * Summary: 
    +--------+----------+----------+------------+
    |  Clock |  Target  | Estimated| Uncertainty|
    +--------+----------+----------+------------+
    |ap_clk  |  10.00 ns|  5.079 ns|     2.70 ns|
    +--------+----------+----------+------------+

+ Latency: 
    * Summary: 
    +---------+---------+----------+----------+-----+-----+---------+
    |  Latency (cycles) |  Latency (absolute) |  Interval | Pipeline|
    |   min   |   max   |    min   |    max   | min | max |   Type  |
    +---------+---------+----------+----------+-----+-----+---------+
    |       13|       13|  0.130 us|  0.130 us|   13|   13|       no|
    +---------+---------+----------+----------+-----+-----+---------+

    + Detail: 
        * Instance: 
        N/A

        * Loop: 
        +------------------+---------+---------+----------+-----------+-----------+------+----------+
        |                  |  Latency (cycles) | Iteration|  Initiation Interval  | Trip |          |
        |     Loop Name    |   min   |   max   |  Latency |  achieved |   target  | Count| Pipelined|
        +------------------+---------+---------+----------+-----------+-----------+------+----------+
        |- DCT_Inner_Loop  |       11|       11|         5|          1|          1|     8|       yes|
        +------------------+---------+---------+----------+-----------+-----------+------+----------+



================================================================
== Utilization Estimates
================================================================
* Summary: 
+-----------------+---------+-----+--------+-------+-----+
|       Name      | BRAM_18K| DSP |   FF   |  LUT  | URAM|
+-----------------+---------+-----+--------+-------+-----+
|DSP              |        -|    1|       -|      -|    -|
|Expression       |        -|    -|       0|     56|    -|
|FIFO             |        -|    -|       -|      -|    -|
|Instance         |        -|    -|       -|      -|    -|
|Memory           |        -|    -|       -|      -|    -|
|Multiplexer      |        -|    -|       -|     54|    -|
|Register         |        -|    -|     110|     32|    -|
+-----------------+---------+-----+--------+-------+-----+
|Total            |        0|    1|     110|    142|    0|
+-----------------+---------+-----+--------+-------+-----+
|Available        |      280|  220|  106400|  53200|    0|
+-----------------+---------+-----+--------+-------+-----+
|Utilization (%)  |        0|   ~0|      ~0|     ~0|    0|
+-----------------+---------+-----+--------+-------+-----+

+ Detail: 
    * Instance: 
    N/A

    * DSP: 
    +-----------------------------------+-------------------------------+--------------+
    |              Instance             |             Module            |  Expression  |
    +-----------------------------------+-------------------------------+--------------+
    |mac_muladd_16s_15s_32s_32_4_1_U12  |mac_muladd_16s_15s_32s_32_4_1  |  i0 * i1 + i2|
    +-----------------------------------+-------------------------------+--------------+

    * Memory: 
    N/A

    * FIFO: 
    N/A

    * Expression: 
    +---------------------+----------+----+---+----+------------+------------+
    |    Variable Name    | Operation| DSP| FF| LUT| Bitwidth P0| Bitwidth P1|
    +---------------------+----------+----+---+----+------------+------------+
    |add_ln41_fu_112_p2   |         +|   0|  0|  13|           4|           1|
    |add_ln42_fu_122_p2   |         +|   0|  0|  14|           6|           6|
    |add_ln43_fu_133_p2   |         +|   0|  0|  14|           6|           6|
    |icmp_ln41_fu_106_p2  |      icmp|   0|  0|  13|           4|           5|
    |ap_enable_pp0        |       xor|   0|  0|   2|           1|           2|
    +---------------------+----------+----+---+----+------------+------------+
    |Total                |          |   0|  0|  56|          21|          20|
    +---------------------+----------+----+---+----+------------+------------+

    * Multiplexer: 
    +-------------------------+----+-----------+-----+-----------+
    |           Name          | LUT| Input Size| Bits| Total Bits|
    +-------------------------+----+-----------+-----+-----------+
    |ap_done_int              |   9|          2|    1|          2|
    |ap_enable_reg_pp0_iter4  |   9|          2|    1|          2|
    |ap_sig_allocacmp_n_1     |   9|          2|    4|          8|
    |ap_sig_allocacmp_tmp_1   |   9|          2|   32|         64|
    |n_fu_44                  |   9|          2|    4|          8|
    |tmp_fu_40                |   9|          2|   32|         64|
    +-------------------------+----+-----------+-----+-----------+
    |Total                    |  54|         12|   74|        148|
    +-------------------------+----+-----------+-----+-----------+

    * Register: 
    +----------------------------------+----+----+-----+-----------+
    |               Name               | FF | LUT| Bits| Const Bits|
    +----------------------------------+----+----+-----+-----------+
    |ap_CS_fsm                         |   1|   0|    1|          0|
    |ap_done_reg                       |   1|   0|    1|          0|
    |ap_enable_reg_pp0_iter1           |   1|   0|    1|          0|
    |ap_enable_reg_pp0_iter2           |   1|   0|    1|          0|
    |ap_enable_reg_pp0_iter3           |   1|   0|    1|          0|
    |ap_enable_reg_pp0_iter4           |   1|   0|    1|          0|
    |ap_loop_exit_ready_pp0_iter1_reg  |   1|   0|    1|          0|
    |ap_loop_exit_ready_pp0_iter2_reg  |   1|   0|    1|          0|
    |ap_loop_exit_ready_pp0_iter3_reg  |   1|   0|    1|          0|
    |icmp_ln41_reg_192                 |   1|   0|    1|          0|
    |n_fu_44                           |   4|   0|    4|          0|
    |tmp_fu_40                         |  32|   0|   32|          0|
    |icmp_ln41_reg_192                 |  64|  32|    1|          0|
    +----------------------------------+----+----+-----+-----------+
    |Total                             | 110|  32|   47|          0|
    +----------------------------------+----+----+-----+-----------+



================================================================
== Interface
================================================================
* Summary: 
+--------------------------+-----+-----+------------+------------------------------+--------------+
|         RTL Ports        | Dir | Bits|  Protocol  |         Source Object        |    C Type    |
+--------------------------+-----+-----+------------+------------------------------+--------------+
|ap_clk                    |   in|    1|  ap_ctrl_hs|  dct_Pipeline_DCT_Inner_Loop1|  return value|
|ap_rst                    |   in|    1|  ap_ctrl_hs|  dct_Pipeline_DCT_Inner_Loop1|  return value|
|ap_start                  |   in|    1|  ap_ctrl_hs|  dct_Pipeline_DCT_Inner_Loop1|  return value|
|ap_done                   |  out|    1|  ap_ctrl_hs|  dct_Pipeline_DCT_Inner_Loop1|  return value|
|ap_idle                   |  out|    1|  ap_ctrl_hs|  dct_Pipeline_DCT_Inner_Loop1|  return value|
|ap_ready                  |  out|    1|  ap_ctrl_hs|  dct_Pipeline_DCT_Inner_Loop1|  return value|
|zext_ln42_1               |   in|    6|     ap_none|                   zext_ln42_1|        scalar|
|zext_ln45_1               |   in|    6|     ap_none|                   zext_ln45_1|        scalar|
|col_inbuf_address0        |  out|    6|   ap_memory|                     col_inbuf|         array|
|col_inbuf_ce0             |  out|    1|   ap_memory|                     col_inbuf|         array|
|col_inbuf_q0              |   in|   16|   ap_memory|                     col_inbuf|         array|
|tmp_2_out                 |  out|   29|      ap_vld|                     tmp_2_out|       pointer|
|tmp_2_out_ap_vld          |  out|    1|      ap_vld|                     tmp_2_out|       pointer|
|dct_coeff_table_address0  |  out|    6|   ap_memory|               dct_coeff_table|         array|
|dct_coeff_table_ce0       |  out|    1|   ap_memory|               dct_coeff_table|         array|
|dct_coeff_table_q0        |   in|   15|   ap_memory|               dct_coeff_table|         array|
+--------------------------+-----+-----+------------+------------------------------+--------------+

