

================================================================
== Vitis HLS Report for 'fir'
================================================================
* Date:           Sun Dec  8 18:16:34 2024

* Version:        2023.1 (Build 3854077 on May  4 2023)
* Project:        fir
* Solution:       iz_solution1 (Vivado IP Flow Target)
* Product family: zynq
* Target device:  xc7z020-clg484-1


================================================================
== Performance Estimates
================================================================
+ Timing: 
    * Summary: 
    +--------+----------+----------+------------+
    |  Clock |  Target  | Estimated| Uncertainty|
    +--------+----------+----------+------------+
    |ap_clk  |  10.00 ns|  7.080 ns|     2.70 ns|
    +--------+----------+----------+------------+

+ Latency: 
    * Summary: 
    +---------+---------+----------+----------+-----+-----+---------+
    |  Latency (cycles) |  Latency (absolute) |  Interval | Pipeline|
    |   min   |   max   |    min   |    max   | min | max |   Type  |
    +---------+---------+----------+----------+-----+-----+---------+
    |       70|       70|  0.700 us|  0.700 us|   71|   71|       no|
    +---------+---------+----------+----------+-----+-----+---------+

    + Detail: 
        * Instance: 
        +-----------------------------+-------------------+---------+---------+----------+----------+-----+-----+---------+
        |                             |                   |  Latency (cycles) |  Latency (absolute) |  Interval | Pipeline|
        |           Instance          |       Module      |   min   |   max   |    min   |    max   | min | max |   Type  |
        +-----------------------------+-------------------+---------+---------+----------+----------+-----+-----+---------+
        |grp_fir_Pipeline_loop_fu_90  |fir_Pipeline_loop  |       62|       62|  0.620 us|  0.620 us|   62|   62|       no|
        +-----------------------------+-------------------+---------+---------+----------+----------+-----+-----+---------+

        * Loop: 
        N/A



================================================================
== Utilization Estimates
================================================================
* Summary: 
+-----------------+---------+-----+--------+-------+-----+
|       Name      | BRAM_18K| DSP |   FF   |  LUT  | URAM|
+-----------------+---------+-----+--------+-------+-----+
|DSP              |        -|    1|       -|      -|    -|
|Expression       |        -|    -|       0|     12|    -|
|FIFO             |        -|    -|       -|      -|    -|
|Instance         |        0|    3|     376|    378|    -|
|Memory           |        0|    -|      32|     15|    0|
|Multiplexer      |        -|    -|       -|    115|    -|
|Register         |        -|    -|     140|      -|    -|
+-----------------+---------+-----+--------+-------+-----+
|Total            |        0|    4|     548|    520|    0|
+-----------------+---------+-----+--------+-------+-----+
|Available        |      280|  220|  106400|  53200|    0|
+-----------------+---------+-----+--------+-------+-----+
|Utilization (%)  |        0|    1|      ~0|     ~0|    0|
+-----------------+---------+-----+--------+-------+-----+

+ Detail: 
    * Instance: 
    +-----------------------------+--------------------+---------+----+-----+-----+-----+
    |           Instance          |       Module       | BRAM_18K| DSP|  FF | LUT | URAM|
    +-----------------------------+--------------------+---------+----+-----+-----+-----+
    |grp_fir_Pipeline_loop_fu_90  |fir_Pipeline_loop   |        0|   1|  155|  162|    0|
    |fir_io_s_axi_U               |fir_io_s_axi        |        0|   0|   80|  104|    0|
    |mul_28s_16s_28_3_1_U9        |mul_28s_16s_28_3_1  |        0|   2|  141|  112|    0|
    +-----------------------------+--------------------+---------+----+-----+-----+-----+
    |Total                        |                    |        0|   3|  376|  378|    0|
    +-----------------------------+--------------------+---------+----+-----+-----+-----+

    * DSP: 
    +-----------------------------------+-------------------------------+--------------+
    |              Instance             |             Module            |  Expression  |
    +-----------------------------------+-------------------------------+--------------+
    |mac_muladd_13s_16s_31s_31_4_1_U10  |mac_muladd_13s_16s_31s_31_4_1  |  i0 + i1 * i2|
    +-----------------------------------+-------------------------------+--------------+

    * Memory: 
    +-------------+-------------------------+---------+----+----+-----+------+-----+------+-------------+
    |    Memory   |          Module         | BRAM_18K| FF | LUT| URAM| Words| Bits| Banks| W*Bits*Banks|
    +-------------+-------------------------+---------+----+----+-----+------+-----+------+-------------+
    |shift_reg_U  |shift_reg_RAM_AUTO_1R1W  |        0|  32|  15|    0|    58|   16|     1|          928|
    +-------------+-------------------------+---------+----+----+-----+------+-----+------+-------------+
    |Total        |                         |        0|  32|  15|    0|    58|   16|     1|          928|
    +-------------+-------------------------+---------+----+----+-----+------+-----+------+-------------+

    * FIFO: 
    N/A

    * Expression: 
    +-----------------------+----------+----+---+----+------------+------------+
    |     Variable Name     | Operation| DSP| FF| LUT| Bitwidth P0| Bitwidth P1|
    +-----------------------+----------+----+---+----+------------+------------+
    |select_ln26_fu_107_p3  |    select|   0|  0|  12|           1|          10|
    +-----------------------+----------+----+---+----+------------+------------+
    |Total                  |          |   0|  0|  12|           1|          10|
    +-----------------------+----------+----+---+----+------------+------------+

    * Multiplexer: 
    +--------------------+----+-----------+-----+-----------+
    |        Name        | LUT| Input Size| Bits| Total Bits|
    +--------------------+----+-----------+-----+-----------+
    |ap_NS_fsm           |  53|         10|    1|         10|
    |shift_reg_address0  |  20|          4|    6|         24|
    |shift_reg_ce0       |  14|          3|    1|          3|
    |shift_reg_d0        |  14|          3|   16|         48|
    |shift_reg_we0       |  14|          3|    1|          3|
    +--------------------+----+-----------+-----+-----------+
    |Total               | 115|         23|   25|         88|
    +--------------------+----+-----------+-----+-----------+

    * Register: 
    +------------------------------------------+----+----+-----+-----------+
    |                   Name                   | FF | LUT| Bits| Const Bits|
    +------------------------------------------+----+----+-----+-----------+
    |acc_01_loc_fu_60                          |  31|   0|   31|          0|
    |ap_CS_fsm                                 |   9|   0|    9|          0|
    |grp_fir_Pipeline_loop_fu_90_ap_start_reg  |   1|   0|    1|          0|
    |mul_ln21_reg_179                          |  28|   0|   28|          0|
    |select_ln26_reg_164                       |  20|   0|   29|          9|
    |shift_reg_load_reg_159                    |  16|   0|   16|          0|
    |trunc_ln26_reg_169                        |  19|   0|   28|          9|
    |x_read_reg_184                            |  16|   0|   16|          0|
    +------------------------------------------+----+----+-----+-----------+
    |Total                                     | 140|   0|  158|         18|
    +------------------------------------------+----+----+-----+-----------+



================================================================
== Interface
================================================================
* Summary: 
+----------------------+-----+-----+------------+--------------+--------------+
|       RTL Ports      | Dir | Bits|  Protocol  | Source Object|    C Type    |
+----------------------+-----+-----+------------+--------------+--------------+
|s_axi_fir_io_AWVALID  |   in|    1|       s_axi|        fir_io|        scalar|
|s_axi_fir_io_AWREADY  |  out|    1|       s_axi|        fir_io|        scalar|
|s_axi_fir_io_AWADDR   |   in|    6|       s_axi|        fir_io|        scalar|
|s_axi_fir_io_WVALID   |   in|    1|       s_axi|        fir_io|        scalar|
|s_axi_fir_io_WREADY   |  out|    1|       s_axi|        fir_io|        scalar|
|s_axi_fir_io_WDATA    |   in|   32|       s_axi|        fir_io|        scalar|
|s_axi_fir_io_WSTRB    |   in|    4|       s_axi|        fir_io|        scalar|
|s_axi_fir_io_ARVALID  |   in|    1|       s_axi|        fir_io|        scalar|
|s_axi_fir_io_ARREADY  |  out|    1|       s_axi|        fir_io|        scalar|
|s_axi_fir_io_ARADDR   |   in|    6|       s_axi|        fir_io|        scalar|
|s_axi_fir_io_RVALID   |  out|    1|       s_axi|        fir_io|        scalar|
|s_axi_fir_io_RREADY   |   in|    1|       s_axi|        fir_io|        scalar|
|s_axi_fir_io_RDATA    |  out|   32|       s_axi|        fir_io|        scalar|
|s_axi_fir_io_RRESP    |  out|    2|       s_axi|        fir_io|        scalar|
|s_axi_fir_io_BVALID   |  out|    1|       s_axi|        fir_io|        scalar|
|s_axi_fir_io_BREADY   |   in|    1|       s_axi|        fir_io|        scalar|
|s_axi_fir_io_BRESP    |  out|    2|       s_axi|        fir_io|        scalar|
|ap_clk                |   in|    1|  ap_ctrl_hs|           fir|  return value|
|ap_rst_n              |   in|    1|  ap_ctrl_hs|           fir|  return value|
|interrupt             |  out|    1|  ap_ctrl_hs|           fir|  return value|
|switch_var            |   in|    1|     ap_none|    switch_var|        scalar|
+----------------------+-----+-----+------------+--------------+--------------+

