

================================================================
== Vitis HLS Report for 'dct'
================================================================
* Date:           Sun Dec  1 14:08:49 2024

* Version:        2023.1 (Build 3854077 on May  4 2023)
* Project:        lab3
* Solution:       solution4 (Vivado IP Flow Target)
* Product family: zynq
* Target device:  xc7z020-clg484-1


================================================================
== Performance Estimates
================================================================
+ Timing: 
    * Summary: 
    +--------+----------+----------+------------+
    |  Clock |  Target  | Estimated| Uncertainty|
    +--------+----------+----------+------------+
    |ap_clk  |  10.00 ns|  6.508 ns|     2.70 ns|
    +--------+----------+----------+------------+

+ Latency: 
    * Summary: 
    +---------+---------+----------+----------+-----+-----+---------+
    |  Latency (cycles) |  Latency (absolute) |  Interval | Pipeline|
    |   min   |   max   |    min   |    max   | min | max |   Type  |
    +---------+---------+----------+----------+-----+-----+---------+
    |      642|      642|  6.420 us|  6.420 us|  643|  643|       no|
    +---------+---------+----------+----------+-----+-----+---------+

    + Detail: 
        * Instance: 
        N/A

        * Loop: 
        +----------------+---------+---------+----------+-----------+-----------+------+----------+
        |                |  Latency (cycles) | Iteration|  Initiation Interval  | Trip |          |
        |    Loop Name   |   min   |   max   |  Latency |  achieved |   target  | Count| Pipelined|
        +----------------+---------+---------+----------+-----------+-----------+------+----------+
        |- Row_DCT_Loop  |      184|      184|        23|          -|          -|     8|        no|
        |- Col_DCT_Loop  |      184|      184|        23|          -|          -|     8|        no|
        +----------------+---------+---------+----------+-----------+-----------+------+----------+

============================================================
+ Verbose Summary: Synthesis Manager
============================================================
InlineROM: 1
ExposeGlobal: 0
============================================================
+ Verbose Summary: CDFG Model
============================================================
IsTopModel: 1
ResetActiveHigh: 1
IsCombinational: 0
IsDatapathOnly: 0
HasWiredReturn: 1
HasMFsm: 0
HasVarLatency: 1
IsPipeline: 0
IsRtlPipelined: 0
IsInstanceOverlapped: 0
IsDontTouch: 0
HasImplIP: 0
IsGatedGlobalClock: 0


============================================================
+ Verbose Summary: Schedule
============================================================
* Number of FSM states : 10
* Pipeline : 0
* Dataflow Pipeline: 0

* FSM state transitions: 
1 --> 2 
2 --> 3 
3 --> 4 5 
4 --> 3 
5 --> 6 
6 --> 7 8 
7 --> 6 
8 --> 9 
9 --> 10 
10 --> 

* FSM state operations: 

State 1 <SV = 0> <Delay = 1.58>
ST_1 : Operation 11 [1/1] (0.00ns)   --->   "%i = alloca i32 1"   --->   Operation 11 'alloca' 'i' <Predicate = true> <Delay = 0.00>
ST_1 : Operation 12 [1/1] (0.00ns)   --->   "%row_outbuf_i = alloca i64 1"   --->   Operation 12 'alloca' 'row_outbuf_i' <Predicate = true> <Delay = 0.00>
ST_1 : Operation 13 [1/1] (0.00ns)   --->   "%col_outbuf_i = alloca i64 1"   --->   Operation 13 'alloca' 'col_outbuf_i' <Predicate = true> <Delay = 0.00>
ST_1 : Operation 14 [1/1] (0.00ns)   --->   "%col_inbuf = alloca i64 1" [../xup_high_level_synthesis_design_flow-main/source/lab3/dct.c:53->../xup_high_level_synthesis_design_flow-main/source/lab3/dct.c:113]   --->   Operation 14 'alloca' 'col_inbuf' <Predicate = true> <Delay = 0.00>
ST_1 : Operation 15 [1/1] (0.00ns)   --->   "%buf_2d_in = alloca i64 1" [../xup_high_level_synthesis_design_flow-main/source/lab3/dct.c:107]   --->   Operation 15 'alloca' 'buf_2d_in' <Predicate = true> <Delay = 0.00>
ST_1 : Operation 16 [1/1] (0.00ns)   --->   "%buf_2d_out = alloca i64 1" [../xup_high_level_synthesis_design_flow-main/source/lab3/dct.c:108]   --->   Operation 16 'alloca' 'buf_2d_out' <Predicate = true> <Delay = 0.00>
ST_1 : Operation 17 [2/2] (0.00ns)   --->   "%call_ln0 = call void @dct_Pipeline_RD_Loop_Row_RD_Loop_Col, i16 %buf_2d_in, i16 %input_r"   --->   Operation 17 'call' 'call_ln0' <Predicate = true> <Delay = 0.00> <CoreType = "Generic">   --->   Core 0 '' <Latency = 0> <II = 1> <Delay = 1.00> <Generic> <Opcode : >
ST_1 : Operation 18 [1/1] (1.58ns)   --->   "%store_ln58 = store i4 0, i4 %i" [../xup_high_level_synthesis_design_flow-main/source/lab3/dct.c:58->../xup_high_level_synthesis_design_flow-main/source/lab3/dct.c:113]   --->   Operation 18 'store' 'store_ln58' <Predicate = true> <Delay = 1.58>

State 2 <SV = 1> <Delay = 0.00>
ST_2 : Operation 19 [1/1] (0.00ns)   --->   "%spectopmodule_ln104 = spectopmodule void @_ssdm_op_SpecTopModule, void @empty_1" [../xup_high_level_synthesis_design_flow-main/source/lab3/dct.c:104]   --->   Operation 19 'spectopmodule' 'spectopmodule_ln104' <Predicate = true> <Delay = 0.00>
ST_2 : Operation 20 [1/1] (0.00ns)   --->   "%specinterface_ln0 = specinterface void @_ssdm_op_SpecInterface, i16 %input_r, void @empty, i32 0, i32 0, void @empty_0, i32 4294967295, i32 0, void @empty_0, void @empty_0, void @empty_0, i32 0, i32 0, i32 0, i32 0, void @empty_0, void @empty_0, i32 4294967295, i32 0"   --->   Operation 20 'specinterface' 'specinterface_ln0' <Predicate = true> <Delay = 0.00>
ST_2 : Operation 21 [1/1] (0.00ns)   --->   "%specbitsmap_ln0 = specbitsmap void @_ssdm_op_SpecBitsMap, i16 %input_r"   --->   Operation 21 'specbitsmap' 'specbitsmap_ln0' <Predicate = true> <Delay = 0.00>
ST_2 : Operation 22 [1/1] (0.00ns)   --->   "%specinterface_ln0 = specinterface void @_ssdm_op_SpecInterface, i16 %output_r, void @empty, i32 0, i32 0, void @empty_0, i32 4294967295, i32 0, void @empty_0, void @empty_0, void @empty_0, i32 0, i32 0, i32 0, i32 0, void @empty_0, void @empty_0, i32 4294967295, i32 0"   --->   Operation 22 'specinterface' 'specinterface_ln0' <Predicate = true> <Delay = 0.00>
ST_2 : Operation 23 [1/1] (0.00ns)   --->   "%specbitsmap_ln0 = specbitsmap void @_ssdm_op_SpecBitsMap, i16 %output_r"   --->   Operation 23 'specbitsmap' 'specbitsmap_ln0' <Predicate = true> <Delay = 0.00>
ST_2 : Operation 24 [1/2] (0.00ns)   --->   "%call_ln0 = call void @dct_Pipeline_RD_Loop_Row_RD_Loop_Col, i16 %buf_2d_in, i16 %input_r"   --->   Operation 24 'call' 'call_ln0' <Predicate = true> <Delay = 0.00> <CoreType = "Generic">   --->   Core 0 '' <Latency = 0> <II = 1> <Delay = 1.00> <Generic> <Opcode : >
ST_2 : Operation 25 [1/1] (0.00ns)   --->   "%br_ln58 = br void %for.inc.i4" [../xup_high_level_synthesis_design_flow-main/source/lab3/dct.c:58->../xup_high_level_synthesis_design_flow-main/source/lab3/dct.c:113]   --->   Operation 25 'br' 'br_ln58' <Predicate = true> <Delay = 0.00>

State 3 <SV = 2> <Delay = 4.98>
ST_3 : Operation 26 [1/1] (0.00ns)   --->   "%i_2 = load i4 %i" [../xup_high_level_synthesis_design_flow-main/source/lab3/dct.c:58->../xup_high_level_synthesis_design_flow-main/source/lab3/dct.c:113]   --->   Operation 26 'load' 'i_2' <Predicate = true> <Delay = 0.00>
ST_3 : Operation 27 [1/1] (0.00ns)   --->   "%trunc_ln58 = trunc i4 %i_2" [../xup_high_level_synthesis_design_flow-main/source/lab3/dct.c:58->../xup_high_level_synthesis_design_flow-main/source/lab3/dct.c:113]   --->   Operation 27 'trunc' 'trunc_ln58' <Predicate = true> <Delay = 0.00>
ST_3 : Operation 28 [1/1] (1.73ns)   --->   "%icmp_ln58 = icmp_eq  i4 %i_2, i4 8" [../xup_high_level_synthesis_design_flow-main/source/lab3/dct.c:58->../xup_high_level_synthesis_design_flow-main/source/lab3/dct.c:113]   --->   Operation 28 'icmp' 'icmp_ln58' <Predicate = true> <Delay = 1.73> <CoreInst = "Cmp">   --->   Core 9 'Cmp' <Latency = 0> <II = 1> <Delay = 1.73> <FuncUnit> <Opcode : 'icmp'> <InPorts = 2> <OutPorts = 1>
ST_3 : Operation 29 [1/1] (1.73ns)   --->   "%add_ln58 = add i4 %i_2, i4 1" [../xup_high_level_synthesis_design_flow-main/source/lab3/dct.c:58->../xup_high_level_synthesis_design_flow-main/source/lab3/dct.c:113]   --->   Operation 29 'add' 'add_ln58' <Predicate = true> <Delay = 1.73> <CoreInst = "Adder">   --->   Core 1 'Adder' <Latency = 0> <II = 1> <Delay = 1.73> <FuncUnit> <Opcode : 'add' 'sub'> <InPorts = 2> <OutPorts = 1>
ST_3 : Operation 30 [1/1] (0.00ns)   --->   "%br_ln58 = br i1 %icmp_ln58, void %for.inc.i4.split, void %for.inc18.i.preheader" [../xup_high_level_synthesis_design_flow-main/source/lab3/dct.c:58->../xup_high_level_synthesis_design_flow-main/source/lab3/dct.c:113]   --->   Operation 30 'br' 'br_ln58' <Predicate = true> <Delay = 0.00>
ST_3 : Operation 31 [2/2] (3.25ns)   --->   "%call_ln59 = call void @dct_1d, i16 %buf_2d_in, i3 %trunc_ln58, i16 %row_outbuf_i, i3 %trunc_ln58, i14 %dct_1d_dct_coeff_table_0, i15 %dct_1d_dct_coeff_table_1, i15 %dct_1d_dct_coeff_table_2, i15 %dct_1d_dct_coeff_table_3, i15 %dct_1d_dct_coeff_table_4, i15 %dct_1d_dct_coeff_table_5, i15 %dct_1d_dct_coeff_table_6, i15 %dct_1d_dct_coeff_table_7" [../xup_high_level_synthesis_design_flow-main/source/lab3/dct.c:59->../xup_high_level_synthesis_design_flow-main/source/lab3/dct.c:113]   --->   Operation 31 'call' 'call_ln59' <Predicate = (!icmp_ln58)> <Delay = 3.25> <CoreType = "Generic">   --->   Core 0 '' <Latency = 0> <II = 1> <Delay = 1.00> <Generic> <Opcode : >
ST_3 : Operation 32 [1/1] (1.58ns)   --->   "%store_ln58 = store i4 %add_ln58, i4 %i" [../xup_high_level_synthesis_design_flow-main/source/lab3/dct.c:58->../xup_high_level_synthesis_design_flow-main/source/lab3/dct.c:113]   --->   Operation 32 'store' 'store_ln58' <Predicate = (!icmp_ln58)> <Delay = 1.58>
ST_3 : Operation 33 [1/1] (0.00ns)   --->   "%i_1 = alloca i32 1"   --->   Operation 33 'alloca' 'i_1' <Predicate = (icmp_ln58)> <Delay = 0.00>
ST_3 : Operation 34 [2/2] (0.00ns)   --->   "%call_ln0 = call void @dct_Pipeline_Xpose_Row_Outer_Loop_Xpose_Row_Inner_Loop, i16 %row_outbuf_i, i16 %col_inbuf"   --->   Operation 34 'call' 'call_ln0' <Predicate = (icmp_ln58)> <Delay = 0.00> <CoreType = "Generic">   --->   Core 0 '' <Latency = 0> <II = 1> <Delay = 1.00> <Generic> <Opcode : >
ST_3 : Operation 35 [1/1] (1.58ns)   --->   "%store_ln69 = store i4 0, i4 %i_1" [../xup_high_level_synthesis_design_flow-main/source/lab3/dct.c:69->../xup_high_level_synthesis_design_flow-main/source/lab3/dct.c:113]   --->   Operation 35 'store' 'store_ln69' <Predicate = (icmp_ln58)> <Delay = 1.58>

State 4 <SV = 3> <Delay = 0.00>
ST_4 : Operation 36 [1/1] (0.00ns)   --->   "%speclooptripcount_ln54 = speclooptripcount void @_ssdm_op_SpecLoopTripCount, i64 8, i64 8, i64 8" [../xup_high_level_synthesis_design_flow-main/source/lab3/dct.c:54->../xup_high_level_synthesis_design_flow-main/source/lab3/dct.c:113]   --->   Operation 36 'speclooptripcount' 'speclooptripcount_ln54' <Predicate = true> <Delay = 0.00>
ST_4 : Operation 37 [1/1] (0.00ns)   --->   "%specloopname_ln58 = specloopname void @_ssdm_op_SpecLoopName, void @empty_6" [../xup_high_level_synthesis_design_flow-main/source/lab3/dct.c:58->../xup_high_level_synthesis_design_flow-main/source/lab3/dct.c:113]   --->   Operation 37 'specloopname' 'specloopname_ln58' <Predicate = true> <Delay = 0.00>
ST_4 : Operation 38 [1/2] (0.00ns)   --->   "%call_ln59 = call void @dct_1d, i16 %buf_2d_in, i3 %trunc_ln58, i16 %row_outbuf_i, i3 %trunc_ln58, i14 %dct_1d_dct_coeff_table_0, i15 %dct_1d_dct_coeff_table_1, i15 %dct_1d_dct_coeff_table_2, i15 %dct_1d_dct_coeff_table_3, i15 %dct_1d_dct_coeff_table_4, i15 %dct_1d_dct_coeff_table_5, i15 %dct_1d_dct_coeff_table_6, i15 %dct_1d_dct_coeff_table_7" [../xup_high_level_synthesis_design_flow-main/source/lab3/dct.c:59->../xup_high_level_synthesis_design_flow-main/source/lab3/dct.c:113]   --->   Operation 38 'call' 'call_ln59' <Predicate = true> <Delay = 0.00> <CoreType = "Generic">   --->   Core 0 '' <Latency = 0> <II = 1> <Delay = 1.00> <Generic> <Opcode : >
ST_4 : Operation 39 [1/1] (0.00ns)   --->   "%br_ln58 = br void %for.inc.i4" [../xup_high_level_synthesis_design_flow-main/source/lab3/dct.c:58->../xup_high_level_synthesis_design_flow-main/source/lab3/dct.c:113]   --->   Operation 39 'br' 'br_ln58' <Predicate = true> <Delay = 0.00>

State 5 <SV = 3> <Delay = 0.00>
ST_5 : Operation 40 [1/2] (0.00ns)   --->   "%call_ln0 = call void @dct_Pipeline_Xpose_Row_Outer_Loop_Xpose_Row_Inner_Loop, i16 %row_outbuf_i, i16 %col_inbuf"   --->   Operation 40 'call' 'call_ln0' <Predicate = true> <Delay = 0.00> <CoreType = "Generic">   --->   Core 0 '' <Latency = 0> <II = 1> <Delay = 1.00> <Generic> <Opcode : >
ST_5 : Operation 41 [1/1] (0.00ns)   --->   "%br_ln69 = br void %for.inc33.i" [../xup_high_level_synthesis_design_flow-main/source/lab3/dct.c:69->../xup_high_level_synthesis_design_flow-main/source/lab3/dct.c:113]   --->   Operation 41 'br' 'br_ln69' <Predicate = true> <Delay = 0.00>

State 6 <SV = 4> <Delay = 4.98>
ST_6 : Operation 42 [1/1] (0.00ns)   --->   "%i_3 = load i4 %i_1" [../xup_high_level_synthesis_design_flow-main/source/lab3/dct.c:69->../xup_high_level_synthesis_design_flow-main/source/lab3/dct.c:113]   --->   Operation 42 'load' 'i_3' <Predicate = true> <Delay = 0.00>
ST_6 : Operation 43 [1/1] (0.00ns)   --->   "%trunc_ln69 = trunc i4 %i_3" [../xup_high_level_synthesis_design_flow-main/source/lab3/dct.c:69->../xup_high_level_synthesis_design_flow-main/source/lab3/dct.c:113]   --->   Operation 43 'trunc' 'trunc_ln69' <Predicate = true> <Delay = 0.00>
ST_6 : Operation 44 [1/1] (1.73ns)   --->   "%icmp_ln69 = icmp_eq  i4 %i_3, i4 8" [../xup_high_level_synthesis_design_flow-main/source/lab3/dct.c:69->../xup_high_level_synthesis_design_flow-main/source/lab3/dct.c:113]   --->   Operation 44 'icmp' 'icmp_ln69' <Predicate = true> <Delay = 1.73> <CoreInst = "Cmp">   --->   Core 9 'Cmp' <Latency = 0> <II = 1> <Delay = 1.73> <FuncUnit> <Opcode : 'icmp'> <InPorts = 2> <OutPorts = 1>
ST_6 : Operation 45 [1/1] (1.73ns)   --->   "%add_ln69 = add i4 %i_3, i4 1" [../xup_high_level_synthesis_design_flow-main/source/lab3/dct.c:69->../xup_high_level_synthesis_design_flow-main/source/lab3/dct.c:113]   --->   Operation 45 'add' 'add_ln69' <Predicate = true> <Delay = 1.73> <CoreInst = "Adder">   --->   Core 1 'Adder' <Latency = 0> <II = 1> <Delay = 1.73> <FuncUnit> <Opcode : 'add' 'sub'> <InPorts = 2> <OutPorts = 1>
ST_6 : Operation 46 [1/1] (0.00ns)   --->   "%br_ln69 = br i1 %icmp_ln69, void %for.inc33.i.split, void %for.inc50.i.preheader" [../xup_high_level_synthesis_design_flow-main/source/lab3/dct.c:69->../xup_high_level_synthesis_design_flow-main/source/lab3/dct.c:113]   --->   Operation 46 'br' 'br_ln69' <Predicate = true> <Delay = 0.00>
ST_6 : Operation 47 [2/2] (3.25ns)   --->   "%call_ln70 = call void @dct_1d, i16 %col_inbuf, i3 %trunc_ln69, i16 %col_outbuf_i, i3 %trunc_ln69, i14 %dct_1d_dct_coeff_table_0, i15 %dct_1d_dct_coeff_table_1, i15 %dct_1d_dct_coeff_table_2, i15 %dct_1d_dct_coeff_table_3, i15 %dct_1d_dct_coeff_table_4, i15 %dct_1d_dct_coeff_table_5, i15 %dct_1d_dct_coeff_table_6, i15 %dct_1d_dct_coeff_table_7" [../xup_high_level_synthesis_design_flow-main/source/lab3/dct.c:70->../xup_high_level_synthesis_design_flow-main/source/lab3/dct.c:113]   --->   Operation 47 'call' 'call_ln70' <Predicate = (!icmp_ln69)> <Delay = 3.25> <CoreType = "Generic">   --->   Core 0 '' <Latency = 0> <II = 1> <Delay = 1.00> <Generic> <Opcode : >
ST_6 : Operation 48 [1/1] (1.58ns)   --->   "%store_ln69 = store i4 %add_ln69, i4 %i_1" [../xup_high_level_synthesis_design_flow-main/source/lab3/dct.c:69->../xup_high_level_synthesis_design_flow-main/source/lab3/dct.c:113]   --->   Operation 48 'store' 'store_ln69' <Predicate = (!icmp_ln69)> <Delay = 1.58>
ST_6 : Operation 49 [2/2] (0.00ns)   --->   "%call_ln0 = call void @dct_Pipeline_Xpose_Col_Outer_Loop_Xpose_Col_Inner_Loop, i16 %col_outbuf_i, i16 %buf_2d_out"   --->   Operation 49 'call' 'call_ln0' <Predicate = (icmp_ln69)> <Delay = 0.00> <CoreType = "Generic">   --->   Core 0 '' <Latency = 0> <II = 1> <Delay = 1.00> <Generic> <Opcode : >

State 7 <SV = 5> <Delay = 0.00>
ST_7 : Operation 50 [1/1] (0.00ns)   --->   "%speclooptripcount_ln54 = speclooptripcount void @_ssdm_op_SpecLoopTripCount, i64 8, i64 8, i64 8" [../xup_high_level_synthesis_design_flow-main/source/lab3/dct.c:54->../xup_high_level_synthesis_design_flow-main/source/lab3/dct.c:113]   --->   Operation 50 'speclooptripcount' 'speclooptripcount_ln54' <Predicate = true> <Delay = 0.00>
ST_7 : Operation 51 [1/1] (0.00ns)   --->   "%specloopname_ln69 = specloopname void @_ssdm_op_SpecLoopName, void @empty_4" [../xup_high_level_synthesis_design_flow-main/source/lab3/dct.c:69->../xup_high_level_synthesis_design_flow-main/source/lab3/dct.c:113]   --->   Operation 51 'specloopname' 'specloopname_ln69' <Predicate = true> <Delay = 0.00>
ST_7 : Operation 52 [1/2] (0.00ns)   --->   "%call_ln70 = call void @dct_1d, i16 %col_inbuf, i3 %trunc_ln69, i16 %col_outbuf_i, i3 %trunc_ln69, i14 %dct_1d_dct_coeff_table_0, i15 %dct_1d_dct_coeff_table_1, i15 %dct_1d_dct_coeff_table_2, i15 %dct_1d_dct_coeff_table_3, i15 %dct_1d_dct_coeff_table_4, i15 %dct_1d_dct_coeff_table_5, i15 %dct_1d_dct_coeff_table_6, i15 %dct_1d_dct_coeff_table_7" [../xup_high_level_synthesis_design_flow-main/source/lab3/dct.c:70->../xup_high_level_synthesis_design_flow-main/source/lab3/dct.c:113]   --->   Operation 52 'call' 'call_ln70' <Predicate = true> <Delay = 0.00> <CoreType = "Generic">   --->   Core 0 '' <Latency = 0> <II = 1> <Delay = 1.00> <Generic> <Opcode : >
ST_7 : Operation 53 [1/1] (0.00ns)   --->   "%br_ln69 = br void %for.inc33.i" [../xup_high_level_synthesis_design_flow-main/source/lab3/dct.c:69->../xup_high_level_synthesis_design_flow-main/source/lab3/dct.c:113]   --->   Operation 53 'br' 'br_ln69' <Predicate = true> <Delay = 0.00>

State 8 <SV = 5> <Delay = 0.00>
ST_8 : Operation 54 [1/2] (0.00ns)   --->   "%call_ln0 = call void @dct_Pipeline_Xpose_Col_Outer_Loop_Xpose_Col_Inner_Loop, i16 %col_outbuf_i, i16 %buf_2d_out"   --->   Operation 54 'call' 'call_ln0' <Predicate = true> <Delay = 0.00> <CoreType = "Generic">   --->   Core 0 '' <Latency = 0> <II = 1> <Delay = 1.00> <Generic> <Opcode : >

State 9 <SV = 6> <Delay = 0.00>
ST_9 : Operation 55 [2/2] (0.00ns)   --->   "%call_ln0 = call void @dct_Pipeline_WR_Loop_Row_WR_Loop_Col, i16 %buf_2d_out, i16 %output_r"   --->   Operation 55 'call' 'call_ln0' <Predicate = true> <Delay = 0.00> <CoreType = "Generic">   --->   Core 0 '' <Latency = 0> <II = 1> <Delay = 1.00> <Generic> <Opcode : >

State 10 <SV = 7> <Delay = 0.00>
ST_10 : Operation 56 [1/2] (0.00ns)   --->   "%call_ln0 = call void @dct_Pipeline_WR_Loop_Row_WR_Loop_Col, i16 %buf_2d_out, i16 %output_r"   --->   Operation 56 'call' 'call_ln0' <Predicate = true> <Delay = 0.00> <CoreType = "Generic">   --->   Core 0 '' <Latency = 0> <II = 1> <Delay = 1.00> <Generic> <Opcode : >
ST_10 : Operation 57 [1/1] (0.00ns)   --->   "%ret_ln117 = ret" [../xup_high_level_synthesis_design_flow-main/source/lab3/dct.c:117]   --->   Operation 57 'ret' 'ret_ln117' <Predicate = true> <Delay = 0.00>


============================================================
+ Verbose Summary: Timing violations
============================================================
Target clock period: 10.000ns, clock uncertainty: 2.700ns.

 <State 1>: 1.588ns
The critical path consists of the following:
	'alloca' operation ('i') [11]  (0.000 ns)
	'store' operation ('store_ln58', ../xup_high_level_synthesis_design_flow-main/source/lab3/dct.c:58->../xup_high_level_synthesis_design_flow-main/source/lab3/dct.c:113) of constant 0 on local variable 'i' [23]  (1.588 ns)

 <State 2>: 0.000ns
The critical path consists of the following:

 <State 3>: 4.989ns
The critical path consists of the following:
	'load' operation ('i', ../xup_high_level_synthesis_design_flow-main/source/lab3/dct.c:58->../xup_high_level_synthesis_design_flow-main/source/lab3/dct.c:113) on local variable 'i' [26]  (0.000 ns)
	'add' operation ('add_ln58', ../xup_high_level_synthesis_design_flow-main/source/lab3/dct.c:58->../xup_high_level_synthesis_design_flow-main/source/lab3/dct.c:113) [29]  (1.735 ns)
	'store' operation ('store_ln58', ../xup_high_level_synthesis_design_flow-main/source/lab3/dct.c:58->../xup_high_level_synthesis_design_flow-main/source/lab3/dct.c:113) of variable 'add_ln58', ../xup_high_level_synthesis_design_flow-main/source/lab3/dct.c:58->../xup_high_level_synthesis_design_flow-main/source/lab3/dct.c:113 on local variable 'i' [35]  (1.588 ns)
	blocking operation 1.666 ns on control path)

 <State 4>: 0.000ns
The critical path consists of the following:

 <State 5>: 0.000ns
The critical path consists of the following:

 <State 6>: 4.989ns
The critical path consists of the following:
	'load' operation ('i', ../xup_high_level_synthesis_design_flow-main/source/lab3/dct.c:69->../xup_high_level_synthesis_design_flow-main/source/lab3/dct.c:113) on local variable 'i' [43]  (0.000 ns)
	'add' operation ('add_ln69', ../xup_high_level_synthesis_design_flow-main/source/lab3/dct.c:69->../xup_high_level_synthesis_design_flow-main/source/lab3/dct.c:113) [46]  (1.735 ns)
	'store' operation ('store_ln69', ../xup_high_level_synthesis_design_flow-main/source/lab3/dct.c:69->../xup_high_level_synthesis_design_flow-main/source/lab3/dct.c:113) of variable 'add_ln69', ../xup_high_level_synthesis_design_flow-main/source/lab3/dct.c:69->../xup_high_level_synthesis_design_flow-main/source/lab3/dct.c:113 on local variable 'i' [52]  (1.588 ns)
	blocking operation 1.666 ns on control path)

 <State 7>: 0.000ns
The critical path consists of the following:

 <State 8>: 0.000ns
The critical path consists of the following:

 <State 9>: 0.000ns
The critical path consists of the following:

 <State 10>: 0.000ns
The critical path consists of the following:


============================================================
+ Verbose Summary: Binding
============================================================
N/A
* FSMD analyzer results:
  - Output states:
 - Input state : 
  - Chain level:
	State 1
	State 2
	State 3
	State 4
	State 5
	State 6
	State 7
	State 8
	State 9
	State 10


============================================================
+ Verbose Summary: Datapath Resource usage 
============================================================
N/A
