F:/Education/FPGA_Labs/Labs_2/lab3/lab3/solution4/directives.tcl:12:9: warning: HLS pragma dump _XLX_SEP_ PragmaIsValid=1_XLX_SEP_ PragmaType=pipeline_XLX_SEP_ PragmaContext=directive_XLX_SEP_ PragmaFunction=dct_1d_XLX_SEP_ PragmaOptions=_XLX_SEP_ [-Wdump-hls-pragmas]
#pragma HLSDIRECTIVE PIPELINE
        ^
F:/Education/FPGA_Labs/Labs_2/lab3/lab3/solution4/directives.tcl:8:9: warning: HLS pragma dump _XLX_SEP_ PragmaIsValid=1_XLX_SEP_ PragmaType=pipeline_XLX_SEP_ PragmaContext=directive_XLX_SEP_ PragmaFunction=dct_2d_XLX_SEP_ PragmaOptions=_XLX_SEP_ [-Wdump-hls-pragmas]
#pragma HLSDIRECTIVE PIPELINE
        ^
F:/Education/FPGA_Labs/Labs_2/lab3/lab3/solution4/directives.tcl:9:9: warning: HLS pragma dump _XLX_SEP_ PragmaIsValid=1_XLX_SEP_ PragmaType=pipeline_XLX_SEP_ PragmaContext=directive_XLX_SEP_ PragmaFunction=dct_2d_XLX_SEP_ PragmaOptions=_XLX_SEP_ [-Wdump-hls-pragmas]
#pragma HLSDIRECTIVE PIPELINE
        ^
F:/Education/FPGA_Labs/Labs_2/lab3/lab3/solution4/directives.tcl:10:9: warning: HLS pragma dump _XLX_SEP_ PragmaIsValid=1_XLX_SEP_ PragmaType=pipeline_XLX_SEP_ PragmaContext=directive_XLX_SEP_ PragmaFunction=read_data_XLX_SEP_ PragmaOptions=_XLX_SEP_ [-Wdump-hls-pragmas]
#pragma HLSDIRECTIVE PIPELINE
        ^
F:/Education/FPGA_Labs/Labs_2/lab3/lab3/solution4/directives.tcl:11:9: warning: HLS pragma dump _XLX_SEP_ PragmaIsValid=1_XLX_SEP_ PragmaType=pipeline_XLX_SEP_ PragmaContext=directive_XLX_SEP_ PragmaFunction=write_data_XLX_SEP_ PragmaOptions=_XLX_SEP_ [-Wdump-hls-pragmas]
#pragma HLSDIRECTIVE PIPELINE
        ^
F:/Education/FPGA_Labs/Labs_2/lab3/lab3/solution4/csynth.tcl:18:9: warning: HLS pragma dump _XLX_SEP_ PragmaIsValid=1_XLX_SEP_ PragmaType=top_XLX_SEP_ PragmaContext=directive_XLX_SEP_ PragmaFunction=dct_XLX_SEP_ PragmaOptions=name=dct_XLX_SEP_ [-Wdump-hls-pragmas]
#pragma HLSDIRECTIVE TOP name=dct
        ^
F:/Education/FPGA_Labs/Labs_2/lab3/lab3/solution4/directives.tcl:7:9: warning: HLS pragma dump _XLX_SEP_ PragmaIsValid=1_XLX_SEP_ PragmaType=top_XLX_SEP_ PragmaContext=directive_XLX_SEP_ PragmaFunction=dct_XLX_SEP_ PragmaOptions=name=dct_XLX_SEP_ [-Wdump-hls-pragmas]
#pragma HLSDIRECTIVE TOP name=dct
        ^
7 warnings generated.
