

================================================================
== Vitis HLS Report for 'dct_2d_Pipeline_Xpose_Col_Outer_Loop_Xpose_Col_Inner_Loop'
================================================================
* Date:           Sun Dec  1 14:17:53 2024

* Version:        2023.1 (Build 3854077 on May  4 2023)
* Project:        lab3
* Solution:       solution6 (Vivado IP Flow Target)
* Product family: zynq
* Target device:  xc7z020-clg484-1


================================================================
== Performance Estimates
================================================================
+ Timing: 
    * Summary: 
    +--------+----------+----------+------------+
    |  Clock |  Target  | Estimated| Uncertainty|
    +--------+----------+----------+------------+
    |ap_clk  |  10.00 ns|  6.508 ns|     2.70 ns|
    +--------+----------+----------+------------+

+ Latency: 
    * Summary: 
    +---------+---------+----------+----------+-----+-----+---------+
    |  Latency (cycles) |  Latency (absolute) |  Interval | Pipeline|
    |   min   |   max   |    min   |    max   | min | max |   Type  |
    +---------+---------+----------+----------+-----+-----+---------+
    |       67|       67|  0.670 us|  0.670 us|   67|   67|       no|
    +---------+---------+----------+----------+-----+-----+---------+

    + Detail: 
        * Instance: 
        N/A

        * Loop: 
        +---------------------------------------------+---------+---------+----------+-----------+-----------+------+----------+
        |                                             |  Latency (cycles) | Iteration|  Initiation Interval  | Trip |          |
        |                  Loop Name                  |   min   |   max   |  Latency |  achieved |   target  | Count| Pipelined|
        +---------------------------------------------+---------+---------+----------+-----------+-----------+------+----------+
        |- Xpose_Col_Outer_Loop_Xpose_Col_Inner_Loop  |       65|       65|         3|          1|          1|    64|       yes|
        +---------------------------------------------+---------+---------+----------+-----------+-----------+------+----------+



================================================================
== Utilization Estimates
================================================================
* Summary: 
+-----------------+---------+-----+--------+-------+-----+
|       Name      | BRAM_18K| DSP |   FF   |  LUT  | URAM|
+-----------------+---------+-----+--------+-------+-----+
|DSP              |        -|    -|       -|      -|    -|
|Expression       |        -|    -|       0|    106|    -|
|FIFO             |        -|    -|       -|      -|    -|
|Instance         |        -|    -|       -|      -|    -|
|Memory           |        -|    -|       -|      -|    -|
|Multiplexer      |        -|    -|       -|     72|    -|
|Register         |        -|    -|      40|      -|    -|
+-----------------+---------+-----+--------+-------+-----+
|Total            |        0|    0|      40|    178|    0|
+-----------------+---------+-----+--------+-------+-----+
|Available        |      280|  220|  106400|  53200|    0|
+-----------------+---------+-----+--------+-------+-----+
|Utilization (%)  |        0|    0|      ~0|     ~0|    0|
+-----------------+---------+-----+--------+-------+-----+

+ Detail: 
    * Instance: 
    N/A

    * DSP: 
    N/A

    * Memory: 
    N/A

    * FIFO: 
    N/A

    * Expression: 
    +-------------------------+----------+----+---+----+------------+------------+
    |      Variable Name      | Operation| DSP| FF| LUT| Bitwidth P0| Bitwidth P1|
    +-------------------------+----------+----+---+----+------------+------------+
    |add_ln74_1_fu_105_p2     |         +|   0|  0|  14|           7|           1|
    |add_ln74_fu_117_p2       |         +|   0|  0|  13|           4|           1|
    |add_ln76_fu_153_p2       |         +|   0|  0|  13|           4|           1|
    |add_ln77_1_fu_200_p2     |         +|   0|  0|  14|           6|           6|
    |add_ln77_fu_187_p2       |         +|   0|  0|  14|           6|           6|
    |icmp_ln74_fu_99_p2       |      icmp|   0|  0|  15|           7|           8|
    |icmp_ln76_fu_123_p2      |      icmp|   0|  0|  13|           4|           5|
    |select_ln74_1_fu_141_p3  |    select|   0|  0|   4|           1|           4|
    |select_ln74_fu_129_p3    |    select|   0|  0|   4|           1|           1|
    |ap_enable_pp0            |       xor|   0|  0|   2|           1|           2|
    +-------------------------+----------+----+---+----+------------+------------+
    |Total                    |          |   0|  0| 106|          41|          35|
    +-------------------------+----------+----+---+----+------------+------------+

    * Multiplexer: 
    +----------------------------------------+----+-----------+-----+-----------+
    |                  Name                  | LUT| Input Size| Bits| Total Bits|
    +----------------------------------------+----+-----------+-----+-----------+
    |ap_done_int                             |   9|          2|    1|          2|
    |ap_enable_reg_pp0_iter1                 |   9|          2|    1|          2|
    |ap_sig_allocacmp_i_load                 |   9|          2|    4|          8|
    |ap_sig_allocacmp_indvar_flatten14_load  |   9|          2|    7|         14|
    |ap_sig_allocacmp_j_load                 |   9|          2|    4|          8|
    |i_fu_42                                 |   9|          2|    4|          8|
    |indvar_flatten14_fu_50                  |   9|          2|    7|         14|
    |j_fu_46                                 |   9|          2|    4|          8|
    +----------------------------------------+----+-----------+-----+-----------+
    |Total                                   |  72|         16|   32|         64|
    +----------------------------------------+----+-----------+-----+-----------+

    * Register: 
    +----------------------------------+---+----+-----+-----------+
    |               Name               | FF| LUT| Bits| Const Bits|
    +----------------------------------+---+----+-----+-----------+
    |add_ln77_reg_260                  |  6|   0|    6|          0|
    |ap_CS_fsm                         |  1|   0|    1|          0|
    |ap_done_reg                       |  1|   0|    1|          0|
    |ap_enable_reg_pp0_iter1           |  1|   0|    1|          0|
    |ap_enable_reg_pp0_iter2           |  1|   0|    1|          0|
    |ap_loop_exit_ready_pp0_iter1_reg  |  1|   0|    1|          0|
    |i_fu_42                           |  4|   0|    4|          0|
    |indvar_flatten14_fu_50            |  7|   0|    7|          0|
    |j_fu_46                           |  4|   0|    4|          0|
    |select_ln74_1_reg_250             |  4|   0|    4|          0|
    |select_ln74_reg_240               |  4|   0|    4|          0|
    |trunc_ln74_1_reg_255              |  3|   0|    3|          0|
    |trunc_ln74_reg_245                |  3|   0|    3|          0|
    +----------------------------------+---+----+-----+-----------+
    |Total                             | 40|   0|   40|          0|
    +----------------------------------+---+----+-----+-----------+



================================================================
== Interface
================================================================
* Summary: 
+---------------------+-----+-----+------------+-----------------------------------------------------------+--------------+
|      RTL Ports      | Dir | Bits|  Protocol  |                       Source Object                       |    C Type    |
+---------------------+-----+-----+------------+-----------------------------------------------------------+--------------+
|ap_clk               |   in|    1|  ap_ctrl_hs|  dct_2d_Pipeline_Xpose_Col_Outer_Loop_Xpose_Col_Inner_Loop|  return value|
|ap_rst               |   in|    1|  ap_ctrl_hs|  dct_2d_Pipeline_Xpose_Col_Outer_Loop_Xpose_Col_Inner_Loop|  return value|
|ap_start             |   in|    1|  ap_ctrl_hs|  dct_2d_Pipeline_Xpose_Col_Outer_Loop_Xpose_Col_Inner_Loop|  return value|
|ap_done              |  out|    1|  ap_ctrl_hs|  dct_2d_Pipeline_Xpose_Col_Outer_Loop_Xpose_Col_Inner_Loop|  return value|
|ap_idle              |  out|    1|  ap_ctrl_hs|  dct_2d_Pipeline_Xpose_Col_Outer_Loop_Xpose_Col_Inner_Loop|  return value|
|ap_ready             |  out|    1|  ap_ctrl_hs|  dct_2d_Pipeline_Xpose_Col_Outer_Loop_Xpose_Col_Inner_Loop|  return value|
|out_block_address0   |  out|    6|   ap_memory|                                                  out_block|         array|
|out_block_ce0        |  out|    1|   ap_memory|                                                  out_block|         array|
|out_block_we0        |  out|    1|   ap_memory|                                                  out_block|         array|
|out_block_d0         |  out|   16|   ap_memory|                                                  out_block|         array|
|col_outbuf_address0  |  out|    6|   ap_memory|                                                 col_outbuf|         array|
|col_outbuf_ce0       |  out|    1|   ap_memory|                                                 col_outbuf|         array|
|col_outbuf_q0        |   in|   16|   ap_memory|                                                 col_outbuf|         array|
+---------------------+-----+-----+------------+-----------------------------------------------------------+--------------+

