

================================================================
== Synthesis Summary Report of 'dct'
================================================================
+ General Information: 
    * Date:           Sun Dec  1 13:31:43 2024
    * Version:        2023.1 (Build 3854077 on May  4 2023)
    * Project:        lab3
    * Solution:       solution1 (Vivado IP Flow Target)
    * Product family: zynq
    * Target device:  xc7z020-clg484-1
    

+ Performance & Resource Estimates: 
    
    PS: '+' for module; 'o' for loop; '*' for dataflow
    +-----------------------------------------------------------+------+------+---------+-----------+----------+---------+------+----------+---------+---------+-----------+-----------+-----+
    |                          Modules                          | Issue|      | Latency |  Latency  | Iteration|         | Trip |          |         |         |           |           |     |
    |                          & Loops                          | Type | Slack| (cycles)|    (ns)   |  Latency | Interval| Count| Pipelined|  BRAM   |   DSP   |     FF    |    LUT    | URAM|
    +-----------------------------------------------------------+------+------+---------+-----------+----------+---------+------+----------+---------+---------+-----------+-----------+-----+
    |+ dct                                                      |     -|  0.79|      422|  4.220e+03|         -|      423|     -|        no|  17 (6%)|  16 (7%)|  1279 (1%)|  2096 (3%)|    -|
    | + dct_Pipeline_RD_Loop_Row_RD_Loop_Col                    |     -|  0.79|       66|    660.000|         -|       66|     -|        no|        -|        -|   24 (~0%)|  164 (~0%)|    -|
    |  o RD_Loop_Row_RD_Loop_Col                                |     -|  7.30|       64|    640.000|         2|        1|    64|       yes|        -|        -|          -|          -|    -|
    | + dct_Pipeline_Row_DCT_Loop_DCT_Outer_Loop                |     -|  1.12|       72|    720.000|         -|       72|     -|        no|        -|   8 (3%)|  501 (~0%)|  398 (~0%)|    -|
    |  o Row_DCT_Loop_DCT_Outer_Loop                            |     -|  7.30|       70|    700.000|         8|        1|    64|       yes|        -|        -|          -|          -|    -|
    | + dct_Pipeline_Xpose_Row_Outer_Loop_Xpose_Row_Inner_Loop  |     -|  0.79|       67|    670.000|         -|       67|     -|        no|        -|        -|   40 (~0%)|  178 (~0%)|    -|
    |  o Xpose_Row_Outer_Loop_Xpose_Row_Inner_Loop              |     -|  7.30|       65|    650.000|         3|        1|    64|       yes|        -|        -|          -|          -|    -|
    | + dct_Pipeline_Col_DCT_Loop_DCT_Outer_Loop                |     -|  1.12|       72|    720.000|         -|       72|     -|        no|        -|   8 (3%)|  501 (~0%)|  398 (~0%)|    -|
    |  o Col_DCT_Loop_DCT_Outer_Loop                            |     -|  7.30|       70|    700.000|         8|        1|    64|       yes|        -|        -|          -|          -|    -|
    | + dct_Pipeline_Xpose_Col_Outer_Loop_Xpose_Col_Inner_Loop  |     -|  0.79|       67|    670.000|         -|       67|     -|        no|        -|        -|   40 (~0%)|  178 (~0%)|    -|
    |  o Xpose_Col_Outer_Loop_Xpose_Col_Inner_Loop              |     -|  7.30|       65|    650.000|         3|        1|    64|       yes|        -|        -|          -|          -|    -|
    | + dct_Pipeline_WR_Loop_Row_WR_Loop_Col                    |     -|  0.79|       67|    670.000|         -|       67|     -|        no|        -|        -|   36 (~0%)|  164 (~0%)|    -|
    |  o WR_Loop_Row_WR_Loop_Col                                |     -|  7.30|       65|    650.000|         3|        1|    64|       yes|        -|        -|          -|          -|    -|
    +-----------------------------------------------------------+------+------+---------+-----------+----------+---------+------+----------+---------+---------+-----------+-----------+-----+


================================================================
== HW Interfaces
================================================================
* AP_MEMORY
+-------------------+-----------+----------+
| Port              | Direction | Bitwidth |
+-------------------+-----------+----------+
| input_r_address0  | out       | 6        |
| input_r_q0        | in        | 16       |
| output_r_address0 | out       | 6        |
| output_r_d0       | out       | 16       |
+-------------------+-----------+----------+

* TOP LEVEL CONTROL
+-----------+------------+-----------------------------------+
| Interface | Type       | Ports                             |
+-----------+------------+-----------------------------------+
| ap_clk    | clock      | ap_clk                            |
| ap_rst    | reset      | ap_rst                            |
| ap_ctrl   | ap_ctrl_hs | ap_done ap_idle ap_ready ap_start |
+-----------+------------+-----------------------------------+


================================================================
== SW I/O Information
================================================================
* Top Function Arguments
+----------+-----------+----------+
| Argument | Direction | Datatype |
+----------+-----------+----------+
| input    | in        | short*   |
| output   | out       | short*   |
+----------+-----------+----------+

* SW-to-HW Mapping
+----------+-------------------+---------+----------+
| Argument | HW Interface      | HW Type | HW Usage |
+----------+-------------------+---------+----------+
| input    | input_r_address0  | port    | offset   |
| input    | input_r_ce0       | port    |          |
| input    | input_r_q0        | port    |          |
| output   | output_r_address0 | port    | offset   |
| output   | output_r_ce0      | port    |          |
| output   | output_r_we0      | port    |          |
| output   | output_r_d0       | port    |          |
+----------+-------------------+---------+----------+


================================================================
== Bind Op Report
================================================================
+-----------------------------------------------------------+-----+--------+-------------+-----+--------+---------+
| Name                                                      | DSP | Pragma | Variable    | Op  | Impl   | Latency |
+-----------------------------------------------------------+-----+--------+-------------+-----+--------+---------+
| + dct                                                     | 16  |        |             |     |        |         |
|  + dct_Pipeline_RD_Loop_Row_RD_Loop_Col                   | 0   |        |             |     |        |         |
|    add_ln85_1_fu_111_p2                                   | -   |        | add_ln85_1  | add | fabric | 0       |
|    add_ln85_fu_123_p2                                     | -   |        | add_ln85    | add | fabric | 0       |
|    add_ln88_fu_167_p2                                     | -   |        | add_ln88    | add | fabric | 0       |
|    add_ln87_fu_190_p2                                     | -   |        | add_ln87    | add | fabric | 0       |
|  + dct_Pipeline_Row_DCT_Loop_DCT_Outer_Loop               | 8   |        |             |     |        |         |
|    add_ln58_1_fu_345_p2                                   | -   |        | add_ln58_1  | add | fabric | 0       |
|    add_ln58_fu_354_p2                                     | -   |        | add_ln58    | add | fabric | 0       |
|    add_ln45_1_fu_568_p2                                   | -   |        | add_ln45_1  | add | fabric | 0       |
|    mac_muladd_16s_14ns_29s_29_4_1_U6                      | 1   |        | mul_ln42    | mul | dsp48  | 3       |
|    mul_16s_15s_29_1_1_U3                                  | 1   |        | mul_ln42_1  | mul | auto   | 0       |
|    mul_16s_15s_29_1_1_U4                                  | 1   |        | mul_ln42_2  | mul | auto   | 0       |
|    mac_muladd_16s_15s_29s_29_4_1_U7                       | 1   |        | mul_ln42_3  | mul | dsp48  | 3       |
|    mul_16s_15s_29_1_1_U5                                  | 1   |        | mul_ln42_4  | mul | auto   | 0       |
|    mac_muladd_16s_15s_29s_29_4_1_U8                       | 1   |        | mul_ln42_5  | mul | dsp48  | 3       |
|    mac_muladd_16s_15s_29ns_29_4_1_U10                     | 1   |        | mul_ln42_6  | mul | dsp48  | 3       |
|    mac_muladd_16s_15s_13ns_29_4_1_U9                      | 1   |        | mul_ln45    | mul | dsp48  | 3       |
|    mac_muladd_16s_14ns_29s_29_4_1_U6                      | 1   |        | add_ln45_2  | add | dsp48  | 3       |
|    mac_muladd_16s_15s_29s_29_4_1_U7                       | 1   |        | add_ln45_3  | add | dsp48  | 3       |
|    mac_muladd_16s_15s_29s_29_4_1_U8                       | 1   |        | add_ln45_5  | add | dsp48  | 3       |
|    mac_muladd_16s_15s_13ns_29_4_1_U9                      | 1   |        | add_ln45_6  | add | dsp48  | 3       |
|    mac_muladd_16s_15s_29ns_29_4_1_U10                     | 1   |        | add_ln45_7  | add | dsp48  | 3       |
|    add_ln45_8_fu_669_p2                                   | -   |        | add_ln45_8  | add | fabric | 0       |
|    add_ln39_fu_574_p2                                     | -   |        | add_ln39    | add | fabric | 0       |
|  + dct_Pipeline_Xpose_Row_Outer_Loop_Xpose_Row_Inner_Loop | 0   |        |             |     |        |         |
|    add_ln63_1_fu_105_p2                                   | -   |        | add_ln63_1  | add | fabric | 0       |
|    add_ln63_fu_117_p2                                     | -   |        | add_ln63    | add | fabric | 0       |
|    add_ln66_fu_194_p2                                     | -   |        | add_ln66    | add | fabric | 0       |
|    add_ln66_1_fu_205_p2                                   | -   |        | add_ln66_1  | add | fabric | 0       |
|    add_ln65_fu_153_p2                                     | -   |        | add_ln65    | add | fabric | 0       |
|  + dct_Pipeline_Col_DCT_Loop_DCT_Outer_Loop               | 8   |        |             |     |        |         |
|    add_ln69_1_fu_345_p2                                   | -   |        | add_ln69_1  | add | fabric | 0       |
|    add_ln69_fu_354_p2                                     | -   |        | add_ln69    | add | fabric | 0       |
|    add_ln45_fu_568_p2                                     | -   |        | add_ln45    | add | fabric | 0       |
|    mac_muladd_16s_14ns_29s_29_4_1_U31                     | 1   |        | mul_ln42    | mul | dsp48  | 3       |
|    mul_16s_15s_29_1_1_U28                                 | 1   |        | mul_ln42_7  | mul | auto   | 0       |
|    mul_16s_15s_29_1_1_U29                                 | 1   |        | mul_ln42_8  | mul | auto   | 0       |
|    mac_muladd_16s_15s_29s_29_4_1_U32                      | 1   |        | mul_ln42_9  | mul | dsp48  | 3       |
|    mul_16s_15s_29_1_1_U30                                 | 1   |        | mul_ln42_10 | mul | auto   | 0       |
|    mac_muladd_16s_15s_29s_29_4_1_U33                      | 1   |        | mul_ln42_11 | mul | dsp48  | 3       |
|    mac_muladd_16s_15s_29ns_29_4_1_U35                     | 1   |        | mul_ln42_12 | mul | dsp48  | 3       |
|    mac_muladd_16s_15s_13ns_29_4_1_U34                     | 1   |        | mul_ln45    | mul | dsp48  | 3       |
|    mac_muladd_16s_14ns_29s_29_4_1_U31                     | 1   |        | add_ln45_9  | add | dsp48  | 3       |
|    mac_muladd_16s_15s_29s_29_4_1_U32                      | 1   |        | add_ln45_10 | add | dsp48  | 3       |
|    mac_muladd_16s_15s_29s_29_4_1_U33                      | 1   |        | add_ln45_12 | add | dsp48  | 3       |
|    mac_muladd_16s_15s_13ns_29_4_1_U34                     | 1   |        | add_ln45_13 | add | dsp48  | 3       |
|    mac_muladd_16s_15s_29ns_29_4_1_U35                     | 1   |        | add_ln45_14 | add | dsp48  | 3       |
|    add_ln45_15_fu_669_p2                                  | -   |        | add_ln45_15 | add | fabric | 0       |
|    add_ln39_fu_574_p2                                     | -   |        | add_ln39    | add | fabric | 0       |
|  + dct_Pipeline_Xpose_Col_Outer_Loop_Xpose_Col_Inner_Loop | 0   |        |             |     |        |         |
|    add_ln74_1_fu_105_p2                                   | -   |        | add_ln74_1  | add | fabric | 0       |
|    add_ln74_fu_117_p2                                     | -   |        | add_ln74    | add | fabric | 0       |
|    add_ln77_fu_194_p2                                     | -   |        | add_ln77    | add | fabric | 0       |
|    add_ln77_1_fu_205_p2                                   | -   |        | add_ln77_1  | add | fabric | 0       |
|    add_ln76_fu_153_p2                                     | -   |        | add_ln76    | add | fabric | 0       |
|  + dct_Pipeline_WR_Loop_Row_WR_Loop_Col                   | 0   |        |             |     |        |         |
|    add_ln97_1_fu_111_p2                                   | -   |        | add_ln97_1  | add | fabric | 0       |
|    add_ln97_fu_123_p2                                     | -   |        | add_ln97    | add | fabric | 0       |
|    add_ln100_fu_190_p2                                    | -   |        | add_ln100   | add | fabric | 0       |
|    add_ln99_fu_159_p2                                     | -   |        | add_ln99    | add | fabric | 0       |
+-----------------------------------------------------------+-----+--------+-------------+-----+--------+---------+


================================================================
== Bind Storage Report
================================================================
+-----------------------+------+------+--------+-------------------+---------+------+---------+
| Name                  | BRAM | URAM | Pragma | Variable          | Storage | Impl | Latency |
+-----------------------+------+------+--------+-------------------+---------+------+---------+
| + dct                 | 17   | 0    |        |                   |         |      |         |
|   row_outbuf_U        | 1    | -    |        | row_outbuf        | ram_1p  | auto | 1       |
|   col_outbuf_U        | 1    | -    |        | col_outbuf        | ram_1p  | auto | 1       |
|   col_inbuf_U         | 1    | -    |        | col_inbuf         | rom_np  | auto | 1       |
|   buf_2d_in_U         | 1    | -    |        | buf_2d_in         | rom_np  | auto | 1       |
|   buf_2d_out_U        | 1    | -    |        | buf_2d_out        | ram_1p  | auto | 1       |
|   dct_coeff_table_0_U | -    | -    |        | dct_coeff_table_0 | rom_1p  | auto | 1       |
|   dct_coeff_table_1_U | -    | -    |        | dct_coeff_table_1 | rom_1p  | auto | 1       |
|   dct_coeff_table_2_U | -    | -    |        | dct_coeff_table_2 | rom_1p  | auto | 1       |
|   dct_coeff_table_3_U | -    | -    |        | dct_coeff_table_3 | rom_1p  | auto | 1       |
|   dct_coeff_table_4_U | -    | -    |        | dct_coeff_table_4 | rom_1p  | auto | 1       |
|   dct_coeff_table_5_U | -    | -    |        | dct_coeff_table_5 | rom_1p  | auto | 1       |
|   dct_coeff_table_6_U | -    | -    |        | dct_coeff_table_6 | rom_1p  | auto | 1       |
|   dct_coeff_table_7_U | -    | -    |        | dct_coeff_table_7 | rom_1p  | auto | 1       |
+-----------------------+------+------+--------+-------------------+---------+------+---------+


================================================================
== Pragma Report
================================================================
  No pragmas found

