

================================================================
== Vitis HLS Report for 'dct_Pipeline_RD_Loop_Row_RD_Loop_Col'
================================================================
* Date:           Sun Dec  1 14:00:13 2024

* Version:        2023.1 (Build 3854077 on May  4 2023)
* Project:        lab3
* Solution:       solution3 (Vivado IP Flow Target)
* Product family: zynq
* Target device:  xc7z020-clg484-1


================================================================
== Performance Estimates
================================================================
+ Timing: 
    * Summary: 
    +--------+----------+----------+------------+
    |  Clock |  Target  | Estimated| Uncertainty|
    +--------+----------+----------+------------+
    |ap_clk  |  10.00 ns|  6.508 ns|     2.70 ns|
    +--------+----------+----------+------------+

+ Latency: 
    * Summary: 
    +---------+---------+----------+----------+-----+-----+---------+
    |  Latency (cycles) |  Latency (absolute) |  Interval | Pipeline|
    |   min   |   max   |    min   |    max   | min | max |   Type  |
    +---------+---------+----------+----------+-----+-----+---------+
    |       66|       66|  0.660 us|  0.660 us|   66|   66|       no|
    +---------+---------+----------+----------+-----+-----+---------+

    + Detail: 
        * Instance: 
        N/A

        * Loop: 
        +---------------------------+---------+---------+----------+-----------+-----------+------+----------+
        |                           |  Latency (cycles) | Iteration|  Initiation Interval  | Trip |          |
        |         Loop Name         |   min   |   max   |  Latency |  achieved |   target  | Count| Pipelined|
        +---------------------------+---------+---------+----------+-----------+-----------+------+----------+
        |- RD_Loop_Row_RD_Loop_Col  |       64|       64|         2|          1|          1|    64|       yes|
        +---------------------------+---------+---------+----------+-----------+-----------+------+----------+



================================================================
== Utilization Estimates
================================================================
* Summary: 
+-----------------+---------+-----+--------+-------+-----+
|       Name      | BRAM_18K| DSP |   FF   |  LUT  | URAM|
+-----------------+---------+-----+--------+-------+-----+
|DSP              |        -|    -|       -|      -|    -|
|Expression       |        -|    -|       0|     92|    -|
|FIFO             |        -|    -|       -|      -|    -|
|Instance         |        -|    -|       -|      -|    -|
|Memory           |        -|    -|       -|      -|    -|
|Multiplexer      |        -|    -|       -|     72|    -|
|Register         |        -|    -|      24|      -|    -|
+-----------------+---------+-----+--------+-------+-----+
|Total            |        0|    0|      24|    164|    0|
+-----------------+---------+-----+--------+-------+-----+
|Available        |      280|  220|  106400|  53200|    0|
+-----------------+---------+-----+--------+-------+-----+
|Utilization (%)  |        0|    0|      ~0|     ~0|    0|
+-----------------+---------+-----+--------+-------+-----+

+ Detail: 
    * Instance: 
    N/A

    * DSP: 
    N/A

    * Memory: 
    N/A

    * FIFO: 
    N/A

    * Expression: 
    +-------------------------+----------+----+---+----+------------+------------+
    |      Variable Name      | Operation| DSP| FF| LUT| Bitwidth P0| Bitwidth P1|
    +-------------------------+----------+----+---+----+------------+------------+
    |add_ln85_1_fu_109_p2     |         +|   0|  0|  14|           7|           1|
    |add_ln85_fu_121_p2       |         +|   0|  0|  13|           4|           1|
    |add_ln87_fu_188_p2       |         +|   0|  0|  13|           4|           1|
    |add_ln88_fu_165_p2       |         +|   0|  0|  14|           6|           6|
    |icmp_ln85_fu_103_p2      |      icmp|   0|  0|  15|           7|           8|
    |icmp_ln87_fu_127_p2      |      icmp|   0|  0|  13|           4|           5|
    |select_ln85_1_fu_141_p3  |    select|   0|  0|   4|           1|           4|
    |select_ln85_fu_133_p3    |    select|   0|  0|   4|           1|           1|
    |ap_enable_pp0            |       xor|   0|  0|   2|           1|           2|
    +-------------------------+----------+----+---+----+------------+------------+
    |Total                    |          |   0|  0|  92|          35|          29|
    +-------------------------+----------+----+---+----+------------+------------+

    * Multiplexer: 
    +--------------------------------------+----+-----------+-----+-----------+
    |                 Name                 | LUT| Input Size| Bits| Total Bits|
    +--------------------------------------+----+-----------+-----+-----------+
    |ap_done_int                           |   9|          2|    1|          2|
    |ap_enable_reg_pp0_iter1               |   9|          2|    1|          2|
    |ap_sig_allocacmp_c_load               |   9|          2|    4|          8|
    |ap_sig_allocacmp_indvar_flatten_load  |   9|          2|    7|         14|
    |ap_sig_allocacmp_r_load               |   9|          2|    4|          8|
    |c_fu_46                               |   9|          2|    4|          8|
    |indvar_flatten_fu_54                  |   9|          2|    7|         14|
    |r_fu_50                               |   9|          2|    4|          8|
    +--------------------------------------+----+-----------+-----+-----------+
    |Total                                 |  72|         16|   32|         64|
    +--------------------------------------+----+-----------+-----+-----------+

    * Register: 
    +-------------------------+---+----+-----+-----------+
    |           Name          | FF| LUT| Bits| Const Bits|
    +-------------------------+---+----+-----+-----------+
    |add_ln88_reg_237         |  6|   0|    6|          0|
    |ap_CS_fsm                |  1|   0|    1|          0|
    |ap_done_reg              |  1|   0|    1|          0|
    |ap_enable_reg_pp0_iter1  |  1|   0|    1|          0|
    |c_fu_46                  |  4|   0|    4|          0|
    |indvar_flatten_fu_54     |  7|   0|    7|          0|
    |r_fu_50                  |  4|   0|    4|          0|
    +-------------------------+---+----+-----+-----------+
    |Total                    | 24|   0|   24|          0|
    +-------------------------+---+----+-----+-----------+



================================================================
== Interface
================================================================
* Summary: 
+--------------------+-----+-----+------------+--------------------------------------+--------------+
|      RTL Ports     | Dir | Bits|  Protocol  |             Source Object            |    C Type    |
+--------------------+-----+-----+------------+--------------------------------------+--------------+
|ap_clk              |   in|    1|  ap_ctrl_hs|  dct_Pipeline_RD_Loop_Row_RD_Loop_Col|  return value|
|ap_rst              |   in|    1|  ap_ctrl_hs|  dct_Pipeline_RD_Loop_Row_RD_Loop_Col|  return value|
|ap_start            |   in|    1|  ap_ctrl_hs|  dct_Pipeline_RD_Loop_Row_RD_Loop_Col|  return value|
|ap_done             |  out|    1|  ap_ctrl_hs|  dct_Pipeline_RD_Loop_Row_RD_Loop_Col|  return value|
|ap_idle             |  out|    1|  ap_ctrl_hs|  dct_Pipeline_RD_Loop_Row_RD_Loop_Col|  return value|
|ap_ready            |  out|    1|  ap_ctrl_hs|  dct_Pipeline_RD_Loop_Row_RD_Loop_Col|  return value|
|buf_2d_in_address0  |  out|    6|   ap_memory|                             buf_2d_in|         array|
|buf_2d_in_ce0       |  out|    1|   ap_memory|                             buf_2d_in|         array|
|buf_2d_in_we0       |  out|    1|   ap_memory|                             buf_2d_in|         array|
|buf_2d_in_d0        |  out|   16|   ap_memory|                             buf_2d_in|         array|
|input_r_address0    |  out|    6|   ap_memory|                               input_r|         array|
|input_r_ce0         |  out|    1|   ap_memory|                               input_r|         array|
|input_r_q0          |   in|   16|   ap_memory|                               input_r|         array|
+--------------------+-----+-----+------------+--------------------------------------+--------------+

============================================================
+ Verbose Summary: Synthesis Manager
============================================================
InlineROM: 1
ExposeGlobal: 0
============================================================
+ Verbose Summary: CDFG Model
============================================================
IsTopModel: 0
ResetActiveHigh: 1
IsCombinational: 2
IsDatapathOnly: 2
HasWiredReturn: 1
HasMFsm: 2
HasVarLatency: 1
IsPipeline: 0
IsRtlPipelined: 0
IsInstanceOverlapped: 0
IsDontTouch: 0
HasImplIP: 0
IsGatedGlobalClock: 0

+ Individual pipeline summary: 
  * Pipeline-0: initiation interval (II) = 1, depth = 2


============================================================
+ Verbose Summary: Schedule
============================================================
* Number of FSM states : 2
* Pipeline : 1
  Pipeline-0 : II = 1, D = 2, States = { 1 2 }
* Dataflow Pipeline: 0

* FSM state transitions: 
1 --> 2 
2 --> 

* FSM state operations: 

State 1 <SV = 0> <Delay = 6.08>
ST_1 : Operation 5 [1/1] (0.00ns)   --->   "%c = alloca i32 1"   --->   Operation 5 'alloca' 'c' <Predicate = true> <Delay = 0.00>
ST_1 : Operation 6 [1/1] (0.00ns)   --->   "%r = alloca i32 1"   --->   Operation 6 'alloca' 'r' <Predicate = true> <Delay = 0.00>
ST_1 : Operation 7 [1/1] (0.00ns)   --->   "%indvar_flatten = alloca i32 1"   --->   Operation 7 'alloca' 'indvar_flatten' <Predicate = true> <Delay = 0.00>
ST_1 : Operation 8 [1/1] (0.00ns)   --->   "%specinterface_ln0 = specinterface void @_ssdm_op_SpecInterface, i16 %input_r, void @empty, i32 0, i32 0, void @empty_0, i32 4294967295, i32 0, void @empty_0, void @empty_0, void @empty_0, i32 0, i32 0, i32 0, i32 0, void @empty_0, void @empty_0, i32 4294967295, i32 0"   --->   Operation 8 'specinterface' 'specinterface_ln0' <Predicate = true> <Delay = 0.00>
ST_1 : Operation 9 [1/1] (1.58ns)   --->   "%store_ln0 = store i7 0, i7 %indvar_flatten"   --->   Operation 9 'store' 'store_ln0' <Predicate = true> <Delay = 1.58>
ST_1 : Operation 10 [1/1] (1.58ns)   --->   "%store_ln0 = store i4 0, i4 %r"   --->   Operation 10 'store' 'store_ln0' <Predicate = true> <Delay = 1.58>
ST_1 : Operation 11 [1/1] (1.58ns)   --->   "%store_ln0 = store i4 0, i4 %c"   --->   Operation 11 'store' 'store_ln0' <Predicate = true> <Delay = 1.58>
ST_1 : Operation 12 [1/1] (0.00ns)   --->   "%br_ln0 = br void %for.inc.i"   --->   Operation 12 'br' 'br_ln0' <Predicate = true> <Delay = 0.00>
ST_1 : Operation 13 [1/1] (0.00ns)   --->   "%indvar_flatten_load = load i7 %indvar_flatten" [../xup_high_level_synthesis_design_flow-main/source/lab3/dct.c:85->../xup_high_level_synthesis_design_flow-main/source/lab3/dct.c:111]   --->   Operation 13 'load' 'indvar_flatten_load' <Predicate = true> <Delay = 0.00>
ST_1 : Operation 14 [1/1] (1.87ns)   --->   "%icmp_ln85 = icmp_eq  i7 %indvar_flatten_load, i7 64" [../xup_high_level_synthesis_design_flow-main/source/lab3/dct.c:85->../xup_high_level_synthesis_design_flow-main/source/lab3/dct.c:111]   --->   Operation 14 'icmp' 'icmp_ln85' <Predicate = true> <Delay = 1.87> <CoreInst = "Cmp">   --->   Core 9 'Cmp' <Latency = 0> <II = 1> <Delay = 1.91> <FuncUnit> <Opcode : 'icmp'> <InPorts = 2> <OutPorts = 1>
ST_1 : Operation 15 [1/1] (1.87ns)   --->   "%add_ln85_1 = add i7 %indvar_flatten_load, i7 1" [../xup_high_level_synthesis_design_flow-main/source/lab3/dct.c:85->../xup_high_level_synthesis_design_flow-main/source/lab3/dct.c:111]   --->   Operation 15 'add' 'add_ln85_1' <Predicate = true> <Delay = 1.87> <CoreInst = "Adder">   --->   Core 1 'Adder' <Latency = 0> <II = 1> <Delay = 1.87> <FuncUnit> <Opcode : 'add' 'sub'> <InPorts = 2> <OutPorts = 1>
ST_1 : Operation 16 [1/1] (0.00ns)   --->   "%br_ln85 = br i1 %icmp_ln85, void %for.inc8.i, void %DCT_Inner_Loop.i.i.preheader.exitStub" [../xup_high_level_synthesis_design_flow-main/source/lab3/dct.c:85->../xup_high_level_synthesis_design_flow-main/source/lab3/dct.c:111]   --->   Operation 16 'br' 'br_ln85' <Predicate = true> <Delay = 0.00>
ST_1 : Operation 17 [1/1] (0.00ns)   --->   "%c_load = load i4 %c" [../xup_high_level_synthesis_design_flow-main/source/lab3/dct.c:87->../xup_high_level_synthesis_design_flow-main/source/lab3/dct.c:111]   --->   Operation 17 'load' 'c_load' <Predicate = (!icmp_ln85)> <Delay = 0.00>
ST_1 : Operation 18 [1/1] (0.00ns)   --->   "%r_load = load i4 %r" [../xup_high_level_synthesis_design_flow-main/source/lab3/dct.c:85->../xup_high_level_synthesis_design_flow-main/source/lab3/dct.c:111]   --->   Operation 18 'load' 'r_load' <Predicate = (!icmp_ln85)> <Delay = 0.00>
ST_1 : Operation 19 [1/1] (1.73ns)   --->   "%add_ln85 = add i4 %r_load, i4 1" [../xup_high_level_synthesis_design_flow-main/source/lab3/dct.c:85->../xup_high_level_synthesis_design_flow-main/source/lab3/dct.c:111]   --->   Operation 19 'add' 'add_ln85' <Predicate = (!icmp_ln85)> <Delay = 1.73> <CoreInst = "Adder">   --->   Core 1 'Adder' <Latency = 0> <II = 1> <Delay = 1.73> <FuncUnit> <Opcode : 'add' 'sub'> <InPorts = 2> <OutPorts = 1>
ST_1 : Operation 20 [1/1] (1.73ns)   --->   "%icmp_ln87 = icmp_eq  i4 %c_load, i4 8" [../xup_high_level_synthesis_design_flow-main/source/lab3/dct.c:87->../xup_high_level_synthesis_design_flow-main/source/lab3/dct.c:111]   --->   Operation 20 'icmp' 'icmp_ln87' <Predicate = (!icmp_ln85)> <Delay = 1.73> <CoreInst = "Cmp">   --->   Core 9 'Cmp' <Latency = 0> <II = 1> <Delay = 1.78> <FuncUnit> <Opcode : 'icmp'> <InPorts = 2> <OutPorts = 1>
ST_1 : Operation 21 [1/1] (1.02ns)   --->   "%select_ln85 = select i1 %icmp_ln87, i4 0, i4 %c_load" [../xup_high_level_synthesis_design_flow-main/source/lab3/dct.c:85->../xup_high_level_synthesis_design_flow-main/source/lab3/dct.c:111]   --->   Operation 21 'select' 'select_ln85' <Predicate = (!icmp_ln85)> <Delay = 1.02> <CoreInst = "Sel">   --->   Core 73 'Sel' <Latency = 0> <II = 1> <Delay = 1.02> <FuncUnit> <Opcode : 'select'> <InPorts = 3> <OutPorts = 1>
ST_1 : Operation 22 [1/1] (1.02ns)   --->   "%select_ln85_1 = select i1 %icmp_ln87, i4 %add_ln85, i4 %r_load" [../xup_high_level_synthesis_design_flow-main/source/lab3/dct.c:85->../xup_high_level_synthesis_design_flow-main/source/lab3/dct.c:111]   --->   Operation 22 'select' 'select_ln85_1' <Predicate = (!icmp_ln85)> <Delay = 1.02> <CoreInst = "Sel">   --->   Core 73 'Sel' <Latency = 0> <II = 1> <Delay = 1.02> <FuncUnit> <Opcode : 'select'> <InPorts = 3> <OutPorts = 1>
ST_1 : Operation 23 [1/1] (0.00ns)   --->   "%trunc_ln88 = trunc i4 %select_ln85_1" [../xup_high_level_synthesis_design_flow-main/source/lab3/dct.c:88->../xup_high_level_synthesis_design_flow-main/source/lab3/dct.c:111]   --->   Operation 23 'trunc' 'trunc_ln88' <Predicate = (!icmp_ln85)> <Delay = 0.00>
ST_1 : Operation 24 [1/1] (0.00ns)   --->   "%tmp_4 = bitconcatenate i6 @_ssdm_op_BitConcatenate.i6.i3.i3, i3 %trunc_ln88, i3 0" [../xup_high_level_synthesis_design_flow-main/source/lab3/dct.c:88->../xup_high_level_synthesis_design_flow-main/source/lab3/dct.c:111]   --->   Operation 24 'bitconcatenate' 'tmp_4' <Predicate = (!icmp_ln85)> <Delay = 0.00>
ST_1 : Operation 25 [1/1] (0.00ns)   --->   "%zext_ln88_1 = zext i4 %select_ln85" [../xup_high_level_synthesis_design_flow-main/source/lab3/dct.c:88->../xup_high_level_synthesis_design_flow-main/source/lab3/dct.c:111]   --->   Operation 25 'zext' 'zext_ln88_1' <Predicate = (!icmp_ln85)> <Delay = 0.00>
ST_1 : Operation 26 [1/1] (1.82ns)   --->   "%add_ln88 = add i6 %tmp_4, i6 %zext_ln88_1" [../xup_high_level_synthesis_design_flow-main/source/lab3/dct.c:88->../xup_high_level_synthesis_design_flow-main/source/lab3/dct.c:111]   --->   Operation 26 'add' 'add_ln88' <Predicate = (!icmp_ln85)> <Delay = 1.82> <CoreInst = "Adder">   --->   Core 1 'Adder' <Latency = 0> <II = 1> <Delay = 1.82> <FuncUnit> <Opcode : 'add' 'sub'> <InPorts = 2> <OutPorts = 1>
ST_1 : Operation 27 [1/1] (0.00ns)   --->   "%trunc_ln88_1 = trunc i4 %select_ln85" [../xup_high_level_synthesis_design_flow-main/source/lab3/dct.c:88->../xup_high_level_synthesis_design_flow-main/source/lab3/dct.c:111]   --->   Operation 27 'trunc' 'trunc_ln88_1' <Predicate = (!icmp_ln85)> <Delay = 0.00>
ST_1 : Operation 28 [1/1] (0.00ns)   --->   "%add_ln = bitconcatenate i6 @_ssdm_op_BitConcatenate.i6.i3.i3, i3 %trunc_ln88, i3 %trunc_ln88_1" [../xup_high_level_synthesis_design_flow-main/source/lab3/dct.c:88->../xup_high_level_synthesis_design_flow-main/source/lab3/dct.c:111]   --->   Operation 28 'bitconcatenate' 'add_ln' <Predicate = (!icmp_ln85)> <Delay = 0.00>
ST_1 : Operation 29 [1/1] (0.00ns)   --->   "%zext_ln88 = zext i6 %add_ln" [../xup_high_level_synthesis_design_flow-main/source/lab3/dct.c:88->../xup_high_level_synthesis_design_flow-main/source/lab3/dct.c:111]   --->   Operation 29 'zext' 'zext_ln88' <Predicate = (!icmp_ln85)> <Delay = 0.00>
ST_1 : Operation 30 [1/1] (0.00ns)   --->   "%input_r_addr = getelementptr i16 %input_r, i64 0, i64 %zext_ln88" [../xup_high_level_synthesis_design_flow-main/source/lab3/dct.c:88->../xup_high_level_synthesis_design_flow-main/source/lab3/dct.c:111]   --->   Operation 30 'getelementptr' 'input_r_addr' <Predicate = (!icmp_ln85)> <Delay = 0.00>
ST_1 : Operation 31 [2/2] (3.25ns)   --->   "%input_r_load = load i6 %input_r_addr" [../xup_high_level_synthesis_design_flow-main/source/lab3/dct.c:88->../xup_high_level_synthesis_design_flow-main/source/lab3/dct.c:111]   --->   Operation 31 'load' 'input_r_load' <Predicate = (!icmp_ln85)> <Delay = 3.25> <CoreInst = "RAM">   --->   Core 82 'RAM' <Latency = 1> <II = 1> <Delay = 3.25> <Storage> <Opcode : 'load' 'store'> <Ports = 2> <Width = 16> <Depth = 64> <RAM>
ST_1 : Operation 32 [1/1] (1.73ns)   --->   "%add_ln87 = add i4 %select_ln85, i4 1" [../xup_high_level_synthesis_design_flow-main/source/lab3/dct.c:87->../xup_high_level_synthesis_design_flow-main/source/lab3/dct.c:111]   --->   Operation 32 'add' 'add_ln87' <Predicate = (!icmp_ln85)> <Delay = 1.73> <CoreInst = "Adder">   --->   Core 1 'Adder' <Latency = 0> <II = 1> <Delay = 1.73> <FuncUnit> <Opcode : 'add' 'sub'> <InPorts = 2> <OutPorts = 1>
ST_1 : Operation 33 [1/1] (1.58ns)   --->   "%store_ln87 = store i7 %add_ln85_1, i7 %indvar_flatten" [../xup_high_level_synthesis_design_flow-main/source/lab3/dct.c:87->../xup_high_level_synthesis_design_flow-main/source/lab3/dct.c:111]   --->   Operation 33 'store' 'store_ln87' <Predicate = (!icmp_ln85)> <Delay = 1.58>
ST_1 : Operation 34 [1/1] (1.58ns)   --->   "%store_ln87 = store i4 %select_ln85_1, i4 %r" [../xup_high_level_synthesis_design_flow-main/source/lab3/dct.c:87->../xup_high_level_synthesis_design_flow-main/source/lab3/dct.c:111]   --->   Operation 34 'store' 'store_ln87' <Predicate = (!icmp_ln85)> <Delay = 1.58>
ST_1 : Operation 35 [1/1] (1.58ns)   --->   "%store_ln87 = store i4 %add_ln87, i4 %c" [../xup_high_level_synthesis_design_flow-main/source/lab3/dct.c:87->../xup_high_level_synthesis_design_flow-main/source/lab3/dct.c:111]   --->   Operation 35 'store' 'store_ln87' <Predicate = (!icmp_ln85)> <Delay = 1.58>
ST_1 : Operation 45 [1/1] (0.00ns)   --->   "%ret_ln0 = ret"   --->   Operation 45 'ret' 'ret_ln0' <Predicate = (icmp_ln85)> <Delay = 0.00>

State 2 <SV = 1> <Delay = 6.50>
ST_2 : Operation 36 [1/1] (0.00ns)   --->   "%specloopname_ln0 = specloopname void @_ssdm_op_SpecLoopName, void @RD_Loop_Row_RD_Loop_Col_str"   --->   Operation 36 'specloopname' 'specloopname_ln0' <Predicate = true> <Delay = 0.00>
ST_2 : Operation 37 [1/1] (0.00ns)   --->   "%speclooptripcount_ln0 = speclooptripcount void @_ssdm_op_SpecLoopTripCount, i64 64, i64 64, i64 64"   --->   Operation 37 'speclooptripcount' 'speclooptripcount_ln0' <Predicate = true> <Delay = 0.00>
ST_2 : Operation 38 [1/1] (0.00ns)   --->   "%zext_ln88_2 = zext i6 %add_ln88" [../xup_high_level_synthesis_design_flow-main/source/lab3/dct.c:88->../xup_high_level_synthesis_design_flow-main/source/lab3/dct.c:111]   --->   Operation 38 'zext' 'zext_ln88_2' <Predicate = true> <Delay = 0.00>
ST_2 : Operation 39 [1/1] (0.00ns)   --->   "%buf_2d_in_addr = getelementptr i16 %buf_2d_in, i64 0, i64 %zext_ln88_2" [../xup_high_level_synthesis_design_flow-main/source/lab3/dct.c:88->../xup_high_level_synthesis_design_flow-main/source/lab3/dct.c:111]   --->   Operation 39 'getelementptr' 'buf_2d_in_addr' <Predicate = true> <Delay = 0.00>
ST_2 : Operation 40 [1/1] (0.00ns)   --->   "%specpipeline_ln11 = specpipeline void @_ssdm_op_SpecPipeline, i32 4294967295, i32 0, i32 0, i32 0, void @empty_0" [F:/Education/FPGA_Labs/Labs_2/lab3/lab3/solution3/directives.tcl:11->../xup_high_level_synthesis_design_flow-main/source/lab3/dct.c:111]   --->   Operation 40 'specpipeline' 'specpipeline_ln11' <Predicate = true> <Delay = 0.00>
ST_2 : Operation 41 [1/1] (0.00ns)   --->   "%specloopname_ln87 = specloopname void @_ssdm_op_SpecLoopName, void @empty_7" [../xup_high_level_synthesis_design_flow-main/source/lab3/dct.c:87->../xup_high_level_synthesis_design_flow-main/source/lab3/dct.c:111]   --->   Operation 41 'specloopname' 'specloopname_ln87' <Predicate = true> <Delay = 0.00>
ST_2 : Operation 42 [1/2] (3.25ns)   --->   "%input_r_load = load i6 %input_r_addr" [../xup_high_level_synthesis_design_flow-main/source/lab3/dct.c:88->../xup_high_level_synthesis_design_flow-main/source/lab3/dct.c:111]   --->   Operation 42 'load' 'input_r_load' <Predicate = true> <Delay = 3.25> <CoreInst = "RAM">   --->   Core 82 'RAM' <Latency = 1> <II = 1> <Delay = 3.25> <Storage> <Opcode : 'load' 'store'> <Ports = 2> <Width = 16> <Depth = 64> <RAM>
ST_2 : Operation 43 [1/1] (3.25ns)   --->   "%store_ln88 = store i16 %input_r_load, i6 %buf_2d_in_addr" [../xup_high_level_synthesis_design_flow-main/source/lab3/dct.c:88->../xup_high_level_synthesis_design_flow-main/source/lab3/dct.c:111]   --->   Operation 43 'store' 'store_ln88' <Predicate = true> <Delay = 3.25> <CoreInst = "RAM">   --->   Core 82 'RAM' <Latency = 1> <II = 1> <Delay = 3.25> <Storage> <Opcode : 'load' 'store'> <Ports = 2> <Width = 16> <Depth = 64> <RAM>
ST_2 : Operation 44 [1/1] (0.00ns)   --->   "%br_ln87 = br void %for.inc.i" [../xup_high_level_synthesis_design_flow-main/source/lab3/dct.c:87->../xup_high_level_synthesis_design_flow-main/source/lab3/dct.c:111]   --->   Operation 44 'br' 'br_ln87' <Predicate = true> <Delay = 0.00>


============================================================
+ Verbose Summary: Binding
============================================================
STG Binding: 
---------------- STG Properties BEGIN ----------------
- Is combinational: 0
- Is one-state seq: 0
- Is datapath-only: 0
- Is pipelined: 0
- Is top level: 0
Port [ Return ] is wired: 1; IO mode=ap_ctrl_hs:ce=0
Port [ buf_2d_in]:  wired=1; compound=1; hidden=0; nouse=0; global=0; static=0; extern=0; dir=1; type=1; pingpong=0; private_global=0; MemPort=[03]; IO mode=ap_memory:ce=0
Port [ input_r]:  wired=1; compound=1; hidden=0; nouse=0; global=0; static=0; extern=0; dir=0; type=1; pingpong=0; private_global=0; MemPort=[13]; IO mode=ap_memory:ce=0
---------------- STG Properties END ------------------

---------------- Datapath Model BEGIN ----------------

<LifeTime>
<method=bitvector/>
c                     (alloca           ) [ 010]
r                     (alloca           ) [ 010]
indvar_flatten        (alloca           ) [ 010]
specinterface_ln0     (specinterface    ) [ 000]
store_ln0             (store            ) [ 000]
store_ln0             (store            ) [ 000]
store_ln0             (store            ) [ 000]
br_ln0                (br               ) [ 000]
indvar_flatten_load   (load             ) [ 000]
icmp_ln85             (icmp             ) [ 010]
add_ln85_1            (add              ) [ 000]
br_ln85               (br               ) [ 000]
c_load                (load             ) [ 000]
r_load                (load             ) [ 000]
add_ln85              (add              ) [ 000]
icmp_ln87             (icmp             ) [ 000]
select_ln85           (select           ) [ 000]
select_ln85_1         (select           ) [ 000]
trunc_ln88            (trunc            ) [ 000]
tmp_4                 (bitconcatenate   ) [ 000]
zext_ln88_1           (zext             ) [ 000]
add_ln88              (add              ) [ 011]
trunc_ln88_1          (trunc            ) [ 000]
add_ln                (bitconcatenate   ) [ 000]
zext_ln88             (zext             ) [ 000]
input_r_addr          (getelementptr    ) [ 011]
add_ln87              (add              ) [ 000]
store_ln87            (store            ) [ 000]
store_ln87            (store            ) [ 000]
store_ln87            (store            ) [ 000]
specloopname_ln0      (specloopname     ) [ 000]
speclooptripcount_ln0 (speclooptripcount) [ 000]
zext_ln88_2           (zext             ) [ 000]
buf_2d_in_addr        (getelementptr    ) [ 000]
specpipeline_ln11     (specpipeline     ) [ 000]
specloopname_ln87     (specloopname     ) [ 000]
input_r_load          (load             ) [ 000]
store_ln88            (store            ) [ 000]
br_ln87               (br               ) [ 000]
ret_ln0               (ret              ) [ 000]
</LifeTime>

<model>

<comp_list>
<comp id="0" class="1000" name="buf_2d_in">
<pin_list>
<pin id="1" dir="1" index="0" bw="1" slack="0"/>
</pin_list>
<bind>
<StgValue><ssdm name="buf_2d_in"/><MemPortTyVec>0 3 </MemPortTyVec>
</StgValue>
</bind>
</comp>

<comp id="2" class="1000" name="input_r">
<pin_list>
<pin id="3" dir="1" index="0" bw="1" slack="0"/>
</pin_list>
<bind>
<StgValue><ssdm name="input_r"/><MemPortTyVec>1 3 </MemPortTyVec>
</StgValue>
</bind>
</comp>

<comp id="4" class="1001" name="const_4">
<pin_list>
<pin id="5" dir="1" index="0" bw="1" slack="0"/>
</pin_list>
<bind>
<StgValue><ssdm name=""/></StgValue>
</bind>
</comp>

<comp id="6" class="1001" name="const_6">
<pin_list>
<pin id="7" dir="1" index="0" bw="1" slack="2147483647"/>
</pin_list>
<bind>
<StgValue><ssdm name="_ssdm_op_SpecInterface"/></StgValue>
</bind>
</comp>

<comp id="8" class="1001" name="const_8">
<pin_list>
<pin id="9" dir="1" index="0" bw="1" slack="2147483647"/>
</pin_list>
<bind>
<StgValue><ssdm name="empty"/></StgValue>
</bind>
</comp>

<comp id="10" class="1001" name="const_10">
<pin_list>
<pin id="11" dir="1" index="0" bw="1" slack="2147483647"/>
</pin_list>
<bind>
<StgValue><ssdm name=""/></StgValue>
</bind>
</comp>

<comp id="12" class="1001" name="const_12">
<pin_list>
<pin id="13" dir="1" index="0" bw="1" slack="2147483647"/>
</pin_list>
<bind>
<StgValue><ssdm name="empty_0"/></StgValue>
</bind>
</comp>

<comp id="14" class="1001" name="const_14">
<pin_list>
<pin id="15" dir="1" index="0" bw="1" slack="2147483647"/>
</pin_list>
<bind>
<StgValue><ssdm name=""/></StgValue>
</bind>
</comp>

<comp id="16" class="1001" name="const_16">
<pin_list>
<pin id="17" dir="1" index="0" bw="1" slack="0"/>
</pin_list>
<bind>
<StgValue><ssdm name=""/></StgValue>
</bind>
</comp>

<comp id="18" class="1001" name="const_18">
<pin_list>
<pin id="19" dir="1" index="0" bw="1" slack="0"/>
</pin_list>
<bind>
<StgValue><ssdm name=""/></StgValue>
</bind>
</comp>

<comp id="20" class="1001" name="const_20">
<pin_list>
<pin id="21" dir="1" index="0" bw="1" slack="0"/>
</pin_list>
<bind>
<StgValue><ssdm name=""/></StgValue>
</bind>
</comp>

<comp id="22" class="1001" name="const_22">
<pin_list>
<pin id="23" dir="1" index="0" bw="1" slack="0"/>
</pin_list>
<bind>
<StgValue><ssdm name=""/></StgValue>
</bind>
</comp>

<comp id="24" class="1001" name="const_24">
<pin_list>
<pin id="25" dir="1" index="0" bw="1" slack="0"/>
</pin_list>
<bind>
<StgValue><ssdm name=""/></StgValue>
</bind>
</comp>

<comp id="26" class="1001" name="const_26">
<pin_list>
<pin id="27" dir="1" index="0" bw="1" slack="0"/>
</pin_list>
<bind>
<StgValue><ssdm name=""/></StgValue>
</bind>
</comp>

<comp id="28" class="1001" name="const_28">
<pin_list>
<pin id="29" dir="1" index="0" bw="1" slack="0"/>
</pin_list>
<bind>
<StgValue><ssdm name="_ssdm_op_BitConcatenate.i6.i3.i3"/></StgValue>
</bind>
</comp>

<comp id="30" class="1001" name="const_30">
<pin_list>
<pin id="31" dir="1" index="0" bw="1" slack="0"/>
</pin_list>
<bind>
<StgValue><ssdm name=""/></StgValue>
</bind>
</comp>

<comp id="32" class="1001" name="const_32">
<pin_list>
<pin id="33" dir="1" index="0" bw="1" slack="0"/>
</pin_list>
<bind>
<StgValue><ssdm name=""/></StgValue>
</bind>
</comp>

<comp id="34" class="1001" name="const_34">
<pin_list>
<pin id="35" dir="1" index="0" bw="1" slack="2147483647"/>
</pin_list>
<bind>
<StgValue><ssdm name="_ssdm_op_SpecLoopName"/></StgValue>
</bind>
</comp>

<comp id="36" class="1001" name="const_36">
<pin_list>
<pin id="37" dir="1" index="0" bw="1" slack="2147483647"/>
</pin_list>
<bind>
<StgValue><ssdm name="RD_Loop_Row_RD_Loop_Col_str"/></StgValue>
</bind>
</comp>

<comp id="38" class="1001" name="const_38">
<pin_list>
<pin id="39" dir="1" index="0" bw="1" slack="2147483647"/>
</pin_list>
<bind>
<StgValue><ssdm name="_ssdm_op_SpecLoopTripCount"/></StgValue>
</bind>
</comp>

<comp id="40" class="1001" name="const_40">
<pin_list>
<pin id="41" dir="1" index="0" bw="1" slack="2147483647"/>
</pin_list>
<bind>
<StgValue><ssdm name=""/></StgValue>
</bind>
</comp>

<comp id="42" class="1001" name="const_42">
<pin_list>
<pin id="43" dir="1" index="0" bw="1" slack="2147483647"/>
</pin_list>
<bind>
<StgValue><ssdm name="_ssdm_op_SpecPipeline"/></StgValue>
</bind>
</comp>

<comp id="44" class="1001" name="const_44">
<pin_list>
<pin id="45" dir="1" index="0" bw="1" slack="2147483647"/>
</pin_list>
<bind>
<StgValue><ssdm name="empty_7"/></StgValue>
</bind>
</comp>

<comp id="46" class="1004" name="c_fu_46">
<pin_list>
<pin id="47" dir="0" index="0" bw="1" slack="0"/>
<pin id="48" dir="1" index="1" bw="4" slack="0"/>
</pin_list>
<bind>
<opcode="alloca(26) " fcode="alloca"/>
<opset="c/1 "/>
</bind>
</comp>

<comp id="50" class="1004" name="r_fu_50">
<pin_list>
<pin id="51" dir="0" index="0" bw="1" slack="0"/>
<pin id="52" dir="1" index="1" bw="4" slack="0"/>
</pin_list>
<bind>
<opcode="alloca(26) " fcode="alloca"/>
<opset="r/1 "/>
</bind>
</comp>

<comp id="54" class="1004" name="indvar_flatten_fu_54">
<pin_list>
<pin id="55" dir="0" index="0" bw="1" slack="0"/>
<pin id="56" dir="1" index="1" bw="7" slack="0"/>
</pin_list>
<bind>
<opcode="alloca(26) " fcode="alloca"/>
<opset="indvar_flatten/1 "/>
</bind>
</comp>

<comp id="58" class="1004" name="input_r_addr_gep_fu_58">
<pin_list>
<pin id="59" dir="0" index="0" bw="16" slack="0"/>
<pin id="60" dir="0" index="1" bw="1" slack="0"/>
<pin id="61" dir="0" index="2" bw="6" slack="0"/>
<pin id="62" dir="1" index="3" bw="6" slack="0"/>
</pin_list>
<bind>
<opcode="getelementptr(29) " fcode="getelementptr"/>
<opset="input_r_addr/1 "/>
</bind>
</comp>

<comp id="65" class="1004" name="grp_access_fu_65">
<pin_list>
<pin id="66" dir="0" index="0" bw="6" slack="0"/>
<pin id="67" dir="0" index="1" bw="16" slack="2147483647"/>
<pin id="68" dir="0" index="2" bw="0" slack="2147483647"/>
<pin id="69" dir="1" index="3" bw="16" slack="0"/>
</pin_list>
<bind>
<opcode="load(27) " fcode="load"/>
<opset="input_r_load/1 "/>
</bind>
</comp>

<comp id="71" class="1004" name="buf_2d_in_addr_gep_fu_71">
<pin_list>
<pin id="72" dir="0" index="0" bw="16" slack="0"/>
<pin id="73" dir="0" index="1" bw="1" slack="0"/>
<pin id="74" dir="0" index="2" bw="6" slack="0"/>
<pin id="75" dir="1" index="3" bw="6" slack="0"/>
</pin_list>
<bind>
<opcode="getelementptr(29) " fcode="getelementptr"/>
<opset="buf_2d_in_addr/2 "/>
</bind>
</comp>

<comp id="78" class="1004" name="store_ln88_access_fu_78">
<pin_list>
<pin id="79" dir="0" index="0" bw="6" slack="0"/>
<pin id="80" dir="0" index="1" bw="16" slack="0"/>
<pin id="81" dir="0" index="2" bw="0" slack="2147483647"/>
<pin id="82" dir="1" index="3" bw="16" slack="2147483647"/>
</pin_list>
<bind>
<opcode="store(28) " fcode="store"/>
<opset="store_ln88/2 "/>
</bind>
</comp>

<comp id="85" class="1004" name="store_ln0_store_fu_85">
<pin_list>
<pin id="86" dir="0" index="0" bw="1" slack="0"/>
<pin id="87" dir="0" index="1" bw="7" slack="0"/>
<pin id="88" dir="1" index="2" bw="0" slack="2147483647"/>
</pin_list>
<bind>
<opcode="store(28) " fcode="store"/>
<opset="store_ln0/1 "/>
</bind>
</comp>

<comp id="90" class="1004" name="store_ln0_store_fu_90">
<pin_list>
<pin id="91" dir="0" index="0" bw="1" slack="0"/>
<pin id="92" dir="0" index="1" bw="4" slack="0"/>
<pin id="93" dir="1" index="2" bw="0" slack="2147483647"/>
</pin_list>
<bind>
<opcode="store(28) " fcode="store"/>
<opset="store_ln0/1 "/>
</bind>
</comp>

<comp id="95" class="1004" name="store_ln0_store_fu_95">
<pin_list>
<pin id="96" dir="0" index="0" bw="1" slack="0"/>
<pin id="97" dir="0" index="1" bw="4" slack="0"/>
<pin id="98" dir="1" index="2" bw="0" slack="2147483647"/>
</pin_list>
<bind>
<opcode="store(28) " fcode="store"/>
<opset="store_ln0/1 "/>
</bind>
</comp>

<comp id="100" class="1004" name="indvar_flatten_load_load_fu_100">
<pin_list>
<pin id="101" dir="0" index="0" bw="7" slack="0"/>
<pin id="102" dir="1" index="1" bw="7" slack="0"/>
</pin_list>
<bind>
<opcode="load(27) " fcode="load"/>
<opset="indvar_flatten_load/1 "/>
</bind>
</comp>

<comp id="103" class="1004" name="icmp_ln85_fu_103">
<pin_list>
<pin id="104" dir="0" index="0" bw="7" slack="0"/>
<pin id="105" dir="0" index="1" bw="7" slack="0"/>
<pin id="106" dir="1" index="2" bw="1" slack="2147483647"/>
</pin_list>
<bind>
<opcode="icmp(45) " fcode="icmp"/>
<opset="icmp_ln85/1 "/>
</bind>
</comp>

<comp id="109" class="1004" name="add_ln85_1_fu_109">
<pin_list>
<pin id="110" dir="0" index="0" bw="7" slack="0"/>
<pin id="111" dir="0" index="1" bw="1" slack="0"/>
<pin id="112" dir="1" index="2" bw="7" slack="0"/>
</pin_list>
<bind>
<opcode="add(8) " fcode="add"/>
<opset="add_ln85_1/1 "/>
</bind>
</comp>

<comp id="115" class="1004" name="c_load_load_fu_115">
<pin_list>
<pin id="116" dir="0" index="0" bw="4" slack="0"/>
<pin id="117" dir="1" index="1" bw="4" slack="0"/>
</pin_list>
<bind>
<opcode="load(27) " fcode="load"/>
<opset="c_load/1 "/>
</bind>
</comp>

<comp id="118" class="1004" name="r_load_load_fu_118">
<pin_list>
<pin id="119" dir="0" index="0" bw="4" slack="0"/>
<pin id="120" dir="1" index="1" bw="4" slack="0"/>
</pin_list>
<bind>
<opcode="load(27) " fcode="load"/>
<opset="r_load/1 "/>
</bind>
</comp>

<comp id="121" class="1004" name="add_ln85_fu_121">
<pin_list>
<pin id="122" dir="0" index="0" bw="4" slack="0"/>
<pin id="123" dir="0" index="1" bw="1" slack="0"/>
<pin id="124" dir="1" index="2" bw="4" slack="0"/>
</pin_list>
<bind>
<opcode="add(8) " fcode="add"/>
<opset="add_ln85/1 "/>
</bind>
</comp>

<comp id="127" class="1004" name="icmp_ln87_fu_127">
<pin_list>
<pin id="128" dir="0" index="0" bw="4" slack="0"/>
<pin id="129" dir="0" index="1" bw="4" slack="0"/>
<pin id="130" dir="1" index="2" bw="1" slack="0"/>
</pin_list>
<bind>
<opcode="icmp(45) " fcode="icmp"/>
<opset="icmp_ln87/1 "/>
</bind>
</comp>

<comp id="133" class="1004" name="select_ln85_fu_133">
<pin_list>
<pin id="134" dir="0" index="0" bw="1" slack="0"/>
<pin id="135" dir="0" index="1" bw="4" slack="0"/>
<pin id="136" dir="0" index="2" bw="4" slack="0"/>
<pin id="137" dir="1" index="3" bw="4" slack="0"/>
</pin_list>
<bind>
<opcode="select(49) " fcode="select"/>
<opset="select_ln85/1 "/>
</bind>
</comp>

<comp id="141" class="1004" name="select_ln85_1_fu_141">
<pin_list>
<pin id="142" dir="0" index="0" bw="1" slack="0"/>
<pin id="143" dir="0" index="1" bw="4" slack="0"/>
<pin id="144" dir="0" index="2" bw="4" slack="0"/>
<pin id="145" dir="1" index="3" bw="4" slack="0"/>
</pin_list>
<bind>
<opcode="select(49) " fcode="select"/>
<opset="select_ln85_1/1 "/>
</bind>
</comp>

<comp id="149" class="1004" name="trunc_ln88_fu_149">
<pin_list>
<pin id="150" dir="0" index="0" bw="4" slack="0"/>
<pin id="151" dir="1" index="1" bw="3" slack="0"/>
</pin_list>
<bind>
<opcode="trunc(33) " fcode="trunc"/>
<opset="trunc_ln88/1 "/>
</bind>
</comp>

<comp id="153" class="1004" name="tmp_4_fu_153">
<pin_list>
<pin id="154" dir="0" index="0" bw="6" slack="0"/>
<pin id="155" dir="0" index="1" bw="3" slack="0"/>
<pin id="156" dir="0" index="2" bw="1" slack="0"/>
<pin id="157" dir="1" index="3" bw="6" slack="0"/>
</pin_list>
<bind>
<opcode="bitconcatenate(1004) " fcode="bitconcatenate"/>
<opset="tmp_4/1 "/>
</bind>
</comp>

<comp id="161" class="1004" name="zext_ln88_1_fu_161">
<pin_list>
<pin id="162" dir="0" index="0" bw="4" slack="0"/>
<pin id="163" dir="1" index="1" bw="6" slack="0"/>
</pin_list>
<bind>
<opcode="zext(34) " fcode="zext"/>
<opset="zext_ln88_1/1 "/>
</bind>
</comp>

<comp id="165" class="1004" name="add_ln88_fu_165">
<pin_list>
<pin id="166" dir="0" index="0" bw="6" slack="0"/>
<pin id="167" dir="0" index="1" bw="4" slack="0"/>
<pin id="168" dir="1" index="2" bw="6" slack="1"/>
</pin_list>
<bind>
<opcode="add(8) " fcode="add"/>
<opset="add_ln88/1 "/>
</bind>
</comp>

<comp id="171" class="1004" name="trunc_ln88_1_fu_171">
<pin_list>
<pin id="172" dir="0" index="0" bw="4" slack="0"/>
<pin id="173" dir="1" index="1" bw="3" slack="0"/>
</pin_list>
<bind>
<opcode="trunc(33) " fcode="trunc"/>
<opset="trunc_ln88_1/1 "/>
</bind>
</comp>

<comp id="175" class="1004" name="add_ln_fu_175">
<pin_list>
<pin id="176" dir="0" index="0" bw="6" slack="0"/>
<pin id="177" dir="0" index="1" bw="3" slack="0"/>
<pin id="178" dir="0" index="2" bw="3" slack="0"/>
<pin id="179" dir="1" index="3" bw="6" slack="0"/>
</pin_list>
<bind>
<opcode="bitconcatenate(1004) " fcode="bitconcatenate"/>
<opset="add_ln/1 "/>
</bind>
</comp>

<comp id="183" class="1004" name="zext_ln88_fu_183">
<pin_list>
<pin id="184" dir="0" index="0" bw="6" slack="0"/>
<pin id="185" dir="1" index="1" bw="64" slack="0"/>
</pin_list>
<bind>
<opcode="zext(34) " fcode="zext"/>
<opset="zext_ln88/1 "/>
</bind>
</comp>

<comp id="188" class="1004" name="add_ln87_fu_188">
<pin_list>
<pin id="189" dir="0" index="0" bw="4" slack="0"/>
<pin id="190" dir="0" index="1" bw="1" slack="0"/>
<pin id="191" dir="1" index="2" bw="4" slack="0"/>
</pin_list>
<bind>
<opcode="add(8) " fcode="add"/>
<opset="add_ln87/1 "/>
</bind>
</comp>

<comp id="194" class="1004" name="store_ln87_store_fu_194">
<pin_list>
<pin id="195" dir="0" index="0" bw="7" slack="0"/>
<pin id="196" dir="0" index="1" bw="7" slack="0"/>
<pin id="197" dir="1" index="2" bw="0" slack="2147483647"/>
</pin_list>
<bind>
<opcode="store(28) " fcode="store"/>
<opset="store_ln87/1 "/>
</bind>
</comp>

<comp id="199" class="1004" name="store_ln87_store_fu_199">
<pin_list>
<pin id="200" dir="0" index="0" bw="4" slack="0"/>
<pin id="201" dir="0" index="1" bw="4" slack="0"/>
<pin id="202" dir="1" index="2" bw="0" slack="2147483647"/>
</pin_list>
<bind>
<opcode="store(28) " fcode="store"/>
<opset="store_ln87/1 "/>
</bind>
</comp>

<comp id="204" class="1004" name="store_ln87_store_fu_204">
<pin_list>
<pin id="205" dir="0" index="0" bw="4" slack="0"/>
<pin id="206" dir="0" index="1" bw="4" slack="0"/>
<pin id="207" dir="1" index="2" bw="0" slack="2147483647"/>
</pin_list>
<bind>
<opcode="store(28) " fcode="store"/>
<opset="store_ln87/1 "/>
</bind>
</comp>

<comp id="209" class="1004" name="zext_ln88_2_fu_209">
<pin_list>
<pin id="210" dir="0" index="0" bw="6" slack="1"/>
<pin id="211" dir="1" index="1" bw="64" slack="0"/>
</pin_list>
<bind>
<opcode="zext(34) " fcode="zext"/>
<opset="zext_ln88_2/2 "/>
</bind>
</comp>

<comp id="213" class="1005" name="c_reg_213">
<pin_list>
<pin id="214" dir="0" index="0" bw="4" slack="0"/>
<pin id="215" dir="1" index="1" bw="4" slack="0"/>
</pin_list>
<bind>
<opset="c "/>
</bind>
</comp>

<comp id="220" class="1005" name="r_reg_220">
<pin_list>
<pin id="221" dir="0" index="0" bw="4" slack="0"/>
<pin id="222" dir="1" index="1" bw="4" slack="0"/>
</pin_list>
<bind>
<opset="r "/>
</bind>
</comp>

<comp id="227" class="1005" name="indvar_flatten_reg_227">
<pin_list>
<pin id="228" dir="0" index="0" bw="7" slack="0"/>
<pin id="229" dir="1" index="1" bw="7" slack="0"/>
</pin_list>
<bind>
<opset="indvar_flatten "/>
</bind>
</comp>

<comp id="237" class="1005" name="add_ln88_reg_237">
<pin_list>
<pin id="238" dir="0" index="0" bw="6" slack="1"/>
<pin id="239" dir="1" index="1" bw="6" slack="1"/>
</pin_list>
<bind>
<opset="add_ln88 "/>
</bind>
</comp>

<comp id="242" class="1005" name="input_r_addr_reg_242">
<pin_list>
<pin id="243" dir="0" index="0" bw="6" slack="1"/>
<pin id="244" dir="1" index="1" bw="6" slack="1"/>
</pin_list>
<bind>
<opset="input_r_addr "/>
</bind>
</comp>

</comp_list>

<net_list>
<net id="49"><net_src comp="4" pin="0"/><net_sink comp="46" pin=0"/></net>

<net id="53"><net_src comp="4" pin="0"/><net_sink comp="50" pin=0"/></net>

<net id="57"><net_src comp="4" pin="0"/><net_sink comp="54" pin=0"/></net>

<net id="63"><net_src comp="2" pin="0"/><net_sink comp="58" pin=0"/></net>

<net id="64"><net_src comp="32" pin="0"/><net_sink comp="58" pin=1"/></net>

<net id="70"><net_src comp="58" pin="3"/><net_sink comp="65" pin=0"/></net>

<net id="76"><net_src comp="0" pin="0"/><net_sink comp="71" pin=0"/></net>

<net id="77"><net_src comp="32" pin="0"/><net_sink comp="71" pin=1"/></net>

<net id="83"><net_src comp="65" pin="3"/><net_sink comp="78" pin=1"/></net>

<net id="84"><net_src comp="71" pin="3"/><net_sink comp="78" pin=0"/></net>

<net id="89"><net_src comp="16" pin="0"/><net_sink comp="85" pin=0"/></net>

<net id="94"><net_src comp="18" pin="0"/><net_sink comp="90" pin=0"/></net>

<net id="99"><net_src comp="18" pin="0"/><net_sink comp="95" pin=0"/></net>

<net id="107"><net_src comp="100" pin="1"/><net_sink comp="103" pin=0"/></net>

<net id="108"><net_src comp="20" pin="0"/><net_sink comp="103" pin=1"/></net>

<net id="113"><net_src comp="100" pin="1"/><net_sink comp="109" pin=0"/></net>

<net id="114"><net_src comp="22" pin="0"/><net_sink comp="109" pin=1"/></net>

<net id="125"><net_src comp="118" pin="1"/><net_sink comp="121" pin=0"/></net>

<net id="126"><net_src comp="24" pin="0"/><net_sink comp="121" pin=1"/></net>

<net id="131"><net_src comp="115" pin="1"/><net_sink comp="127" pin=0"/></net>

<net id="132"><net_src comp="26" pin="0"/><net_sink comp="127" pin=1"/></net>

<net id="138"><net_src comp="127" pin="2"/><net_sink comp="133" pin=0"/></net>

<net id="139"><net_src comp="18" pin="0"/><net_sink comp="133" pin=1"/></net>

<net id="140"><net_src comp="115" pin="1"/><net_sink comp="133" pin=2"/></net>

<net id="146"><net_src comp="127" pin="2"/><net_sink comp="141" pin=0"/></net>

<net id="147"><net_src comp="121" pin="2"/><net_sink comp="141" pin=1"/></net>

<net id="148"><net_src comp="118" pin="1"/><net_sink comp="141" pin=2"/></net>

<net id="152"><net_src comp="141" pin="3"/><net_sink comp="149" pin=0"/></net>

<net id="158"><net_src comp="28" pin="0"/><net_sink comp="153" pin=0"/></net>

<net id="159"><net_src comp="149" pin="1"/><net_sink comp="153" pin=1"/></net>

<net id="160"><net_src comp="30" pin="0"/><net_sink comp="153" pin=2"/></net>

<net id="164"><net_src comp="133" pin="3"/><net_sink comp="161" pin=0"/></net>

<net id="169"><net_src comp="153" pin="3"/><net_sink comp="165" pin=0"/></net>

<net id="170"><net_src comp="161" pin="1"/><net_sink comp="165" pin=1"/></net>

<net id="174"><net_src comp="133" pin="3"/><net_sink comp="171" pin=0"/></net>

<net id="180"><net_src comp="28" pin="0"/><net_sink comp="175" pin=0"/></net>

<net id="181"><net_src comp="149" pin="1"/><net_sink comp="175" pin=1"/></net>

<net id="182"><net_src comp="171" pin="1"/><net_sink comp="175" pin=2"/></net>

<net id="186"><net_src comp="175" pin="3"/><net_sink comp="183" pin=0"/></net>

<net id="187"><net_src comp="183" pin="1"/><net_sink comp="58" pin=2"/></net>

<net id="192"><net_src comp="133" pin="3"/><net_sink comp="188" pin=0"/></net>

<net id="193"><net_src comp="24" pin="0"/><net_sink comp="188" pin=1"/></net>

<net id="198"><net_src comp="109" pin="2"/><net_sink comp="194" pin=0"/></net>

<net id="203"><net_src comp="141" pin="3"/><net_sink comp="199" pin=0"/></net>

<net id="208"><net_src comp="188" pin="2"/><net_sink comp="204" pin=0"/></net>

<net id="212"><net_src comp="209" pin="1"/><net_sink comp="71" pin=2"/></net>

<net id="216"><net_src comp="46" pin="1"/><net_sink comp="213" pin=0"/></net>

<net id="217"><net_src comp="213" pin="1"/><net_sink comp="95" pin=1"/></net>

<net id="218"><net_src comp="213" pin="1"/><net_sink comp="115" pin=0"/></net>

<net id="219"><net_src comp="213" pin="1"/><net_sink comp="204" pin=1"/></net>

<net id="223"><net_src comp="50" pin="1"/><net_sink comp="220" pin=0"/></net>

<net id="224"><net_src comp="220" pin="1"/><net_sink comp="90" pin=1"/></net>

<net id="225"><net_src comp="220" pin="1"/><net_sink comp="118" pin=0"/></net>

<net id="226"><net_src comp="220" pin="1"/><net_sink comp="199" pin=1"/></net>

<net id="230"><net_src comp="54" pin="1"/><net_sink comp="227" pin=0"/></net>

<net id="231"><net_src comp="227" pin="1"/><net_sink comp="85" pin=1"/></net>

<net id="232"><net_src comp="227" pin="1"/><net_sink comp="100" pin=0"/></net>

<net id="233"><net_src comp="227" pin="1"/><net_sink comp="194" pin=1"/></net>

<net id="240"><net_src comp="165" pin="2"/><net_sink comp="237" pin=0"/></net>

<net id="241"><net_src comp="237" pin="1"/><net_sink comp="209" pin=0"/></net>

<net id="245"><net_src comp="58" pin="3"/><net_sink comp="242" pin=0"/></net>

<net id="246"><net_src comp="242" pin="1"/><net_sink comp="65" pin=0"/></net>

</net_list>

</model> 
---------------- Datapath Model END ------------------

* FSMD analyzer results:
  - Output states:
	Port: buf_2d_in | {2 }
	Port: input_r | {}
 - Input state : 
	Port: dct_Pipeline_RD_Loop_Row_RD_Loop_Col : input_r | {1 2 }
  - Chain level:
	State 1
		store_ln0 : 1
		store_ln0 : 1
		store_ln0 : 1
		indvar_flatten_load : 1
		icmp_ln85 : 2
		add_ln85_1 : 2
		br_ln85 : 3
		c_load : 1
		r_load : 1
		add_ln85 : 2
		icmp_ln87 : 2
		select_ln85 : 3
		select_ln85_1 : 3
		trunc_ln88 : 4
		tmp_4 : 5
		zext_ln88_1 : 4
		add_ln88 : 6
		trunc_ln88_1 : 4
		add_ln : 5
		zext_ln88 : 6
		input_r_addr : 7
		input_r_load : 8
		add_ln87 : 4
		store_ln87 : 3
		store_ln87 : 4
		store_ln87 : 5
	State 2
		buf_2d_in_addr : 1
		store_ln88 : 2


============================================================
+ Verbose Summary: Datapath Resource usage 
============================================================

* Functional unit list:
|----------|----------------------|---------|---------|
| Operation|    Functional Unit   |    FF   |   LUT   |
|----------|----------------------|---------|---------|
|          |   add_ln85_1_fu_109  |    0    |    14   |
|    add   |    add_ln85_fu_121   |    0    |    13   |
|          |    add_ln88_fu_165   |    0    |    14   |
|          |    add_ln87_fu_188   |    0    |    13   |
|----------|----------------------|---------|---------|
|   icmp   |   icmp_ln85_fu_103   |    0    |    14   |
|          |   icmp_ln87_fu_127   |    0    |    13   |
|----------|----------------------|---------|---------|
|  select  |  select_ln85_fu_133  |    0    |    4    |
|          | select_ln85_1_fu_141 |    0    |    4    |
|----------|----------------------|---------|---------|
|   trunc  |   trunc_ln88_fu_149  |    0    |    0    |
|          |  trunc_ln88_1_fu_171 |    0    |    0    |
|----------|----------------------|---------|---------|
|bitconcatenate|     tmp_4_fu_153     |    0    |    0    |
|          |     add_ln_fu_175    |    0    |    0    |
|----------|----------------------|---------|---------|
|          |  zext_ln88_1_fu_161  |    0    |    0    |
|   zext   |   zext_ln88_fu_183   |    0    |    0    |
|          |  zext_ln88_2_fu_209  |    0    |    0    |
|----------|----------------------|---------|---------|
|   Total  |                      |    0    |    89   |
|----------|----------------------|---------|---------|

Memories:
N/A

* Register list:
+----------------------+--------+
|                      |   FF   |
+----------------------+--------+
|   add_ln88_reg_237   |    6   |
|       c_reg_213      |    4   |
|indvar_flatten_reg_227|    7   |
| input_r_addr_reg_242 |    6   |
|       r_reg_220      |    4   |
+----------------------+--------+
|         Total        |   27   |
+----------------------+--------+

* Multiplexer (MUX) list: 
|------------------|------|------|------|--------||---------||---------|
|       Comp       |  Pin | Size |  BW  | S x BW ||  Delay  ||   LUT   |
|------------------|------|------|------|--------||---------||---------|
| grp_access_fu_65 |  p0  |   2  |   6  |   12   ||    9    |
|------------------|------|------|------|--------||---------||---------|
|       Total      |      |      |      |   12   ||  1.588  ||    9    |
|------------------|------|------|------|--------||---------||---------|



* Summary:
+-----------+--------+--------+--------+
|           |  Delay |   FF   |   LUT  |
+-----------+--------+--------+--------+
|  Function |    -   |    0   |   89   |
|   Memory  |    -   |    -   |    -   |
|Multiplexer|    1   |    -   |    9   |
|  Register |    -   |   27   |    -   |
+-----------+--------+--------+--------+
|   Total   |    1   |   27   |   98   |
+-----------+--------+--------+--------+
