

================================================================
== Vitis HLS Report for 'dct_Pipeline_DCT_Inner_Loop'
================================================================
* Date:           Sun Dec  1 14:00:13 2024

* Version:        2023.1 (Build 3854077 on May  4 2023)
* Project:        lab3
* Solution:       solution3 (Vivado IP Flow Target)
* Product family: zynq
* Target device:  xc7z020-clg484-1


================================================================
== Performance Estimates
================================================================
+ Timing: 
    * Summary: 
    +--------+----------+----------+------------+
    |  Clock |  Target  | Estimated| Uncertainty|
    +--------+----------+----------+------------+
    |ap_clk  |  10.00 ns|  5.079 ns|     2.70 ns|
    +--------+----------+----------+------------+

+ Latency: 
    * Summary: 
    +---------+---------+----------+----------+-----+-----+---------+
    |  Latency (cycles) |  Latency (absolute) |  Interval | Pipeline|
    |   min   |   max   |    min   |    max   | min | max |   Type  |
    +---------+---------+----------+----------+-----+-----+---------+
    |       13|       13|  0.130 us|  0.130 us|   13|   13|       no|
    +---------+---------+----------+----------+-----+-----+---------+

    + Detail: 
        * Instance: 
        N/A

        * Loop: 
        +------------------+---------+---------+----------+-----------+-----------+------+----------+
        |                  |  Latency (cycles) | Iteration|  Initiation Interval  | Trip |          |
        |     Loop Name    |   min   |   max   |  Latency |  achieved |   target  | Count| Pipelined|
        +------------------+---------+---------+----------+-----------+-----------+------+----------+
        |- DCT_Inner_Loop  |       11|       11|         5|          1|          1|     8|       yes|
        +------------------+---------+---------+----------+-----------+-----------+------+----------+



================================================================
== Utilization Estimates
================================================================
* Summary: 
+-----------------+---------+-----+--------+-------+-----+
|       Name      | BRAM_18K| DSP |   FF   |  LUT  | URAM|
+-----------------+---------+-----+--------+-------+-----+
|DSP              |        -|    1|       -|      -|    -|
|Expression       |        -|    -|       0|     56|    -|
|FIFO             |        -|    -|       -|      -|    -|
|Instance         |        -|    -|       -|      -|    -|
|Memory           |        -|    -|       -|      -|    -|
|Multiplexer      |        -|    -|       -|     54|    -|
|Register         |        -|    -|     110|     32|    -|
+-----------------+---------+-----+--------+-------+-----+
|Total            |        0|    1|     110|    142|    0|
+-----------------+---------+-----+--------+-------+-----+
|Available        |      280|  220|  106400|  53200|    0|
+-----------------+---------+-----+--------+-------+-----+
|Utilization (%)  |        0|   ~0|      ~0|     ~0|    0|
+-----------------+---------+-----+--------+-------+-----+

+ Detail: 
    * Instance: 
    N/A

    * DSP: 
    +----------------------------------+-------------------------------+--------------+
    |             Instance             |             Module            |  Expression  |
    +----------------------------------+-------------------------------+--------------+
    |mac_muladd_16s_15s_32s_32_4_1_U3  |mac_muladd_16s_15s_32s_32_4_1  |  i0 * i1 + i2|
    +----------------------------------+-------------------------------+--------------+

    * Memory: 
    N/A

    * FIFO: 
    N/A

    * Expression: 
    +---------------------+----------+----+---+----+------------+------------+
    |    Variable Name    | Operation| DSP| FF| LUT| Bitwidth P0| Bitwidth P1|
    +---------------------+----------+----+---+----+------------+------------+
    |add_ln41_fu_112_p2   |         +|   0|  0|  13|           4|           1|
    |add_ln42_fu_122_p2   |         +|   0|  0|  14|           6|           6|
    |add_ln43_fu_133_p2   |         +|   0|  0|  14|           6|           6|
    |icmp_ln41_fu_106_p2  |      icmp|   0|  0|  13|           4|           5|
    |ap_enable_pp0        |       xor|   0|  0|   2|           1|           2|
    +---------------------+----------+----+---+----+------------+------------+
    |Total                |          |   0|  0|  56|          21|          20|
    +---------------------+----------+----+---+----+------------+------------+

    * Multiplexer: 
    +-------------------------+----+-----------+-----+-----------+
    |           Name          | LUT| Input Size| Bits| Total Bits|
    +-------------------------+----+-----------+-----+-----------+
    |ap_done_int              |   9|          2|    1|          2|
    |ap_enable_reg_pp0_iter4  |   9|          2|    1|          2|
    |ap_sig_allocacmp_n_2     |   9|          2|    4|          8|
    |ap_sig_allocacmp_tmp_3   |   9|          2|   32|         64|
    |n_fu_44                  |   9|          2|    4|          8|
    |tmp_fu_40                |   9|          2|   32|         64|
    +-------------------------+----+-----------+-----+-----------+
    |Total                    |  54|         12|   74|        148|
    +-------------------------+----+-----------+-----+-----------+

    * Register: 
    +----------------------------------+----+----+-----+-----------+
    |               Name               | FF | LUT| Bits| Const Bits|
    +----------------------------------+----+----+-----+-----------+
    |ap_CS_fsm                         |   1|   0|    1|          0|
    |ap_done_reg                       |   1|   0|    1|          0|
    |ap_enable_reg_pp0_iter1           |   1|   0|    1|          0|
    |ap_enable_reg_pp0_iter2           |   1|   0|    1|          0|
    |ap_enable_reg_pp0_iter3           |   1|   0|    1|          0|
    |ap_enable_reg_pp0_iter4           |   1|   0|    1|          0|
    |ap_loop_exit_ready_pp0_iter1_reg  |   1|   0|    1|          0|
    |ap_loop_exit_ready_pp0_iter2_reg  |   1|   0|    1|          0|
    |ap_loop_exit_ready_pp0_iter3_reg  |   1|   0|    1|          0|
    |icmp_ln41_reg_192                 |   1|   0|    1|          0|
    |n_fu_44                           |   4|   0|    4|          0|
    |tmp_fu_40                         |  32|   0|   32|          0|
    |icmp_ln41_reg_192                 |  64|  32|    1|          0|
    +----------------------------------+----+----+-----+-----------+
    |Total                             | 110|  32|   47|          0|
    +----------------------------------+----+----+-----+-----------+



================================================================
== Interface
================================================================
* Summary: 
+--------------------------+-----+-----+------------+-----------------------------+--------------+
|         RTL Ports        | Dir | Bits|  Protocol  |        Source Object        |    C Type    |
+--------------------------+-----+-----+------------+-----------------------------+--------------+
|ap_clk                    |   in|    1|  ap_ctrl_hs|  dct_Pipeline_DCT_Inner_Loop|  return value|
|ap_rst                    |   in|    1|  ap_ctrl_hs|  dct_Pipeline_DCT_Inner_Loop|  return value|
|ap_start                  |   in|    1|  ap_ctrl_hs|  dct_Pipeline_DCT_Inner_Loop|  return value|
|ap_done                   |  out|    1|  ap_ctrl_hs|  dct_Pipeline_DCT_Inner_Loop|  return value|
|ap_idle                   |  out|    1|  ap_ctrl_hs|  dct_Pipeline_DCT_Inner_Loop|  return value|
|ap_ready                  |  out|    1|  ap_ctrl_hs|  dct_Pipeline_DCT_Inner_Loop|  return value|
|zext_ln42                 |   in|    6|     ap_none|                    zext_ln42|        scalar|
|zext_ln45                 |   in|    6|     ap_none|                    zext_ln45|        scalar|
|buf_2d_in_address0        |  out|    6|   ap_memory|                    buf_2d_in|         array|
|buf_2d_in_ce0             |  out|    1|   ap_memory|                    buf_2d_in|         array|
|buf_2d_in_q0              |   in|   16|   ap_memory|                    buf_2d_in|         array|
|tmp_out                   |  out|   29|      ap_vld|                      tmp_out|       pointer|
|tmp_out_ap_vld            |  out|    1|      ap_vld|                      tmp_out|       pointer|
|dct_coeff_table_address0  |  out|    6|   ap_memory|              dct_coeff_table|         array|
|dct_coeff_table_ce0       |  out|    1|   ap_memory|              dct_coeff_table|         array|
|dct_coeff_table_q0        |   in|   15|   ap_memory|              dct_coeff_table|         array|
+--------------------------+-----+-----+------------+-----------------------------+--------------+

============================================================
+ Verbose Summary: Synthesis Manager
============================================================
InlineROM: 1
ExposeGlobal: 0
============================================================
+ Verbose Summary: CDFG Model
============================================================
IsTopModel: 0
ResetActiveHigh: 1
IsCombinational: 2
IsDatapathOnly: 2
HasWiredReturn: 1
HasMFsm: 2
HasVarLatency: 1
IsPipeline: 0
IsRtlPipelined: 0
IsInstanceOverlapped: 0
IsDontTouch: 0
HasImplIP: 0
IsGatedGlobalClock: 0

+ Individual pipeline summary: 
  * Pipeline-0: initiation interval (II) = 1, depth = 5


============================================================
+ Verbose Summary: Schedule
============================================================
* Number of FSM states : 5
* Pipeline : 1
  Pipeline-0 : II = 1, D = 5, States = { 1 2 3 4 5 }
* Dataflow Pipeline: 0

* FSM state transitions: 
1 --> 2 
2 --> 3 
3 --> 4 
4 --> 5 
5 --> 

* FSM state operations: 

State 1 <SV = 0> <Delay = 5.07>
ST_1 : Operation 8 [1/1] (0.00ns)   --->   "%tmp = alloca i32 1"   --->   Operation 8 'alloca' 'tmp' <Predicate = true> <Delay = 0.00>
ST_1 : Operation 9 [1/1] (0.00ns)   --->   "%n = alloca i32 1"   --->   Operation 9 'alloca' 'n' <Predicate = true> <Delay = 0.00>
ST_1 : Operation 10 [1/1] (0.00ns)   --->   "%zext_ln45_read = read i6 @_ssdm_op_Read.ap_auto.i6, i6 %zext_ln45"   --->   Operation 10 'read' 'zext_ln45_read' <Predicate = true> <Delay = 0.00>
ST_1 : Operation 11 [1/1] (0.00ns)   --->   "%zext_ln42_read = read i6 @_ssdm_op_Read.ap_auto.i6, i6 %zext_ln42"   --->   Operation 11 'read' 'zext_ln42_read' <Predicate = true> <Delay = 0.00>
ST_1 : Operation 12 [1/1] (1.58ns)   --->   "%store_ln0 = store i4 0, i4 %n"   --->   Operation 12 'store' 'store_ln0' <Predicate = true> <Delay = 1.58>
ST_1 : Operation 13 [1/1] (1.58ns)   --->   "%store_ln0 = store i32 0, i32 %tmp"   --->   Operation 13 'store' 'store_ln0' <Predicate = true> <Delay = 1.58>
ST_1 : Operation 14 [1/1] (0.00ns)   --->   "%br_ln0 = br void %for.inc.i.i"   --->   Operation 14 'br' 'br_ln0' <Predicate = true> <Delay = 0.00>
ST_1 : Operation 15 [1/1] (0.00ns)   --->   "%n_2 = load i4 %n" [../xup_high_level_synthesis_design_flow-main/source/lab3/dct.c:41->../xup_high_level_synthesis_design_flow-main/source/lab3/dct.c:59->../xup_high_level_synthesis_design_flow-main/source/lab3/dct.c:113]   --->   Operation 15 'load' 'n_2' <Predicate = true> <Delay = 0.00>
ST_1 : Operation 16 [1/1] (1.73ns)   --->   "%icmp_ln41 = icmp_eq  i4 %n_2, i4 8" [../xup_high_level_synthesis_design_flow-main/source/lab3/dct.c:41->../xup_high_level_synthesis_design_flow-main/source/lab3/dct.c:59->../xup_high_level_synthesis_design_flow-main/source/lab3/dct.c:113]   --->   Operation 16 'icmp' 'icmp_ln41' <Predicate = true> <Delay = 1.73> <CoreInst = "Cmp">   --->   Core 9 'Cmp' <Latency = 0> <II = 1> <Delay = 1.78> <FuncUnit> <Opcode : 'icmp'> <InPorts = 2> <OutPorts = 1>
ST_1 : Operation 17 [1/1] (1.73ns)   --->   "%add_ln41 = add i4 %n_2, i4 1" [../xup_high_level_synthesis_design_flow-main/source/lab3/dct.c:41->../xup_high_level_synthesis_design_flow-main/source/lab3/dct.c:59->../xup_high_level_synthesis_design_flow-main/source/lab3/dct.c:113]   --->   Operation 17 'add' 'add_ln41' <Predicate = true> <Delay = 1.73> <CoreInst = "Adder">   --->   Core 1 'Adder' <Latency = 0> <II = 1> <Delay = 1.73> <FuncUnit> <Opcode : 'add' 'sub'> <InPorts = 2> <OutPorts = 1>
ST_1 : Operation 18 [1/1] (0.00ns)   --->   "%br_ln41 = br i1 %icmp_ln41, void %for.inc.i.i.split, void %for.inc13.i.i.exitStub" [../xup_high_level_synthesis_design_flow-main/source/lab3/dct.c:41->../xup_high_level_synthesis_design_flow-main/source/lab3/dct.c:59->../xup_high_level_synthesis_design_flow-main/source/lab3/dct.c:113]   --->   Operation 18 'br' 'br_ln41' <Predicate = true> <Delay = 0.00>
ST_1 : Operation 19 [1/1] (0.00ns)   --->   "%zext_ln42_3 = zext i4 %n_2" [../xup_high_level_synthesis_design_flow-main/source/lab3/dct.c:42->../xup_high_level_synthesis_design_flow-main/source/lab3/dct.c:59->../xup_high_level_synthesis_design_flow-main/source/lab3/dct.c:113]   --->   Operation 19 'zext' 'zext_ln42_3' <Predicate = (!icmp_ln41)> <Delay = 0.00>
ST_1 : Operation 20 [1/1] (1.82ns)   --->   "%add_ln42 = add i6 %zext_ln42_read, i6 %zext_ln42_3" [../xup_high_level_synthesis_design_flow-main/source/lab3/dct.c:42->../xup_high_level_synthesis_design_flow-main/source/lab3/dct.c:59->../xup_high_level_synthesis_design_flow-main/source/lab3/dct.c:113]   --->   Operation 20 'add' 'add_ln42' <Predicate = (!icmp_ln41)> <Delay = 1.82> <CoreInst = "Adder">   --->   Core 1 'Adder' <Latency = 0> <II = 1> <Delay = 1.82> <FuncUnit> <Opcode : 'add' 'sub'> <InPorts = 2> <OutPorts = 1>
ST_1 : Operation 21 [1/1] (0.00ns)   --->   "%zext_ln42_4 = zext i6 %add_ln42" [../xup_high_level_synthesis_design_flow-main/source/lab3/dct.c:42->../xup_high_level_synthesis_design_flow-main/source/lab3/dct.c:59->../xup_high_level_synthesis_design_flow-main/source/lab3/dct.c:113]   --->   Operation 21 'zext' 'zext_ln42_4' <Predicate = (!icmp_ln41)> <Delay = 0.00>
ST_1 : Operation 22 [1/1] (0.00ns)   --->   "%dct_coeff_table_addr = getelementptr i15 %dct_coeff_table, i64 0, i64 %zext_ln42_4" [../xup_high_level_synthesis_design_flow-main/source/lab3/dct.c:42->../xup_high_level_synthesis_design_flow-main/source/lab3/dct.c:59->../xup_high_level_synthesis_design_flow-main/source/lab3/dct.c:113]   --->   Operation 22 'getelementptr' 'dct_coeff_table_addr' <Predicate = (!icmp_ln41)> <Delay = 0.00>
ST_1 : Operation 23 [1/1] (1.82ns)   --->   "%add_ln43 = add i6 %zext_ln45_read, i6 %zext_ln42_3" [../xup_high_level_synthesis_design_flow-main/source/lab3/dct.c:43->../xup_high_level_synthesis_design_flow-main/source/lab3/dct.c:59->../xup_high_level_synthesis_design_flow-main/source/lab3/dct.c:113]   --->   Operation 23 'add' 'add_ln43' <Predicate = (!icmp_ln41)> <Delay = 1.82> <CoreInst = "Adder">   --->   Core 1 'Adder' <Latency = 0> <II = 1> <Delay = 1.82> <FuncUnit> <Opcode : 'add' 'sub'> <InPorts = 2> <OutPorts = 1>
ST_1 : Operation 24 [1/1] (0.00ns)   --->   "%zext_ln43 = zext i6 %add_ln43" [../xup_high_level_synthesis_design_flow-main/source/lab3/dct.c:43->../xup_high_level_synthesis_design_flow-main/source/lab3/dct.c:59->../xup_high_level_synthesis_design_flow-main/source/lab3/dct.c:113]   --->   Operation 24 'zext' 'zext_ln43' <Predicate = (!icmp_ln41)> <Delay = 0.00>
ST_1 : Operation 25 [1/1] (0.00ns)   --->   "%buf_2d_in_addr = getelementptr i16 %buf_2d_in, i64 0, i64 %zext_ln43" [../xup_high_level_synthesis_design_flow-main/source/lab3/dct.c:43->../xup_high_level_synthesis_design_flow-main/source/lab3/dct.c:59->../xup_high_level_synthesis_design_flow-main/source/lab3/dct.c:113]   --->   Operation 25 'getelementptr' 'buf_2d_in_addr' <Predicate = (!icmp_ln41)> <Delay = 0.00>
ST_1 : Operation 26 [2/2] (2.32ns)   --->   "%coeff = load i6 %dct_coeff_table_addr" [../xup_high_level_synthesis_design_flow-main/source/lab3/dct.c:42->../xup_high_level_synthesis_design_flow-main/source/lab3/dct.c:59->../xup_high_level_synthesis_design_flow-main/source/lab3/dct.c:113]   --->   Operation 26 'load' 'coeff' <Predicate = (!icmp_ln41)> <Delay = 2.32> <CoreInst = "ROM">   --->   Core 95 'ROM' <Latency = 1> <II = 1> <Delay = 2.32> <Storage> <Opcode : 'load'> <Ports = 0> <Width = 15> <Depth = 64> <ROM>
ST_1 : Operation 27 [2/2] (3.25ns)   --->   "%buf_2d_in_load = load i6 %buf_2d_in_addr" [../xup_high_level_synthesis_design_flow-main/source/lab3/dct.c:43->../xup_high_level_synthesis_design_flow-main/source/lab3/dct.c:59->../xup_high_level_synthesis_design_flow-main/source/lab3/dct.c:113]   --->   Operation 27 'load' 'buf_2d_in_load' <Predicate = (!icmp_ln41)> <Delay = 3.25> <CoreInst = "RAM">   --->   Core 82 'RAM' <Latency = 1> <II = 1> <Delay = 3.25> <Storage> <Opcode : 'load' 'store'> <Ports = 2> <Width = 16> <Depth = 64> <RAM>
ST_1 : Operation 28 [1/1] (1.58ns)   --->   "%store_ln41 = store i4 %add_ln41, i4 %n" [../xup_high_level_synthesis_design_flow-main/source/lab3/dct.c:41->../xup_high_level_synthesis_design_flow-main/source/lab3/dct.c:59->../xup_high_level_synthesis_design_flow-main/source/lab3/dct.c:113]   --->   Operation 28 'store' 'store_ln41' <Predicate = (!icmp_ln41)> <Delay = 1.58>

State 2 <SV = 1> <Delay = 4.30>
ST_2 : Operation 29 [1/2] (2.32ns)   --->   "%coeff = load i6 %dct_coeff_table_addr" [../xup_high_level_synthesis_design_flow-main/source/lab3/dct.c:42->../xup_high_level_synthesis_design_flow-main/source/lab3/dct.c:59->../xup_high_level_synthesis_design_flow-main/source/lab3/dct.c:113]   --->   Operation 29 'load' 'coeff' <Predicate = (!icmp_ln41)> <Delay = 2.32> <CoreInst = "ROM">   --->   Core 95 'ROM' <Latency = 1> <II = 1> <Delay = 2.32> <Storage> <Opcode : 'load'> <Ports = 0> <Width = 15> <Depth = 64> <ROM>
ST_2 : Operation 30 [1/1] (0.00ns)   --->   "%sext_ln42 = sext i15 %coeff" [../xup_high_level_synthesis_design_flow-main/source/lab3/dct.c:42->../xup_high_level_synthesis_design_flow-main/source/lab3/dct.c:59->../xup_high_level_synthesis_design_flow-main/source/lab3/dct.c:113]   --->   Operation 30 'sext' 'sext_ln42' <Predicate = (!icmp_ln41)> <Delay = 0.00>
ST_2 : Operation 31 [1/2] (3.25ns)   --->   "%buf_2d_in_load = load i6 %buf_2d_in_addr" [../xup_high_level_synthesis_design_flow-main/source/lab3/dct.c:43->../xup_high_level_synthesis_design_flow-main/source/lab3/dct.c:59->../xup_high_level_synthesis_design_flow-main/source/lab3/dct.c:113]   --->   Operation 31 'load' 'buf_2d_in_load' <Predicate = (!icmp_ln41)> <Delay = 3.25> <CoreInst = "RAM">   --->   Core 82 'RAM' <Latency = 1> <II = 1> <Delay = 3.25> <Storage> <Opcode : 'load' 'store'> <Ports = 2> <Width = 16> <Depth = 64> <RAM>
ST_2 : Operation 32 [1/1] (0.00ns)   --->   "%sext_ln43 = sext i16 %buf_2d_in_load" [../xup_high_level_synthesis_design_flow-main/source/lab3/dct.c:43->../xup_high_level_synthesis_design_flow-main/source/lab3/dct.c:59->../xup_high_level_synthesis_design_flow-main/source/lab3/dct.c:113]   --->   Operation 32 'sext' 'sext_ln43' <Predicate = (!icmp_ln41)> <Delay = 0.00>
ST_2 : Operation 33 [3/3] (1.05ns) (grouped into DSP with root node tmp_4)   --->   "%mul_ln43 = mul i31 %sext_ln43, i31 %sext_ln42" [../xup_high_level_synthesis_design_flow-main/source/lab3/dct.c:43->../xup_high_level_synthesis_design_flow-main/source/lab3/dct.c:59->../xup_high_level_synthesis_design_flow-main/source/lab3/dct.c:113]   --->   Operation 33 'mul' 'mul_ln43' <Predicate = (!icmp_ln41)> <Delay = 1.05> <CoreInst = "DSP48">   --->   Core 119 'DSP48' <Latency = 3> <II = 1> <Delay = 2.15> <IPBlock> <Opcode : '<invalid operator> ' 'mul' 'add' 'sub' 'select'> <InPorts = 0> <OutPorts = 1> <Sync> <CReg>

State 3 <SV = 2> <Delay = 1.05>
ST_3 : Operation 34 [2/3] (1.05ns) (grouped into DSP with root node tmp_4)   --->   "%mul_ln43 = mul i31 %sext_ln43, i31 %sext_ln42" [../xup_high_level_synthesis_design_flow-main/source/lab3/dct.c:43->../xup_high_level_synthesis_design_flow-main/source/lab3/dct.c:59->../xup_high_level_synthesis_design_flow-main/source/lab3/dct.c:113]   --->   Operation 34 'mul' 'mul_ln43' <Predicate = (!icmp_ln41)> <Delay = 1.05> <CoreInst = "DSP48">   --->   Core 119 'DSP48' <Latency = 3> <II = 1> <Delay = 2.15> <IPBlock> <Opcode : '<invalid operator> ' 'mul' 'add' 'sub' 'select'> <InPorts = 0> <OutPorts = 1> <Sync> <CReg>

State 4 <SV = 3> <Delay = 2.10>
ST_4 : Operation 35 [1/1] (0.00ns)   --->   "%tmp_3 = load i32 %tmp" [../xup_high_level_synthesis_design_flow-main/source/lab3/dct.c:41->../xup_high_level_synthesis_design_flow-main/source/lab3/dct.c:59->../xup_high_level_synthesis_design_flow-main/source/lab3/dct.c:113]   --->   Operation 35 'load' 'tmp_3' <Predicate = true> <Delay = 0.00>
ST_4 : Operation 36 [1/1] (0.00ns)   --->   "%trunc_ln41 = trunc i32 %tmp_3" [../xup_high_level_synthesis_design_flow-main/source/lab3/dct.c:41->../xup_high_level_synthesis_design_flow-main/source/lab3/dct.c:59->../xup_high_level_synthesis_design_flow-main/source/lab3/dct.c:113]   --->   Operation 36 'trunc' 'trunc_ln41' <Predicate = true> <Delay = 0.00>
ST_4 : Operation 37 [1/3] (0.00ns) (grouped into DSP with root node tmp_4)   --->   "%mul_ln43 = mul i31 %sext_ln43, i31 %sext_ln42" [../xup_high_level_synthesis_design_flow-main/source/lab3/dct.c:43->../xup_high_level_synthesis_design_flow-main/source/lab3/dct.c:59->../xup_high_level_synthesis_design_flow-main/source/lab3/dct.c:113]   --->   Operation 37 'mul' 'mul_ln43' <Predicate = (!icmp_ln41)> <Delay = 0.00> <CoreInst = "DSP48">   --->   Core 119 'DSP48' <Latency = 3> <II = 1> <Delay = 2.15> <IPBlock> <Opcode : '<invalid operator> ' 'mul' 'add' 'sub' 'select'> <InPorts = 0> <OutPorts = 1> <Sync> <CReg>
ST_4 : Operation 38 [1/1] (0.00ns) (grouped into DSP with root node tmp_4)   --->   "%sext_ln43_1 = sext i31 %mul_ln43" [../xup_high_level_synthesis_design_flow-main/source/lab3/dct.c:43->../xup_high_level_synthesis_design_flow-main/source/lab3/dct.c:59->../xup_high_level_synthesis_design_flow-main/source/lab3/dct.c:113]   --->   Operation 38 'sext' 'sext_ln43_1' <Predicate = (!icmp_ln41)> <Delay = 0.00>
ST_4 : Operation 39 [2/2] (2.10ns) (root node of the DSP)   --->   "%tmp_4 = add i32 %sext_ln43_1, i32 %tmp_3" [../xup_high_level_synthesis_design_flow-main/source/lab3/dct.c:43->../xup_high_level_synthesis_design_flow-main/source/lab3/dct.c:59->../xup_high_level_synthesis_design_flow-main/source/lab3/dct.c:113]   --->   Operation 39 'add' 'tmp_4' <Predicate = (!icmp_ln41)> <Delay = 2.10> <CoreInst = "DSP48">   --->   Core 119 'DSP48' <Latency = 3> <II = 1> <Delay = 2.15> <IPBlock> <Opcode : '<invalid operator> ' 'mul' 'add' 'sub' 'select'> <InPorts = 0> <OutPorts = 1> <Sync> <CReg>
ST_4 : Operation 46 [1/1] (0.00ns)   --->   "%write_ln41 = write void @_ssdm_op_Write.ap_auto.i29P0A, i29 %tmp_out, i29 %trunc_ln41" [../xup_high_level_synthesis_design_flow-main/source/lab3/dct.c:41->../xup_high_level_synthesis_design_flow-main/source/lab3/dct.c:59->../xup_high_level_synthesis_design_flow-main/source/lab3/dct.c:113]   --->   Operation 46 'write' 'write_ln41' <Predicate = (icmp_ln41)> <Delay = 0.00>
ST_4 : Operation 47 [1/1] (0.00ns)   --->   "%ret_ln0 = ret"   --->   Operation 47 'ret' 'ret_ln0' <Predicate = (icmp_ln41)> <Delay = 0.00>

State 5 <SV = 4> <Delay = 3.68>
ST_5 : Operation 40 [1/1] (0.00ns)   --->   "%specpipeline_ln8 = specpipeline void @_ssdm_op_SpecPipeline, i32 4294967295, i32 0, i32 0, i32 0, void @empty_0" [F:/Education/FPGA_Labs/Labs_2/lab3/lab3/solution3/directives.tcl:8->../xup_high_level_synthesis_design_flow-main/source/lab3/dct.c:59->../xup_high_level_synthesis_design_flow-main/source/lab3/dct.c:113]   --->   Operation 40 'specpipeline' 'specpipeline_ln8' <Predicate = true> <Delay = 0.00>
ST_5 : Operation 41 [1/1] (0.00ns)   --->   "%speclooptripcount_ln32 = speclooptripcount void @_ssdm_op_SpecLoopTripCount, i64 8, i64 8, i64 8" [../xup_high_level_synthesis_design_flow-main/source/lab3/dct.c:32->../xup_high_level_synthesis_design_flow-main/source/lab3/dct.c:59->../xup_high_level_synthesis_design_flow-main/source/lab3/dct.c:113]   --->   Operation 41 'speclooptripcount' 'speclooptripcount_ln32' <Predicate = true> <Delay = 0.00>
ST_5 : Operation 42 [1/1] (0.00ns)   --->   "%specloopname_ln41 = specloopname void @_ssdm_op_SpecLoopName, void @empty_4" [../xup_high_level_synthesis_design_flow-main/source/lab3/dct.c:41->../xup_high_level_synthesis_design_flow-main/source/lab3/dct.c:59->../xup_high_level_synthesis_design_flow-main/source/lab3/dct.c:113]   --->   Operation 42 'specloopname' 'specloopname_ln41' <Predicate = true> <Delay = 0.00>
ST_5 : Operation 43 [1/2] (2.10ns) (root node of the DSP)   --->   "%tmp_4 = add i32 %sext_ln43_1, i32 %tmp_3" [../xup_high_level_synthesis_design_flow-main/source/lab3/dct.c:43->../xup_high_level_synthesis_design_flow-main/source/lab3/dct.c:59->../xup_high_level_synthesis_design_flow-main/source/lab3/dct.c:113]   --->   Operation 43 'add' 'tmp_4' <Predicate = true> <Delay = 2.10> <CoreInst = "DSP48">   --->   Core 119 'DSP48' <Latency = 3> <II = 1> <Delay = 2.15> <IPBlock> <Opcode : '<invalid operator> ' 'mul' 'add' 'sub' 'select'> <InPorts = 0> <OutPorts = 1> <Sync> <CReg>
ST_5 : Operation 44 [1/1] (1.58ns)   --->   "%store_ln41 = store i32 %tmp_4, i32 %tmp" [../xup_high_level_synthesis_design_flow-main/source/lab3/dct.c:41->../xup_high_level_synthesis_design_flow-main/source/lab3/dct.c:59->../xup_high_level_synthesis_design_flow-main/source/lab3/dct.c:113]   --->   Operation 44 'store' 'store_ln41' <Predicate = true> <Delay = 1.58>
ST_5 : Operation 45 [1/1] (0.00ns)   --->   "%br_ln41 = br void %for.inc.i.i" [../xup_high_level_synthesis_design_flow-main/source/lab3/dct.c:41->../xup_high_level_synthesis_design_flow-main/source/lab3/dct.c:59->../xup_high_level_synthesis_design_flow-main/source/lab3/dct.c:113]   --->   Operation 45 'br' 'br_ln41' <Predicate = true> <Delay = 0.00>


============================================================
+ Verbose Summary: Binding
============================================================
STG Binding: 
---------------- STG Properties BEGIN ----------------
- Is combinational: 0
- Is one-state seq: 0
- Is datapath-only: 0
- Is pipelined: 0
- Is top level: 0
Port [ Return ] is wired: 1; IO mode=ap_ctrl_hs:ce=0
Port [ zext_ln42]:  wired=1; compound=0; hidden=0; nouse=0; global=0; static=0; extern=0; dir=0; type=0; pingpong=0; private_global=0; IO mode=ap_none:ce=0
Port [ zext_ln45]:  wired=1; compound=0; hidden=0; nouse=0; global=0; static=0; extern=0; dir=0; type=0; pingpong=0; private_global=0; IO mode=ap_none:ce=0
Port [ buf_2d_in]:  wired=1; compound=1; hidden=0; nouse=0; global=0; static=0; extern=0; dir=0; type=1; pingpong=0; private_global=0; MemPort=[13]; IO mode=ap_memory:ce=0
Port [ tmp_out]:  wired=1; compound=0; hidden=0; nouse=0; global=0; static=0; extern=0; dir=1; type=0; pingpong=0; private_global=0; IO mode=ap_vld:ce=0
Port [ dct_coeff_table]:  wired=1; compound=1; hidden=0; nouse=0; global=1; static=1; extern=0; dir=0; type=1; pingpong=0; private_global=0; MemPort=[1]; IO mode=ap_memory:ce=0
---------------- STG Properties END ------------------

---------------- Datapath Model BEGIN ----------------

<LifeTime>
<method=bitvector/>
tmp                    (alloca           ) [ 011111]
n                      (alloca           ) [ 010000]
zext_ln45_read         (read             ) [ 000000]
zext_ln42_read         (read             ) [ 000000]
store_ln0              (store            ) [ 000000]
store_ln0              (store            ) [ 000000]
br_ln0                 (br               ) [ 000000]
n_2                    (load             ) [ 000000]
icmp_ln41              (icmp             ) [ 011110]
add_ln41               (add              ) [ 000000]
br_ln41                (br               ) [ 000000]
zext_ln42_3            (zext             ) [ 000000]
add_ln42               (add              ) [ 000000]
zext_ln42_4            (zext             ) [ 000000]
dct_coeff_table_addr   (getelementptr    ) [ 011000]
add_ln43               (add              ) [ 000000]
zext_ln43              (zext             ) [ 000000]
buf_2d_in_addr         (getelementptr    ) [ 011000]
store_ln41             (store            ) [ 000000]
coeff                  (load             ) [ 000000]
sext_ln42              (sext             ) [ 010110]
buf_2d_in_load         (load             ) [ 000000]
sext_ln43              (sext             ) [ 010110]
tmp_3                  (load             ) [ 010001]
trunc_ln41             (trunc            ) [ 000000]
mul_ln43               (mul              ) [ 000000]
sext_ln43_1            (sext             ) [ 010001]
specpipeline_ln8       (specpipeline     ) [ 000000]
speclooptripcount_ln32 (speclooptripcount) [ 000000]
specloopname_ln41      (specloopname     ) [ 000000]
tmp_4                  (add              ) [ 000000]
store_ln41             (store            ) [ 000000]
br_ln41                (br               ) [ 000000]
write_ln41             (write            ) [ 000000]
ret_ln0                (ret              ) [ 000000]
</LifeTime>

<model>

<comp_list>
<comp id="0" class="1000" name="zext_ln42">
<pin_list>
<pin id="1" dir="1" index="0" bw="1" slack="0"/>
</pin_list>
<bind>
<StgValue><ssdm name="zext_ln42"/></StgValue>
</bind>
</comp>

<comp id="2" class="1000" name="zext_ln45">
<pin_list>
<pin id="3" dir="1" index="0" bw="1" slack="0"/>
</pin_list>
<bind>
<StgValue><ssdm name="zext_ln45"/></StgValue>
</bind>
</comp>

<comp id="4" class="1000" name="buf_2d_in">
<pin_list>
<pin id="5" dir="1" index="0" bw="1" slack="0"/>
</pin_list>
<bind>
<StgValue><ssdm name="buf_2d_in"/><MemPortTyVec>1 3 </MemPortTyVec>
</StgValue>
</bind>
</comp>

<comp id="6" class="1000" name="tmp_out">
<pin_list>
<pin id="7" dir="1" index="0" bw="1" slack="0"/>
</pin_list>
<bind>
<StgValue><ssdm name="tmp_out"/></StgValue>
</bind>
</comp>

<comp id="8" class="1000" name="dct_coeff_table">
<pin_list>
<pin id="9" dir="1" index="0" bw="1" slack="0"/>
</pin_list>
<bind>
<StgValue><ssdm name="dct_coeff_table"/><MemPortTyVec>1 </MemPortTyVec>
</StgValue>
</bind>
</comp>

<comp id="10" class="1001" name="const_10">
<pin_list>
<pin id="11" dir="1" index="0" bw="1" slack="0"/>
</pin_list>
<bind>
<StgValue><ssdm name=""/></StgValue>
</bind>
</comp>

<comp id="12" class="1001" name="const_12">
<pin_list>
<pin id="13" dir="1" index="0" bw="1" slack="0"/>
</pin_list>
<bind>
<StgValue><ssdm name="_ssdm_op_Read.ap_auto.i6"/></StgValue>
</bind>
</comp>

<comp id="14" class="1001" name="const_14">
<pin_list>
<pin id="15" dir="1" index="0" bw="1" slack="0"/>
</pin_list>
<bind>
<StgValue><ssdm name=""/></StgValue>
</bind>
</comp>

<comp id="16" class="1001" name="const_16">
<pin_list>
<pin id="17" dir="1" index="0" bw="1" slack="0"/>
</pin_list>
<bind>
<StgValue><ssdm name=""/></StgValue>
</bind>
</comp>

<comp id="18" class="1001" name="const_18">
<pin_list>
<pin id="19" dir="1" index="0" bw="1" slack="0"/>
</pin_list>
<bind>
<StgValue><ssdm name=""/></StgValue>
</bind>
</comp>

<comp id="20" class="1001" name="const_20">
<pin_list>
<pin id="21" dir="1" index="0" bw="1" slack="0"/>
</pin_list>
<bind>
<StgValue><ssdm name=""/></StgValue>
</bind>
</comp>

<comp id="22" class="1001" name="const_22">
<pin_list>
<pin id="23" dir="1" index="0" bw="1" slack="0"/>
</pin_list>
<bind>
<StgValue><ssdm name=""/></StgValue>
</bind>
</comp>

<comp id="24" class="1001" name="const_24">
<pin_list>
<pin id="25" dir="1" index="0" bw="1" slack="2147483647"/>
</pin_list>
<bind>
<StgValue><ssdm name="_ssdm_op_SpecPipeline"/></StgValue>
</bind>
</comp>

<comp id="26" class="1001" name="const_26">
<pin_list>
<pin id="27" dir="1" index="0" bw="1" slack="2147483647"/>
</pin_list>
<bind>
<StgValue><ssdm name=""/></StgValue>
</bind>
</comp>

<comp id="28" class="1001" name="const_28">
<pin_list>
<pin id="29" dir="1" index="0" bw="1" slack="2147483647"/>
</pin_list>
<bind>
<StgValue><ssdm name="empty_0"/></StgValue>
</bind>
</comp>

<comp id="30" class="1001" name="const_30">
<pin_list>
<pin id="31" dir="1" index="0" bw="1" slack="2147483647"/>
</pin_list>
<bind>
<StgValue><ssdm name="_ssdm_op_SpecLoopTripCount"/></StgValue>
</bind>
</comp>

<comp id="32" class="1001" name="const_32">
<pin_list>
<pin id="33" dir="1" index="0" bw="1" slack="2147483647"/>
</pin_list>
<bind>
<StgValue><ssdm name=""/></StgValue>
</bind>
</comp>

<comp id="34" class="1001" name="const_34">
<pin_list>
<pin id="35" dir="1" index="0" bw="1" slack="2147483647"/>
</pin_list>
<bind>
<StgValue><ssdm name="_ssdm_op_SpecLoopName"/></StgValue>
</bind>
</comp>

<comp id="36" class="1001" name="const_36">
<pin_list>
<pin id="37" dir="1" index="0" bw="1" slack="2147483647"/>
</pin_list>
<bind>
<StgValue><ssdm name="empty_4"/></StgValue>
</bind>
</comp>

<comp id="38" class="1001" name="const_38">
<pin_list>
<pin id="39" dir="1" index="0" bw="1" slack="0"/>
</pin_list>
<bind>
<StgValue><ssdm name="_ssdm_op_Write.ap_auto.i29P0A"/></StgValue>
</bind>
</comp>

<comp id="40" class="1004" name="tmp_fu_40">
<pin_list>
<pin id="41" dir="0" index="0" bw="1" slack="0"/>
<pin id="42" dir="1" index="1" bw="32" slack="0"/>
</pin_list>
<bind>
<opcode="alloca(26) " fcode="alloca"/>
<opset="tmp/1 "/>
</bind>
</comp>

<comp id="44" class="1004" name="n_fu_44">
<pin_list>
<pin id="45" dir="0" index="0" bw="1" slack="0"/>
<pin id="46" dir="1" index="1" bw="4" slack="0"/>
</pin_list>
<bind>
<opcode="alloca(26) " fcode="alloca"/>
<opset="n/1 "/>
</bind>
</comp>

<comp id="48" class="1004" name="zext_ln45_read_read_fu_48">
<pin_list>
<pin id="49" dir="0" index="0" bw="6" slack="0"/>
<pin id="50" dir="0" index="1" bw="6" slack="0"/>
<pin id="51" dir="1" index="2" bw="6" slack="0"/>
</pin_list>
<bind>
<opcode="read(1150) " fcode="read"/>
<opset="zext_ln45_read/1 "/>
</bind>
</comp>

<comp id="54" class="1004" name="zext_ln42_read_read_fu_54">
<pin_list>
<pin id="55" dir="0" index="0" bw="6" slack="0"/>
<pin id="56" dir="0" index="1" bw="6" slack="0"/>
<pin id="57" dir="1" index="2" bw="6" slack="0"/>
</pin_list>
<bind>
<opcode="read(1150) " fcode="read"/>
<opset="zext_ln42_read/1 "/>
</bind>
</comp>

<comp id="60" class="1004" name="write_ln41_write_fu_60">
<pin_list>
<pin id="61" dir="0" index="0" bw="0" slack="0"/>
<pin id="62" dir="0" index="1" bw="29" slack="0"/>
<pin id="63" dir="0" index="2" bw="29" slack="0"/>
<pin id="64" dir="1" index="3" bw="0" slack="2147483647"/>
</pin_list>
<bind>
<opcode="write(1151) " fcode="write"/>
<opset="write_ln41/4 "/>
</bind>
</comp>

<comp id="67" class="1004" name="dct_coeff_table_addr_gep_fu_67">
<pin_list>
<pin id="68" dir="0" index="0" bw="15" slack="0"/>
<pin id="69" dir="0" index="1" bw="1" slack="0"/>
<pin id="70" dir="0" index="2" bw="6" slack="0"/>
<pin id="71" dir="1" index="3" bw="6" slack="0"/>
</pin_list>
<bind>
<opcode="getelementptr(29) " fcode="getelementptr"/>
<opset="dct_coeff_table_addr/1 "/>
</bind>
</comp>

<comp id="74" class="1004" name="buf_2d_in_addr_gep_fu_74">
<pin_list>
<pin id="75" dir="0" index="0" bw="16" slack="0"/>
<pin id="76" dir="0" index="1" bw="1" slack="0"/>
<pin id="77" dir="0" index="2" bw="6" slack="0"/>
<pin id="78" dir="1" index="3" bw="6" slack="0"/>
</pin_list>
<bind>
<opcode="getelementptr(29) " fcode="getelementptr"/>
<opset="buf_2d_in_addr/1 "/>
</bind>
</comp>

<comp id="81" class="1004" name="grp_access_fu_81">
<pin_list>
<pin id="82" dir="0" index="0" bw="6" slack="0"/>
<pin id="83" dir="0" index="1" bw="15" slack="2147483647"/>
<pin id="84" dir="0" index="2" bw="0" slack="2147483647"/>
<pin id="85" dir="1" index="3" bw="15" slack="0"/>
</pin_list>
<bind>
<opcode="load(27) " fcode="load"/>
<opset="coeff/1 "/>
</bind>
</comp>

<comp id="87" class="1004" name="grp_access_fu_87">
<pin_list>
<pin id="88" dir="0" index="0" bw="6" slack="0"/>
<pin id="89" dir="0" index="1" bw="16" slack="2147483647"/>
<pin id="90" dir="0" index="2" bw="0" slack="2147483647"/>
<pin id="91" dir="1" index="3" bw="16" slack="0"/>
</pin_list>
<bind>
<opcode="load(27) " fcode="load"/>
<opset="buf_2d_in_load/1 "/>
</bind>
</comp>

<comp id="93" class="1004" name="store_ln0_store_fu_93">
<pin_list>
<pin id="94" dir="0" index="0" bw="1" slack="0"/>
<pin id="95" dir="0" index="1" bw="4" slack="0"/>
<pin id="96" dir="1" index="2" bw="0" slack="2147483647"/>
</pin_list>
<bind>
<opcode="store(28) " fcode="store"/>
<opset="store_ln0/1 "/>
</bind>
</comp>

<comp id="98" class="1004" name="store_ln0_store_fu_98">
<pin_list>
<pin id="99" dir="0" index="0" bw="1" slack="0"/>
<pin id="100" dir="0" index="1" bw="32" slack="0"/>
<pin id="101" dir="1" index="2" bw="0" slack="2147483647"/>
</pin_list>
<bind>
<opcode="store(28) " fcode="store"/>
<opset="store_ln0/1 "/>
</bind>
</comp>

<comp id="103" class="1004" name="n_2_load_fu_103">
<pin_list>
<pin id="104" dir="0" index="0" bw="4" slack="0"/>
<pin id="105" dir="1" index="1" bw="4" slack="0"/>
</pin_list>
<bind>
<opcode="load(27) " fcode="load"/>
<opset="n_2/1 "/>
</bind>
</comp>

<comp id="106" class="1004" name="icmp_ln41_fu_106">
<pin_list>
<pin id="107" dir="0" index="0" bw="4" slack="0"/>
<pin id="108" dir="0" index="1" bw="4" slack="0"/>
<pin id="109" dir="1" index="2" bw="1" slack="1"/>
</pin_list>
<bind>
<opcode="icmp(45) " fcode="icmp"/>
<opset="icmp_ln41/1 "/>
</bind>
</comp>

<comp id="112" class="1004" name="add_ln41_fu_112">
<pin_list>
<pin id="113" dir="0" index="0" bw="4" slack="0"/>
<pin id="114" dir="0" index="1" bw="1" slack="0"/>
<pin id="115" dir="1" index="2" bw="4" slack="0"/>
</pin_list>
<bind>
<opcode="add(8) " fcode="add"/>
<opset="add_ln41/1 "/>
</bind>
</comp>

<comp id="118" class="1004" name="zext_ln42_3_fu_118">
<pin_list>
<pin id="119" dir="0" index="0" bw="4" slack="0"/>
<pin id="120" dir="1" index="1" bw="6" slack="0"/>
</pin_list>
<bind>
<opcode="zext(34) " fcode="zext"/>
<opset="zext_ln42_3/1 "/>
</bind>
</comp>

<comp id="122" class="1004" name="add_ln42_fu_122">
<pin_list>
<pin id="123" dir="0" index="0" bw="6" slack="0"/>
<pin id="124" dir="0" index="1" bw="4" slack="0"/>
<pin id="125" dir="1" index="2" bw="6" slack="0"/>
</pin_list>
<bind>
<opcode="add(8) " fcode="add"/>
<opset="add_ln42/1 "/>
</bind>
</comp>

<comp id="128" class="1004" name="zext_ln42_4_fu_128">
<pin_list>
<pin id="129" dir="0" index="0" bw="6" slack="0"/>
<pin id="130" dir="1" index="1" bw="64" slack="0"/>
</pin_list>
<bind>
<opcode="zext(34) " fcode="zext"/>
<opset="zext_ln42_4/1 "/>
</bind>
</comp>

<comp id="133" class="1004" name="add_ln43_fu_133">
<pin_list>
<pin id="134" dir="0" index="0" bw="6" slack="0"/>
<pin id="135" dir="0" index="1" bw="4" slack="0"/>
<pin id="136" dir="1" index="2" bw="6" slack="0"/>
</pin_list>
<bind>
<opcode="add(8) " fcode="add"/>
<opset="add_ln43/1 "/>
</bind>
</comp>

<comp id="139" class="1004" name="zext_ln43_fu_139">
<pin_list>
<pin id="140" dir="0" index="0" bw="6" slack="0"/>
<pin id="141" dir="1" index="1" bw="64" slack="0"/>
</pin_list>
<bind>
<opcode="zext(34) " fcode="zext"/>
<opset="zext_ln43/1 "/>
</bind>
</comp>

<comp id="144" class="1004" name="store_ln41_store_fu_144">
<pin_list>
<pin id="145" dir="0" index="0" bw="4" slack="0"/>
<pin id="146" dir="0" index="1" bw="4" slack="0"/>
<pin id="147" dir="1" index="2" bw="0" slack="2147483647"/>
</pin_list>
<bind>
<opcode="store(28) " fcode="store"/>
<opset="store_ln41/1 "/>
</bind>
</comp>

<comp id="149" class="1004" name="sext_ln42_fu_149">
<pin_list>
<pin id="150" dir="0" index="0" bw="15" slack="0"/>
<pin id="151" dir="1" index="1" bw="31" slack="0"/>
</pin_list>
<bind>
<opcode="sext(35) " fcode="sext"/>
<opset="sext_ln42/2 "/>
</bind>
</comp>

<comp id="153" class="1004" name="sext_ln43_fu_153">
<pin_list>
<pin id="154" dir="0" index="0" bw="16" slack="0"/>
<pin id="155" dir="1" index="1" bw="31" slack="0"/>
</pin_list>
<bind>
<opcode="sext(35) " fcode="sext"/>
<opset="sext_ln43/2 "/>
</bind>
</comp>

<comp id="157" class="1004" name="tmp_3_load_fu_157">
<pin_list>
<pin id="158" dir="0" index="0" bw="32" slack="3"/>
<pin id="159" dir="1" index="1" bw="32" slack="0"/>
</pin_list>
<bind>
<opcode="load(27) " fcode="load"/>
<opset="tmp_3/4 "/>
</bind>
</comp>

<comp id="160" class="1004" name="trunc_ln41_fu_160">
<pin_list>
<pin id="161" dir="0" index="0" bw="32" slack="0"/>
<pin id="162" dir="1" index="1" bw="29" slack="0"/>
</pin_list>
<bind>
<opcode="trunc(33) " fcode="trunc"/>
<opset="trunc_ln41/4 "/>
</bind>
</comp>

<comp id="165" class="1004" name="store_ln41_store_fu_165">
<pin_list>
<pin id="166" dir="0" index="0" bw="32" slack="0"/>
<pin id="167" dir="0" index="1" bw="32" slack="4"/>
<pin id="168" dir="1" index="2" bw="0" slack="2147483647"/>
</pin_list>
<bind>
<opcode="store(28) " fcode="store"/>
<opset="store_ln41/5 "/>
</bind>
</comp>

<comp id="169" class="1007" name="grp_fu_169">
<pin_list>
<pin id="170" dir="0" index="0" bw="16" slack="0"/>
<pin id="171" dir="0" index="1" bw="15" slack="0"/>
<pin id="172" dir="0" index="2" bw="32" slack="0"/>
<pin id="173" dir="1" index="3" bw="32" slack="0"/>
</pin_list>
<bind>
<opcode="muladd(1172) " fcode="muladd"/>
<opset="mul_ln43/2 sext_ln43_1/4 tmp_4/4 "/>
</bind>
</comp>

<comp id="178" class="1005" name="tmp_reg_178">
<pin_list>
<pin id="179" dir="0" index="0" bw="32" slack="0"/>
<pin id="180" dir="1" index="1" bw="32" slack="0"/>
</pin_list>
<bind>
<opset="tmp "/>
</bind>
</comp>

<comp id="185" class="1005" name="n_reg_185">
<pin_list>
<pin id="186" dir="0" index="0" bw="4" slack="0"/>
<pin id="187" dir="1" index="1" bw="4" slack="0"/>
</pin_list>
<bind>
<opset="n "/>
</bind>
</comp>

<comp id="192" class="1005" name="icmp_ln41_reg_192">
<pin_list>
<pin id="193" dir="0" index="0" bw="1" slack="1"/>
<pin id="194" dir="1" index="1" bw="1" slack="2147483647"/>
</pin_list>
<bind>
<opset="icmp_ln41 "/>
</bind>
</comp>

<comp id="196" class="1005" name="dct_coeff_table_addr_reg_196">
<pin_list>
<pin id="197" dir="0" index="0" bw="6" slack="1"/>
<pin id="198" dir="1" index="1" bw="6" slack="1"/>
</pin_list>
<bind>
<opset="dct_coeff_table_addr "/>
</bind>
</comp>

<comp id="201" class="1005" name="buf_2d_in_addr_reg_201">
<pin_list>
<pin id="202" dir="0" index="0" bw="6" slack="1"/>
<pin id="203" dir="1" index="1" bw="6" slack="1"/>
</pin_list>
<bind>
<opset="buf_2d_in_addr "/>
</bind>
</comp>

<comp id="206" class="1005" name="sext_ln42_reg_206">
<pin_list>
<pin id="207" dir="0" index="0" bw="31" slack="1"/>
<pin id="208" dir="1" index="1" bw="31" slack="1"/>
</pin_list>
<bind>
<opset="sext_ln42 "/>
</bind>
</comp>

<comp id="211" class="1005" name="sext_ln43_reg_211">
<pin_list>
<pin id="212" dir="0" index="0" bw="31" slack="1"/>
<pin id="213" dir="1" index="1" bw="31" slack="1"/>
</pin_list>
<bind>
<opset="sext_ln43 "/>
</bind>
</comp>

<comp id="216" class="1005" name="tmp_3_reg_216">
<pin_list>
<pin id="217" dir="0" index="0" bw="32" slack="1"/>
<pin id="218" dir="1" index="1" bw="32" slack="1"/>
</pin_list>
<bind>
<opset="tmp_3 "/>
</bind>
</comp>

</comp_list>

<net_list>
<net id="43"><net_src comp="10" pin="0"/><net_sink comp="40" pin=0"/></net>

<net id="47"><net_src comp="10" pin="0"/><net_sink comp="44" pin=0"/></net>

<net id="52"><net_src comp="12" pin="0"/><net_sink comp="48" pin=0"/></net>

<net id="53"><net_src comp="2" pin="0"/><net_sink comp="48" pin=1"/></net>

<net id="58"><net_src comp="12" pin="0"/><net_sink comp="54" pin=0"/></net>

<net id="59"><net_src comp="0" pin="0"/><net_sink comp="54" pin=1"/></net>

<net id="65"><net_src comp="38" pin="0"/><net_sink comp="60" pin=0"/></net>

<net id="66"><net_src comp="6" pin="0"/><net_sink comp="60" pin=1"/></net>

<net id="72"><net_src comp="8" pin="0"/><net_sink comp="67" pin=0"/></net>

<net id="73"><net_src comp="22" pin="0"/><net_sink comp="67" pin=1"/></net>

<net id="79"><net_src comp="4" pin="0"/><net_sink comp="74" pin=0"/></net>

<net id="80"><net_src comp="22" pin="0"/><net_sink comp="74" pin=1"/></net>

<net id="86"><net_src comp="67" pin="3"/><net_sink comp="81" pin=0"/></net>

<net id="92"><net_src comp="74" pin="3"/><net_sink comp="87" pin=0"/></net>

<net id="97"><net_src comp="14" pin="0"/><net_sink comp="93" pin=0"/></net>

<net id="102"><net_src comp="16" pin="0"/><net_sink comp="98" pin=0"/></net>

<net id="110"><net_src comp="103" pin="1"/><net_sink comp="106" pin=0"/></net>

<net id="111"><net_src comp="18" pin="0"/><net_sink comp="106" pin=1"/></net>

<net id="116"><net_src comp="103" pin="1"/><net_sink comp="112" pin=0"/></net>

<net id="117"><net_src comp="20" pin="0"/><net_sink comp="112" pin=1"/></net>

<net id="121"><net_src comp="103" pin="1"/><net_sink comp="118" pin=0"/></net>

<net id="126"><net_src comp="54" pin="2"/><net_sink comp="122" pin=0"/></net>

<net id="127"><net_src comp="118" pin="1"/><net_sink comp="122" pin=1"/></net>

<net id="131"><net_src comp="122" pin="2"/><net_sink comp="128" pin=0"/></net>

<net id="132"><net_src comp="128" pin="1"/><net_sink comp="67" pin=2"/></net>

<net id="137"><net_src comp="48" pin="2"/><net_sink comp="133" pin=0"/></net>

<net id="138"><net_src comp="118" pin="1"/><net_sink comp="133" pin=1"/></net>

<net id="142"><net_src comp="133" pin="2"/><net_sink comp="139" pin=0"/></net>

<net id="143"><net_src comp="139" pin="1"/><net_sink comp="74" pin=2"/></net>

<net id="148"><net_src comp="112" pin="2"/><net_sink comp="144" pin=0"/></net>

<net id="152"><net_src comp="81" pin="3"/><net_sink comp="149" pin=0"/></net>

<net id="156"><net_src comp="87" pin="3"/><net_sink comp="153" pin=0"/></net>

<net id="163"><net_src comp="157" pin="1"/><net_sink comp="160" pin=0"/></net>

<net id="164"><net_src comp="160" pin="1"/><net_sink comp="60" pin=2"/></net>

<net id="174"><net_src comp="153" pin="1"/><net_sink comp="169" pin=0"/></net>

<net id="175"><net_src comp="149" pin="1"/><net_sink comp="169" pin=1"/></net>

<net id="176"><net_src comp="157" pin="1"/><net_sink comp="169" pin=2"/></net>

<net id="177"><net_src comp="169" pin="3"/><net_sink comp="165" pin=0"/></net>

<net id="181"><net_src comp="40" pin="1"/><net_sink comp="178" pin=0"/></net>

<net id="182"><net_src comp="178" pin="1"/><net_sink comp="98" pin=1"/></net>

<net id="183"><net_src comp="178" pin="1"/><net_sink comp="157" pin=0"/></net>

<net id="184"><net_src comp="178" pin="1"/><net_sink comp="165" pin=1"/></net>

<net id="188"><net_src comp="44" pin="1"/><net_sink comp="185" pin=0"/></net>

<net id="189"><net_src comp="185" pin="1"/><net_sink comp="93" pin=1"/></net>

<net id="190"><net_src comp="185" pin="1"/><net_sink comp="103" pin=0"/></net>

<net id="191"><net_src comp="185" pin="1"/><net_sink comp="144" pin=1"/></net>

<net id="195"><net_src comp="106" pin="2"/><net_sink comp="192" pin=0"/></net>

<net id="199"><net_src comp="67" pin="3"/><net_sink comp="196" pin=0"/></net>

<net id="200"><net_src comp="196" pin="1"/><net_sink comp="81" pin=0"/></net>

<net id="204"><net_src comp="74" pin="3"/><net_sink comp="201" pin=0"/></net>

<net id="205"><net_src comp="201" pin="1"/><net_sink comp="87" pin=0"/></net>

<net id="209"><net_src comp="149" pin="1"/><net_sink comp="206" pin=0"/></net>

<net id="210"><net_src comp="206" pin="1"/><net_sink comp="169" pin=1"/></net>

<net id="214"><net_src comp="153" pin="1"/><net_sink comp="211" pin=0"/></net>

<net id="215"><net_src comp="211" pin="1"/><net_sink comp="169" pin=0"/></net>

<net id="219"><net_src comp="157" pin="1"/><net_sink comp="216" pin=0"/></net>

<net id="220"><net_src comp="216" pin="1"/><net_sink comp="169" pin=1"/></net>

</net_list>

</model> 
---------------- Datapath Model END ------------------

* FSMD analyzer results:
  - Output states:
	Port: tmp_out | {4 }
	Port: dct_coeff_table | {}
 - Input state : 
	Port: dct_Pipeline_DCT_Inner_Loop : zext_ln42 | {1 }
	Port: dct_Pipeline_DCT_Inner_Loop : zext_ln45 | {1 }
	Port: dct_Pipeline_DCT_Inner_Loop : buf_2d_in | {1 2 }
	Port: dct_Pipeline_DCT_Inner_Loop : dct_coeff_table | {1 2 }
  - Chain level:
	State 1
		store_ln0 : 1
		store_ln0 : 1
		n_2 : 1
		icmp_ln41 : 2
		add_ln41 : 2
		br_ln41 : 3
		zext_ln42_3 : 2
		add_ln42 : 3
		zext_ln42_4 : 4
		dct_coeff_table_addr : 5
		add_ln43 : 3
		zext_ln43 : 4
		buf_2d_in_addr : 5
		coeff : 6
		buf_2d_in_load : 6
		store_ln41 : 3
	State 2
		sext_ln42 : 1
		sext_ln43 : 1
		mul_ln43 : 2
	State 3
	State 4
		trunc_ln41 : 1
		sext_ln43_1 : 1
		tmp_4 : 2
		write_ln41 : 2
	State 5
		store_ln41 : 1


============================================================
+ Verbose Summary: Datapath Resource usage 
============================================================

* Functional unit list:
|----------|---------------------------|---------|---------|---------|
| Operation|      Functional Unit      |   DSP   |    FF   |   LUT   |
|----------|---------------------------|---------|---------|---------|
|          |      add_ln41_fu_112      |    0    |    0    |    13   |
|    add   |      add_ln42_fu_122      |    0    |    0    |    14   |
|          |      add_ln43_fu_133      |    0    |    0    |    14   |
|----------|---------------------------|---------|---------|---------|
|   icmp   |      icmp_ln41_fu_106     |    0    |    0    |    13   |
|----------|---------------------------|---------|---------|---------|
|  muladd  |         grp_fu_169        |    1    |    0    |    0    |
|----------|---------------------------|---------|---------|---------|
|   read   | zext_ln45_read_read_fu_48 |    0    |    0    |    0    |
|          | zext_ln42_read_read_fu_54 |    0    |    0    |    0    |
|----------|---------------------------|---------|---------|---------|
|   write  |   write_ln41_write_fu_60  |    0    |    0    |    0    |
|----------|---------------------------|---------|---------|---------|
|          |     zext_ln42_3_fu_118    |    0    |    0    |    0    |
|   zext   |     zext_ln42_4_fu_128    |    0    |    0    |    0    |
|          |      zext_ln43_fu_139     |    0    |    0    |    0    |
|----------|---------------------------|---------|---------|---------|
|   sext   |      sext_ln42_fu_149     |    0    |    0    |    0    |
|          |      sext_ln43_fu_153     |    0    |    0    |    0    |
|----------|---------------------------|---------|---------|---------|
|   trunc  |     trunc_ln41_fu_160     |    0    |    0    |    0    |
|----------|---------------------------|---------|---------|---------|
|   Total  |                           |    1    |    0    |    54   |
|----------|---------------------------|---------|---------|---------|

Memories:
N/A

* Register list:
+----------------------------+--------+
|                            |   FF   |
+----------------------------+--------+
|   buf_2d_in_addr_reg_201   |    6   |
|dct_coeff_table_addr_reg_196|    6   |
|      icmp_ln41_reg_192     |    1   |
|          n_reg_185         |    4   |
|      sext_ln42_reg_206     |   31   |
|      sext_ln43_reg_211     |   31   |
|        tmp_3_reg_216       |   32   |
|         tmp_reg_178        |   32   |
+----------------------------+--------+
|            Total           |   143  |
+----------------------------+--------+

* Multiplexer (MUX) list: 
|------------------|------|------|------|--------||---------||---------|
|       Comp       |  Pin | Size |  BW  | S x BW ||  Delay  ||   LUT   |
|------------------|------|------|------|--------||---------||---------|
| grp_access_fu_81 |  p0  |   2  |   6  |   12   ||    9    |
| grp_access_fu_87 |  p0  |   2  |   6  |   12   ||    9    |
|    grp_fu_169    |  p0  |   2  |  16  |   32   ||    9    |
|    grp_fu_169    |  p1  |   3  |  15  |   45   ||    14   |
|------------------|------|------|------|--------||---------||---------|
|       Total      |      |      |      |   101  ||  6.4713 ||    41   |
|------------------|------|------|------|--------||---------||---------|



* Summary:
+-----------+--------+--------+--------+--------+
|           |   DSP  |  Delay |   FF   |   LUT  |
+-----------+--------+--------+--------+--------+
|  Function |    1   |    -   |    0   |   54   |
|   Memory  |    -   |    -   |    -   |    -   |
|Multiplexer|    -   |    6   |    -   |   41   |
|  Register |    -   |    -   |   143  |    -   |
+-----------+--------+--------+--------+--------+
|   Total   |    1   |    6   |   143  |   95   |
+-----------+--------+--------+--------+--------+
