

================================================================
== Vitis HLS Report for 'dct'
================================================================
* Date:           Sun Dec  1 13:31:41 2024

* Version:        2023.1 (Build 3854077 on May  4 2023)
* Project:        lab3
* Solution:       solution1 (Vivado IP Flow Target)
* Product family: zynq
* Target device:  xc7z020-clg484-1


================================================================
== Performance Estimates
================================================================
+ Timing: 
    * Summary: 
    +--------+----------+----------+------------+
    |  Clock |  Target  | Estimated| Uncertainty|
    +--------+----------+----------+------------+
    |ap_clk  |  10.00 ns|  6.508 ns|     2.70 ns|
    +--------+----------+----------+------------+

+ Latency: 
    * Summary: 
    +---------+---------+----------+----------+-----+-----+---------+
    |  Latency (cycles) |  Latency (absolute) |  Interval | Pipeline|
    |   min   |   max   |    min   |    max   | min | max |   Type  |
    +---------+---------+----------+----------+-----+-----+---------+
    |      422|      422|  4.220 us|  4.220 us|  423|  423|       no|
    +---------+---------+----------+----------+-----+-----+---------+

    + Detail: 
        * Instance: 
        +-------------------------------------------------------------------+--------------------------------------------------------+---------+---------+----------+----------+-----+-----+---------+
        |                                                                   |                                                        |  Latency (cycles) |  Latency (absolute) |  Interval | Pipeline|
        |                              Instance                             |                         Module                         |   min   |   max   |    min   |    max   | min | max |   Type  |
        +-------------------------------------------------------------------+--------------------------------------------------------+---------+---------+----------+----------+-----+-----+---------+
        |grp_dct_Pipeline_RD_Loop_Row_RD_Loop_Col_fu_70                     |dct_Pipeline_RD_Loop_Row_RD_Loop_Col                    |       66|       66|  0.660 us|  0.660 us|   66|   66|       no|
        |grp_dct_Pipeline_Row_DCT_Loop_DCT_Outer_Loop_fu_78                 |dct_Pipeline_Row_DCT_Loop_DCT_Outer_Loop                |       72|       72|  0.720 us|  0.720 us|   72|   72|       no|
        |grp_dct_Pipeline_Xpose_Row_Outer_Loop_Xpose_Row_Inner_Loop_fu_100  |dct_Pipeline_Xpose_Row_Outer_Loop_Xpose_Row_Inner_Loop  |       67|       67|  0.670 us|  0.670 us|   67|   67|       no|
        |grp_dct_Pipeline_Col_DCT_Loop_DCT_Outer_Loop_fu_106                |dct_Pipeline_Col_DCT_Loop_DCT_Outer_Loop                |       72|       72|  0.720 us|  0.720 us|   72|   72|       no|
        |grp_dct_Pipeline_Xpose_Col_Outer_Loop_Xpose_Col_Inner_Loop_fu_128  |dct_Pipeline_Xpose_Col_Outer_Loop_Xpose_Col_Inner_Loop  |       67|       67|  0.670 us|  0.670 us|   67|   67|       no|
        |grp_dct_Pipeline_WR_Loop_Row_WR_Loop_Col_fu_134                    |dct_Pipeline_WR_Loop_Row_WR_Loop_Col                    |       67|       67|  0.670 us|  0.670 us|   67|   67|       no|
        +-------------------------------------------------------------------+--------------------------------------------------------+---------+---------+----------+----------+-----+-----+---------+

        * Loop: 
        N/A

============================================================
+ Verbose Summary: Synthesis Manager
============================================================
InlineROM: 1
ExposeGlobal: 0
============================================================
+ Verbose Summary: CDFG Model
============================================================
IsTopModel: 1
ResetActiveHigh: 1
IsCombinational: 0
IsDatapathOnly: 0
HasWiredReturn: 1
HasMFsm: 0
HasVarLatency: 1
IsPipeline: 0
IsRtlPipelined: 0
IsInstanceOverlapped: 0
IsDontTouch: 0
HasImplIP: 0
IsGatedGlobalClock: 0


============================================================
+ Verbose Summary: Schedule
============================================================
* Number of FSM states : 12
* Pipeline : 0
* Dataflow Pipeline: 0

* FSM state transitions: 
1 --> 2 
2 --> 3 
3 --> 4 
4 --> 5 
5 --> 6 
6 --> 7 
7 --> 8 
8 --> 9 
9 --> 10 
10 --> 11 
11 --> 12 
12 --> 

* FSM state operations: 

State 1 <SV = 0> <Delay = 3.25>
ST_1 : Operation 13 [1/1] (3.25ns)   --->   "%row_outbuf = alloca i64 1" [../xup_high_level_synthesis_design_flow-main/source/lab3/dct.c:52->../xup_high_level_synthesis_design_flow-main/source/lab3/dct.c:113]   --->   Operation 13 'alloca' 'row_outbuf' <Predicate = true> <Delay = 3.25>
ST_1 : Operation 14 [1/1] (3.25ns)   --->   "%col_outbuf = alloca i64 1" [../xup_high_level_synthesis_design_flow-main/source/lab3/dct.c:53->../xup_high_level_synthesis_design_flow-main/source/lab3/dct.c:113]   --->   Operation 14 'alloca' 'col_outbuf' <Predicate = true> <Delay = 3.25>
ST_1 : Operation 15 [1/1] (3.25ns)   --->   "%col_inbuf = alloca i64 1" [../xup_high_level_synthesis_design_flow-main/source/lab3/dct.c:53->../xup_high_level_synthesis_design_flow-main/source/lab3/dct.c:113]   --->   Operation 15 'alloca' 'col_inbuf' <Predicate = true> <Delay = 3.25>
ST_1 : Operation 16 [1/1] (3.25ns)   --->   "%buf_2d_in = alloca i64 1" [../xup_high_level_synthesis_design_flow-main/source/lab3/dct.c:107]   --->   Operation 16 'alloca' 'buf_2d_in' <Predicate = true> <Delay = 3.25>
ST_1 : Operation 17 [1/1] (3.25ns)   --->   "%buf_2d_out = alloca i64 1" [../xup_high_level_synthesis_design_flow-main/source/lab3/dct.c:108]   --->   Operation 17 'alloca' 'buf_2d_out' <Predicate = true> <Delay = 3.25>
ST_1 : Operation 18 [2/2] (0.00ns)   --->   "%call_ln0 = call void @dct_Pipeline_RD_Loop_Row_RD_Loop_Col, i16 %buf_2d_in, i16 %input_r"   --->   Operation 18 'call' 'call_ln0' <Predicate = true> <Delay = 0.00> <CoreType = "Generic">   --->   Core 0 '' <Latency = 0> <II = 1> <Delay = 1.00> <Generic> <Opcode : >

State 2 <SV = 1> <Delay = 0.00>
ST_2 : Operation 19 [1/2] (0.00ns)   --->   "%call_ln0 = call void @dct_Pipeline_RD_Loop_Row_RD_Loop_Col, i16 %buf_2d_in, i16 %input_r"   --->   Operation 19 'call' 'call_ln0' <Predicate = true> <Delay = 0.00> <CoreType = "Generic">   --->   Core 0 '' <Latency = 0> <II = 1> <Delay = 1.00> <Generic> <Opcode : >

State 3 <SV = 2> <Delay = 0.00>
ST_3 : Operation 20 [2/2] (0.00ns)   --->   "%call_ln0 = call void @dct_Pipeline_Row_DCT_Loop_DCT_Outer_Loop, i16 %buf_2d_in, i16 %row_outbuf, i14 %dct_coeff_table_0, i15 %dct_coeff_table_1, i15 %dct_coeff_table_2, i15 %dct_coeff_table_3, i15 %dct_coeff_table_4, i15 %dct_coeff_table_5, i15 %dct_coeff_table_6, i15 %dct_coeff_table_7"   --->   Operation 20 'call' 'call_ln0' <Predicate = true> <Delay = 0.00> <CoreType = "Generic">   --->   Core 0 '' <Latency = 0> <II = 1> <Delay = 1.00> <Generic> <Opcode : >

State 4 <SV = 3> <Delay = 0.00>
ST_4 : Operation 21 [1/2] (0.00ns)   --->   "%call_ln0 = call void @dct_Pipeline_Row_DCT_Loop_DCT_Outer_Loop, i16 %buf_2d_in, i16 %row_outbuf, i14 %dct_coeff_table_0, i15 %dct_coeff_table_1, i15 %dct_coeff_table_2, i15 %dct_coeff_table_3, i15 %dct_coeff_table_4, i15 %dct_coeff_table_5, i15 %dct_coeff_table_6, i15 %dct_coeff_table_7"   --->   Operation 21 'call' 'call_ln0' <Predicate = true> <Delay = 0.00> <CoreType = "Generic">   --->   Core 0 '' <Latency = 0> <II = 1> <Delay = 1.00> <Generic> <Opcode : >

State 5 <SV = 4> <Delay = 0.00>
ST_5 : Operation 22 [2/2] (0.00ns)   --->   "%call_ln0 = call void @dct_Pipeline_Xpose_Row_Outer_Loop_Xpose_Row_Inner_Loop, i16 %row_outbuf, i16 %col_inbuf"   --->   Operation 22 'call' 'call_ln0' <Predicate = true> <Delay = 0.00> <CoreType = "Generic">   --->   Core 0 '' <Latency = 0> <II = 1> <Delay = 1.00> <Generic> <Opcode : >

State 6 <SV = 5> <Delay = 0.00>
ST_6 : Operation 23 [1/2] (0.00ns)   --->   "%call_ln0 = call void @dct_Pipeline_Xpose_Row_Outer_Loop_Xpose_Row_Inner_Loop, i16 %row_outbuf, i16 %col_inbuf"   --->   Operation 23 'call' 'call_ln0' <Predicate = true> <Delay = 0.00> <CoreType = "Generic">   --->   Core 0 '' <Latency = 0> <II = 1> <Delay = 1.00> <Generic> <Opcode : >

State 7 <SV = 6> <Delay = 0.00>
ST_7 : Operation 24 [2/2] (0.00ns)   --->   "%call_ln0 = call void @dct_Pipeline_Col_DCT_Loop_DCT_Outer_Loop, i16 %col_inbuf, i16 %col_outbuf, i14 %dct_coeff_table_0, i15 %dct_coeff_table_1, i15 %dct_coeff_table_2, i15 %dct_coeff_table_3, i15 %dct_coeff_table_4, i15 %dct_coeff_table_5, i15 %dct_coeff_table_6, i15 %dct_coeff_table_7"   --->   Operation 24 'call' 'call_ln0' <Predicate = true> <Delay = 0.00> <CoreType = "Generic">   --->   Core 0 '' <Latency = 0> <II = 1> <Delay = 1.00> <Generic> <Opcode : >

State 8 <SV = 7> <Delay = 0.00>
ST_8 : Operation 25 [1/2] (0.00ns)   --->   "%call_ln0 = call void @dct_Pipeline_Col_DCT_Loop_DCT_Outer_Loop, i16 %col_inbuf, i16 %col_outbuf, i14 %dct_coeff_table_0, i15 %dct_coeff_table_1, i15 %dct_coeff_table_2, i15 %dct_coeff_table_3, i15 %dct_coeff_table_4, i15 %dct_coeff_table_5, i15 %dct_coeff_table_6, i15 %dct_coeff_table_7"   --->   Operation 25 'call' 'call_ln0' <Predicate = true> <Delay = 0.00> <CoreType = "Generic">   --->   Core 0 '' <Latency = 0> <II = 1> <Delay = 1.00> <Generic> <Opcode : >

State 9 <SV = 8> <Delay = 0.00>
ST_9 : Operation 26 [2/2] (0.00ns)   --->   "%call_ln0 = call void @dct_Pipeline_Xpose_Col_Outer_Loop_Xpose_Col_Inner_Loop, i16 %col_outbuf, i16 %buf_2d_out"   --->   Operation 26 'call' 'call_ln0' <Predicate = true> <Delay = 0.00> <CoreType = "Generic">   --->   Core 0 '' <Latency = 0> <II = 1> <Delay = 1.00> <Generic> <Opcode : >

State 10 <SV = 9> <Delay = 0.00>
ST_10 : Operation 27 [1/2] (0.00ns)   --->   "%call_ln0 = call void @dct_Pipeline_Xpose_Col_Outer_Loop_Xpose_Col_Inner_Loop, i16 %col_outbuf, i16 %buf_2d_out"   --->   Operation 27 'call' 'call_ln0' <Predicate = true> <Delay = 0.00> <CoreType = "Generic">   --->   Core 0 '' <Latency = 0> <II = 1> <Delay = 1.00> <Generic> <Opcode : >

State 11 <SV = 10> <Delay = 0.00>
ST_11 : Operation 28 [2/2] (0.00ns)   --->   "%call_ln0 = call void @dct_Pipeline_WR_Loop_Row_WR_Loop_Col, i16 %buf_2d_out, i16 %output_r"   --->   Operation 28 'call' 'call_ln0' <Predicate = true> <Delay = 0.00> <CoreType = "Generic">   --->   Core 0 '' <Latency = 0> <II = 1> <Delay = 1.00> <Generic> <Opcode : >

State 12 <SV = 11> <Delay = 0.00>
ST_12 : Operation 29 [1/1] (0.00ns)   --->   "%spectopmodule_ln104 = spectopmodule void @_ssdm_op_SpecTopModule, void @empty_1" [../xup_high_level_synthesis_design_flow-main/source/lab3/dct.c:104]   --->   Operation 29 'spectopmodule' 'spectopmodule_ln104' <Predicate = true> <Delay = 0.00>
ST_12 : Operation 30 [1/1] (0.00ns)   --->   "%specinterface_ln0 = specinterface void @_ssdm_op_SpecInterface, i16 %input_r, void @empty, i32 0, i32 0, void @empty_0, i32 4294967295, i32 0, void @empty_0, void @empty_0, void @empty_0, i32 0, i32 0, i32 0, i32 0, void @empty_0, void @empty_0, i32 4294967295, i32 0"   --->   Operation 30 'specinterface' 'specinterface_ln0' <Predicate = true> <Delay = 0.00>
ST_12 : Operation 31 [1/1] (0.00ns)   --->   "%specbitsmap_ln0 = specbitsmap void @_ssdm_op_SpecBitsMap, i16 %input_r"   --->   Operation 31 'specbitsmap' 'specbitsmap_ln0' <Predicate = true> <Delay = 0.00>
ST_12 : Operation 32 [1/1] (0.00ns)   --->   "%specinterface_ln0 = specinterface void @_ssdm_op_SpecInterface, i16 %output_r, void @empty, i32 0, i32 0, void @empty_0, i32 4294967295, i32 0, void @empty_0, void @empty_0, void @empty_0, i32 0, i32 0, i32 0, i32 0, void @empty_0, void @empty_0, i32 4294967295, i32 0"   --->   Operation 32 'specinterface' 'specinterface_ln0' <Predicate = true> <Delay = 0.00>
ST_12 : Operation 33 [1/1] (0.00ns)   --->   "%specbitsmap_ln0 = specbitsmap void @_ssdm_op_SpecBitsMap, i16 %output_r"   --->   Operation 33 'specbitsmap' 'specbitsmap_ln0' <Predicate = true> <Delay = 0.00>
ST_12 : Operation 34 [1/2] (0.00ns)   --->   "%call_ln0 = call void @dct_Pipeline_WR_Loop_Row_WR_Loop_Col, i16 %buf_2d_out, i16 %output_r"   --->   Operation 34 'call' 'call_ln0' <Predicate = true> <Delay = 0.00> <CoreType = "Generic">   --->   Core 0 '' <Latency = 0> <II = 1> <Delay = 1.00> <Generic> <Opcode : >
ST_12 : Operation 35 [1/1] (0.00ns)   --->   "%ret_ln117 = ret" [../xup_high_level_synthesis_design_flow-main/source/lab3/dct.c:117]   --->   Operation 35 'ret' 'ret_ln117' <Predicate = true> <Delay = 0.00>


============================================================
+ Verbose Summary: Binding
============================================================
STG Binding: 
---------------- STG Properties BEGIN ----------------
- Is combinational: 0
- Is one-state seq: 0
- Is datapath-only: 0
- Is pipelined: 0
- Is top level: 1
Port [ Return ] is wired: 1; IO mode=ap_ctrl_hs:ce=0
Port [ input_r]:  wired=1; compound=1; hidden=0; nouse=0; global=0; static=0; extern=0; dir=0; type=1; pingpong=0; private_global=0; MemPort=[13]; IO mode=ap_memory:ce=0
Port [ output_r]:  wired=1; compound=1; hidden=0; nouse=0; global=0; static=0; extern=0; dir=1; type=1; pingpong=0; private_global=0; MemPort=[03]; IO mode=ap_memory:ce=0
Port [ dct_coeff_table_0]:  wired=0; compound=1; hidden=1; nouse=0; global=1; static=1; extern=0; dir=0; type=1; pingpong=0; private_global=1; MemPort=[1]; IO mode=ap_memory:ce=0
Port [ dct_coeff_table_1]:  wired=0; compound=1; hidden=1; nouse=0; global=1; static=1; extern=0; dir=0; type=1; pingpong=0; private_global=1; MemPort=[1]; IO mode=ap_memory:ce=0
Port [ dct_coeff_table_2]:  wired=0; compound=1; hidden=1; nouse=0; global=1; static=1; extern=0; dir=0; type=1; pingpong=0; private_global=1; MemPort=[1]; IO mode=ap_memory:ce=0
Port [ dct_coeff_table_3]:  wired=0; compound=1; hidden=1; nouse=0; global=1; static=1; extern=0; dir=0; type=1; pingpong=0; private_global=1; MemPort=[1]; IO mode=ap_memory:ce=0
Port [ dct_coeff_table_4]:  wired=0; compound=1; hidden=1; nouse=0; global=1; static=1; extern=0; dir=0; type=1; pingpong=0; private_global=1; MemPort=[1]; IO mode=ap_memory:ce=0
Port [ dct_coeff_table_5]:  wired=0; compound=1; hidden=1; nouse=0; global=1; static=1; extern=0; dir=0; type=1; pingpong=0; private_global=1; MemPort=[1]; IO mode=ap_memory:ce=0
Port [ dct_coeff_table_6]:  wired=0; compound=1; hidden=1; nouse=0; global=1; static=1; extern=0; dir=0; type=1; pingpong=0; private_global=1; MemPort=[1]; IO mode=ap_memory:ce=0
Port [ dct_coeff_table_7]:  wired=0; compound=1; hidden=1; nouse=0; global=1; static=1; extern=0; dir=0; type=1; pingpong=0; private_global=1; MemPort=[1]; IO mode=ap_memory:ce=0
---------------- STG Properties END ------------------

---------------- Datapath Model BEGIN ----------------

<LifeTime>
<method=bitvector/>
row_outbuf          (alloca       ) [ 0011111000000]
col_outbuf          (alloca       ) [ 0011111111100]
col_inbuf           (alloca       ) [ 0011111110000]
buf_2d_in           (alloca       ) [ 0011100000000]
buf_2d_out          (alloca       ) [ 0011111111111]
call_ln0            (call         ) [ 0000000000000]
call_ln0            (call         ) [ 0000000000000]
call_ln0            (call         ) [ 0000000000000]
call_ln0            (call         ) [ 0000000000000]
call_ln0            (call         ) [ 0000000000000]
spectopmodule_ln104 (spectopmodule) [ 0000000000000]
specinterface_ln0   (specinterface) [ 0000000000000]
specbitsmap_ln0     (specbitsmap  ) [ 0000000000000]
specinterface_ln0   (specinterface) [ 0000000000000]
specbitsmap_ln0     (specbitsmap  ) [ 0000000000000]
call_ln0            (call         ) [ 0000000000000]
ret_ln117           (ret          ) [ 0000000000000]
</LifeTime>

<model>

<comp_list>
<comp id="0" class="1000" name="input_r">
<pin_list>
<pin id="1" dir="1" index="0" bw="1" slack="0"/>
</pin_list>
<bind>
<StgValue><ssdm name="input_r"/><MemPortTyVec>1 3 </MemPortTyVec>
</StgValue>
</bind>
</comp>

<comp id="2" class="1000" name="output_r">
<pin_list>
<pin id="3" dir="1" index="0" bw="1" slack="0"/>
</pin_list>
<bind>
<StgValue><ssdm name="output_r"/><MemPortTyVec>0 3 </MemPortTyVec>
</StgValue>
</bind>
</comp>

<comp id="4" class="1000" name="dct_coeff_table_0">
<pin_list>
<pin id="5" dir="1" index="0" bw="1" slack="0"/>
</pin_list>
<bind>
<StgValue><ssdm name="dct_coeff_table_0"/><MemPortTyVec>1 </MemPortTyVec>
</StgValue>
</bind>
</comp>

<comp id="6" class="1000" name="dct_coeff_table_1">
<pin_list>
<pin id="7" dir="1" index="0" bw="1" slack="0"/>
</pin_list>
<bind>
<StgValue><ssdm name="dct_coeff_table_1"/><MemPortTyVec>1 </MemPortTyVec>
</StgValue>
</bind>
</comp>

<comp id="8" class="1000" name="dct_coeff_table_2">
<pin_list>
<pin id="9" dir="1" index="0" bw="1" slack="0"/>
</pin_list>
<bind>
<StgValue><ssdm name="dct_coeff_table_2"/><MemPortTyVec>1 </MemPortTyVec>
</StgValue>
</bind>
</comp>

<comp id="10" class="1000" name="dct_coeff_table_3">
<pin_list>
<pin id="11" dir="1" index="0" bw="1" slack="0"/>
</pin_list>
<bind>
<StgValue><ssdm name="dct_coeff_table_3"/><MemPortTyVec>1 </MemPortTyVec>
</StgValue>
</bind>
</comp>

<comp id="12" class="1000" name="dct_coeff_table_4">
<pin_list>
<pin id="13" dir="1" index="0" bw="1" slack="0"/>
</pin_list>
<bind>
<StgValue><ssdm name="dct_coeff_table_4"/><MemPortTyVec>1 </MemPortTyVec>
</StgValue>
</bind>
</comp>

<comp id="14" class="1000" name="dct_coeff_table_5">
<pin_list>
<pin id="15" dir="1" index="0" bw="1" slack="0"/>
</pin_list>
<bind>
<StgValue><ssdm name="dct_coeff_table_5"/><MemPortTyVec>1 </MemPortTyVec>
</StgValue>
</bind>
</comp>

<comp id="16" class="1000" name="dct_coeff_table_6">
<pin_list>
<pin id="17" dir="1" index="0" bw="1" slack="0"/>
</pin_list>
<bind>
<StgValue><ssdm name="dct_coeff_table_6"/><MemPortTyVec>1 </MemPortTyVec>
</StgValue>
</bind>
</comp>

<comp id="18" class="1000" name="dct_coeff_table_7">
<pin_list>
<pin id="19" dir="1" index="0" bw="1" slack="0"/>
</pin_list>
<bind>
<StgValue><ssdm name="dct_coeff_table_7"/><MemPortTyVec>1 </MemPortTyVec>
</StgValue>
</bind>
</comp>

<comp id="20" class="1001" name="const_20">
<pin_list>
<pin id="21" dir="1" index="0" bw="1" slack="0"/>
</pin_list>
<bind>
<StgValue><ssdm name=""/></StgValue>
</bind>
</comp>

<comp id="22" class="1001" name="const_22">
<pin_list>
<pin id="23" dir="1" index="0" bw="1" slack="0"/>
</pin_list>
<bind>
<StgValue><ssdm name="dct_Pipeline_RD_Loop_Row_RD_Loop_Col"/></StgValue>
</bind>
</comp>

<comp id="24" class="1001" name="const_24">
<pin_list>
<pin id="25" dir="1" index="0" bw="1" slack="0"/>
</pin_list>
<bind>
<StgValue><ssdm name="dct_Pipeline_Row_DCT_Loop_DCT_Outer_Loop"/></StgValue>
</bind>
</comp>

<comp id="26" class="1001" name="const_26">
<pin_list>
<pin id="27" dir="1" index="0" bw="1" slack="0"/>
</pin_list>
<bind>
<StgValue><ssdm name="dct_Pipeline_Xpose_Row_Outer_Loop_Xpose_Row_Inner_Loop"/></StgValue>
</bind>
</comp>

<comp id="28" class="1001" name="const_28">
<pin_list>
<pin id="29" dir="1" index="0" bw="1" slack="0"/>
</pin_list>
<bind>
<StgValue><ssdm name="dct_Pipeline_Col_DCT_Loop_DCT_Outer_Loop"/></StgValue>
</bind>
</comp>

<comp id="30" class="1001" name="const_30">
<pin_list>
<pin id="31" dir="1" index="0" bw="1" slack="0"/>
</pin_list>
<bind>
<StgValue><ssdm name="dct_Pipeline_Xpose_Col_Outer_Loop_Xpose_Col_Inner_Loop"/></StgValue>
</bind>
</comp>

<comp id="32" class="1001" name="const_32">
<pin_list>
<pin id="33" dir="1" index="0" bw="1" slack="0"/>
</pin_list>
<bind>
<StgValue><ssdm name="dct_Pipeline_WR_Loop_Row_WR_Loop_Col"/></StgValue>
</bind>
</comp>

<comp id="34" class="1001" name="const_34">
<pin_list>
<pin id="35" dir="1" index="0" bw="1" slack="2147483647"/>
</pin_list>
<bind>
<StgValue><ssdm name="_ssdm_op_SpecTopModule"/></StgValue>
</bind>
</comp>

<comp id="36" class="1001" name="const_36">
<pin_list>
<pin id="37" dir="1" index="0" bw="1" slack="2147483647"/>
</pin_list>
<bind>
<StgValue><ssdm name="empty_1"/></StgValue>
</bind>
</comp>

<comp id="38" class="1001" name="const_38">
<pin_list>
<pin id="39" dir="1" index="0" bw="1" slack="2147483647"/>
</pin_list>
<bind>
<StgValue><ssdm name="_ssdm_op_SpecInterface"/></StgValue>
</bind>
</comp>

<comp id="40" class="1001" name="const_40">
<pin_list>
<pin id="41" dir="1" index="0" bw="1" slack="2147483647"/>
</pin_list>
<bind>
<StgValue><ssdm name="empty"/></StgValue>
</bind>
</comp>

<comp id="42" class="1001" name="const_42">
<pin_list>
<pin id="43" dir="1" index="0" bw="1" slack="2147483647"/>
</pin_list>
<bind>
<StgValue><ssdm name=""/></StgValue>
</bind>
</comp>

<comp id="44" class="1001" name="const_44">
<pin_list>
<pin id="45" dir="1" index="0" bw="1" slack="2147483647"/>
</pin_list>
<bind>
<StgValue><ssdm name="empty_0"/></StgValue>
</bind>
</comp>

<comp id="46" class="1001" name="const_46">
<pin_list>
<pin id="47" dir="1" index="0" bw="1" slack="2147483647"/>
</pin_list>
<bind>
<StgValue><ssdm name=""/></StgValue>
</bind>
</comp>

<comp id="48" class="1001" name="const_48">
<pin_list>
<pin id="49" dir="1" index="0" bw="1" slack="2147483647"/>
</pin_list>
<bind>
<StgValue><ssdm name="_ssdm_op_SpecBitsMap"/></StgValue>
</bind>
</comp>

<comp id="50" class="1004" name="row_outbuf_alloca_fu_50">
<pin_list>
<pin id="51" dir="0" index="0" bw="1" slack="0"/>
<pin id="52" dir="1" index="1" bw="16" slack="2147483647"/>
</pin_list>
<bind>
<opcode="alloca(26) " fcode="alloca"/>
<opset="row_outbuf/1 "/>
</bind>
</comp>

<comp id="54" class="1004" name="col_outbuf_alloca_fu_54">
<pin_list>
<pin id="55" dir="0" index="0" bw="1" slack="0"/>
<pin id="56" dir="1" index="1" bw="16" slack="2147483647"/>
</pin_list>
<bind>
<opcode="alloca(26) " fcode="alloca"/>
<opset="col_outbuf/1 "/>
</bind>
</comp>

<comp id="58" class="1004" name="col_inbuf_alloca_fu_58">
<pin_list>
<pin id="59" dir="0" index="0" bw="1" slack="0"/>
<pin id="60" dir="1" index="1" bw="16" slack="2147483647"/>
</pin_list>
<bind>
<opcode="alloca(26) " fcode="alloca"/>
<opset="col_inbuf/1 "/>
</bind>
</comp>

<comp id="62" class="1004" name="buf_2d_in_alloca_fu_62">
<pin_list>
<pin id="63" dir="0" index="0" bw="1" slack="0"/>
<pin id="64" dir="1" index="1" bw="16" slack="0"/>
</pin_list>
<bind>
<opcode="alloca(26) " fcode="alloca"/>
<opset="buf_2d_in/1 "/>
</bind>
</comp>

<comp id="66" class="1004" name="buf_2d_out_alloca_fu_66">
<pin_list>
<pin id="67" dir="0" index="0" bw="1" slack="0"/>
<pin id="68" dir="1" index="1" bw="16" slack="2147483647"/>
</pin_list>
<bind>
<opcode="alloca(26) " fcode="alloca"/>
<opset="buf_2d_out/1 "/>
</bind>
</comp>

<comp id="70" class="1004" name="grp_dct_Pipeline_RD_Loop_Row_RD_Loop_Col_fu_70">
<pin_list>
<pin id="71" dir="0" index="0" bw="0" slack="0"/>
<pin id="72" dir="0" index="1" bw="16" slack="0"/>
<pin id="73" dir="0" index="2" bw="16" slack="0"/>
<pin id="74" dir="1" index="3" bw="0" slack="2147483647"/>
</pin_list>
<bind>
<opcode="call(48) " fcode="call"/>
<opset="call_ln0/1 "/>
</bind>
</comp>

<comp id="78" class="1004" name="grp_dct_Pipeline_Row_DCT_Loop_DCT_Outer_Loop_fu_78">
<pin_list>
<pin id="79" dir="0" index="0" bw="0" slack="0"/>
<pin id="80" dir="0" index="1" bw="16" slack="2147483647"/>
<pin id="81" dir="0" index="2" bw="16" slack="2147483647"/>
<pin id="82" dir="0" index="3" bw="14" slack="0"/>
<pin id="83" dir="0" index="4" bw="15" slack="0"/>
<pin id="84" dir="0" index="5" bw="15" slack="0"/>
<pin id="85" dir="0" index="6" bw="15" slack="0"/>
<pin id="86" dir="0" index="7" bw="15" slack="0"/>
<pin id="87" dir="0" index="8" bw="15" slack="0"/>
<pin id="88" dir="0" index="9" bw="15" slack="0"/>
<pin id="89" dir="0" index="10" bw="15" slack="0"/>
<pin id="90" dir="1" index="11" bw="0" slack="2147483647"/>
</pin_list>
<bind>
<opcode="call(48) " fcode="call"/>
<opset="call_ln0/3 "/>
</bind>
</comp>

<comp id="100" class="1004" name="grp_dct_Pipeline_Xpose_Row_Outer_Loop_Xpose_Row_Inner_Loop_fu_100">
<pin_list>
<pin id="101" dir="0" index="0" bw="0" slack="0"/>
<pin id="102" dir="0" index="1" bw="16" slack="2147483647"/>
<pin id="103" dir="0" index="2" bw="16" slack="2147483647"/>
<pin id="104" dir="1" index="3" bw="0" slack="2147483647"/>
</pin_list>
<bind>
<opcode="call(48) " fcode="call"/>
<opset="call_ln0/5 "/>
</bind>
</comp>

<comp id="106" class="1004" name="grp_dct_Pipeline_Col_DCT_Loop_DCT_Outer_Loop_fu_106">
<pin_list>
<pin id="107" dir="0" index="0" bw="0" slack="0"/>
<pin id="108" dir="0" index="1" bw="16" slack="2147483647"/>
<pin id="109" dir="0" index="2" bw="16" slack="2147483647"/>
<pin id="110" dir="0" index="3" bw="14" slack="0"/>
<pin id="111" dir="0" index="4" bw="15" slack="0"/>
<pin id="112" dir="0" index="5" bw="15" slack="0"/>
<pin id="113" dir="0" index="6" bw="15" slack="0"/>
<pin id="114" dir="0" index="7" bw="15" slack="0"/>
<pin id="115" dir="0" index="8" bw="15" slack="0"/>
<pin id="116" dir="0" index="9" bw="15" slack="0"/>
<pin id="117" dir="0" index="10" bw="15" slack="0"/>
<pin id="118" dir="1" index="11" bw="0" slack="2147483647"/>
</pin_list>
<bind>
<opcode="call(48) " fcode="call"/>
<opset="call_ln0/7 "/>
</bind>
</comp>

<comp id="128" class="1004" name="grp_dct_Pipeline_Xpose_Col_Outer_Loop_Xpose_Col_Inner_Loop_fu_128">
<pin_list>
<pin id="129" dir="0" index="0" bw="0" slack="0"/>
<pin id="130" dir="0" index="1" bw="16" slack="2147483647"/>
<pin id="131" dir="0" index="2" bw="16" slack="2147483647"/>
<pin id="132" dir="1" index="3" bw="0" slack="2147483647"/>
</pin_list>
<bind>
<opcode="call(48) " fcode="call"/>
<opset="call_ln0/9 "/>
</bind>
</comp>

<comp id="134" class="1004" name="grp_dct_Pipeline_WR_Loop_Row_WR_Loop_Col_fu_134">
<pin_list>
<pin id="135" dir="0" index="0" bw="0" slack="0"/>
<pin id="136" dir="0" index="1" bw="16" slack="2147483647"/>
<pin id="137" dir="0" index="2" bw="16" slack="0"/>
<pin id="138" dir="1" index="3" bw="0" slack="2147483647"/>
</pin_list>
<bind>
<opcode="call(48) " fcode="call"/>
<opset="call_ln0/11 "/>
</bind>
</comp>

</comp_list>

<net_list>
<net id="53"><net_src comp="20" pin="0"/><net_sink comp="50" pin=0"/></net>

<net id="57"><net_src comp="20" pin="0"/><net_sink comp="54" pin=0"/></net>

<net id="61"><net_src comp="20" pin="0"/><net_sink comp="58" pin=0"/></net>

<net id="65"><net_src comp="20" pin="0"/><net_sink comp="62" pin=0"/></net>

<net id="69"><net_src comp="20" pin="0"/><net_sink comp="66" pin=0"/></net>

<net id="75"><net_src comp="22" pin="0"/><net_sink comp="70" pin=0"/></net>

<net id="76"><net_src comp="62" pin="1"/><net_sink comp="70" pin=1"/></net>

<net id="77"><net_src comp="0" pin="0"/><net_sink comp="70" pin=2"/></net>

<net id="91"><net_src comp="24" pin="0"/><net_sink comp="78" pin=0"/></net>

<net id="92"><net_src comp="4" pin="0"/><net_sink comp="78" pin=3"/></net>

<net id="93"><net_src comp="6" pin="0"/><net_sink comp="78" pin=4"/></net>

<net id="94"><net_src comp="8" pin="0"/><net_sink comp="78" pin=5"/></net>

<net id="95"><net_src comp="10" pin="0"/><net_sink comp="78" pin=6"/></net>

<net id="96"><net_src comp="12" pin="0"/><net_sink comp="78" pin=7"/></net>

<net id="97"><net_src comp="14" pin="0"/><net_sink comp="78" pin=8"/></net>

<net id="98"><net_src comp="16" pin="0"/><net_sink comp="78" pin=9"/></net>

<net id="99"><net_src comp="18" pin="0"/><net_sink comp="78" pin=10"/></net>

<net id="105"><net_src comp="26" pin="0"/><net_sink comp="100" pin=0"/></net>

<net id="119"><net_src comp="28" pin="0"/><net_sink comp="106" pin=0"/></net>

<net id="120"><net_src comp="4" pin="0"/><net_sink comp="106" pin=3"/></net>

<net id="121"><net_src comp="6" pin="0"/><net_sink comp="106" pin=4"/></net>

<net id="122"><net_src comp="8" pin="0"/><net_sink comp="106" pin=5"/></net>

<net id="123"><net_src comp="10" pin="0"/><net_sink comp="106" pin=6"/></net>

<net id="124"><net_src comp="12" pin="0"/><net_sink comp="106" pin=7"/></net>

<net id="125"><net_src comp="14" pin="0"/><net_sink comp="106" pin=8"/></net>

<net id="126"><net_src comp="16" pin="0"/><net_sink comp="106" pin=9"/></net>

<net id="127"><net_src comp="18" pin="0"/><net_sink comp="106" pin=10"/></net>

<net id="133"><net_src comp="30" pin="0"/><net_sink comp="128" pin=0"/></net>

<net id="139"><net_src comp="32" pin="0"/><net_sink comp="134" pin=0"/></net>

<net id="140"><net_src comp="2" pin="0"/><net_sink comp="134" pin=2"/></net>

</net_list>

</model> 
---------------- Datapath Model END ------------------

* FSMD analyzer results:
  - Output states:
	Port: output_r | {11 12 }
 - Input state : 
	Port: dct : input_r | {1 2 }
	Port: dct : dct_coeff_table_0 | {3 4 7 8 }
	Port: dct : dct_coeff_table_1 | {3 4 7 8 }
	Port: dct : dct_coeff_table_2 | {3 4 7 8 }
	Port: dct : dct_coeff_table_3 | {3 4 7 8 }
	Port: dct : dct_coeff_table_4 | {3 4 7 8 }
	Port: dct : dct_coeff_table_5 | {3 4 7 8 }
	Port: dct : dct_coeff_table_6 | {3 4 7 8 }
	Port: dct : dct_coeff_table_7 | {3 4 7 8 }
  - Chain level:
	State 1
		call_ln0 : 1
	State 2
	State 3
	State 4
	State 5
	State 6
	State 7
	State 8
	State 9
	State 10
	State 11
	State 12


============================================================
+ Verbose Summary: Datapath Resource usage 
============================================================

* Functional unit list:
|----------|-------------------------------------------------------------------|---------|---------|---------|---------|
| Operation|                          Functional Unit                          |   DSP   |  Delay  |    FF   |   LUT   |
|----------|-------------------------------------------------------------------|---------|---------|---------|---------|
|          |           grp_dct_Pipeline_RD_Loop_Row_RD_Loop_Col_fu_70          |    0    |  1.588  |    27   |    98   |
|          |         grp_dct_Pipeline_Row_DCT_Loop_DCT_Outer_Loop_fu_78        |    8    | 41.7652 |   756   |   503   |
|   call   | grp_dct_Pipeline_Xpose_Row_Outer_Loop_Xpose_Row_Inner_Loop_fu_100 |    0    |  1.588  |    42   |   112   |
|          |        grp_dct_Pipeline_Col_DCT_Loop_DCT_Outer_Loop_fu_106        |    8    | 41.7652 |   756   |   503   |
|          | grp_dct_Pipeline_Xpose_Col_Outer_Loop_Xpose_Col_Inner_Loop_fu_128 |    0    |  1.588  |    42   |   112   |
|          |          grp_dct_Pipeline_WR_Loop_Row_WR_Loop_Col_fu_134          |    0    |  1.588  |    32   |    98   |
|----------|-------------------------------------------------------------------|---------|---------|---------|---------|
|   Total  |                                                                   |    16   | 89.8824 |   1655  |   1426  |
|----------|-------------------------------------------------------------------|---------|---------|---------|---------|

Memories:
+-----------------+--------+--------+--------+--------+
|                 |  BRAM  |   FF   |   LUT  |  URAM  |
+-----------------+--------+--------+--------+--------+
|    buf_2d_in    |    7   |    0   |    0   |    0   |
|    buf_2d_out   |    1   |    0   |    0   |    0   |
|    col_inbuf    |    7   |    0   |    0   |    0   |
|    col_outbuf   |    1   |    0   |    0   |    0   |
|dct_coeff_table_0|    0   |   14   |    2   |    -   |
|dct_coeff_table_1|    0   |   15   |    2   |    -   |
|dct_coeff_table_2|    0   |   15   |    2   |    -   |
|dct_coeff_table_3|    0   |   15   |    2   |    -   |
|dct_coeff_table_4|    0   |   15   |    2   |    -   |
|dct_coeff_table_5|    0   |   15   |    2   |    -   |
|dct_coeff_table_6|    0   |   15   |    2   |    -   |
|dct_coeff_table_7|    0   |   15   |    2   |    -   |
|    row_outbuf   |    1   |    0   |    0   |    0   |
+-----------------+--------+--------+--------+--------+
|      Total      |   17   |   119  |   16   |    0   |
+-----------------+--------+--------+--------+--------+

* Register list:
N/A

* Multiplexer (MUX) list: 
|--------|------|------|------|--------|
|  Comp  |  Pin | Size |  BW  | S x BW |
|--------|------|------|------|--------|
|  Total |      |      |      |    0   |
|--------|------|------|------|--------|



* Summary:
+-----------+--------+--------+--------+--------+--------+--------+
|           |  BRAM  |   DSP  |  Delay |   FF   |   LUT  |  URAM  |
+-----------+--------+--------+--------+--------+--------+--------+
|  Function |    -   |   16   |   89   |  1655  |  1426  |    -   |
|   Memory  |   17   |    -   |    -   |   119  |   16   |    0   |
|Multiplexer|    -   |    -   |    -   |    -   |    -   |    -   |
|  Register |    -   |    -   |    -   |    -   |    -   |    -   |
+-----------+--------+--------+--------+--------+--------+--------+
|   Total   |   17   |   16   |   89   |  1774  |  1442  |    0   |
+-----------+--------+--------+--------+--------+--------+--------+
