

================================================================
== Vitis HLS Report for 'dct_Pipeline_Col_DCT_Loop_DCT_Outer_Loop'
================================================================
* Date:           Sun Dec  1 13:31:40 2024

* Version:        2023.1 (Build 3854077 on May  4 2023)
* Project:        lab3
* Solution:       solution1 (Vivado IP Flow Target)
* Product family: zynq
* Target device:  xc7z020-clg484-1


================================================================
== Performance Estimates
================================================================
+ Timing: 
    * Summary: 
    +--------+----------+----------+------------+
    |  Clock |  Target  | Estimated| Uncertainty|
    +--------+----------+----------+------------+
    |ap_clk  |  10.00 ns|  6.177 ns|     2.70 ns|
    +--------+----------+----------+------------+

+ Latency: 
    * Summary: 
    +---------+---------+----------+----------+-----+-----+---------+
    |  Latency (cycles) |  Latency (absolute) |  Interval | Pipeline|
    |   min   |   max   |    min   |    max   | min | max |   Type  |
    +---------+---------+----------+----------+-----+-----+---------+
    |       72|       72|  0.720 us|  0.720 us|   72|   72|       no|
    +---------+---------+----------+----------+-----+-----+---------+

    + Detail: 
        * Instance: 
        N/A

        * Loop: 
        +-------------------------------+---------+---------+----------+-----------+-----------+------+----------+
        |                               |  Latency (cycles) | Iteration|  Initiation Interval  | Trip |          |
        |           Loop Name           |   min   |   max   |  Latency |  achieved |   target  | Count| Pipelined|
        +-------------------------------+---------+---------+----------+-----------+-----------+------+----------+
        |- Col_DCT_Loop_DCT_Outer_Loop  |       70|       70|         8|          1|          1|    64|       yes|
        +-------------------------------+---------+---------+----------+-----------+-----------+------+----------+

============================================================
+ Verbose Summary: Synthesis Manager
============================================================
InlineROM: 1
ExposeGlobal: 0
============================================================
+ Verbose Summary: CDFG Model
============================================================
IsTopModel: 0
ResetActiveHigh: 1
IsCombinational: 0
IsDatapathOnly: 0
HasWiredReturn: 1
HasMFsm: 2
HasVarLatency: 1
IsPipeline: 0
IsRtlPipelined: 0
IsInstanceOverlapped: 0
IsDontTouch: 0
HasImplIP: 0
IsGatedGlobalClock: 0

+ Individual pipeline summary: 
  * Pipeline-0: initiation interval (II) = 1, depth = 8


============================================================
+ Verbose Summary: Schedule
============================================================
* Number of FSM states : 8
* Pipeline : 1
  Pipeline-0 : II = 1, D = 8, States = { 1 2 3 4 5 6 7 8 }
* Dataflow Pipeline: 0

* FSM state transitions: 
1 --> 2 
2 --> 3 
3 --> 4 
4 --> 5 
5 --> 6 
6 --> 7 
7 --> 8 
8 --> 

* FSM state operations: 

State 1 <SV = 0> <Delay = 6.17>
ST_1 : Operation 11 [1/1] (0.00ns)   --->   "%k = alloca i32 1"   --->   Operation 11 'alloca' 'k' <Predicate = true> <Delay = 0.00>
ST_1 : Operation 12 [1/1] (0.00ns)   --->   "%i_1 = alloca i32 1"   --->   Operation 12 'alloca' 'i_1' <Predicate = true> <Delay = 0.00>
ST_1 : Operation 13 [1/1] (0.00ns)   --->   "%indvar_flatten36 = alloca i32 1"   --->   Operation 13 'alloca' 'indvar_flatten36' <Predicate = true> <Delay = 0.00>
ST_1 : Operation 14 [1/1] (1.58ns)   --->   "%store_ln0 = store i7 0, i7 %indvar_flatten36"   --->   Operation 14 'store' 'store_ln0' <Predicate = true> <Delay = 1.58>
ST_1 : Operation 15 [1/1] (1.58ns)   --->   "%store_ln0 = store i4 0, i4 %i_1"   --->   Operation 15 'store' 'store_ln0' <Predicate = true> <Delay = 1.58>
ST_1 : Operation 16 [1/1] (1.58ns)   --->   "%store_ln0 = store i4 0, i4 %k"   --->   Operation 16 'store' 'store_ln0' <Predicate = true> <Delay = 1.58>
ST_1 : Operation 17 [1/1] (0.00ns)   --->   "%br_ln0 = br void %DCT_Inner_Loop.i17.i"   --->   Operation 17 'br' 'br_ln0' <Predicate = true> <Delay = 0.00>
ST_1 : Operation 18 [1/1] (0.00ns)   --->   "%i = load i4 %i_1" [../xup_high_level_synthesis_design_flow-main/source/lab3/dct.c:43->../xup_high_level_synthesis_design_flow-main/source/lab3/dct.c:70->../xup_high_level_synthesis_design_flow-main/source/lab3/dct.c:113]   --->   Operation 18 'load' 'i' <Predicate = true> <Delay = 0.00>
ST_1 : Operation 19 [1/1] (0.00ns)   --->   "%indvar_flatten36_load = load i7 %indvar_flatten36" [../xup_high_level_synthesis_design_flow-main/source/lab3/dct.c:69->../xup_high_level_synthesis_design_flow-main/source/lab3/dct.c:113]   --->   Operation 19 'load' 'indvar_flatten36_load' <Predicate = true> <Delay = 0.00>
ST_1 : Operation 20 [1/1] (0.00ns)   --->   "%trunc_ln43 = trunc i4 %i" [../xup_high_level_synthesis_design_flow-main/source/lab3/dct.c:43->../xup_high_level_synthesis_design_flow-main/source/lab3/dct.c:70->../xup_high_level_synthesis_design_flow-main/source/lab3/dct.c:113]   --->   Operation 20 'trunc' 'trunc_ln43' <Predicate = true> <Delay = 0.00>
ST_1 : Operation 21 [1/1] (0.00ns)   --->   "%tmp_20_cast = bitconcatenate i6 @_ssdm_op_BitConcatenate.i6.i3.i3, i3 %trunc_ln43, i3 0" [../xup_high_level_synthesis_design_flow-main/source/lab3/dct.c:43->../xup_high_level_synthesis_design_flow-main/source/lab3/dct.c:70->../xup_high_level_synthesis_design_flow-main/source/lab3/dct.c:113]   --->   Operation 21 'bitconcatenate' 'tmp_20_cast' <Predicate = true> <Delay = 0.00>
ST_1 : Operation 22 [1/1] (0.00ns)   --->   "%specpipeline_ln0 = specpipeline void @_ssdm_op_SpecPipeline, i32 4294967295, i32 0, i32 1, i32 0, void @p_str"   --->   Operation 22 'specpipeline' 'specpipeline_ln0' <Predicate = true> <Delay = 0.00>
ST_1 : Operation 23 [1/1] (1.87ns)   --->   "%icmp_ln69 = icmp_eq  i7 %indvar_flatten36_load, i7 64" [../xup_high_level_synthesis_design_flow-main/source/lab3/dct.c:69->../xup_high_level_synthesis_design_flow-main/source/lab3/dct.c:113]   --->   Operation 23 'icmp' 'icmp_ln69' <Predicate = true> <Delay = 1.87> <CoreInst = "Cmp">   --->   Core 9 'Cmp' <Latency = 0> <II = 1> <Delay = 1.87> <FuncUnit> <Opcode : 'icmp'> <InPorts = 2> <OutPorts = 1>
ST_1 : Operation 24 [1/1] (1.87ns)   --->   "%add_ln69_1 = add i7 %indvar_flatten36_load, i7 1" [../xup_high_level_synthesis_design_flow-main/source/lab3/dct.c:69->../xup_high_level_synthesis_design_flow-main/source/lab3/dct.c:113]   --->   Operation 24 'add' 'add_ln69_1' <Predicate = true> <Delay = 1.87> <CoreInst = "Adder">   --->   Core 1 'Adder' <Latency = 0> <II = 1> <Delay = 1.87> <FuncUnit> <Opcode : 'add' 'sub'> <InPorts = 2> <OutPorts = 1>
ST_1 : Operation 25 [1/1] (0.00ns)   --->   "%br_ln69 = br i1 %icmp_ln69, void %dct_1d.exit37.i, void %for.inc50.i.preheader.exitStub" [../xup_high_level_synthesis_design_flow-main/source/lab3/dct.c:69->../xup_high_level_synthesis_design_flow-main/source/lab3/dct.c:113]   --->   Operation 25 'br' 'br_ln69' <Predicate = true> <Delay = 0.00>
ST_1 : Operation 26 [1/1] (0.00ns)   --->   "%k_load = load i4 %k" [../xup_high_level_synthesis_design_flow-main/source/lab3/dct.c:39->../xup_high_level_synthesis_design_flow-main/source/lab3/dct.c:70->../xup_high_level_synthesis_design_flow-main/source/lab3/dct.c:113]   --->   Operation 26 'load' 'k_load' <Predicate = (!icmp_ln69)> <Delay = 0.00>
ST_1 : Operation 27 [1/1] (1.73ns)   --->   "%add_ln69 = add i4 %i, i4 1" [../xup_high_level_synthesis_design_flow-main/source/lab3/dct.c:69->../xup_high_level_synthesis_design_flow-main/source/lab3/dct.c:113]   --->   Operation 27 'add' 'add_ln69' <Predicate = (!icmp_ln69)> <Delay = 1.73> <CoreInst = "Adder">   --->   Core 1 'Adder' <Latency = 0> <II = 1> <Delay = 1.73> <FuncUnit> <Opcode : 'add' 'sub'> <InPorts = 2> <OutPorts = 1>
ST_1 : Operation 28 [1/1] (0.00ns)   --->   "%trunc_ln54 = trunc i4 %add_ln69" [../xup_high_level_synthesis_design_flow-main/source/lab3/dct.c:54->../xup_high_level_synthesis_design_flow-main/source/lab3/dct.c:113]   --->   Operation 28 'trunc' 'trunc_ln54' <Predicate = (!icmp_ln69)> <Delay = 0.00>
ST_1 : Operation 29 [1/1] (1.73ns)   --->   "%icmp_ln39 = icmp_eq  i4 %k_load, i4 8" [../xup_high_level_synthesis_design_flow-main/source/lab3/dct.c:39->../xup_high_level_synthesis_design_flow-main/source/lab3/dct.c:70->../xup_high_level_synthesis_design_flow-main/source/lab3/dct.c:113]   --->   Operation 29 'icmp' 'icmp_ln39' <Predicate = (!icmp_ln69)> <Delay = 1.73> <CoreInst = "Cmp">   --->   Core 9 'Cmp' <Latency = 0> <II = 1> <Delay = 1.73> <FuncUnit> <Opcode : 'icmp'> <InPorts = 2> <OutPorts = 1>
ST_1 : Operation 30 [1/1] (1.02ns)   --->   "%select_ln69 = select i1 %icmp_ln39, i4 0, i4 %k_load" [../xup_high_level_synthesis_design_flow-main/source/lab3/dct.c:69->../xup_high_level_synthesis_design_flow-main/source/lab3/dct.c:113]   --->   Operation 30 'select' 'select_ln69' <Predicate = (!icmp_ln69)> <Delay = 1.02> <CoreInst = "Sel">   --->   Core 73 'Sel' <Latency = 0> <II = 1> <Delay = 1.02> <FuncUnit> <Opcode : 'select'> <InPorts = 3> <OutPorts = 1>
ST_1 : Operation 31 [1/1] (0.00ns)   --->   "%tmp_28_cast = bitconcatenate i6 @_ssdm_op_BitConcatenate.i6.i3.i3, i3 %trunc_ln54, i3 0" [../xup_high_level_synthesis_design_flow-main/source/lab3/dct.c:43->../xup_high_level_synthesis_design_flow-main/source/lab3/dct.c:70->../xup_high_level_synthesis_design_flow-main/source/lab3/dct.c:113]   --->   Operation 31 'bitconcatenate' 'tmp_28_cast' <Predicate = (!icmp_ln69)> <Delay = 0.00>
ST_1 : Operation 32 [1/1] (1.02ns)   --->   "%select_ln69_1 = select i1 %icmp_ln39, i4 %add_ln69, i4 %i" [../xup_high_level_synthesis_design_flow-main/source/lab3/dct.c:69->../xup_high_level_synthesis_design_flow-main/source/lab3/dct.c:113]   --->   Operation 32 'select' 'select_ln69_1' <Predicate = (!icmp_ln69)> <Delay = 1.02> <CoreInst = "Sel">   --->   Core 73 'Sel' <Latency = 0> <II = 1> <Delay = 1.02> <FuncUnit> <Opcode : 'select'> <InPorts = 3> <OutPorts = 1>
ST_1 : Operation 33 [1/1] (0.00ns)   --->   "%trunc_ln45 = trunc i4 %select_ln69_1" [../xup_high_level_synthesis_design_flow-main/source/lab3/dct.c:45->../xup_high_level_synthesis_design_flow-main/source/lab3/dct.c:70->../xup_high_level_synthesis_design_flow-main/source/lab3/dct.c:113]   --->   Operation 33 'trunc' 'trunc_ln45' <Predicate = (!icmp_ln69)> <Delay = 0.00>
ST_1 : Operation 34 [1/1] (0.00ns)   --->   "%tmp_s = bitconcatenate i6 @_ssdm_op_BitConcatenate.i6.i3.i3, i3 %trunc_ln45, i3 0" [../xup_high_level_synthesis_design_flow-main/source/lab3/dct.c:45->../xup_high_level_synthesis_design_flow-main/source/lab3/dct.c:70->../xup_high_level_synthesis_design_flow-main/source/lab3/dct.c:113]   --->   Operation 34 'bitconcatenate' 'tmp_s' <Predicate = (!icmp_ln69)> <Delay = 0.00>
ST_1 : Operation 35 [1/1] (1.18ns)   --->   "%select_ln69_2 = select i1 %icmp_ln39, i6 %tmp_28_cast, i6 %tmp_20_cast" [../xup_high_level_synthesis_design_flow-main/source/lab3/dct.c:69->../xup_high_level_synthesis_design_flow-main/source/lab3/dct.c:113]   --->   Operation 35 'select' 'select_ln69_2' <Predicate = (!icmp_ln69)> <Delay = 1.18> <CoreInst = "Sel">   --->   Core 73 'Sel' <Latency = 0> <II = 1> <Delay = 1.18> <FuncUnit> <Opcode : 'select'> <InPorts = 3> <OutPorts = 1>
ST_1 : Operation 36 [1/1] (0.00ns)   --->   "%zext_ln69 = zext i6 %select_ln69_2" [../xup_high_level_synthesis_design_flow-main/source/lab3/dct.c:69->../xup_high_level_synthesis_design_flow-main/source/lab3/dct.c:113]   --->   Operation 36 'zext' 'zext_ln69' <Predicate = (!icmp_ln69)> <Delay = 0.00>
ST_1 : Operation 37 [1/1] (0.00ns)   --->   "%col_inbuf_addr = getelementptr i16 %col_inbuf, i64 0, i64 %zext_ln69" [../xup_high_level_synthesis_design_flow-main/source/lab3/dct.c:43->../xup_high_level_synthesis_design_flow-main/source/lab3/dct.c:70->../xup_high_level_synthesis_design_flow-main/source/lab3/dct.c:113]   --->   Operation 37 'getelementptr' 'col_inbuf_addr' <Predicate = (!icmp_ln69)> <Delay = 0.00>
ST_1 : Operation 38 [2/2] (3.25ns)   --->   "%col_inbuf_load = load i6 %col_inbuf_addr" [../xup_high_level_synthesis_design_flow-main/source/lab3/dct.c:69->../xup_high_level_synthesis_design_flow-main/source/lab3/dct.c:113]   --->   Operation 38 'load' 'col_inbuf_load' <Predicate = (!icmp_ln69)> <Delay = 3.25> <CoreInst = "RAM_1WnR">   --->   Core 83 'RAM_1WnR' <Latency = 1> <II = 1> <Delay = 3.25> <Storage> <Opcode : 'load' 'store'> <Ports = 17> <Width = 16> <Depth = 64> <RAM>
ST_1 : Operation 39 [1/1] (1.18ns)   --->   "%select_ln69_10 = select i1 %icmp_ln39, i6 %tmp_28_cast, i6 %tmp_20_cast" [../xup_high_level_synthesis_design_flow-main/source/lab3/dct.c:69->../xup_high_level_synthesis_design_flow-main/source/lab3/dct.c:113]   --->   Operation 39 'select' 'select_ln69_10' <Predicate = (!icmp_ln69)> <Delay = 1.18> <CoreInst = "Sel">   --->   Core 73 'Sel' <Latency = 0> <II = 1> <Delay = 1.18> <FuncUnit> <Opcode : 'select'> <InPorts = 3> <OutPorts = 1>
ST_1 : Operation 40 [1/1] (0.00ns)   --->   "%or_ln69 = or i6 %select_ln69_10, i6 1" [../xup_high_level_synthesis_design_flow-main/source/lab3/dct.c:69->../xup_high_level_synthesis_design_flow-main/source/lab3/dct.c:113]   --->   Operation 40 'or' 'or_ln69' <Predicate = (!icmp_ln69)> <Delay = 0.00>
ST_1 : Operation 41 [1/1] (0.00ns)   --->   "%zext_ln43 = zext i6 %or_ln69" [../xup_high_level_synthesis_design_flow-main/source/lab3/dct.c:43->../xup_high_level_synthesis_design_flow-main/source/lab3/dct.c:70->../xup_high_level_synthesis_design_flow-main/source/lab3/dct.c:113]   --->   Operation 41 'zext' 'zext_ln43' <Predicate = (!icmp_ln69)> <Delay = 0.00>
ST_1 : Operation 42 [1/1] (0.00ns)   --->   "%col_inbuf_addr_1 = getelementptr i16 %col_inbuf, i64 0, i64 %zext_ln43" [../xup_high_level_synthesis_design_flow-main/source/lab3/dct.c:43->../xup_high_level_synthesis_design_flow-main/source/lab3/dct.c:70->../xup_high_level_synthesis_design_flow-main/source/lab3/dct.c:113]   --->   Operation 42 'getelementptr' 'col_inbuf_addr_1' <Predicate = (!icmp_ln69)> <Delay = 0.00>
ST_1 : Operation 43 [2/2] (3.25ns)   --->   "%col_inbuf_load_1 = load i6 %col_inbuf_addr_1" [../xup_high_level_synthesis_design_flow-main/source/lab3/dct.c:69->../xup_high_level_synthesis_design_flow-main/source/lab3/dct.c:113]   --->   Operation 43 'load' 'col_inbuf_load_1' <Predicate = (!icmp_ln69)> <Delay = 3.25> <CoreInst = "RAM_1WnR">   --->   Core 83 'RAM_1WnR' <Latency = 1> <II = 1> <Delay = 3.25> <Storage> <Opcode : 'load' 'store'> <Ports = 17> <Width = 16> <Depth = 64> <RAM>
ST_1 : Operation 44 [1/1] (1.18ns)   --->   "%select_ln69_11 = select i1 %icmp_ln39, i6 %tmp_28_cast, i6 %tmp_20_cast" [../xup_high_level_synthesis_design_flow-main/source/lab3/dct.c:69->../xup_high_level_synthesis_design_flow-main/source/lab3/dct.c:113]   --->   Operation 44 'select' 'select_ln69_11' <Predicate = (!icmp_ln69)> <Delay = 1.18> <CoreInst = "Sel">   --->   Core 73 'Sel' <Latency = 0> <II = 1> <Delay = 1.18> <FuncUnit> <Opcode : 'select'> <InPorts = 3> <OutPorts = 1>
ST_1 : Operation 45 [1/1] (0.00ns)   --->   "%or_ln69_1 = or i6 %select_ln69_11, i6 2" [../xup_high_level_synthesis_design_flow-main/source/lab3/dct.c:69->../xup_high_level_synthesis_design_flow-main/source/lab3/dct.c:113]   --->   Operation 45 'or' 'or_ln69_1' <Predicate = (!icmp_ln69)> <Delay = 0.00>
ST_1 : Operation 46 [1/1] (0.00ns)   --->   "%zext_ln43_7 = zext i6 %or_ln69_1" [../xup_high_level_synthesis_design_flow-main/source/lab3/dct.c:43->../xup_high_level_synthesis_design_flow-main/source/lab3/dct.c:70->../xup_high_level_synthesis_design_flow-main/source/lab3/dct.c:113]   --->   Operation 46 'zext' 'zext_ln43_7' <Predicate = (!icmp_ln69)> <Delay = 0.00>
ST_1 : Operation 47 [1/1] (0.00ns)   --->   "%col_inbuf_addr_2 = getelementptr i16 %col_inbuf, i64 0, i64 %zext_ln43_7" [../xup_high_level_synthesis_design_flow-main/source/lab3/dct.c:43->../xup_high_level_synthesis_design_flow-main/source/lab3/dct.c:70->../xup_high_level_synthesis_design_flow-main/source/lab3/dct.c:113]   --->   Operation 47 'getelementptr' 'col_inbuf_addr_2' <Predicate = (!icmp_ln69)> <Delay = 0.00>
ST_1 : Operation 48 [2/2] (3.25ns)   --->   "%col_inbuf_load_2 = load i6 %col_inbuf_addr_2" [../xup_high_level_synthesis_design_flow-main/source/lab3/dct.c:69->../xup_high_level_synthesis_design_flow-main/source/lab3/dct.c:113]   --->   Operation 48 'load' 'col_inbuf_load_2' <Predicate = (!icmp_ln69)> <Delay = 3.25> <CoreInst = "RAM_1WnR">   --->   Core 83 'RAM_1WnR' <Latency = 1> <II = 1> <Delay = 3.25> <Storage> <Opcode : 'load' 'store'> <Ports = 17> <Width = 16> <Depth = 64> <RAM>
ST_1 : Operation 49 [1/1] (1.18ns)   --->   "%select_ln69_12 = select i1 %icmp_ln39, i6 %tmp_28_cast, i6 %tmp_20_cast" [../xup_high_level_synthesis_design_flow-main/source/lab3/dct.c:69->../xup_high_level_synthesis_design_flow-main/source/lab3/dct.c:113]   --->   Operation 49 'select' 'select_ln69_12' <Predicate = (!icmp_ln69)> <Delay = 1.18> <CoreInst = "Sel">   --->   Core 73 'Sel' <Latency = 0> <II = 1> <Delay = 1.18> <FuncUnit> <Opcode : 'select'> <InPorts = 3> <OutPorts = 1>
ST_1 : Operation 50 [1/1] (0.00ns)   --->   "%or_ln69_2 = or i6 %select_ln69_12, i6 3" [../xup_high_level_synthesis_design_flow-main/source/lab3/dct.c:69->../xup_high_level_synthesis_design_flow-main/source/lab3/dct.c:113]   --->   Operation 50 'or' 'or_ln69_2' <Predicate = (!icmp_ln69)> <Delay = 0.00>
ST_1 : Operation 51 [1/1] (0.00ns)   --->   "%zext_ln43_8 = zext i6 %or_ln69_2" [../xup_high_level_synthesis_design_flow-main/source/lab3/dct.c:43->../xup_high_level_synthesis_design_flow-main/source/lab3/dct.c:70->../xup_high_level_synthesis_design_flow-main/source/lab3/dct.c:113]   --->   Operation 51 'zext' 'zext_ln43_8' <Predicate = (!icmp_ln69)> <Delay = 0.00>
ST_1 : Operation 52 [1/1] (0.00ns)   --->   "%col_inbuf_addr_3 = getelementptr i16 %col_inbuf, i64 0, i64 %zext_ln43_8" [../xup_high_level_synthesis_design_flow-main/source/lab3/dct.c:43->../xup_high_level_synthesis_design_flow-main/source/lab3/dct.c:70->../xup_high_level_synthesis_design_flow-main/source/lab3/dct.c:113]   --->   Operation 52 'getelementptr' 'col_inbuf_addr_3' <Predicate = (!icmp_ln69)> <Delay = 0.00>
ST_1 : Operation 53 [2/2] (3.25ns)   --->   "%col_inbuf_load_3 = load i6 %col_inbuf_addr_3" [../xup_high_level_synthesis_design_flow-main/source/lab3/dct.c:69->../xup_high_level_synthesis_design_flow-main/source/lab3/dct.c:113]   --->   Operation 53 'load' 'col_inbuf_load_3' <Predicate = (!icmp_ln69)> <Delay = 3.25> <CoreInst = "RAM_1WnR">   --->   Core 83 'RAM_1WnR' <Latency = 1> <II = 1> <Delay = 3.25> <Storage> <Opcode : 'load' 'store'> <Ports = 17> <Width = 16> <Depth = 64> <RAM>
ST_1 : Operation 54 [1/1] (1.18ns)   --->   "%select_ln69_13 = select i1 %icmp_ln39, i6 %tmp_28_cast, i6 %tmp_20_cast" [../xup_high_level_synthesis_design_flow-main/source/lab3/dct.c:69->../xup_high_level_synthesis_design_flow-main/source/lab3/dct.c:113]   --->   Operation 54 'select' 'select_ln69_13' <Predicate = (!icmp_ln69)> <Delay = 1.18> <CoreInst = "Sel">   --->   Core 73 'Sel' <Latency = 0> <II = 1> <Delay = 1.18> <FuncUnit> <Opcode : 'select'> <InPorts = 3> <OutPorts = 1>
ST_1 : Operation 55 [1/1] (0.00ns)   --->   "%or_ln69_3 = or i6 %select_ln69_13, i6 4" [../xup_high_level_synthesis_design_flow-main/source/lab3/dct.c:69->../xup_high_level_synthesis_design_flow-main/source/lab3/dct.c:113]   --->   Operation 55 'or' 'or_ln69_3' <Predicate = (!icmp_ln69)> <Delay = 0.00>
ST_1 : Operation 56 [1/1] (0.00ns)   --->   "%zext_ln43_9 = zext i6 %or_ln69_3" [../xup_high_level_synthesis_design_flow-main/source/lab3/dct.c:43->../xup_high_level_synthesis_design_flow-main/source/lab3/dct.c:70->../xup_high_level_synthesis_design_flow-main/source/lab3/dct.c:113]   --->   Operation 56 'zext' 'zext_ln43_9' <Predicate = (!icmp_ln69)> <Delay = 0.00>
ST_1 : Operation 57 [1/1] (0.00ns)   --->   "%col_inbuf_addr_4 = getelementptr i16 %col_inbuf, i64 0, i64 %zext_ln43_9" [../xup_high_level_synthesis_design_flow-main/source/lab3/dct.c:43->../xup_high_level_synthesis_design_flow-main/source/lab3/dct.c:70->../xup_high_level_synthesis_design_flow-main/source/lab3/dct.c:113]   --->   Operation 57 'getelementptr' 'col_inbuf_addr_4' <Predicate = (!icmp_ln69)> <Delay = 0.00>
ST_1 : Operation 58 [2/2] (3.25ns)   --->   "%col_inbuf_load_4 = load i6 %col_inbuf_addr_4" [../xup_high_level_synthesis_design_flow-main/source/lab3/dct.c:69->../xup_high_level_synthesis_design_flow-main/source/lab3/dct.c:113]   --->   Operation 58 'load' 'col_inbuf_load_4' <Predicate = (!icmp_ln69)> <Delay = 3.25> <CoreInst = "RAM_1WnR">   --->   Core 83 'RAM_1WnR' <Latency = 1> <II = 1> <Delay = 3.25> <Storage> <Opcode : 'load' 'store'> <Ports = 17> <Width = 16> <Depth = 64> <RAM>
ST_1 : Operation 59 [1/1] (1.18ns)   --->   "%select_ln69_14 = select i1 %icmp_ln39, i6 %tmp_28_cast, i6 %tmp_20_cast" [../xup_high_level_synthesis_design_flow-main/source/lab3/dct.c:69->../xup_high_level_synthesis_design_flow-main/source/lab3/dct.c:113]   --->   Operation 59 'select' 'select_ln69_14' <Predicate = (!icmp_ln69)> <Delay = 1.18> <CoreInst = "Sel">   --->   Core 73 'Sel' <Latency = 0> <II = 1> <Delay = 1.18> <FuncUnit> <Opcode : 'select'> <InPorts = 3> <OutPorts = 1>
ST_1 : Operation 60 [1/1] (0.00ns)   --->   "%or_ln69_4 = or i6 %select_ln69_14, i6 5" [../xup_high_level_synthesis_design_flow-main/source/lab3/dct.c:69->../xup_high_level_synthesis_design_flow-main/source/lab3/dct.c:113]   --->   Operation 60 'or' 'or_ln69_4' <Predicate = (!icmp_ln69)> <Delay = 0.00>
ST_1 : Operation 61 [1/1] (0.00ns)   --->   "%zext_ln43_10 = zext i6 %or_ln69_4" [../xup_high_level_synthesis_design_flow-main/source/lab3/dct.c:43->../xup_high_level_synthesis_design_flow-main/source/lab3/dct.c:70->../xup_high_level_synthesis_design_flow-main/source/lab3/dct.c:113]   --->   Operation 61 'zext' 'zext_ln43_10' <Predicate = (!icmp_ln69)> <Delay = 0.00>
ST_1 : Operation 62 [1/1] (0.00ns)   --->   "%col_inbuf_addr_5 = getelementptr i16 %col_inbuf, i64 0, i64 %zext_ln43_10" [../xup_high_level_synthesis_design_flow-main/source/lab3/dct.c:43->../xup_high_level_synthesis_design_flow-main/source/lab3/dct.c:70->../xup_high_level_synthesis_design_flow-main/source/lab3/dct.c:113]   --->   Operation 62 'getelementptr' 'col_inbuf_addr_5' <Predicate = (!icmp_ln69)> <Delay = 0.00>
ST_1 : Operation 63 [2/2] (3.25ns)   --->   "%col_inbuf_load_5 = load i6 %col_inbuf_addr_5" [../xup_high_level_synthesis_design_flow-main/source/lab3/dct.c:69->../xup_high_level_synthesis_design_flow-main/source/lab3/dct.c:113]   --->   Operation 63 'load' 'col_inbuf_load_5' <Predicate = (!icmp_ln69)> <Delay = 3.25> <CoreInst = "RAM_1WnR">   --->   Core 83 'RAM_1WnR' <Latency = 1> <II = 1> <Delay = 3.25> <Storage> <Opcode : 'load' 'store'> <Ports = 17> <Width = 16> <Depth = 64> <RAM>
ST_1 : Operation 64 [1/1] (1.18ns)   --->   "%select_ln69_15 = select i1 %icmp_ln39, i6 %tmp_28_cast, i6 %tmp_20_cast" [../xup_high_level_synthesis_design_flow-main/source/lab3/dct.c:69->../xup_high_level_synthesis_design_flow-main/source/lab3/dct.c:113]   --->   Operation 64 'select' 'select_ln69_15' <Predicate = (!icmp_ln69)> <Delay = 1.18> <CoreInst = "Sel">   --->   Core 73 'Sel' <Latency = 0> <II = 1> <Delay = 1.18> <FuncUnit> <Opcode : 'select'> <InPorts = 3> <OutPorts = 1>
ST_1 : Operation 65 [1/1] (0.00ns)   --->   "%or_ln69_5 = or i6 %select_ln69_15, i6 6" [../xup_high_level_synthesis_design_flow-main/source/lab3/dct.c:69->../xup_high_level_synthesis_design_flow-main/source/lab3/dct.c:113]   --->   Operation 65 'or' 'or_ln69_5' <Predicate = (!icmp_ln69)> <Delay = 0.00>
ST_1 : Operation 66 [1/1] (0.00ns)   --->   "%zext_ln43_11 = zext i6 %or_ln69_5" [../xup_high_level_synthesis_design_flow-main/source/lab3/dct.c:43->../xup_high_level_synthesis_design_flow-main/source/lab3/dct.c:70->../xup_high_level_synthesis_design_flow-main/source/lab3/dct.c:113]   --->   Operation 66 'zext' 'zext_ln43_11' <Predicate = (!icmp_ln69)> <Delay = 0.00>
ST_1 : Operation 67 [1/1] (0.00ns)   --->   "%col_inbuf_addr_6 = getelementptr i16 %col_inbuf, i64 0, i64 %zext_ln43_11" [../xup_high_level_synthesis_design_flow-main/source/lab3/dct.c:43->../xup_high_level_synthesis_design_flow-main/source/lab3/dct.c:70->../xup_high_level_synthesis_design_flow-main/source/lab3/dct.c:113]   --->   Operation 67 'getelementptr' 'col_inbuf_addr_6' <Predicate = (!icmp_ln69)> <Delay = 0.00>
ST_1 : Operation 68 [2/2] (3.25ns)   --->   "%col_inbuf_load_6 = load i6 %col_inbuf_addr_6" [../xup_high_level_synthesis_design_flow-main/source/lab3/dct.c:69->../xup_high_level_synthesis_design_flow-main/source/lab3/dct.c:113]   --->   Operation 68 'load' 'col_inbuf_load_6' <Predicate = (!icmp_ln69)> <Delay = 3.25> <CoreInst = "RAM_1WnR">   --->   Core 83 'RAM_1WnR' <Latency = 1> <II = 1> <Delay = 3.25> <Storage> <Opcode : 'load' 'store'> <Ports = 17> <Width = 16> <Depth = 64> <RAM>
ST_1 : Operation 69 [1/1] (1.18ns)   --->   "%select_ln69_16 = select i1 %icmp_ln39, i6 %tmp_28_cast, i6 %tmp_20_cast" [../xup_high_level_synthesis_design_flow-main/source/lab3/dct.c:69->../xup_high_level_synthesis_design_flow-main/source/lab3/dct.c:113]   --->   Operation 69 'select' 'select_ln69_16' <Predicate = (!icmp_ln69)> <Delay = 1.18> <CoreInst = "Sel">   --->   Core 73 'Sel' <Latency = 0> <II = 1> <Delay = 1.18> <FuncUnit> <Opcode : 'select'> <InPorts = 3> <OutPorts = 1>
ST_1 : Operation 70 [1/1] (0.00ns)   --->   "%or_ln69_6 = or i6 %select_ln69_16, i6 7" [../xup_high_level_synthesis_design_flow-main/source/lab3/dct.c:69->../xup_high_level_synthesis_design_flow-main/source/lab3/dct.c:113]   --->   Operation 70 'or' 'or_ln69_6' <Predicate = (!icmp_ln69)> <Delay = 0.00>
ST_1 : Operation 71 [1/1] (0.00ns)   --->   "%zext_ln43_12 = zext i6 %or_ln69_6" [../xup_high_level_synthesis_design_flow-main/source/lab3/dct.c:43->../xup_high_level_synthesis_design_flow-main/source/lab3/dct.c:70->../xup_high_level_synthesis_design_flow-main/source/lab3/dct.c:113]   --->   Operation 71 'zext' 'zext_ln43_12' <Predicate = (!icmp_ln69)> <Delay = 0.00>
ST_1 : Operation 72 [1/1] (0.00ns)   --->   "%col_inbuf_addr_7 = getelementptr i16 %col_inbuf, i64 0, i64 %zext_ln43_12" [../xup_high_level_synthesis_design_flow-main/source/lab3/dct.c:43->../xup_high_level_synthesis_design_flow-main/source/lab3/dct.c:70->../xup_high_level_synthesis_design_flow-main/source/lab3/dct.c:113]   --->   Operation 72 'getelementptr' 'col_inbuf_addr_7' <Predicate = (!icmp_ln69)> <Delay = 0.00>
ST_1 : Operation 73 [2/2] (3.25ns)   --->   "%col_inbuf_load_7 = load i6 %col_inbuf_addr_7" [../xup_high_level_synthesis_design_flow-main/source/lab3/dct.c:69->../xup_high_level_synthesis_design_flow-main/source/lab3/dct.c:113]   --->   Operation 73 'load' 'col_inbuf_load_7' <Predicate = (!icmp_ln69)> <Delay = 3.25> <CoreInst = "RAM_1WnR">   --->   Core 83 'RAM_1WnR' <Latency = 1> <II = 1> <Delay = 3.25> <Storage> <Opcode : 'load' 'store'> <Ports = 17> <Width = 16> <Depth = 64> <RAM>
ST_1 : Operation 74 [1/1] (0.00ns)   --->   "%k_1_cast = zext i4 %select_ln69" [../xup_high_level_synthesis_design_flow-main/source/lab3/dct.c:69->../xup_high_level_synthesis_design_flow-main/source/lab3/dct.c:113]   --->   Operation 74 'zext' 'k_1_cast' <Predicate = (!icmp_ln69)> <Delay = 0.00>
ST_1 : Operation 75 [1/1] (0.00ns)   --->   "%zext_ln45 = zext i4 %select_ln69" [../xup_high_level_synthesis_design_flow-main/source/lab3/dct.c:45->../xup_high_level_synthesis_design_flow-main/source/lab3/dct.c:70->../xup_high_level_synthesis_design_flow-main/source/lab3/dct.c:113]   --->   Operation 75 'zext' 'zext_ln45' <Predicate = (!icmp_ln69)> <Delay = 0.00>
ST_1 : Operation 76 [1/1] (1.82ns)   --->   "%add_ln45 = add i6 %tmp_s, i6 %zext_ln45" [../xup_high_level_synthesis_design_flow-main/source/lab3/dct.c:45->../xup_high_level_synthesis_design_flow-main/source/lab3/dct.c:70->../xup_high_level_synthesis_design_flow-main/source/lab3/dct.c:113]   --->   Operation 76 'add' 'add_ln45' <Predicate = (!icmp_ln69)> <Delay = 1.82> <CoreInst = "Adder">   --->   Core 1 'Adder' <Latency = 0> <II = 1> <Delay = 1.82> <FuncUnit> <Opcode : 'add' 'sub'> <InPorts = 2> <OutPorts = 1>
ST_1 : Operation 77 [1/1] (0.00ns)   --->   "%dct_coeff_table_0_addr = getelementptr i14 %dct_coeff_table_0, i64 0, i64 %k_1_cast" [../xup_high_level_synthesis_design_flow-main/source/lab3/dct.c:42->../xup_high_level_synthesis_design_flow-main/source/lab3/dct.c:70->../xup_high_level_synthesis_design_flow-main/source/lab3/dct.c:113]   --->   Operation 77 'getelementptr' 'dct_coeff_table_0_addr' <Predicate = (!icmp_ln69)> <Delay = 0.00>
ST_1 : Operation 78 [2/2] (2.32ns)   --->   "%dct_coeff_table_0_load = load i3 %dct_coeff_table_0_addr" [../xup_high_level_synthesis_design_flow-main/source/lab3/dct.c:42->../xup_high_level_synthesis_design_flow-main/source/lab3/dct.c:70->../xup_high_level_synthesis_design_flow-main/source/lab3/dct.c:113]   --->   Operation 78 'load' 'dct_coeff_table_0_load' <Predicate = (!icmp_ln69)> <Delay = 2.32> <CoreInst = "ROM">   --->   Core 95 'ROM' <Latency = 1> <II = 1> <Delay = 2.32> <Storage> <Opcode : 'load'> <Ports = 0> <Width = 14> <Depth = 8> <ROM>
ST_1 : Operation 79 [1/1] (0.00ns)   --->   "%dct_coeff_table_1_addr = getelementptr i15 %dct_coeff_table_1, i64 0, i64 %k_1_cast" [../xup_high_level_synthesis_design_flow-main/source/lab3/dct.c:42->../xup_high_level_synthesis_design_flow-main/source/lab3/dct.c:70->../xup_high_level_synthesis_design_flow-main/source/lab3/dct.c:113]   --->   Operation 79 'getelementptr' 'dct_coeff_table_1_addr' <Predicate = (!icmp_ln69)> <Delay = 0.00>
ST_1 : Operation 80 [2/2] (2.32ns)   --->   "%dct_coeff_table_1_load = load i3 %dct_coeff_table_1_addr" [../xup_high_level_synthesis_design_flow-main/source/lab3/dct.c:42->../xup_high_level_synthesis_design_flow-main/source/lab3/dct.c:70->../xup_high_level_synthesis_design_flow-main/source/lab3/dct.c:113]   --->   Operation 80 'load' 'dct_coeff_table_1_load' <Predicate = (!icmp_ln69)> <Delay = 2.32> <CoreInst = "ROM">   --->   Core 95 'ROM' <Latency = 1> <II = 1> <Delay = 2.32> <Storage> <Opcode : 'load'> <Ports = 0> <Width = 15> <Depth = 8> <ROM>
ST_1 : Operation 81 [1/1] (0.00ns)   --->   "%dct_coeff_table_2_addr = getelementptr i15 %dct_coeff_table_2, i64 0, i64 %k_1_cast" [../xup_high_level_synthesis_design_flow-main/source/lab3/dct.c:42->../xup_high_level_synthesis_design_flow-main/source/lab3/dct.c:70->../xup_high_level_synthesis_design_flow-main/source/lab3/dct.c:113]   --->   Operation 81 'getelementptr' 'dct_coeff_table_2_addr' <Predicate = (!icmp_ln69)> <Delay = 0.00>
ST_1 : Operation 82 [2/2] (2.32ns)   --->   "%dct_coeff_table_2_load = load i3 %dct_coeff_table_2_addr" [../xup_high_level_synthesis_design_flow-main/source/lab3/dct.c:42->../xup_high_level_synthesis_design_flow-main/source/lab3/dct.c:70->../xup_high_level_synthesis_design_flow-main/source/lab3/dct.c:113]   --->   Operation 82 'load' 'dct_coeff_table_2_load' <Predicate = (!icmp_ln69)> <Delay = 2.32> <CoreInst = "ROM">   --->   Core 95 'ROM' <Latency = 1> <II = 1> <Delay = 2.32> <Storage> <Opcode : 'load'> <Ports = 0> <Width = 15> <Depth = 8> <ROM>
ST_1 : Operation 83 [1/1] (0.00ns)   --->   "%dct_coeff_table_3_addr = getelementptr i15 %dct_coeff_table_3, i64 0, i64 %k_1_cast" [../xup_high_level_synthesis_design_flow-main/source/lab3/dct.c:42->../xup_high_level_synthesis_design_flow-main/source/lab3/dct.c:70->../xup_high_level_synthesis_design_flow-main/source/lab3/dct.c:113]   --->   Operation 83 'getelementptr' 'dct_coeff_table_3_addr' <Predicate = (!icmp_ln69)> <Delay = 0.00>
ST_1 : Operation 84 [2/2] (2.32ns)   --->   "%dct_coeff_table_3_load = load i3 %dct_coeff_table_3_addr" [../xup_high_level_synthesis_design_flow-main/source/lab3/dct.c:42->../xup_high_level_synthesis_design_flow-main/source/lab3/dct.c:70->../xup_high_level_synthesis_design_flow-main/source/lab3/dct.c:113]   --->   Operation 84 'load' 'dct_coeff_table_3_load' <Predicate = (!icmp_ln69)> <Delay = 2.32> <CoreInst = "ROM">   --->   Core 95 'ROM' <Latency = 1> <II = 1> <Delay = 2.32> <Storage> <Opcode : 'load'> <Ports = 0> <Width = 15> <Depth = 8> <ROM>
ST_1 : Operation 85 [1/1] (0.00ns)   --->   "%dct_coeff_table_4_addr = getelementptr i15 %dct_coeff_table_4, i64 0, i64 %k_1_cast" [../xup_high_level_synthesis_design_flow-main/source/lab3/dct.c:42->../xup_high_level_synthesis_design_flow-main/source/lab3/dct.c:70->../xup_high_level_synthesis_design_flow-main/source/lab3/dct.c:113]   --->   Operation 85 'getelementptr' 'dct_coeff_table_4_addr' <Predicate = (!icmp_ln69)> <Delay = 0.00>
ST_1 : Operation 86 [2/2] (2.32ns)   --->   "%dct_coeff_table_4_load = load i3 %dct_coeff_table_4_addr" [../xup_high_level_synthesis_design_flow-main/source/lab3/dct.c:42->../xup_high_level_synthesis_design_flow-main/source/lab3/dct.c:70->../xup_high_level_synthesis_design_flow-main/source/lab3/dct.c:113]   --->   Operation 86 'load' 'dct_coeff_table_4_load' <Predicate = (!icmp_ln69)> <Delay = 2.32> <CoreInst = "ROM">   --->   Core 95 'ROM' <Latency = 1> <II = 1> <Delay = 2.32> <Storage> <Opcode : 'load'> <Ports = 0> <Width = 15> <Depth = 8> <ROM>
ST_1 : Operation 87 [1/1] (0.00ns)   --->   "%dct_coeff_table_5_addr = getelementptr i15 %dct_coeff_table_5, i64 0, i64 %k_1_cast" [../xup_high_level_synthesis_design_flow-main/source/lab3/dct.c:42->../xup_high_level_synthesis_design_flow-main/source/lab3/dct.c:70->../xup_high_level_synthesis_design_flow-main/source/lab3/dct.c:113]   --->   Operation 87 'getelementptr' 'dct_coeff_table_5_addr' <Predicate = (!icmp_ln69)> <Delay = 0.00>
ST_1 : Operation 88 [2/2] (2.32ns)   --->   "%dct_coeff_table_5_load = load i3 %dct_coeff_table_5_addr" [../xup_high_level_synthesis_design_flow-main/source/lab3/dct.c:42->../xup_high_level_synthesis_design_flow-main/source/lab3/dct.c:70->../xup_high_level_synthesis_design_flow-main/source/lab3/dct.c:113]   --->   Operation 88 'load' 'dct_coeff_table_5_load' <Predicate = (!icmp_ln69)> <Delay = 2.32> <CoreInst = "ROM">   --->   Core 95 'ROM' <Latency = 1> <II = 1> <Delay = 2.32> <Storage> <Opcode : 'load'> <Ports = 0> <Width = 15> <Depth = 8> <ROM>
ST_1 : Operation 89 [1/1] (0.00ns)   --->   "%dct_coeff_table_6_addr = getelementptr i15 %dct_coeff_table_6, i64 0, i64 %k_1_cast" [../xup_high_level_synthesis_design_flow-main/source/lab3/dct.c:42->../xup_high_level_synthesis_design_flow-main/source/lab3/dct.c:70->../xup_high_level_synthesis_design_flow-main/source/lab3/dct.c:113]   --->   Operation 89 'getelementptr' 'dct_coeff_table_6_addr' <Predicate = (!icmp_ln69)> <Delay = 0.00>
ST_1 : Operation 90 [2/2] (2.32ns)   --->   "%dct_coeff_table_6_load = load i3 %dct_coeff_table_6_addr" [../xup_high_level_synthesis_design_flow-main/source/lab3/dct.c:42->../xup_high_level_synthesis_design_flow-main/source/lab3/dct.c:70->../xup_high_level_synthesis_design_flow-main/source/lab3/dct.c:113]   --->   Operation 90 'load' 'dct_coeff_table_6_load' <Predicate = (!icmp_ln69)> <Delay = 2.32> <CoreInst = "ROM">   --->   Core 95 'ROM' <Latency = 1> <II = 1> <Delay = 2.32> <Storage> <Opcode : 'load'> <Ports = 0> <Width = 15> <Depth = 8> <ROM>
ST_1 : Operation 91 [1/1] (0.00ns)   --->   "%dct_coeff_table_7_addr = getelementptr i15 %dct_coeff_table_7, i64 0, i64 %k_1_cast" [../xup_high_level_synthesis_design_flow-main/source/lab3/dct.c:42->../xup_high_level_synthesis_design_flow-main/source/lab3/dct.c:70->../xup_high_level_synthesis_design_flow-main/source/lab3/dct.c:113]   --->   Operation 91 'getelementptr' 'dct_coeff_table_7_addr' <Predicate = (!icmp_ln69)> <Delay = 0.00>
ST_1 : Operation 92 [2/2] (2.32ns)   --->   "%dct_coeff_table_7_load = load i3 %dct_coeff_table_7_addr" [../xup_high_level_synthesis_design_flow-main/source/lab3/dct.c:42->../xup_high_level_synthesis_design_flow-main/source/lab3/dct.c:70->../xup_high_level_synthesis_design_flow-main/source/lab3/dct.c:113]   --->   Operation 92 'load' 'dct_coeff_table_7_load' <Predicate = (!icmp_ln69)> <Delay = 2.32> <CoreInst = "ROM">   --->   Core 95 'ROM' <Latency = 1> <II = 1> <Delay = 2.32> <Storage> <Opcode : 'load'> <Ports = 0> <Width = 15> <Depth = 8> <ROM>
ST_1 : Operation 93 [1/1] (1.73ns)   --->   "%add_ln39 = add i4 %select_ln69, i4 1" [../xup_high_level_synthesis_design_flow-main/source/lab3/dct.c:39->../xup_high_level_synthesis_design_flow-main/source/lab3/dct.c:70->../xup_high_level_synthesis_design_flow-main/source/lab3/dct.c:113]   --->   Operation 93 'add' 'add_ln39' <Predicate = (!icmp_ln69)> <Delay = 1.73> <CoreInst = "Adder">   --->   Core 1 'Adder' <Latency = 0> <II = 1> <Delay = 1.73> <FuncUnit> <Opcode : 'add' 'sub'> <InPorts = 2> <OutPorts = 1>
ST_1 : Operation 94 [1/1] (1.58ns)   --->   "%store_ln39 = store i7 %add_ln69_1, i7 %indvar_flatten36" [../xup_high_level_synthesis_design_flow-main/source/lab3/dct.c:39->../xup_high_level_synthesis_design_flow-main/source/lab3/dct.c:70->../xup_high_level_synthesis_design_flow-main/source/lab3/dct.c:113]   --->   Operation 94 'store' 'store_ln39' <Predicate = (!icmp_ln69)> <Delay = 1.58>
ST_1 : Operation 95 [1/1] (1.58ns)   --->   "%store_ln39 = store i4 %select_ln69_1, i4 %i_1" [../xup_high_level_synthesis_design_flow-main/source/lab3/dct.c:39->../xup_high_level_synthesis_design_flow-main/source/lab3/dct.c:70->../xup_high_level_synthesis_design_flow-main/source/lab3/dct.c:113]   --->   Operation 95 'store' 'store_ln39' <Predicate = (!icmp_ln69)> <Delay = 1.58>
ST_1 : Operation 96 [1/1] (1.58ns)   --->   "%store_ln39 = store i4 %add_ln39, i4 %k" [../xup_high_level_synthesis_design_flow-main/source/lab3/dct.c:39->../xup_high_level_synthesis_design_flow-main/source/lab3/dct.c:70->../xup_high_level_synthesis_design_flow-main/source/lab3/dct.c:113]   --->   Operation 96 'store' 'store_ln39' <Predicate = (!icmp_ln69)> <Delay = 1.58>

State 2 <SV = 1> <Delay = 4.30>
ST_2 : Operation 97 [1/2] (3.25ns)   --->   "%col_inbuf_load = load i6 %col_inbuf_addr" [../xup_high_level_synthesis_design_flow-main/source/lab3/dct.c:69->../xup_high_level_synthesis_design_flow-main/source/lab3/dct.c:113]   --->   Operation 97 'load' 'col_inbuf_load' <Predicate = true> <Delay = 3.25> <CoreInst = "RAM_1WnR">   --->   Core 83 'RAM_1WnR' <Latency = 1> <II = 1> <Delay = 3.25> <Storage> <Opcode : 'load' 'store'> <Ports = 17> <Width = 16> <Depth = 64> <RAM>
ST_2 : Operation 98 [1/1] (0.00ns)   --->   "%sext_ln69 = sext i16 %col_inbuf_load" [../xup_high_level_synthesis_design_flow-main/source/lab3/dct.c:69->../xup_high_level_synthesis_design_flow-main/source/lab3/dct.c:113]   --->   Operation 98 'sext' 'sext_ln69' <Predicate = true> <Delay = 0.00>
ST_2 : Operation 99 [1/2] (3.25ns)   --->   "%col_inbuf_load_1 = load i6 %col_inbuf_addr_1" [../xup_high_level_synthesis_design_flow-main/source/lab3/dct.c:69->../xup_high_level_synthesis_design_flow-main/source/lab3/dct.c:113]   --->   Operation 99 'load' 'col_inbuf_load_1' <Predicate = true> <Delay = 3.25> <CoreInst = "RAM_1WnR">   --->   Core 83 'RAM_1WnR' <Latency = 1> <II = 1> <Delay = 3.25> <Storage> <Opcode : 'load' 'store'> <Ports = 17> <Width = 16> <Depth = 64> <RAM>
ST_2 : Operation 100 [1/2] (3.25ns)   --->   "%col_inbuf_load_2 = load i6 %col_inbuf_addr_2" [../xup_high_level_synthesis_design_flow-main/source/lab3/dct.c:69->../xup_high_level_synthesis_design_flow-main/source/lab3/dct.c:113]   --->   Operation 100 'load' 'col_inbuf_load_2' <Predicate = true> <Delay = 3.25> <CoreInst = "RAM_1WnR">   --->   Core 83 'RAM_1WnR' <Latency = 1> <II = 1> <Delay = 3.25> <Storage> <Opcode : 'load' 'store'> <Ports = 17> <Width = 16> <Depth = 64> <RAM>
ST_2 : Operation 101 [1/2] (3.25ns)   --->   "%col_inbuf_load_3 = load i6 %col_inbuf_addr_3" [../xup_high_level_synthesis_design_flow-main/source/lab3/dct.c:69->../xup_high_level_synthesis_design_flow-main/source/lab3/dct.c:113]   --->   Operation 101 'load' 'col_inbuf_load_3' <Predicate = true> <Delay = 3.25> <CoreInst = "RAM_1WnR">   --->   Core 83 'RAM_1WnR' <Latency = 1> <II = 1> <Delay = 3.25> <Storage> <Opcode : 'load' 'store'> <Ports = 17> <Width = 16> <Depth = 64> <RAM>
ST_2 : Operation 102 [1/1] (0.00ns)   --->   "%sext_ln69_3 = sext i16 %col_inbuf_load_3" [../xup_high_level_synthesis_design_flow-main/source/lab3/dct.c:69->../xup_high_level_synthesis_design_flow-main/source/lab3/dct.c:113]   --->   Operation 102 'sext' 'sext_ln69_3' <Predicate = true> <Delay = 0.00>
ST_2 : Operation 103 [1/2] (3.25ns)   --->   "%col_inbuf_load_4 = load i6 %col_inbuf_addr_4" [../xup_high_level_synthesis_design_flow-main/source/lab3/dct.c:69->../xup_high_level_synthesis_design_flow-main/source/lab3/dct.c:113]   --->   Operation 103 'load' 'col_inbuf_load_4' <Predicate = true> <Delay = 3.25> <CoreInst = "RAM_1WnR">   --->   Core 83 'RAM_1WnR' <Latency = 1> <II = 1> <Delay = 3.25> <Storage> <Opcode : 'load' 'store'> <Ports = 17> <Width = 16> <Depth = 64> <RAM>
ST_2 : Operation 104 [1/2] (3.25ns)   --->   "%col_inbuf_load_5 = load i6 %col_inbuf_addr_5" [../xup_high_level_synthesis_design_flow-main/source/lab3/dct.c:69->../xup_high_level_synthesis_design_flow-main/source/lab3/dct.c:113]   --->   Operation 104 'load' 'col_inbuf_load_5' <Predicate = true> <Delay = 3.25> <CoreInst = "RAM_1WnR">   --->   Core 83 'RAM_1WnR' <Latency = 1> <II = 1> <Delay = 3.25> <Storage> <Opcode : 'load' 'store'> <Ports = 17> <Width = 16> <Depth = 64> <RAM>
ST_2 : Operation 105 [1/1] (0.00ns)   --->   "%sext_ln69_5 = sext i16 %col_inbuf_load_5" [../xup_high_level_synthesis_design_flow-main/source/lab3/dct.c:69->../xup_high_level_synthesis_design_flow-main/source/lab3/dct.c:113]   --->   Operation 105 'sext' 'sext_ln69_5' <Predicate = true> <Delay = 0.00>
ST_2 : Operation 106 [1/2] (3.25ns)   --->   "%col_inbuf_load_6 = load i6 %col_inbuf_addr_6" [../xup_high_level_synthesis_design_flow-main/source/lab3/dct.c:69->../xup_high_level_synthesis_design_flow-main/source/lab3/dct.c:113]   --->   Operation 106 'load' 'col_inbuf_load_6' <Predicate = true> <Delay = 3.25> <CoreInst = "RAM_1WnR">   --->   Core 83 'RAM_1WnR' <Latency = 1> <II = 1> <Delay = 3.25> <Storage> <Opcode : 'load' 'store'> <Ports = 17> <Width = 16> <Depth = 64> <RAM>
ST_2 : Operation 107 [1/2] (3.25ns)   --->   "%col_inbuf_load_7 = load i6 %col_inbuf_addr_7" [../xup_high_level_synthesis_design_flow-main/source/lab3/dct.c:69->../xup_high_level_synthesis_design_flow-main/source/lab3/dct.c:113]   --->   Operation 107 'load' 'col_inbuf_load_7' <Predicate = true> <Delay = 3.25> <CoreInst = "RAM_1WnR">   --->   Core 83 'RAM_1WnR' <Latency = 1> <II = 1> <Delay = 3.25> <Storage> <Opcode : 'load' 'store'> <Ports = 17> <Width = 16> <Depth = 64> <RAM>
ST_2 : Operation 108 [1/1] (0.00ns)   --->   "%sext_ln69_7 = sext i16 %col_inbuf_load_7" [../xup_high_level_synthesis_design_flow-main/source/lab3/dct.c:69->../xup_high_level_synthesis_design_flow-main/source/lab3/dct.c:113]   --->   Operation 108 'sext' 'sext_ln69_7' <Predicate = true> <Delay = 0.00>
ST_2 : Operation 109 [1/2] (2.32ns)   --->   "%dct_coeff_table_0_load = load i3 %dct_coeff_table_0_addr" [../xup_high_level_synthesis_design_flow-main/source/lab3/dct.c:42->../xup_high_level_synthesis_design_flow-main/source/lab3/dct.c:70->../xup_high_level_synthesis_design_flow-main/source/lab3/dct.c:113]   --->   Operation 109 'load' 'dct_coeff_table_0_load' <Predicate = true> <Delay = 2.32> <CoreInst = "ROM">   --->   Core 95 'ROM' <Latency = 1> <II = 1> <Delay = 2.32> <Storage> <Opcode : 'load'> <Ports = 0> <Width = 14> <Depth = 8> <ROM>
ST_2 : Operation 110 [1/1] (0.00ns)   --->   "%zext_ln42 = zext i14 %dct_coeff_table_0_load" [../xup_high_level_synthesis_design_flow-main/source/lab3/dct.c:42->../xup_high_level_synthesis_design_flow-main/source/lab3/dct.c:70->../xup_high_level_synthesis_design_flow-main/source/lab3/dct.c:113]   --->   Operation 110 'zext' 'zext_ln42' <Predicate = true> <Delay = 0.00>
ST_2 : Operation 111 [3/3] (1.05ns) (grouped into DSP with root node add_ln45_9)   --->   "%mul_ln42 = mul i29 %sext_ln69, i29 %zext_ln42" [../xup_high_level_synthesis_design_flow-main/source/lab3/dct.c:42->../xup_high_level_synthesis_design_flow-main/source/lab3/dct.c:70->../xup_high_level_synthesis_design_flow-main/source/lab3/dct.c:113]   --->   Operation 111 'mul' 'mul_ln42' <Predicate = true> <Delay = 1.05> <CoreInst = "DSP48">   --->   Core 119 'DSP48' <Latency = 3> <II = 1> <Delay = 2.15> <IPBlock> <Opcode : '<invalid operator> ' 'mul' 'add' 'sub' 'select'> <InPorts = 0> <OutPorts = 1> <Sync> <CReg>
ST_2 : Operation 112 [1/2] (2.32ns)   --->   "%dct_coeff_table_1_load = load i3 %dct_coeff_table_1_addr" [../xup_high_level_synthesis_design_flow-main/source/lab3/dct.c:42->../xup_high_level_synthesis_design_flow-main/source/lab3/dct.c:70->../xup_high_level_synthesis_design_flow-main/source/lab3/dct.c:113]   --->   Operation 112 'load' 'dct_coeff_table_1_load' <Predicate = true> <Delay = 2.32> <CoreInst = "ROM">   --->   Core 95 'ROM' <Latency = 1> <II = 1> <Delay = 2.32> <Storage> <Opcode : 'load'> <Ports = 0> <Width = 15> <Depth = 8> <ROM>
ST_2 : Operation 113 [1/2] (2.32ns)   --->   "%dct_coeff_table_2_load = load i3 %dct_coeff_table_2_addr" [../xup_high_level_synthesis_design_flow-main/source/lab3/dct.c:42->../xup_high_level_synthesis_design_flow-main/source/lab3/dct.c:70->../xup_high_level_synthesis_design_flow-main/source/lab3/dct.c:113]   --->   Operation 113 'load' 'dct_coeff_table_2_load' <Predicate = true> <Delay = 2.32> <CoreInst = "ROM">   --->   Core 95 'ROM' <Latency = 1> <II = 1> <Delay = 2.32> <Storage> <Opcode : 'load'> <Ports = 0> <Width = 15> <Depth = 8> <ROM>
ST_2 : Operation 114 [1/2] (2.32ns)   --->   "%dct_coeff_table_3_load = load i3 %dct_coeff_table_3_addr" [../xup_high_level_synthesis_design_flow-main/source/lab3/dct.c:42->../xup_high_level_synthesis_design_flow-main/source/lab3/dct.c:70->../xup_high_level_synthesis_design_flow-main/source/lab3/dct.c:113]   --->   Operation 114 'load' 'dct_coeff_table_3_load' <Predicate = true> <Delay = 2.32> <CoreInst = "ROM">   --->   Core 95 'ROM' <Latency = 1> <II = 1> <Delay = 2.32> <Storage> <Opcode : 'load'> <Ports = 0> <Width = 15> <Depth = 8> <ROM>
ST_2 : Operation 115 [1/1] (0.00ns)   --->   "%sext_ln42_7 = sext i15 %dct_coeff_table_3_load" [../xup_high_level_synthesis_design_flow-main/source/lab3/dct.c:42->../xup_high_level_synthesis_design_flow-main/source/lab3/dct.c:70->../xup_high_level_synthesis_design_flow-main/source/lab3/dct.c:113]   --->   Operation 115 'sext' 'sext_ln42_7' <Predicate = true> <Delay = 0.00>
ST_2 : Operation 116 [3/3] (1.05ns) (grouped into DSP with root node add_ln45_10)   --->   "%mul_ln42_9 = mul i29 %sext_ln69_3, i29 %sext_ln42_7" [../xup_high_level_synthesis_design_flow-main/source/lab3/dct.c:42->../xup_high_level_synthesis_design_flow-main/source/lab3/dct.c:70->../xup_high_level_synthesis_design_flow-main/source/lab3/dct.c:113]   --->   Operation 116 'mul' 'mul_ln42_9' <Predicate = true> <Delay = 1.05> <CoreInst = "DSP48">   --->   Core 119 'DSP48' <Latency = 3> <II = 1> <Delay = 2.15> <IPBlock> <Opcode : '<invalid operator> ' 'mul' 'add' 'sub' 'select'> <InPorts = 0> <OutPorts = 1> <Sync> <CReg>
ST_2 : Operation 117 [1/2] (2.32ns)   --->   "%dct_coeff_table_4_load = load i3 %dct_coeff_table_4_addr" [../xup_high_level_synthesis_design_flow-main/source/lab3/dct.c:42->../xup_high_level_synthesis_design_flow-main/source/lab3/dct.c:70->../xup_high_level_synthesis_design_flow-main/source/lab3/dct.c:113]   --->   Operation 117 'load' 'dct_coeff_table_4_load' <Predicate = true> <Delay = 2.32> <CoreInst = "ROM">   --->   Core 95 'ROM' <Latency = 1> <II = 1> <Delay = 2.32> <Storage> <Opcode : 'load'> <Ports = 0> <Width = 15> <Depth = 8> <ROM>
ST_2 : Operation 118 [1/2] (2.32ns)   --->   "%dct_coeff_table_5_load = load i3 %dct_coeff_table_5_addr" [../xup_high_level_synthesis_design_flow-main/source/lab3/dct.c:42->../xup_high_level_synthesis_design_flow-main/source/lab3/dct.c:70->../xup_high_level_synthesis_design_flow-main/source/lab3/dct.c:113]   --->   Operation 118 'load' 'dct_coeff_table_5_load' <Predicate = true> <Delay = 2.32> <CoreInst = "ROM">   --->   Core 95 'ROM' <Latency = 1> <II = 1> <Delay = 2.32> <Storage> <Opcode : 'load'> <Ports = 0> <Width = 15> <Depth = 8> <ROM>
ST_2 : Operation 119 [1/1] (0.00ns)   --->   "%sext_ln42_9 = sext i15 %dct_coeff_table_5_load" [../xup_high_level_synthesis_design_flow-main/source/lab3/dct.c:42->../xup_high_level_synthesis_design_flow-main/source/lab3/dct.c:70->../xup_high_level_synthesis_design_flow-main/source/lab3/dct.c:113]   --->   Operation 119 'sext' 'sext_ln42_9' <Predicate = true> <Delay = 0.00>
ST_2 : Operation 120 [3/3] (1.05ns) (grouped into DSP with root node add_ln45_12)   --->   "%mul_ln42_11 = mul i29 %sext_ln69_5, i29 %sext_ln42_9" [../xup_high_level_synthesis_design_flow-main/source/lab3/dct.c:42->../xup_high_level_synthesis_design_flow-main/source/lab3/dct.c:70->../xup_high_level_synthesis_design_flow-main/source/lab3/dct.c:113]   --->   Operation 120 'mul' 'mul_ln42_11' <Predicate = true> <Delay = 1.05> <CoreInst = "DSP48">   --->   Core 119 'DSP48' <Latency = 3> <II = 1> <Delay = 2.15> <IPBlock> <Opcode : '<invalid operator> ' 'mul' 'add' 'sub' 'select'> <InPorts = 0> <OutPorts = 1> <Sync> <CReg>
ST_2 : Operation 121 [1/2] (2.32ns)   --->   "%dct_coeff_table_6_load = load i3 %dct_coeff_table_6_addr" [../xup_high_level_synthesis_design_flow-main/source/lab3/dct.c:42->../xup_high_level_synthesis_design_flow-main/source/lab3/dct.c:70->../xup_high_level_synthesis_design_flow-main/source/lab3/dct.c:113]   --->   Operation 121 'load' 'dct_coeff_table_6_load' <Predicate = true> <Delay = 2.32> <CoreInst = "ROM">   --->   Core 95 'ROM' <Latency = 1> <II = 1> <Delay = 2.32> <Storage> <Opcode : 'load'> <Ports = 0> <Width = 15> <Depth = 8> <ROM>
ST_2 : Operation 122 [1/2] (2.32ns)   --->   "%dct_coeff_table_7_load = load i3 %dct_coeff_table_7_addr" [../xup_high_level_synthesis_design_flow-main/source/lab3/dct.c:42->../xup_high_level_synthesis_design_flow-main/source/lab3/dct.c:70->../xup_high_level_synthesis_design_flow-main/source/lab3/dct.c:113]   --->   Operation 122 'load' 'dct_coeff_table_7_load' <Predicate = true> <Delay = 2.32> <CoreInst = "ROM">   --->   Core 95 'ROM' <Latency = 1> <II = 1> <Delay = 2.32> <Storage> <Opcode : 'load'> <Ports = 0> <Width = 15> <Depth = 8> <ROM>
ST_2 : Operation 123 [1/1] (0.00ns)   --->   "%sext_ln45 = sext i15 %dct_coeff_table_7_load" [../xup_high_level_synthesis_design_flow-main/source/lab3/dct.c:45->../xup_high_level_synthesis_design_flow-main/source/lab3/dct.c:70->../xup_high_level_synthesis_design_flow-main/source/lab3/dct.c:113]   --->   Operation 123 'sext' 'sext_ln45' <Predicate = true> <Delay = 0.00>
ST_2 : Operation 124 [3/3] (1.05ns) (grouped into DSP with root node add_ln45_13)   --->   "%mul_ln45 = mul i29 %sext_ln69_7, i29 %sext_ln45" [../xup_high_level_synthesis_design_flow-main/source/lab3/dct.c:45->../xup_high_level_synthesis_design_flow-main/source/lab3/dct.c:70->../xup_high_level_synthesis_design_flow-main/source/lab3/dct.c:113]   --->   Operation 124 'mul' 'mul_ln45' <Predicate = true> <Delay = 1.05> <CoreInst = "DSP48">   --->   Core 119 'DSP48' <Latency = 3> <II = 1> <Delay = 2.15> <IPBlock> <Opcode : '<invalid operator> ' 'mul' 'add' 'sub' 'select'> <InPorts = 0> <OutPorts = 1> <Sync> <CReg>

State 3 <SV = 2> <Delay = 5.58>
ST_3 : Operation 125 [1/1] (0.00ns)   --->   "%sext_ln69_1 = sext i16 %col_inbuf_load_1" [../xup_high_level_synthesis_design_flow-main/source/lab3/dct.c:69->../xup_high_level_synthesis_design_flow-main/source/lab3/dct.c:113]   --->   Operation 125 'sext' 'sext_ln69_1' <Predicate = true> <Delay = 0.00>
ST_3 : Operation 126 [1/1] (0.00ns)   --->   "%sext_ln69_2 = sext i16 %col_inbuf_load_2" [../xup_high_level_synthesis_design_flow-main/source/lab3/dct.c:69->../xup_high_level_synthesis_design_flow-main/source/lab3/dct.c:113]   --->   Operation 126 'sext' 'sext_ln69_2' <Predicate = true> <Delay = 0.00>
ST_3 : Operation 127 [1/1] (0.00ns)   --->   "%sext_ln69_4 = sext i16 %col_inbuf_load_4" [../xup_high_level_synthesis_design_flow-main/source/lab3/dct.c:69->../xup_high_level_synthesis_design_flow-main/source/lab3/dct.c:113]   --->   Operation 127 'sext' 'sext_ln69_4' <Predicate = true> <Delay = 0.00>
ST_3 : Operation 128 [1/1] (0.00ns)   --->   "%sext_ln69_6 = sext i16 %col_inbuf_load_6" [../xup_high_level_synthesis_design_flow-main/source/lab3/dct.c:69->../xup_high_level_synthesis_design_flow-main/source/lab3/dct.c:113]   --->   Operation 128 'sext' 'sext_ln69_6' <Predicate = true> <Delay = 0.00>
ST_3 : Operation 129 [2/3] (1.05ns) (grouped into DSP with root node add_ln45_9)   --->   "%mul_ln42 = mul i29 %sext_ln69, i29 %zext_ln42" [../xup_high_level_synthesis_design_flow-main/source/lab3/dct.c:42->../xup_high_level_synthesis_design_flow-main/source/lab3/dct.c:70->../xup_high_level_synthesis_design_flow-main/source/lab3/dct.c:113]   --->   Operation 129 'mul' 'mul_ln42' <Predicate = true> <Delay = 1.05> <CoreInst = "DSP48">   --->   Core 119 'DSP48' <Latency = 3> <II = 1> <Delay = 2.15> <IPBlock> <Opcode : '<invalid operator> ' 'mul' 'add' 'sub' 'select'> <InPorts = 0> <OutPorts = 1> <Sync> <CReg>
ST_3 : Operation 130 [1/1] (0.00ns)   --->   "%sext_ln42 = sext i15 %dct_coeff_table_1_load" [../xup_high_level_synthesis_design_flow-main/source/lab3/dct.c:42->../xup_high_level_synthesis_design_flow-main/source/lab3/dct.c:70->../xup_high_level_synthesis_design_flow-main/source/lab3/dct.c:113]   --->   Operation 130 'sext' 'sext_ln42' <Predicate = true> <Delay = 0.00>
ST_3 : Operation 131 [1/1] (5.58ns)   --->   "%mul_ln42_7 = mul i29 %sext_ln69_1, i29 %sext_ln42" [../xup_high_level_synthesis_design_flow-main/source/lab3/dct.c:42->../xup_high_level_synthesis_design_flow-main/source/lab3/dct.c:70->../xup_high_level_synthesis_design_flow-main/source/lab3/dct.c:113]   --->   Operation 131 'mul' 'mul_ln42_7' <Predicate = true> <Delay = 5.58> <CoreInst = "Multiplier">   --->   Core 3 'Multiplier' <Latency = 0> <II = 1> <Delay = 5.58> <FuncUnit> <Opcode : 'mul'> <InPorts = 2> <OutPorts = 1>
ST_3 : Operation 132 [1/1] (0.00ns)   --->   "%sext_ln42_6 = sext i15 %dct_coeff_table_2_load" [../xup_high_level_synthesis_design_flow-main/source/lab3/dct.c:42->../xup_high_level_synthesis_design_flow-main/source/lab3/dct.c:70->../xup_high_level_synthesis_design_flow-main/source/lab3/dct.c:113]   --->   Operation 132 'sext' 'sext_ln42_6' <Predicate = true> <Delay = 0.00>
ST_3 : Operation 133 [1/1] (5.58ns)   --->   "%mul_ln42_8 = mul i29 %sext_ln69_2, i29 %sext_ln42_6" [../xup_high_level_synthesis_design_flow-main/source/lab3/dct.c:42->../xup_high_level_synthesis_design_flow-main/source/lab3/dct.c:70->../xup_high_level_synthesis_design_flow-main/source/lab3/dct.c:113]   --->   Operation 133 'mul' 'mul_ln42_8' <Predicate = true> <Delay = 5.58> <CoreInst = "Multiplier">   --->   Core 3 'Multiplier' <Latency = 0> <II = 1> <Delay = 5.58> <FuncUnit> <Opcode : 'mul'> <InPorts = 2> <OutPorts = 1>
ST_3 : Operation 134 [2/3] (1.05ns) (grouped into DSP with root node add_ln45_10)   --->   "%mul_ln42_9 = mul i29 %sext_ln69_3, i29 %sext_ln42_7" [../xup_high_level_synthesis_design_flow-main/source/lab3/dct.c:42->../xup_high_level_synthesis_design_flow-main/source/lab3/dct.c:70->../xup_high_level_synthesis_design_flow-main/source/lab3/dct.c:113]   --->   Operation 134 'mul' 'mul_ln42_9' <Predicate = true> <Delay = 1.05> <CoreInst = "DSP48">   --->   Core 119 'DSP48' <Latency = 3> <II = 1> <Delay = 2.15> <IPBlock> <Opcode : '<invalid operator> ' 'mul' 'add' 'sub' 'select'> <InPorts = 0> <OutPorts = 1> <Sync> <CReg>
ST_3 : Operation 135 [1/1] (0.00ns)   --->   "%sext_ln42_8 = sext i15 %dct_coeff_table_4_load" [../xup_high_level_synthesis_design_flow-main/source/lab3/dct.c:42->../xup_high_level_synthesis_design_flow-main/source/lab3/dct.c:70->../xup_high_level_synthesis_design_flow-main/source/lab3/dct.c:113]   --->   Operation 135 'sext' 'sext_ln42_8' <Predicate = true> <Delay = 0.00>
ST_3 : Operation 136 [1/1] (5.58ns)   --->   "%mul_ln42_10 = mul i29 %sext_ln69_4, i29 %sext_ln42_8" [../xup_high_level_synthesis_design_flow-main/source/lab3/dct.c:42->../xup_high_level_synthesis_design_flow-main/source/lab3/dct.c:70->../xup_high_level_synthesis_design_flow-main/source/lab3/dct.c:113]   --->   Operation 136 'mul' 'mul_ln42_10' <Predicate = true> <Delay = 5.58> <CoreInst = "Multiplier">   --->   Core 3 'Multiplier' <Latency = 0> <II = 1> <Delay = 5.58> <FuncUnit> <Opcode : 'mul'> <InPorts = 2> <OutPorts = 1>
ST_3 : Operation 137 [2/3] (1.05ns) (grouped into DSP with root node add_ln45_12)   --->   "%mul_ln42_11 = mul i29 %sext_ln69_5, i29 %sext_ln42_9" [../xup_high_level_synthesis_design_flow-main/source/lab3/dct.c:42->../xup_high_level_synthesis_design_flow-main/source/lab3/dct.c:70->../xup_high_level_synthesis_design_flow-main/source/lab3/dct.c:113]   --->   Operation 137 'mul' 'mul_ln42_11' <Predicate = true> <Delay = 1.05> <CoreInst = "DSP48">   --->   Core 119 'DSP48' <Latency = 3> <II = 1> <Delay = 2.15> <IPBlock> <Opcode : '<invalid operator> ' 'mul' 'add' 'sub' 'select'> <InPorts = 0> <OutPorts = 1> <Sync> <CReg>
ST_3 : Operation 138 [1/1] (0.00ns)   --->   "%sext_ln42_10 = sext i15 %dct_coeff_table_6_load" [../xup_high_level_synthesis_design_flow-main/source/lab3/dct.c:42->../xup_high_level_synthesis_design_flow-main/source/lab3/dct.c:70->../xup_high_level_synthesis_design_flow-main/source/lab3/dct.c:113]   --->   Operation 138 'sext' 'sext_ln42_10' <Predicate = true> <Delay = 0.00>
ST_3 : Operation 139 [3/3] (1.05ns) (grouped into DSP with root node add_ln45_14)   --->   "%mul_ln42_12 = mul i29 %sext_ln69_6, i29 %sext_ln42_10" [../xup_high_level_synthesis_design_flow-main/source/lab3/dct.c:42->../xup_high_level_synthesis_design_flow-main/source/lab3/dct.c:70->../xup_high_level_synthesis_design_flow-main/source/lab3/dct.c:113]   --->   Operation 139 'mul' 'mul_ln42_12' <Predicate = true> <Delay = 1.05> <CoreInst = "DSP48">   --->   Core 119 'DSP48' <Latency = 3> <II = 1> <Delay = 2.15> <IPBlock> <Opcode : '<invalid operator> ' 'mul' 'add' 'sub' 'select'> <InPorts = 0> <OutPorts = 1> <Sync> <CReg>
ST_3 : Operation 140 [2/3] (1.05ns) (grouped into DSP with root node add_ln45_13)   --->   "%mul_ln45 = mul i29 %sext_ln69_7, i29 %sext_ln45" [../xup_high_level_synthesis_design_flow-main/source/lab3/dct.c:45->../xup_high_level_synthesis_design_flow-main/source/lab3/dct.c:70->../xup_high_level_synthesis_design_flow-main/source/lab3/dct.c:113]   --->   Operation 140 'mul' 'mul_ln45' <Predicate = true> <Delay = 1.05> <CoreInst = "DSP48">   --->   Core 119 'DSP48' <Latency = 3> <II = 1> <Delay = 2.15> <IPBlock> <Opcode : '<invalid operator> ' 'mul' 'add' 'sub' 'select'> <InPorts = 0> <OutPorts = 1> <Sync> <CReg>

State 4 <SV = 3> <Delay = 2.10>
ST_4 : Operation 141 [1/3] (0.00ns) (grouped into DSP with root node add_ln45_9)   --->   "%mul_ln42 = mul i29 %sext_ln69, i29 %zext_ln42" [../xup_high_level_synthesis_design_flow-main/source/lab3/dct.c:42->../xup_high_level_synthesis_design_flow-main/source/lab3/dct.c:70->../xup_high_level_synthesis_design_flow-main/source/lab3/dct.c:113]   --->   Operation 141 'mul' 'mul_ln42' <Predicate = true> <Delay = 0.00> <CoreInst = "DSP48">   --->   Core 119 'DSP48' <Latency = 3> <II = 1> <Delay = 2.15> <IPBlock> <Opcode : '<invalid operator> ' 'mul' 'add' 'sub' 'select'> <InPorts = 0> <OutPorts = 1> <Sync> <CReg>
ST_4 : Operation 142 [1/3] (0.00ns) (grouped into DSP with root node add_ln45_10)   --->   "%mul_ln42_9 = mul i29 %sext_ln69_3, i29 %sext_ln42_7" [../xup_high_level_synthesis_design_flow-main/source/lab3/dct.c:42->../xup_high_level_synthesis_design_flow-main/source/lab3/dct.c:70->../xup_high_level_synthesis_design_flow-main/source/lab3/dct.c:113]   --->   Operation 142 'mul' 'mul_ln42_9' <Predicate = true> <Delay = 0.00> <CoreInst = "DSP48">   --->   Core 119 'DSP48' <Latency = 3> <II = 1> <Delay = 2.15> <IPBlock> <Opcode : '<invalid operator> ' 'mul' 'add' 'sub' 'select'> <InPorts = 0> <OutPorts = 1> <Sync> <CReg>
ST_4 : Operation 143 [1/3] (0.00ns) (grouped into DSP with root node add_ln45_12)   --->   "%mul_ln42_11 = mul i29 %sext_ln69_5, i29 %sext_ln42_9" [../xup_high_level_synthesis_design_flow-main/source/lab3/dct.c:42->../xup_high_level_synthesis_design_flow-main/source/lab3/dct.c:70->../xup_high_level_synthesis_design_flow-main/source/lab3/dct.c:113]   --->   Operation 143 'mul' 'mul_ln42_11' <Predicate = true> <Delay = 0.00> <CoreInst = "DSP48">   --->   Core 119 'DSP48' <Latency = 3> <II = 1> <Delay = 2.15> <IPBlock> <Opcode : '<invalid operator> ' 'mul' 'add' 'sub' 'select'> <InPorts = 0> <OutPorts = 1> <Sync> <CReg>
ST_4 : Operation 144 [2/3] (1.05ns) (grouped into DSP with root node add_ln45_14)   --->   "%mul_ln42_12 = mul i29 %sext_ln69_6, i29 %sext_ln42_10" [../xup_high_level_synthesis_design_flow-main/source/lab3/dct.c:42->../xup_high_level_synthesis_design_flow-main/source/lab3/dct.c:70->../xup_high_level_synthesis_design_flow-main/source/lab3/dct.c:113]   --->   Operation 144 'mul' 'mul_ln42_12' <Predicate = true> <Delay = 1.05> <CoreInst = "DSP48">   --->   Core 119 'DSP48' <Latency = 3> <II = 1> <Delay = 2.15> <IPBlock> <Opcode : '<invalid operator> ' 'mul' 'add' 'sub' 'select'> <InPorts = 0> <OutPorts = 1> <Sync> <CReg>
ST_4 : Operation 145 [1/3] (0.00ns) (grouped into DSP with root node add_ln45_13)   --->   "%mul_ln45 = mul i29 %sext_ln69_7, i29 %sext_ln45" [../xup_high_level_synthesis_design_flow-main/source/lab3/dct.c:45->../xup_high_level_synthesis_design_flow-main/source/lab3/dct.c:70->../xup_high_level_synthesis_design_flow-main/source/lab3/dct.c:113]   --->   Operation 145 'mul' 'mul_ln45' <Predicate = true> <Delay = 0.00> <CoreInst = "DSP48">   --->   Core 119 'DSP48' <Latency = 3> <II = 1> <Delay = 2.15> <IPBlock> <Opcode : '<invalid operator> ' 'mul' 'add' 'sub' 'select'> <InPorts = 0> <OutPorts = 1> <Sync> <CReg>
ST_4 : Operation 146 [2/2] (2.10ns) (root node of the DSP)   --->   "%add_ln45_9 = add i29 %mul_ln42_7, i29 %mul_ln42" [../xup_high_level_synthesis_design_flow-main/source/lab3/dct.c:45->../xup_high_level_synthesis_design_flow-main/source/lab3/dct.c:70->../xup_high_level_synthesis_design_flow-main/source/lab3/dct.c:113]   --->   Operation 146 'add' 'add_ln45_9' <Predicate = true> <Delay = 2.10> <CoreInst = "DSP48">   --->   Core 119 'DSP48' <Latency = 3> <II = 1> <Delay = 2.15> <IPBlock> <Opcode : '<invalid operator> ' 'mul' 'add' 'sub' 'select'> <InPorts = 0> <OutPorts = 1> <Sync> <CReg>
ST_4 : Operation 147 [2/2] (2.10ns) (root node of the DSP)   --->   "%add_ln45_10 = add i29 %mul_ln42_8, i29 %mul_ln42_9" [../xup_high_level_synthesis_design_flow-main/source/lab3/dct.c:45->../xup_high_level_synthesis_design_flow-main/source/lab3/dct.c:70->../xup_high_level_synthesis_design_flow-main/source/lab3/dct.c:113]   --->   Operation 147 'add' 'add_ln45_10' <Predicate = true> <Delay = 2.10> <CoreInst = "DSP48">   --->   Core 119 'DSP48' <Latency = 3> <II = 1> <Delay = 2.15> <IPBlock> <Opcode : '<invalid operator> ' 'mul' 'add' 'sub' 'select'> <InPorts = 0> <OutPorts = 1> <Sync> <CReg>
ST_4 : Operation 148 [2/2] (2.10ns) (root node of the DSP)   --->   "%add_ln45_12 = add i29 %mul_ln42_10, i29 %mul_ln42_11" [../xup_high_level_synthesis_design_flow-main/source/lab3/dct.c:45->../xup_high_level_synthesis_design_flow-main/source/lab3/dct.c:70->../xup_high_level_synthesis_design_flow-main/source/lab3/dct.c:113]   --->   Operation 148 'add' 'add_ln45_12' <Predicate = true> <Delay = 2.10> <CoreInst = "DSP48">   --->   Core 119 'DSP48' <Latency = 3> <II = 1> <Delay = 2.15> <IPBlock> <Opcode : '<invalid operator> ' 'mul' 'add' 'sub' 'select'> <InPorts = 0> <OutPorts = 1> <Sync> <CReg>
ST_4 : Operation 149 [2/2] (2.10ns) (root node of the DSP)   --->   "%add_ln45_13 = add i29 %mul_ln45, i29 4096" [../xup_high_level_synthesis_design_flow-main/source/lab3/dct.c:45->../xup_high_level_synthesis_design_flow-main/source/lab3/dct.c:70->../xup_high_level_synthesis_design_flow-main/source/lab3/dct.c:113]   --->   Operation 149 'add' 'add_ln45_13' <Predicate = true> <Delay = 2.10> <CoreInst = "DSP48">   --->   Core 119 'DSP48' <Latency = 3> <II = 1> <Delay = 2.15> <IPBlock> <Opcode : '<invalid operator> ' 'mul' 'add' 'sub' 'select'> <InPorts = 0> <OutPorts = 1> <Sync> <CReg>

State 5 <SV = 4> <Delay = 4.20>
ST_5 : Operation 150 [1/3] (0.00ns) (grouped into DSP with root node add_ln45_14)   --->   "%mul_ln42_12 = mul i29 %sext_ln69_6, i29 %sext_ln42_10" [../xup_high_level_synthesis_design_flow-main/source/lab3/dct.c:42->../xup_high_level_synthesis_design_flow-main/source/lab3/dct.c:70->../xup_high_level_synthesis_design_flow-main/source/lab3/dct.c:113]   --->   Operation 150 'mul' 'mul_ln42_12' <Predicate = true> <Delay = 0.00> <CoreInst = "DSP48">   --->   Core 119 'DSP48' <Latency = 3> <II = 1> <Delay = 2.15> <IPBlock> <Opcode : '<invalid operator> ' 'mul' 'add' 'sub' 'select'> <InPorts = 0> <OutPorts = 1> <Sync> <CReg>
ST_5 : Operation 151 [1/2] (2.10ns) (root node of the DSP)   --->   "%add_ln45_9 = add i29 %mul_ln42_7, i29 %mul_ln42" [../xup_high_level_synthesis_design_flow-main/source/lab3/dct.c:45->../xup_high_level_synthesis_design_flow-main/source/lab3/dct.c:70->../xup_high_level_synthesis_design_flow-main/source/lab3/dct.c:113]   --->   Operation 151 'add' 'add_ln45_9' <Predicate = true> <Delay = 2.10> <CoreInst = "DSP48">   --->   Core 119 'DSP48' <Latency = 3> <II = 1> <Delay = 2.15> <IPBlock> <Opcode : '<invalid operator> ' 'mul' 'add' 'sub' 'select'> <InPorts = 0> <OutPorts = 1> <Sync> <CReg>
ST_5 : Operation 152 [1/2] (2.10ns) (root node of the DSP)   --->   "%add_ln45_10 = add i29 %mul_ln42_8, i29 %mul_ln42_9" [../xup_high_level_synthesis_design_flow-main/source/lab3/dct.c:45->../xup_high_level_synthesis_design_flow-main/source/lab3/dct.c:70->../xup_high_level_synthesis_design_flow-main/source/lab3/dct.c:113]   --->   Operation 152 'add' 'add_ln45_10' <Predicate = true> <Delay = 2.10> <CoreInst = "DSP48">   --->   Core 119 'DSP48' <Latency = 3> <II = 1> <Delay = 2.15> <IPBlock> <Opcode : '<invalid operator> ' 'mul' 'add' 'sub' 'select'> <InPorts = 0> <OutPorts = 1> <Sync> <CReg>
ST_5 : Operation 153 [1/2] (2.10ns) (root node of the DSP)   --->   "%add_ln45_12 = add i29 %mul_ln42_10, i29 %mul_ln42_11" [../xup_high_level_synthesis_design_flow-main/source/lab3/dct.c:45->../xup_high_level_synthesis_design_flow-main/source/lab3/dct.c:70->../xup_high_level_synthesis_design_flow-main/source/lab3/dct.c:113]   --->   Operation 153 'add' 'add_ln45_12' <Predicate = true> <Delay = 2.10> <CoreInst = "DSP48">   --->   Core 119 'DSP48' <Latency = 3> <II = 1> <Delay = 2.15> <IPBlock> <Opcode : '<invalid operator> ' 'mul' 'add' 'sub' 'select'> <InPorts = 0> <OutPorts = 1> <Sync> <CReg>
ST_5 : Operation 154 [1/2] (2.10ns) (root node of the DSP)   --->   "%add_ln45_13 = add i29 %mul_ln45, i29 4096" [../xup_high_level_synthesis_design_flow-main/source/lab3/dct.c:45->../xup_high_level_synthesis_design_flow-main/source/lab3/dct.c:70->../xup_high_level_synthesis_design_flow-main/source/lab3/dct.c:113]   --->   Operation 154 'add' 'add_ln45_13' <Predicate = true> <Delay = 2.10> <CoreInst = "DSP48">   --->   Core 119 'DSP48' <Latency = 3> <II = 1> <Delay = 2.15> <IPBlock> <Opcode : '<invalid operator> ' 'mul' 'add' 'sub' 'select'> <InPorts = 0> <OutPorts = 1> <Sync> <CReg>
ST_5 : Operation 155 [2/2] (2.10ns) (root node of the DSP)   --->   "%add_ln45_14 = add i29 %add_ln45_13, i29 %mul_ln42_12" [../xup_high_level_synthesis_design_flow-main/source/lab3/dct.c:45->../xup_high_level_synthesis_design_flow-main/source/lab3/dct.c:70->../xup_high_level_synthesis_design_flow-main/source/lab3/dct.c:113]   --->   Operation 155 'add' 'add_ln45_14' <Predicate = true> <Delay = 2.10> <CoreInst = "DSP48">   --->   Core 119 'DSP48' <Latency = 3> <II = 1> <Delay = 2.15> <IPBlock> <Opcode : '<invalid operator> ' 'mul' 'add' 'sub' 'select'> <InPorts = 0> <OutPorts = 1> <Sync> <CReg>

State 6 <SV = 5> <Delay = 4.56>
ST_6 : Operation 156 [1/2] (2.10ns) (root node of the DSP)   --->   "%add_ln45_14 = add i29 %add_ln45_13, i29 %mul_ln42_12" [../xup_high_level_synthesis_design_flow-main/source/lab3/dct.c:45->../xup_high_level_synthesis_design_flow-main/source/lab3/dct.c:70->../xup_high_level_synthesis_design_flow-main/source/lab3/dct.c:113]   --->   Operation 156 'add' 'add_ln45_14' <Predicate = true> <Delay = 2.10> <CoreInst = "DSP48">   --->   Core 119 'DSP48' <Latency = 3> <II = 1> <Delay = 2.15> <IPBlock> <Opcode : '<invalid operator> ' 'mul' 'add' 'sub' 'select'> <InPorts = 0> <OutPorts = 1> <Sync> <CReg>
ST_6 : Operation 157 [1/1] (2.46ns)   --->   "%add_ln45_15 = add i29 %add_ln45_14, i29 %add_ln45_12" [../xup_high_level_synthesis_design_flow-main/source/lab3/dct.c:45->../xup_high_level_synthesis_design_flow-main/source/lab3/dct.c:70->../xup_high_level_synthesis_design_flow-main/source/lab3/dct.c:113]   --->   Operation 157 'add' 'add_ln45_15' <Predicate = true> <Delay = 2.46> <CoreInst = "Adder">   --->   Core 1 'Adder' <Latency = 0> <II = 1> <Delay = 2.46> <FuncUnit> <Opcode : 'add' 'sub'> <InPorts = 2> <OutPorts = 1>

State 7 <SV = 6> <Delay = 4.28>
ST_7 : Operation 158 [1/1] (0.00ns) (grouped into TernaryAdder)   --->   "%add_ln45_11 = add i29 %add_ln45_10, i29 %add_ln45_9" [../xup_high_level_synthesis_design_flow-main/source/lab3/dct.c:45->../xup_high_level_synthesis_design_flow-main/source/lab3/dct.c:70->../xup_high_level_synthesis_design_flow-main/source/lab3/dct.c:113]   --->   Operation 158 'add' 'add_ln45_11' <Predicate = true> <Delay = 0.00> <CoreInst = "TAddSub">   --->   Core 10 'TAddSub' <Latency = 0> <II = 1> <Delay = 2.14> <IPBlock> <Opcode : '<invalid operator> ' 'add' 'sub'> <InPorts = 3> <OutPorts = 1> <Sync> <CReg>
ST_7 : Operation 159 [1/1] (4.28ns) (root node of TernaryAdder)   --->   "%add_ln45_1 = add i29 %add_ln45_15, i29 %add_ln45_11" [../xup_high_level_synthesis_design_flow-main/source/lab3/dct.c:45->../xup_high_level_synthesis_design_flow-main/source/lab3/dct.c:70->../xup_high_level_synthesis_design_flow-main/source/lab3/dct.c:113]   --->   Operation 159 'add' 'add_ln45_1' <Predicate = true> <Delay = 4.28> <CoreInst = "TAddSub">   --->   Core 10 'TAddSub' <Latency = 0> <II = 1> <Delay = 2.14> <IPBlock> <Opcode : '<invalid operator> ' 'add' 'sub'> <InPorts = 3> <OutPorts = 1> <Sync> <CReg>
ST_7 : Operation 160 [1/1] (0.00ns)   --->   "%trunc_ln45_1 = partselect i16 @_ssdm_op_PartSelect.i16.i29.i32.i32, i29 %add_ln45_1, i32 13, i32 28" [../xup_high_level_synthesis_design_flow-main/source/lab3/dct.c:45->../xup_high_level_synthesis_design_flow-main/source/lab3/dct.c:70->../xup_high_level_synthesis_design_flow-main/source/lab3/dct.c:113]   --->   Operation 160 'partselect' 'trunc_ln45_1' <Predicate = true> <Delay = 0.00>
ST_7 : Operation 169 [1/1] (0.00ns)   --->   "%ret_ln0 = ret"   --->   Operation 169 'ret' 'ret_ln0' <Predicate = (icmp_ln69)> <Delay = 0.00>

State 8 <SV = 7> <Delay = 3.25>
ST_8 : Operation 161 [1/1] (0.00ns)   --->   "%specloopname_ln0 = specloopname void @_ssdm_op_SpecLoopName, void @Col_DCT_Loop_DCT_Outer_Loop_str"   --->   Operation 161 'specloopname' 'specloopname_ln0' <Predicate = true> <Delay = 0.00>
ST_8 : Operation 162 [1/1] (0.00ns)   --->   "%speclooptripcount_ln0 = speclooptripcount void @_ssdm_op_SpecLoopTripCount, i64 64, i64 64, i64 64"   --->   Operation 162 'speclooptripcount' 'speclooptripcount_ln0' <Predicate = true> <Delay = 0.00>
ST_8 : Operation 163 [1/1] (0.00ns)   --->   "%specpipeline_ln0 = specpipeline void @_ssdm_op_SpecPipeline, i32 4294967295, i32 0, i32 1, i32 0, void @p_str"   --->   Operation 163 'specpipeline' 'specpipeline_ln0' <Predicate = true> <Delay = 0.00>
ST_8 : Operation 164 [1/1] (0.00ns)   --->   "%zext_ln45_2 = zext i6 %add_ln45" [../xup_high_level_synthesis_design_flow-main/source/lab3/dct.c:45->../xup_high_level_synthesis_design_flow-main/source/lab3/dct.c:70->../xup_high_level_synthesis_design_flow-main/source/lab3/dct.c:113]   --->   Operation 164 'zext' 'zext_ln45_2' <Predicate = true> <Delay = 0.00>
ST_8 : Operation 165 [1/1] (0.00ns)   --->   "%col_outbuf_addr = getelementptr i16 %col_outbuf, i64 0, i64 %zext_ln45_2" [../xup_high_level_synthesis_design_flow-main/source/lab3/dct.c:45->../xup_high_level_synthesis_design_flow-main/source/lab3/dct.c:70->../xup_high_level_synthesis_design_flow-main/source/lab3/dct.c:113]   --->   Operation 165 'getelementptr' 'col_outbuf_addr' <Predicate = true> <Delay = 0.00>
ST_8 : Operation 166 [1/1] (0.00ns)   --->   "%specloopname_ln39 = specloopname void @_ssdm_op_SpecLoopName, void @empty_4" [../xup_high_level_synthesis_design_flow-main/source/lab3/dct.c:39->../xup_high_level_synthesis_design_flow-main/source/lab3/dct.c:70->../xup_high_level_synthesis_design_flow-main/source/lab3/dct.c:113]   --->   Operation 166 'specloopname' 'specloopname_ln39' <Predicate = true> <Delay = 0.00>
ST_8 : Operation 167 [1/1] (3.25ns)   --->   "%store_ln45 = store i16 %trunc_ln45_1, i6 %col_outbuf_addr" [../xup_high_level_synthesis_design_flow-main/source/lab3/dct.c:45->../xup_high_level_synthesis_design_flow-main/source/lab3/dct.c:70->../xup_high_level_synthesis_design_flow-main/source/lab3/dct.c:113]   --->   Operation 167 'store' 'store_ln45' <Predicate = true> <Delay = 3.25> <CoreInst = "RAM">   --->   Core 82 'RAM' <Latency = 1> <II = 1> <Delay = 3.25> <Storage> <Opcode : 'load' 'store'> <Ports = 2> <Width = 16> <Depth = 64> <RAM>
ST_8 : Operation 168 [1/1] (0.00ns)   --->   "%br_ln39 = br void %DCT_Inner_Loop.i17.i" [../xup_high_level_synthesis_design_flow-main/source/lab3/dct.c:39->../xup_high_level_synthesis_design_flow-main/source/lab3/dct.c:70->../xup_high_level_synthesis_design_flow-main/source/lab3/dct.c:113]   --->   Operation 168 'br' 'br_ln39' <Predicate = true> <Delay = 0.00>


============================================================
+ Verbose Summary: Timing violations
============================================================
Target clock period: 10.000ns, clock uncertainty: 2.700ns.

 <State 1>: 6.177ns
The critical path consists of the following:
	'alloca' operation ('k') [11]  (0.000 ns)
	'load' operation ('k_load', ../xup_high_level_synthesis_design_flow-main/source/lab3/dct.c:39->../xup_high_level_synthesis_design_flow-main/source/lab3/dct.c:70->../xup_high_level_synthesis_design_flow-main/source/lab3/dct.c:113) on local variable 'k' [28]  (0.000 ns)
	'icmp' operation ('icmp_ln39', ../xup_high_level_synthesis_design_flow-main/source/lab3/dct.c:39->../xup_high_level_synthesis_design_flow-main/source/lab3/dct.c:70->../xup_high_level_synthesis_design_flow-main/source/lab3/dct.c:113) [33]  (1.735 ns)
	'select' operation ('select_ln69_2', ../xup_high_level_synthesis_design_flow-main/source/lab3/dct.c:69->../xup_high_level_synthesis_design_flow-main/source/lab3/dct.c:113) [39]  (1.188 ns)
	'getelementptr' operation ('col_inbuf_addr', ../xup_high_level_synthesis_design_flow-main/source/lab3/dct.c:43->../xup_high_level_synthesis_design_flow-main/source/lab3/dct.c:70->../xup_high_level_synthesis_design_flow-main/source/lab3/dct.c:113) [41]  (0.000 ns)
	'load' operation ('col_inbuf_load', ../xup_high_level_synthesis_design_flow-main/source/lab3/dct.c:69->../xup_high_level_synthesis_design_flow-main/source/lab3/dct.c:113) on array 'col_inbuf' [42]  (3.254 ns)

 <State 2>: 4.304ns
The critical path consists of the following:
	'load' operation ('col_inbuf_load', ../xup_high_level_synthesis_design_flow-main/source/lab3/dct.c:69->../xup_high_level_synthesis_design_flow-main/source/lab3/dct.c:113) on array 'col_inbuf' [42]  (3.254 ns)
	'mul' operation of DSP[125] ('mul_ln42', ../xup_high_level_synthesis_design_flow-main/source/lab3/dct.c:42->../xup_high_level_synthesis_design_flow-main/source/lab3/dct.c:70->../xup_high_level_synthesis_design_flow-main/source/lab3/dct.c:113) [96]  (1.050 ns)

 <State 3>: 5.580ns
The critical path consists of the following:
	'mul' operation ('mul_ln42_7', ../xup_high_level_synthesis_design_flow-main/source/lab3/dct.c:42->../xup_high_level_synthesis_design_flow-main/source/lab3/dct.c:70->../xup_high_level_synthesis_design_flow-main/source/lab3/dct.c:113) [100]  (5.580 ns)

 <State 4>: 2.100ns
The critical path consists of the following:
	'mul' operation of DSP[125] ('mul_ln42', ../xup_high_level_synthesis_design_flow-main/source/lab3/dct.c:42->../xup_high_level_synthesis_design_flow-main/source/lab3/dct.c:70->../xup_high_level_synthesis_design_flow-main/source/lab3/dct.c:113) [96]  (0.000 ns)
	'add' operation of DSP[125] ('add_ln45_9', ../xup_high_level_synthesis_design_flow-main/source/lab3/dct.c:45->../xup_high_level_synthesis_design_flow-main/source/lab3/dct.c:70->../xup_high_level_synthesis_design_flow-main/source/lab3/dct.c:113) [125]  (2.100 ns)

 <State 5>: 4.200ns
The critical path consists of the following:
	'add' operation of DSP[129] ('add_ln45_13', ../xup_high_level_synthesis_design_flow-main/source/lab3/dct.c:45->../xup_high_level_synthesis_design_flow-main/source/lab3/dct.c:70->../xup_high_level_synthesis_design_flow-main/source/lab3/dct.c:113) [129]  (2.100 ns)
	'add' operation of DSP[130] ('add_ln45_14', ../xup_high_level_synthesis_design_flow-main/source/lab3/dct.c:45->../xup_high_level_synthesis_design_flow-main/source/lab3/dct.c:70->../xup_high_level_synthesis_design_flow-main/source/lab3/dct.c:113) [130]  (2.100 ns)

 <State 6>: 4.563ns
The critical path consists of the following:
	'add' operation of DSP[130] ('add_ln45_14', ../xup_high_level_synthesis_design_flow-main/source/lab3/dct.c:45->../xup_high_level_synthesis_design_flow-main/source/lab3/dct.c:70->../xup_high_level_synthesis_design_flow-main/source/lab3/dct.c:113) [130]  (2.100 ns)
	'add' operation ('add_ln45_15', ../xup_high_level_synthesis_design_flow-main/source/lab3/dct.c:45->../xup_high_level_synthesis_design_flow-main/source/lab3/dct.c:70->../xup_high_level_synthesis_design_flow-main/source/lab3/dct.c:113) [131]  (2.463 ns)

 <State 7>: 4.283ns
The critical path consists of the following:
	'add' operation ('add_ln45_11', ../xup_high_level_synthesis_design_flow-main/source/lab3/dct.c:45->../xup_high_level_synthesis_design_flow-main/source/lab3/dct.c:70->../xup_high_level_synthesis_design_flow-main/source/lab3/dct.c:113) [127]  (0.000 ns)
	'add' operation ('add_ln45_1', ../xup_high_level_synthesis_design_flow-main/source/lab3/dct.c:45->../xup_high_level_synthesis_design_flow-main/source/lab3/dct.c:70->../xup_high_level_synthesis_design_flow-main/source/lab3/dct.c:113) [132]  (4.283 ns)

 <State 8>: 3.254ns
The critical path consists of the following:
	'getelementptr' operation ('col_outbuf_addr', ../xup_high_level_synthesis_design_flow-main/source/lab3/dct.c:45->../xup_high_level_synthesis_design_flow-main/source/lab3/dct.c:70->../xup_high_level_synthesis_design_flow-main/source/lab3/dct.c:113) [91]  (0.000 ns)
	'store' operation ('store_ln45', ../xup_high_level_synthesis_design_flow-main/source/lab3/dct.c:45->../xup_high_level_synthesis_design_flow-main/source/lab3/dct.c:70->../xup_high_level_synthesis_design_flow-main/source/lab3/dct.c:113) of variable 'trunc_ln45_1', ../xup_high_level_synthesis_design_flow-main/source/lab3/dct.c:45->../xup_high_level_synthesis_design_flow-main/source/lab3/dct.c:70->../xup_high_level_synthesis_design_flow-main/source/lab3/dct.c:113 on array 'col_outbuf' [134]  (3.254 ns)


============================================================
+ Verbose Summary: Binding
============================================================
N/A
* FSMD analyzer results:
  - Output states:
 - Input state : 
  - Chain level:
	State 1
	State 2
	State 3
	State 4
	State 5
	State 6
	State 7
	State 8


============================================================
+ Verbose Summary: Datapath Resource usage 
============================================================
N/A
