

================================================================
== Vitis HLS Report for 'dct_Pipeline_RD_Loop_Row_RD_Loop_Col'
================================================================
* Date:           Sun Dec  1 13:31:40 2024

* Version:        2023.1 (Build 3854077 on May  4 2023)
* Project:        lab3
* Solution:       solution1 (Vivado IP Flow Target)
* Product family: zynq
* Target device:  xc7z020-clg484-1


================================================================
== Performance Estimates
================================================================
+ Timing: 
    * Summary: 
    +--------+----------+----------+------------+
    |  Clock |  Target  | Estimated| Uncertainty|
    +--------+----------+----------+------------+
    |ap_clk  |  10.00 ns|  6.508 ns|     2.70 ns|
    +--------+----------+----------+------------+

+ Latency: 
    * Summary: 
    +---------+---------+----------+----------+-----+-----+---------+
    |  Latency (cycles) |  Latency (absolute) |  Interval | Pipeline|
    |   min   |   max   |    min   |    max   | min | max |   Type  |
    +---------+---------+----------+----------+-----+-----+---------+
    |       66|       66|  0.660 us|  0.660 us|   66|   66|       no|
    +---------+---------+----------+----------+-----+-----+---------+

    + Detail: 
        * Instance: 
        N/A

        * Loop: 
        +---------------------------+---------+---------+----------+-----------+-----------+------+----------+
        |                           |  Latency (cycles) | Iteration|  Initiation Interval  | Trip |          |
        |         Loop Name         |   min   |   max   |  Latency |  achieved |   target  | Count| Pipelined|
        +---------------------------+---------+---------+----------+-----------+-----------+------+----------+
        |- RD_Loop_Row_RD_Loop_Col  |       64|       64|         2|          1|          1|    64|       yes|
        +---------------------------+---------+---------+----------+-----------+-----------+------+----------+

============================================================
+ Verbose Summary: Synthesis Manager
============================================================
InlineROM: 1
ExposeGlobal: 0
============================================================
+ Verbose Summary: CDFG Model
============================================================
IsTopModel: 0
ResetActiveHigh: 1
IsCombinational: 0
IsDatapathOnly: 0
HasWiredReturn: 1
HasMFsm: 2
HasVarLatency: 1
IsPipeline: 0
IsRtlPipelined: 0
IsInstanceOverlapped: 0
IsDontTouch: 0
HasImplIP: 0
IsGatedGlobalClock: 0

+ Individual pipeline summary: 
  * Pipeline-0: initiation interval (II) = 1, depth = 2


============================================================
+ Verbose Summary: Schedule
============================================================
* Number of FSM states : 2
* Pipeline : 1
  Pipeline-0 : II = 1, D = 2, States = { 1 2 }
* Dataflow Pipeline: 0

* FSM state transitions: 
1 --> 2 
2 --> 

* FSM state operations: 

State 1 <SV = 0> <Delay = 6.08>
ST_1 : Operation 5 [1/1] (0.00ns)   --->   "%c = alloca i32 1"   --->   Operation 5 'alloca' 'c' <Predicate = true> <Delay = 0.00>
ST_1 : Operation 6 [1/1] (0.00ns)   --->   "%r = alloca i32 1"   --->   Operation 6 'alloca' 'r' <Predicate = true> <Delay = 0.00>
ST_1 : Operation 7 [1/1] (0.00ns)   --->   "%indvar_flatten = alloca i32 1"   --->   Operation 7 'alloca' 'indvar_flatten' <Predicate = true> <Delay = 0.00>
ST_1 : Operation 8 [1/1] (0.00ns)   --->   "%specinterface_ln0 = specinterface void @_ssdm_op_SpecInterface, i16 %input_r, void @empty, i32 0, i32 0, void @empty_0, i32 4294967295, i32 0, void @empty_0, void @empty_0, void @empty_0, i32 0, i32 0, i32 0, i32 0, void @empty_0, void @empty_0, i32 4294967295, i32 0"   --->   Operation 8 'specinterface' 'specinterface_ln0' <Predicate = true> <Delay = 0.00>
ST_1 : Operation 9 [1/1] (1.58ns)   --->   "%store_ln0 = store i7 0, i7 %indvar_flatten"   --->   Operation 9 'store' 'store_ln0' <Predicate = true> <Delay = 1.58>
ST_1 : Operation 10 [1/1] (1.58ns)   --->   "%store_ln0 = store i4 0, i4 %r"   --->   Operation 10 'store' 'store_ln0' <Predicate = true> <Delay = 1.58>
ST_1 : Operation 11 [1/1] (1.58ns)   --->   "%store_ln0 = store i4 0, i4 %c"   --->   Operation 11 'store' 'store_ln0' <Predicate = true> <Delay = 1.58>
ST_1 : Operation 12 [1/1] (0.00ns)   --->   "%br_ln0 = br void %for.inc.i"   --->   Operation 12 'br' 'br_ln0' <Predicate = true> <Delay = 0.00>
ST_1 : Operation 13 [1/1] (0.00ns)   --->   "%indvar_flatten_load = load i7 %indvar_flatten" [../xup_high_level_synthesis_design_flow-main/source/lab3/dct.c:85->../xup_high_level_synthesis_design_flow-main/source/lab3/dct.c:111]   --->   Operation 13 'load' 'indvar_flatten_load' <Predicate = true> <Delay = 0.00>
ST_1 : Operation 14 [1/1] (0.00ns)   --->   "%specpipeline_ln0 = specpipeline void @_ssdm_op_SpecPipeline, i32 4294967295, i32 0, i32 1, i32 0, void @p_str"   --->   Operation 14 'specpipeline' 'specpipeline_ln0' <Predicate = true> <Delay = 0.00>
ST_1 : Operation 15 [1/1] (1.87ns)   --->   "%icmp_ln85 = icmp_eq  i7 %indvar_flatten_load, i7 64" [../xup_high_level_synthesis_design_flow-main/source/lab3/dct.c:85->../xup_high_level_synthesis_design_flow-main/source/lab3/dct.c:111]   --->   Operation 15 'icmp' 'icmp_ln85' <Predicate = true> <Delay = 1.87> <CoreInst = "Cmp">   --->   Core 9 'Cmp' <Latency = 0> <II = 1> <Delay = 1.87> <FuncUnit> <Opcode : 'icmp'> <InPorts = 2> <OutPorts = 1>
ST_1 : Operation 16 [1/1] (1.87ns)   --->   "%add_ln85_1 = add i7 %indvar_flatten_load, i7 1" [../xup_high_level_synthesis_design_flow-main/source/lab3/dct.c:85->../xup_high_level_synthesis_design_flow-main/source/lab3/dct.c:111]   --->   Operation 16 'add' 'add_ln85_1' <Predicate = true> <Delay = 1.87> <CoreInst = "Adder">   --->   Core 1 'Adder' <Latency = 0> <II = 1> <Delay = 1.87> <FuncUnit> <Opcode : 'add' 'sub'> <InPorts = 2> <OutPorts = 1>
ST_1 : Operation 17 [1/1] (0.00ns)   --->   "%br_ln85 = br i1 %icmp_ln85, void %for.inc8.i, void %DCT_Inner_Loop.i.i.preheader.exitStub" [../xup_high_level_synthesis_design_flow-main/source/lab3/dct.c:85->../xup_high_level_synthesis_design_flow-main/source/lab3/dct.c:111]   --->   Operation 17 'br' 'br_ln85' <Predicate = true> <Delay = 0.00>
ST_1 : Operation 18 [1/1] (0.00ns)   --->   "%c_load = load i4 %c" [../xup_high_level_synthesis_design_flow-main/source/lab3/dct.c:87->../xup_high_level_synthesis_design_flow-main/source/lab3/dct.c:111]   --->   Operation 18 'load' 'c_load' <Predicate = (!icmp_ln85)> <Delay = 0.00>
ST_1 : Operation 19 [1/1] (0.00ns)   --->   "%r_load = load i4 %r" [../xup_high_level_synthesis_design_flow-main/source/lab3/dct.c:85->../xup_high_level_synthesis_design_flow-main/source/lab3/dct.c:111]   --->   Operation 19 'load' 'r_load' <Predicate = (!icmp_ln85)> <Delay = 0.00>
ST_1 : Operation 20 [1/1] (1.73ns)   --->   "%add_ln85 = add i4 %r_load, i4 1" [../xup_high_level_synthesis_design_flow-main/source/lab3/dct.c:85->../xup_high_level_synthesis_design_flow-main/source/lab3/dct.c:111]   --->   Operation 20 'add' 'add_ln85' <Predicate = (!icmp_ln85)> <Delay = 1.73> <CoreInst = "Adder">   --->   Core 1 'Adder' <Latency = 0> <II = 1> <Delay = 1.73> <FuncUnit> <Opcode : 'add' 'sub'> <InPorts = 2> <OutPorts = 1>
ST_1 : Operation 21 [1/1] (1.73ns)   --->   "%icmp_ln87 = icmp_eq  i4 %c_load, i4 8" [../xup_high_level_synthesis_design_flow-main/source/lab3/dct.c:87->../xup_high_level_synthesis_design_flow-main/source/lab3/dct.c:111]   --->   Operation 21 'icmp' 'icmp_ln87' <Predicate = (!icmp_ln85)> <Delay = 1.73> <CoreInst = "Cmp">   --->   Core 9 'Cmp' <Latency = 0> <II = 1> <Delay = 1.73> <FuncUnit> <Opcode : 'icmp'> <InPorts = 2> <OutPorts = 1>
ST_1 : Operation 22 [1/1] (1.02ns)   --->   "%select_ln85 = select i1 %icmp_ln87, i4 0, i4 %c_load" [../xup_high_level_synthesis_design_flow-main/source/lab3/dct.c:85->../xup_high_level_synthesis_design_flow-main/source/lab3/dct.c:111]   --->   Operation 22 'select' 'select_ln85' <Predicate = (!icmp_ln85)> <Delay = 1.02> <CoreInst = "Sel">   --->   Core 73 'Sel' <Latency = 0> <II = 1> <Delay = 1.02> <FuncUnit> <Opcode : 'select'> <InPorts = 3> <OutPorts = 1>
ST_1 : Operation 23 [1/1] (1.02ns)   --->   "%select_ln85_1 = select i1 %icmp_ln87, i4 %add_ln85, i4 %r_load" [../xup_high_level_synthesis_design_flow-main/source/lab3/dct.c:85->../xup_high_level_synthesis_design_flow-main/source/lab3/dct.c:111]   --->   Operation 23 'select' 'select_ln85_1' <Predicate = (!icmp_ln85)> <Delay = 1.02> <CoreInst = "Sel">   --->   Core 73 'Sel' <Latency = 0> <II = 1> <Delay = 1.02> <FuncUnit> <Opcode : 'select'> <InPorts = 3> <OutPorts = 1>
ST_1 : Operation 24 [1/1] (0.00ns)   --->   "%trunc_ln88 = trunc i4 %select_ln85_1" [../xup_high_level_synthesis_design_flow-main/source/lab3/dct.c:88->../xup_high_level_synthesis_design_flow-main/source/lab3/dct.c:111]   --->   Operation 24 'trunc' 'trunc_ln88' <Predicate = (!icmp_ln85)> <Delay = 0.00>
ST_1 : Operation 25 [1/1] (0.00ns)   --->   "%tmp = bitconcatenate i6 @_ssdm_op_BitConcatenate.i6.i3.i3, i3 %trunc_ln88, i3 0" [../xup_high_level_synthesis_design_flow-main/source/lab3/dct.c:88->../xup_high_level_synthesis_design_flow-main/source/lab3/dct.c:111]   --->   Operation 25 'bitconcatenate' 'tmp' <Predicate = (!icmp_ln85)> <Delay = 0.00>
ST_1 : Operation 26 [1/1] (0.00ns)   --->   "%zext_ln88_1 = zext i4 %select_ln85" [../xup_high_level_synthesis_design_flow-main/source/lab3/dct.c:88->../xup_high_level_synthesis_design_flow-main/source/lab3/dct.c:111]   --->   Operation 26 'zext' 'zext_ln88_1' <Predicate = (!icmp_ln85)> <Delay = 0.00>
ST_1 : Operation 27 [1/1] (1.82ns)   --->   "%add_ln88 = add i6 %tmp, i6 %zext_ln88_1" [../xup_high_level_synthesis_design_flow-main/source/lab3/dct.c:88->../xup_high_level_synthesis_design_flow-main/source/lab3/dct.c:111]   --->   Operation 27 'add' 'add_ln88' <Predicate = (!icmp_ln85)> <Delay = 1.82> <CoreInst = "Adder">   --->   Core 1 'Adder' <Latency = 0> <II = 1> <Delay = 1.82> <FuncUnit> <Opcode : 'add' 'sub'> <InPorts = 2> <OutPorts = 1>
ST_1 : Operation 28 [1/1] (0.00ns)   --->   "%trunc_ln88_1 = trunc i4 %select_ln85" [../xup_high_level_synthesis_design_flow-main/source/lab3/dct.c:88->../xup_high_level_synthesis_design_flow-main/source/lab3/dct.c:111]   --->   Operation 28 'trunc' 'trunc_ln88_1' <Predicate = (!icmp_ln85)> <Delay = 0.00>
ST_1 : Operation 29 [1/1] (0.00ns)   --->   "%add_ln = bitconcatenate i6 @_ssdm_op_BitConcatenate.i6.i3.i3, i3 %trunc_ln88, i3 %trunc_ln88_1" [../xup_high_level_synthesis_design_flow-main/source/lab3/dct.c:88->../xup_high_level_synthesis_design_flow-main/source/lab3/dct.c:111]   --->   Operation 29 'bitconcatenate' 'add_ln' <Predicate = (!icmp_ln85)> <Delay = 0.00>
ST_1 : Operation 30 [1/1] (0.00ns)   --->   "%zext_ln88 = zext i6 %add_ln" [../xup_high_level_synthesis_design_flow-main/source/lab3/dct.c:88->../xup_high_level_synthesis_design_flow-main/source/lab3/dct.c:111]   --->   Operation 30 'zext' 'zext_ln88' <Predicate = (!icmp_ln85)> <Delay = 0.00>
ST_1 : Operation 31 [1/1] (0.00ns)   --->   "%input_r_addr = getelementptr i16 %input_r, i64 0, i64 %zext_ln88" [../xup_high_level_synthesis_design_flow-main/source/lab3/dct.c:88->../xup_high_level_synthesis_design_flow-main/source/lab3/dct.c:111]   --->   Operation 31 'getelementptr' 'input_r_addr' <Predicate = (!icmp_ln85)> <Delay = 0.00>
ST_1 : Operation 32 [2/2] (3.25ns)   --->   "%input_r_load = load i6 %input_r_addr" [../xup_high_level_synthesis_design_flow-main/source/lab3/dct.c:88->../xup_high_level_synthesis_design_flow-main/source/lab3/dct.c:111]   --->   Operation 32 'load' 'input_r_load' <Predicate = (!icmp_ln85)> <Delay = 3.25> <CoreInst = "RAM">   --->   Core 82 'RAM' <Latency = 1> <II = 1> <Delay = 3.25> <Storage> <Opcode : 'load' 'store'> <Ports = 2> <Width = 16> <Depth = 64> <RAM>
ST_1 : Operation 33 [1/1] (1.73ns)   --->   "%add_ln87 = add i4 %select_ln85, i4 1" [../xup_high_level_synthesis_design_flow-main/source/lab3/dct.c:87->../xup_high_level_synthesis_design_flow-main/source/lab3/dct.c:111]   --->   Operation 33 'add' 'add_ln87' <Predicate = (!icmp_ln85)> <Delay = 1.73> <CoreInst = "Adder">   --->   Core 1 'Adder' <Latency = 0> <II = 1> <Delay = 1.73> <FuncUnit> <Opcode : 'add' 'sub'> <InPorts = 2> <OutPorts = 1>
ST_1 : Operation 34 [1/1] (1.58ns)   --->   "%store_ln87 = store i7 %add_ln85_1, i7 %indvar_flatten" [../xup_high_level_synthesis_design_flow-main/source/lab3/dct.c:87->../xup_high_level_synthesis_design_flow-main/source/lab3/dct.c:111]   --->   Operation 34 'store' 'store_ln87' <Predicate = (!icmp_ln85)> <Delay = 1.58>
ST_1 : Operation 35 [1/1] (1.58ns)   --->   "%store_ln87 = store i4 %select_ln85_1, i4 %r" [../xup_high_level_synthesis_design_flow-main/source/lab3/dct.c:87->../xup_high_level_synthesis_design_flow-main/source/lab3/dct.c:111]   --->   Operation 35 'store' 'store_ln87' <Predicate = (!icmp_ln85)> <Delay = 1.58>
ST_1 : Operation 36 [1/1] (1.58ns)   --->   "%store_ln87 = store i4 %add_ln87, i4 %c" [../xup_high_level_synthesis_design_flow-main/source/lab3/dct.c:87->../xup_high_level_synthesis_design_flow-main/source/lab3/dct.c:111]   --->   Operation 36 'store' 'store_ln87' <Predicate = (!icmp_ln85)> <Delay = 1.58>
ST_1 : Operation 46 [1/1] (0.00ns)   --->   "%ret_ln0 = ret"   --->   Operation 46 'ret' 'ret_ln0' <Predicate = (icmp_ln85)> <Delay = 0.00>

State 2 <SV = 1> <Delay = 6.50>
ST_2 : Operation 37 [1/1] (0.00ns)   --->   "%specloopname_ln0 = specloopname void @_ssdm_op_SpecLoopName, void @RD_Loop_Row_RD_Loop_Col_str"   --->   Operation 37 'specloopname' 'specloopname_ln0' <Predicate = true> <Delay = 0.00>
ST_2 : Operation 38 [1/1] (0.00ns)   --->   "%speclooptripcount_ln0 = speclooptripcount void @_ssdm_op_SpecLoopTripCount, i64 64, i64 64, i64 64"   --->   Operation 38 'speclooptripcount' 'speclooptripcount_ln0' <Predicate = true> <Delay = 0.00>
ST_2 : Operation 39 [1/1] (0.00ns)   --->   "%specpipeline_ln0 = specpipeline void @_ssdm_op_SpecPipeline, i32 4294967295, i32 0, i32 1, i32 0, void @p_str"   --->   Operation 39 'specpipeline' 'specpipeline_ln0' <Predicate = true> <Delay = 0.00>
ST_2 : Operation 40 [1/1] (0.00ns)   --->   "%zext_ln88_2 = zext i6 %add_ln88" [../xup_high_level_synthesis_design_flow-main/source/lab3/dct.c:88->../xup_high_level_synthesis_design_flow-main/source/lab3/dct.c:111]   --->   Operation 40 'zext' 'zext_ln88_2' <Predicate = true> <Delay = 0.00>
ST_2 : Operation 41 [1/1] (0.00ns)   --->   "%buf_2d_in_addr = getelementptr i16 %buf_2d_in, i64 0, i64 %zext_ln88_2" [../xup_high_level_synthesis_design_flow-main/source/lab3/dct.c:88->../xup_high_level_synthesis_design_flow-main/source/lab3/dct.c:111]   --->   Operation 41 'getelementptr' 'buf_2d_in_addr' <Predicate = true> <Delay = 0.00>
ST_2 : Operation 42 [1/1] (0.00ns)   --->   "%specloopname_ln87 = specloopname void @_ssdm_op_SpecLoopName, void @empty_6" [../xup_high_level_synthesis_design_flow-main/source/lab3/dct.c:87->../xup_high_level_synthesis_design_flow-main/source/lab3/dct.c:111]   --->   Operation 42 'specloopname' 'specloopname_ln87' <Predicate = true> <Delay = 0.00>
ST_2 : Operation 43 [1/2] (3.25ns)   --->   "%input_r_load = load i6 %input_r_addr" [../xup_high_level_synthesis_design_flow-main/source/lab3/dct.c:88->../xup_high_level_synthesis_design_flow-main/source/lab3/dct.c:111]   --->   Operation 43 'load' 'input_r_load' <Predicate = true> <Delay = 3.25> <CoreInst = "RAM">   --->   Core 82 'RAM' <Latency = 1> <II = 1> <Delay = 3.25> <Storage> <Opcode : 'load' 'store'> <Ports = 2> <Width = 16> <Depth = 64> <RAM>
ST_2 : Operation 44 [1/1] (3.25ns)   --->   "%store_ln88 = store i16 %input_r_load, i6 %buf_2d_in_addr" [../xup_high_level_synthesis_design_flow-main/source/lab3/dct.c:88->../xup_high_level_synthesis_design_flow-main/source/lab3/dct.c:111]   --->   Operation 44 'store' 'store_ln88' <Predicate = true> <Delay = 3.25> <CoreInst = "RAM_1WnR">   --->   Core 83 'RAM_1WnR' <Latency = 1> <II = 1> <Delay = 3.25> <Storage> <Opcode : 'load' 'store'> <Ports = 17> <Width = 16> <Depth = 64> <RAM>
ST_2 : Operation 45 [1/1] (0.00ns)   --->   "%br_ln87 = br void %for.inc.i" [../xup_high_level_synthesis_design_flow-main/source/lab3/dct.c:87->../xup_high_level_synthesis_design_flow-main/source/lab3/dct.c:111]   --->   Operation 45 'br' 'br_ln87' <Predicate = true> <Delay = 0.00>


============================================================
+ Verbose Summary: Binding
============================================================
STG Binding: 
---------------- STG Properties BEGIN ----------------
- Is combinational: 0
- Is one-state seq: 0
- Is datapath-only: 0
- Is pipelined: 0
- Is top level: 0
Port [ Return ] is wired: 1; IO mode=ap_ctrl_hs:ce=0
Port [ buf_2d_in]:  wired=1; compound=1; hidden=0; nouse=0; global=0; static=0; extern=0; dir=1; type=1; pingpong=0; private_global=0; MemPort=[03333333333333333]; IO mode=ap_memory:ce=0
Port [ input_r]:  wired=1; compound=1; hidden=0; nouse=0; global=0; static=0; extern=0; dir=0; type=1; pingpong=0; private_global=0; MemPort=[13]; IO mode=ap_memory:ce=0
---------------- STG Properties END ------------------

---------------- Datapath Model BEGIN ----------------

<LifeTime>
<method=bitvector/>
c                     (alloca           ) [ 010]
r                     (alloca           ) [ 010]
indvar_flatten        (alloca           ) [ 010]
specinterface_ln0     (specinterface    ) [ 000]
store_ln0             (store            ) [ 000]
store_ln0             (store            ) [ 000]
store_ln0             (store            ) [ 000]
br_ln0                (br               ) [ 000]
indvar_flatten_load   (load             ) [ 000]
specpipeline_ln0      (specpipeline     ) [ 000]
icmp_ln85             (icmp             ) [ 010]
add_ln85_1            (add              ) [ 000]
br_ln85               (br               ) [ 000]
c_load                (load             ) [ 000]
r_load                (load             ) [ 000]
add_ln85              (add              ) [ 000]
icmp_ln87             (icmp             ) [ 000]
select_ln85           (select           ) [ 000]
select_ln85_1         (select           ) [ 000]
trunc_ln88            (trunc            ) [ 000]
tmp                   (bitconcatenate   ) [ 000]
zext_ln88_1           (zext             ) [ 000]
add_ln88              (add              ) [ 011]
trunc_ln88_1          (trunc            ) [ 000]
add_ln                (bitconcatenate   ) [ 000]
zext_ln88             (zext             ) [ 000]
input_r_addr          (getelementptr    ) [ 011]
add_ln87              (add              ) [ 000]
store_ln87            (store            ) [ 000]
store_ln87            (store            ) [ 000]
store_ln87            (store            ) [ 000]
specloopname_ln0      (specloopname     ) [ 000]
speclooptripcount_ln0 (speclooptripcount) [ 000]
specpipeline_ln0      (specpipeline     ) [ 000]
zext_ln88_2           (zext             ) [ 000]
buf_2d_in_addr        (getelementptr    ) [ 000]
specloopname_ln87     (specloopname     ) [ 000]
input_r_load          (load             ) [ 000]
store_ln88            (store            ) [ 000]
br_ln87               (br               ) [ 000]
ret_ln0               (ret              ) [ 000]
</LifeTime>

<model>

<comp_list>
<comp id="0" class="1000" name="buf_2d_in">
<pin_list>
<pin id="1" dir="1" index="0" bw="1" slack="0"/>
</pin_list>
<bind>
<StgValue><ssdm name="buf_2d_in"/><MemPortTyVec>0 3 3 3 3 3 3 3 3 3 3 3 3 3 3 3 3 </MemPortTyVec>
</StgValue>
</bind>
</comp>

<comp id="2" class="1000" name="input_r">
<pin_list>
<pin id="3" dir="1" index="0" bw="1" slack="0"/>
</pin_list>
<bind>
<StgValue><ssdm name="input_r"/><MemPortTyVec>1 3 </MemPortTyVec>
</StgValue>
</bind>
</comp>

<comp id="4" class="1001" name="const_4">
<pin_list>
<pin id="5" dir="1" index="0" bw="1" slack="0"/>
</pin_list>
<bind>
<StgValue><ssdm name=""/></StgValue>
</bind>
</comp>

<comp id="6" class="1001" name="const_6">
<pin_list>
<pin id="7" dir="1" index="0" bw="1" slack="2147483647"/>
</pin_list>
<bind>
<StgValue><ssdm name="_ssdm_op_SpecInterface"/></StgValue>
</bind>
</comp>

<comp id="8" class="1001" name="const_8">
<pin_list>
<pin id="9" dir="1" index="0" bw="1" slack="2147483647"/>
</pin_list>
<bind>
<StgValue><ssdm name="empty"/></StgValue>
</bind>
</comp>

<comp id="10" class="1001" name="const_10">
<pin_list>
<pin id="11" dir="1" index="0" bw="1" slack="2147483647"/>
</pin_list>
<bind>
<StgValue><ssdm name=""/></StgValue>
</bind>
</comp>

<comp id="12" class="1001" name="const_12">
<pin_list>
<pin id="13" dir="1" index="0" bw="1" slack="2147483647"/>
</pin_list>
<bind>
<StgValue><ssdm name="empty_0"/></StgValue>
</bind>
</comp>

<comp id="14" class="1001" name="const_14">
<pin_list>
<pin id="15" dir="1" index="0" bw="1" slack="2147483647"/>
</pin_list>
<bind>
<StgValue><ssdm name=""/></StgValue>
</bind>
</comp>

<comp id="16" class="1001" name="const_16">
<pin_list>
<pin id="17" dir="1" index="0" bw="1" slack="0"/>
</pin_list>
<bind>
<StgValue><ssdm name=""/></StgValue>
</bind>
</comp>

<comp id="18" class="1001" name="const_18">
<pin_list>
<pin id="19" dir="1" index="0" bw="1" slack="0"/>
</pin_list>
<bind>
<StgValue><ssdm name=""/></StgValue>
</bind>
</comp>

<comp id="20" class="1001" name="const_20">
<pin_list>
<pin id="21" dir="1" index="0" bw="1" slack="2147483647"/>
</pin_list>
<bind>
<StgValue><ssdm name="_ssdm_op_SpecPipeline"/></StgValue>
</bind>
</comp>

<comp id="22" class="1001" name="const_22">
<pin_list>
<pin id="23" dir="1" index="0" bw="1" slack="2147483647"/>
</pin_list>
<bind>
<StgValue><ssdm name="p_str"/></StgValue>
</bind>
</comp>

<comp id="24" class="1001" name="const_24">
<pin_list>
<pin id="25" dir="1" index="0" bw="1" slack="0"/>
</pin_list>
<bind>
<StgValue><ssdm name=""/></StgValue>
</bind>
</comp>

<comp id="26" class="1001" name="const_26">
<pin_list>
<pin id="27" dir="1" index="0" bw="1" slack="0"/>
</pin_list>
<bind>
<StgValue><ssdm name=""/></StgValue>
</bind>
</comp>

<comp id="28" class="1001" name="const_28">
<pin_list>
<pin id="29" dir="1" index="0" bw="1" slack="0"/>
</pin_list>
<bind>
<StgValue><ssdm name=""/></StgValue>
</bind>
</comp>

<comp id="30" class="1001" name="const_30">
<pin_list>
<pin id="31" dir="1" index="0" bw="1" slack="0"/>
</pin_list>
<bind>
<StgValue><ssdm name=""/></StgValue>
</bind>
</comp>

<comp id="32" class="1001" name="const_32">
<pin_list>
<pin id="33" dir="1" index="0" bw="1" slack="0"/>
</pin_list>
<bind>
<StgValue><ssdm name="_ssdm_op_BitConcatenate.i6.i3.i3"/></StgValue>
</bind>
</comp>

<comp id="34" class="1001" name="const_34">
<pin_list>
<pin id="35" dir="1" index="0" bw="1" slack="0"/>
</pin_list>
<bind>
<StgValue><ssdm name=""/></StgValue>
</bind>
</comp>

<comp id="36" class="1001" name="const_36">
<pin_list>
<pin id="37" dir="1" index="0" bw="1" slack="0"/>
</pin_list>
<bind>
<StgValue><ssdm name=""/></StgValue>
</bind>
</comp>

<comp id="38" class="1001" name="const_38">
<pin_list>
<pin id="39" dir="1" index="0" bw="1" slack="2147483647"/>
</pin_list>
<bind>
<StgValue><ssdm name="_ssdm_op_SpecLoopName"/></StgValue>
</bind>
</comp>

<comp id="40" class="1001" name="const_40">
<pin_list>
<pin id="41" dir="1" index="0" bw="1" slack="2147483647"/>
</pin_list>
<bind>
<StgValue><ssdm name="RD_Loop_Row_RD_Loop_Col_str"/></StgValue>
</bind>
</comp>

<comp id="42" class="1001" name="const_42">
<pin_list>
<pin id="43" dir="1" index="0" bw="1" slack="2147483647"/>
</pin_list>
<bind>
<StgValue><ssdm name="_ssdm_op_SpecLoopTripCount"/></StgValue>
</bind>
</comp>

<comp id="44" class="1001" name="const_44">
<pin_list>
<pin id="45" dir="1" index="0" bw="1" slack="2147483647"/>
</pin_list>
<bind>
<StgValue><ssdm name=""/></StgValue>
</bind>
</comp>

<comp id="46" class="1001" name="const_46">
<pin_list>
<pin id="47" dir="1" index="0" bw="1" slack="2147483647"/>
</pin_list>
<bind>
<StgValue><ssdm name="empty_6"/></StgValue>
</bind>
</comp>

<comp id="48" class="1004" name="c_fu_48">
<pin_list>
<pin id="49" dir="0" index="0" bw="1" slack="0"/>
<pin id="50" dir="1" index="1" bw="4" slack="0"/>
</pin_list>
<bind>
<opcode="alloca(26) " fcode="alloca"/>
<opset="c/1 "/>
</bind>
</comp>

<comp id="52" class="1004" name="r_fu_52">
<pin_list>
<pin id="53" dir="0" index="0" bw="1" slack="0"/>
<pin id="54" dir="1" index="1" bw="4" slack="0"/>
</pin_list>
<bind>
<opcode="alloca(26) " fcode="alloca"/>
<opset="r/1 "/>
</bind>
</comp>

<comp id="56" class="1004" name="indvar_flatten_fu_56">
<pin_list>
<pin id="57" dir="0" index="0" bw="1" slack="0"/>
<pin id="58" dir="1" index="1" bw="7" slack="0"/>
</pin_list>
<bind>
<opcode="alloca(26) " fcode="alloca"/>
<opset="indvar_flatten/1 "/>
</bind>
</comp>

<comp id="60" class="1004" name="input_r_addr_gep_fu_60">
<pin_list>
<pin id="61" dir="0" index="0" bw="16" slack="0"/>
<pin id="62" dir="0" index="1" bw="1" slack="0"/>
<pin id="63" dir="0" index="2" bw="6" slack="0"/>
<pin id="64" dir="1" index="3" bw="6" slack="0"/>
</pin_list>
<bind>
<opcode="getelementptr(29) " fcode="getelementptr"/>
<opset="input_r_addr/1 "/>
</bind>
</comp>

<comp id="67" class="1004" name="grp_access_fu_67">
<pin_list>
<pin id="68" dir="0" index="0" bw="6" slack="0"/>
<pin id="69" dir="0" index="1" bw="16" slack="2147483647"/>
<pin id="70" dir="0" index="2" bw="0" slack="2147483647"/>
<pin id="71" dir="1" index="3" bw="16" slack="0"/>
</pin_list>
<bind>
<opcode="load(27) " fcode="load"/>
<opset="input_r_load/1 "/>
</bind>
</comp>

<comp id="73" class="1004" name="buf_2d_in_addr_gep_fu_73">
<pin_list>
<pin id="74" dir="0" index="0" bw="16" slack="0"/>
<pin id="75" dir="0" index="1" bw="1" slack="0"/>
<pin id="76" dir="0" index="2" bw="6" slack="0"/>
<pin id="77" dir="1" index="3" bw="6" slack="0"/>
</pin_list>
<bind>
<opcode="getelementptr(29) " fcode="getelementptr"/>
<opset="buf_2d_in_addr/2 "/>
</bind>
</comp>

<comp id="80" class="1004" name="store_ln88_access_fu_80">
<pin_list>
<pin id="81" dir="0" index="0" bw="6" slack="0"/>
<pin id="82" dir="0" index="1" bw="16" slack="0"/>
<pin id="83" dir="0" index="2" bw="0" slack="2147483647"/>
<pin id="84" dir="1" index="3" bw="16" slack="2147483647"/>
</pin_list>
<bind>
<opcode="store(28) " fcode="store"/>
<opset="store_ln88/2 "/>
</bind>
</comp>

<comp id="87" class="1004" name="store_ln0_store_fu_87">
<pin_list>
<pin id="88" dir="0" index="0" bw="1" slack="0"/>
<pin id="89" dir="0" index="1" bw="7" slack="0"/>
<pin id="90" dir="1" index="2" bw="0" slack="2147483647"/>
</pin_list>
<bind>
<opcode="store(28) " fcode="store"/>
<opset="store_ln0/1 "/>
</bind>
</comp>

<comp id="92" class="1004" name="store_ln0_store_fu_92">
<pin_list>
<pin id="93" dir="0" index="0" bw="1" slack="0"/>
<pin id="94" dir="0" index="1" bw="4" slack="0"/>
<pin id="95" dir="1" index="2" bw="0" slack="2147483647"/>
</pin_list>
<bind>
<opcode="store(28) " fcode="store"/>
<opset="store_ln0/1 "/>
</bind>
</comp>

<comp id="97" class="1004" name="store_ln0_store_fu_97">
<pin_list>
<pin id="98" dir="0" index="0" bw="1" slack="0"/>
<pin id="99" dir="0" index="1" bw="4" slack="0"/>
<pin id="100" dir="1" index="2" bw="0" slack="2147483647"/>
</pin_list>
<bind>
<opcode="store(28) " fcode="store"/>
<opset="store_ln0/1 "/>
</bind>
</comp>

<comp id="102" class="1004" name="indvar_flatten_load_load_fu_102">
<pin_list>
<pin id="103" dir="0" index="0" bw="7" slack="0"/>
<pin id="104" dir="1" index="1" bw="7" slack="0"/>
</pin_list>
<bind>
<opcode="load(27) " fcode="load"/>
<opset="indvar_flatten_load/1 "/>
</bind>
</comp>

<comp id="105" class="1004" name="icmp_ln85_fu_105">
<pin_list>
<pin id="106" dir="0" index="0" bw="7" slack="0"/>
<pin id="107" dir="0" index="1" bw="7" slack="0"/>
<pin id="108" dir="1" index="2" bw="1" slack="2147483647"/>
</pin_list>
<bind>
<opcode="icmp(45) " fcode="icmp"/>
<opset="icmp_ln85/1 "/>
</bind>
</comp>

<comp id="111" class="1004" name="add_ln85_1_fu_111">
<pin_list>
<pin id="112" dir="0" index="0" bw="7" slack="0"/>
<pin id="113" dir="0" index="1" bw="1" slack="0"/>
<pin id="114" dir="1" index="2" bw="7" slack="0"/>
</pin_list>
<bind>
<opcode="add(8) " fcode="add"/>
<opset="add_ln85_1/1 "/>
</bind>
</comp>

<comp id="117" class="1004" name="c_load_load_fu_117">
<pin_list>
<pin id="118" dir="0" index="0" bw="4" slack="0"/>
<pin id="119" dir="1" index="1" bw="4" slack="0"/>
</pin_list>
<bind>
<opcode="load(27) " fcode="load"/>
<opset="c_load/1 "/>
</bind>
</comp>

<comp id="120" class="1004" name="r_load_load_fu_120">
<pin_list>
<pin id="121" dir="0" index="0" bw="4" slack="0"/>
<pin id="122" dir="1" index="1" bw="4" slack="0"/>
</pin_list>
<bind>
<opcode="load(27) " fcode="load"/>
<opset="r_load/1 "/>
</bind>
</comp>

<comp id="123" class="1004" name="add_ln85_fu_123">
<pin_list>
<pin id="124" dir="0" index="0" bw="4" slack="0"/>
<pin id="125" dir="0" index="1" bw="1" slack="0"/>
<pin id="126" dir="1" index="2" bw="4" slack="0"/>
</pin_list>
<bind>
<opcode="add(8) " fcode="add"/>
<opset="add_ln85/1 "/>
</bind>
</comp>

<comp id="129" class="1004" name="icmp_ln87_fu_129">
<pin_list>
<pin id="130" dir="0" index="0" bw="4" slack="0"/>
<pin id="131" dir="0" index="1" bw="4" slack="0"/>
<pin id="132" dir="1" index="2" bw="1" slack="0"/>
</pin_list>
<bind>
<opcode="icmp(45) " fcode="icmp"/>
<opset="icmp_ln87/1 "/>
</bind>
</comp>

<comp id="135" class="1004" name="select_ln85_fu_135">
<pin_list>
<pin id="136" dir="0" index="0" bw="1" slack="0"/>
<pin id="137" dir="0" index="1" bw="1" slack="0"/>
<pin id="138" dir="0" index="2" bw="4" slack="0"/>
<pin id="139" dir="1" index="3" bw="4" slack="0"/>
</pin_list>
<bind>
<opcode="select(49) " fcode="select"/>
<opset="select_ln85/1 "/>
</bind>
</comp>

<comp id="143" class="1004" name="select_ln85_1_fu_143">
<pin_list>
<pin id="144" dir="0" index="0" bw="1" slack="0"/>
<pin id="145" dir="0" index="1" bw="4" slack="0"/>
<pin id="146" dir="0" index="2" bw="4" slack="0"/>
<pin id="147" dir="1" index="3" bw="4" slack="0"/>
</pin_list>
<bind>
<opcode="select(49) " fcode="select"/>
<opset="select_ln85_1/1 "/>
</bind>
</comp>

<comp id="151" class="1004" name="trunc_ln88_fu_151">
<pin_list>
<pin id="152" dir="0" index="0" bw="4" slack="0"/>
<pin id="153" dir="1" index="1" bw="3" slack="0"/>
</pin_list>
<bind>
<opcode="trunc(33) " fcode="trunc"/>
<opset="trunc_ln88/1 "/>
</bind>
</comp>

<comp id="155" class="1004" name="tmp_fu_155">
<pin_list>
<pin id="156" dir="0" index="0" bw="6" slack="0"/>
<pin id="157" dir="0" index="1" bw="3" slack="0"/>
<pin id="158" dir="0" index="2" bw="1" slack="0"/>
<pin id="159" dir="1" index="3" bw="6" slack="0"/>
</pin_list>
<bind>
<opcode="bitconcatenate(1004) " fcode="bitconcatenate"/>
<opset="tmp/1 "/>
</bind>
</comp>

<comp id="163" class="1004" name="zext_ln88_1_fu_163">
<pin_list>
<pin id="164" dir="0" index="0" bw="4" slack="0"/>
<pin id="165" dir="1" index="1" bw="6" slack="0"/>
</pin_list>
<bind>
<opcode="zext(34) " fcode="zext"/>
<opset="zext_ln88_1/1 "/>
</bind>
</comp>

<comp id="167" class="1004" name="add_ln88_fu_167">
<pin_list>
<pin id="168" dir="0" index="0" bw="6" slack="0"/>
<pin id="169" dir="0" index="1" bw="4" slack="0"/>
<pin id="170" dir="1" index="2" bw="6" slack="1"/>
</pin_list>
<bind>
<opcode="add(8) " fcode="add"/>
<opset="add_ln88/1 "/>
</bind>
</comp>

<comp id="173" class="1004" name="trunc_ln88_1_fu_173">
<pin_list>
<pin id="174" dir="0" index="0" bw="4" slack="0"/>
<pin id="175" dir="1" index="1" bw="3" slack="0"/>
</pin_list>
<bind>
<opcode="trunc(33) " fcode="trunc"/>
<opset="trunc_ln88_1/1 "/>
</bind>
</comp>

<comp id="177" class="1004" name="add_ln_fu_177">
<pin_list>
<pin id="178" dir="0" index="0" bw="6" slack="0"/>
<pin id="179" dir="0" index="1" bw="3" slack="0"/>
<pin id="180" dir="0" index="2" bw="3" slack="0"/>
<pin id="181" dir="1" index="3" bw="6" slack="0"/>
</pin_list>
<bind>
<opcode="bitconcatenate(1004) " fcode="bitconcatenate"/>
<opset="add_ln/1 "/>
</bind>
</comp>

<comp id="185" class="1004" name="zext_ln88_fu_185">
<pin_list>
<pin id="186" dir="0" index="0" bw="6" slack="0"/>
<pin id="187" dir="1" index="1" bw="64" slack="0"/>
</pin_list>
<bind>
<opcode="zext(34) " fcode="zext"/>
<opset="zext_ln88/1 "/>
</bind>
</comp>

<comp id="190" class="1004" name="add_ln87_fu_190">
<pin_list>
<pin id="191" dir="0" index="0" bw="4" slack="0"/>
<pin id="192" dir="0" index="1" bw="1" slack="0"/>
<pin id="193" dir="1" index="2" bw="4" slack="0"/>
</pin_list>
<bind>
<opcode="add(8) " fcode="add"/>
<opset="add_ln87/1 "/>
</bind>
</comp>

<comp id="196" class="1004" name="store_ln87_store_fu_196">
<pin_list>
<pin id="197" dir="0" index="0" bw="7" slack="0"/>
<pin id="198" dir="0" index="1" bw="7" slack="0"/>
<pin id="199" dir="1" index="2" bw="0" slack="2147483647"/>
</pin_list>
<bind>
<opcode="store(28) " fcode="store"/>
<opset="store_ln87/1 "/>
</bind>
</comp>

<comp id="201" class="1004" name="store_ln87_store_fu_201">
<pin_list>
<pin id="202" dir="0" index="0" bw="4" slack="0"/>
<pin id="203" dir="0" index="1" bw="4" slack="0"/>
<pin id="204" dir="1" index="2" bw="0" slack="2147483647"/>
</pin_list>
<bind>
<opcode="store(28) " fcode="store"/>
<opset="store_ln87/1 "/>
</bind>
</comp>

<comp id="206" class="1004" name="store_ln87_store_fu_206">
<pin_list>
<pin id="207" dir="0" index="0" bw="4" slack="0"/>
<pin id="208" dir="0" index="1" bw="4" slack="0"/>
<pin id="209" dir="1" index="2" bw="0" slack="2147483647"/>
</pin_list>
<bind>
<opcode="store(28) " fcode="store"/>
<opset="store_ln87/1 "/>
</bind>
</comp>

<comp id="211" class="1004" name="zext_ln88_2_fu_211">
<pin_list>
<pin id="212" dir="0" index="0" bw="6" slack="1"/>
<pin id="213" dir="1" index="1" bw="64" slack="0"/>
</pin_list>
<bind>
<opcode="zext(34) " fcode="zext"/>
<opset="zext_ln88_2/2 "/>
</bind>
</comp>

<comp id="215" class="1005" name="c_reg_215">
<pin_list>
<pin id="216" dir="0" index="0" bw="4" slack="0"/>
<pin id="217" dir="1" index="1" bw="4" slack="0"/>
</pin_list>
<bind>
<opset="c "/>
</bind>
</comp>

<comp id="222" class="1005" name="r_reg_222">
<pin_list>
<pin id="223" dir="0" index="0" bw="4" slack="0"/>
<pin id="224" dir="1" index="1" bw="4" slack="0"/>
</pin_list>
<bind>
<opset="r "/>
</bind>
</comp>

<comp id="229" class="1005" name="indvar_flatten_reg_229">
<pin_list>
<pin id="230" dir="0" index="0" bw="7" slack="0"/>
<pin id="231" dir="1" index="1" bw="7" slack="0"/>
</pin_list>
<bind>
<opset="indvar_flatten "/>
</bind>
</comp>

<comp id="239" class="1005" name="add_ln88_reg_239">
<pin_list>
<pin id="240" dir="0" index="0" bw="6" slack="1"/>
<pin id="241" dir="1" index="1" bw="6" slack="1"/>
</pin_list>
<bind>
<opset="add_ln88 "/>
</bind>
</comp>

<comp id="244" class="1005" name="input_r_addr_reg_244">
<pin_list>
<pin id="245" dir="0" index="0" bw="6" slack="1"/>
<pin id="246" dir="1" index="1" bw="6" slack="1"/>
</pin_list>
<bind>
<opset="input_r_addr "/>
</bind>
</comp>

</comp_list>

<net_list>
<net id="51"><net_src comp="4" pin="0"/><net_sink comp="48" pin=0"/></net>

<net id="55"><net_src comp="4" pin="0"/><net_sink comp="52" pin=0"/></net>

<net id="59"><net_src comp="4" pin="0"/><net_sink comp="56" pin=0"/></net>

<net id="65"><net_src comp="2" pin="0"/><net_sink comp="60" pin=0"/></net>

<net id="66"><net_src comp="36" pin="0"/><net_sink comp="60" pin=1"/></net>

<net id="72"><net_src comp="60" pin="3"/><net_sink comp="67" pin=0"/></net>

<net id="78"><net_src comp="0" pin="0"/><net_sink comp="73" pin=0"/></net>

<net id="79"><net_src comp="36" pin="0"/><net_sink comp="73" pin=1"/></net>

<net id="85"><net_src comp="67" pin="3"/><net_sink comp="80" pin=1"/></net>

<net id="86"><net_src comp="73" pin="3"/><net_sink comp="80" pin=0"/></net>

<net id="91"><net_src comp="16" pin="0"/><net_sink comp="87" pin=0"/></net>

<net id="96"><net_src comp="18" pin="0"/><net_sink comp="92" pin=0"/></net>

<net id="101"><net_src comp="18" pin="0"/><net_sink comp="97" pin=0"/></net>

<net id="109"><net_src comp="102" pin="1"/><net_sink comp="105" pin=0"/></net>

<net id="110"><net_src comp="24" pin="0"/><net_sink comp="105" pin=1"/></net>

<net id="115"><net_src comp="102" pin="1"/><net_sink comp="111" pin=0"/></net>

<net id="116"><net_src comp="26" pin="0"/><net_sink comp="111" pin=1"/></net>

<net id="127"><net_src comp="120" pin="1"/><net_sink comp="123" pin=0"/></net>

<net id="128"><net_src comp="28" pin="0"/><net_sink comp="123" pin=1"/></net>

<net id="133"><net_src comp="117" pin="1"/><net_sink comp="129" pin=0"/></net>

<net id="134"><net_src comp="30" pin="0"/><net_sink comp="129" pin=1"/></net>

<net id="140"><net_src comp="129" pin="2"/><net_sink comp="135" pin=0"/></net>

<net id="141"><net_src comp="18" pin="0"/><net_sink comp="135" pin=1"/></net>

<net id="142"><net_src comp="117" pin="1"/><net_sink comp="135" pin=2"/></net>

<net id="148"><net_src comp="129" pin="2"/><net_sink comp="143" pin=0"/></net>

<net id="149"><net_src comp="123" pin="2"/><net_sink comp="143" pin=1"/></net>

<net id="150"><net_src comp="120" pin="1"/><net_sink comp="143" pin=2"/></net>

<net id="154"><net_src comp="143" pin="3"/><net_sink comp="151" pin=0"/></net>

<net id="160"><net_src comp="32" pin="0"/><net_sink comp="155" pin=0"/></net>

<net id="161"><net_src comp="151" pin="1"/><net_sink comp="155" pin=1"/></net>

<net id="162"><net_src comp="34" pin="0"/><net_sink comp="155" pin=2"/></net>

<net id="166"><net_src comp="135" pin="3"/><net_sink comp="163" pin=0"/></net>

<net id="171"><net_src comp="155" pin="3"/><net_sink comp="167" pin=0"/></net>

<net id="172"><net_src comp="163" pin="1"/><net_sink comp="167" pin=1"/></net>

<net id="176"><net_src comp="135" pin="3"/><net_sink comp="173" pin=0"/></net>

<net id="182"><net_src comp="32" pin="0"/><net_sink comp="177" pin=0"/></net>

<net id="183"><net_src comp="151" pin="1"/><net_sink comp="177" pin=1"/></net>

<net id="184"><net_src comp="173" pin="1"/><net_sink comp="177" pin=2"/></net>

<net id="188"><net_src comp="177" pin="3"/><net_sink comp="185" pin=0"/></net>

<net id="189"><net_src comp="185" pin="1"/><net_sink comp="60" pin=2"/></net>

<net id="194"><net_src comp="135" pin="3"/><net_sink comp="190" pin=0"/></net>

<net id="195"><net_src comp="28" pin="0"/><net_sink comp="190" pin=1"/></net>

<net id="200"><net_src comp="111" pin="2"/><net_sink comp="196" pin=0"/></net>

<net id="205"><net_src comp="143" pin="3"/><net_sink comp="201" pin=0"/></net>

<net id="210"><net_src comp="190" pin="2"/><net_sink comp="206" pin=0"/></net>

<net id="214"><net_src comp="211" pin="1"/><net_sink comp="73" pin=2"/></net>

<net id="218"><net_src comp="48" pin="1"/><net_sink comp="215" pin=0"/></net>

<net id="219"><net_src comp="215" pin="1"/><net_sink comp="97" pin=1"/></net>

<net id="220"><net_src comp="215" pin="1"/><net_sink comp="117" pin=0"/></net>

<net id="221"><net_src comp="215" pin="1"/><net_sink comp="206" pin=1"/></net>

<net id="225"><net_src comp="52" pin="1"/><net_sink comp="222" pin=0"/></net>

<net id="226"><net_src comp="222" pin="1"/><net_sink comp="92" pin=1"/></net>

<net id="227"><net_src comp="222" pin="1"/><net_sink comp="120" pin=0"/></net>

<net id="228"><net_src comp="222" pin="1"/><net_sink comp="201" pin=1"/></net>

<net id="232"><net_src comp="56" pin="1"/><net_sink comp="229" pin=0"/></net>

<net id="233"><net_src comp="229" pin="1"/><net_sink comp="87" pin=1"/></net>

<net id="234"><net_src comp="229" pin="1"/><net_sink comp="102" pin=0"/></net>

<net id="235"><net_src comp="229" pin="1"/><net_sink comp="196" pin=1"/></net>

<net id="242"><net_src comp="167" pin="2"/><net_sink comp="239" pin=0"/></net>

<net id="243"><net_src comp="239" pin="1"/><net_sink comp="211" pin=0"/></net>

<net id="247"><net_src comp="60" pin="3"/><net_sink comp="244" pin=0"/></net>

<net id="248"><net_src comp="244" pin="1"/><net_sink comp="67" pin=0"/></net>

</net_list>

</model> 
---------------- Datapath Model END ------------------

* FSMD analyzer results:
  - Output states:
	Port: buf_2d_in | {2 }
 - Input state : 
	Port: dct_Pipeline_RD_Loop_Row_RD_Loop_Col : input_r | {1 2 }
  - Chain level:
	State 1
		store_ln0 : 1
		store_ln0 : 1
		store_ln0 : 1
		indvar_flatten_load : 1
		icmp_ln85 : 2
		add_ln85_1 : 2
		br_ln85 : 3
		c_load : 1
		r_load : 1
		add_ln85 : 2
		icmp_ln87 : 2
		select_ln85 : 3
		select_ln85_1 : 3
		trunc_ln88 : 4
		tmp : 5
		zext_ln88_1 : 4
		add_ln88 : 6
		trunc_ln88_1 : 4
		add_ln : 5
		zext_ln88 : 6
		input_r_addr : 7
		input_r_load : 8
		add_ln87 : 4
		store_ln87 : 3
		store_ln87 : 4
		store_ln87 : 5
	State 2
		buf_2d_in_addr : 1
		store_ln88 : 2


============================================================
+ Verbose Summary: Datapath Resource usage 
============================================================

* Functional unit list:
|----------|----------------------|---------|---------|
| Operation|    Functional Unit   |    FF   |   LUT   |
|----------|----------------------|---------|---------|
|          |   add_ln85_1_fu_111  |    0    |    14   |
|    add   |    add_ln85_fu_123   |    0    |    13   |
|          |    add_ln88_fu_167   |    0    |    14   |
|          |    add_ln87_fu_190   |    0    |    13   |
|----------|----------------------|---------|---------|
|   icmp   |   icmp_ln85_fu_105   |    0    |    14   |
|          |   icmp_ln87_fu_129   |    0    |    13   |
|----------|----------------------|---------|---------|
|  select  |  select_ln85_fu_135  |    0    |    4    |
|          | select_ln85_1_fu_143 |    0    |    4    |
|----------|----------------------|---------|---------|
|   trunc  |   trunc_ln88_fu_151  |    0    |    0    |
|          |  trunc_ln88_1_fu_173 |    0    |    0    |
|----------|----------------------|---------|---------|
|bitconcatenate|      tmp_fu_155      |    0    |    0    |
|          |     add_ln_fu_177    |    0    |    0    |
|----------|----------------------|---------|---------|
|          |  zext_ln88_1_fu_163  |    0    |    0    |
|   zext   |   zext_ln88_fu_185   |    0    |    0    |
|          |  zext_ln88_2_fu_211  |    0    |    0    |
|----------|----------------------|---------|---------|
|   Total  |                      |    0    |    89   |
|----------|----------------------|---------|---------|

Memories:
N/A

* Register list:
+----------------------+--------+
|                      |   FF   |
+----------------------+--------+
|   add_ln88_reg_239   |    6   |
|       c_reg_215      |    4   |
|indvar_flatten_reg_229|    7   |
| input_r_addr_reg_244 |    6   |
|       r_reg_222      |    4   |
+----------------------+--------+
|         Total        |   27   |
+----------------------+--------+

* Multiplexer (MUX) list: 
|------------------|------|------|------|--------||---------||---------|
|       Comp       |  Pin | Size |  BW  | S x BW ||  Delay  ||   LUT   |
|------------------|------|------|------|--------||---------||---------|
| grp_access_fu_67 |  p0  |   2  |   6  |   12   ||    9    |
|------------------|------|------|------|--------||---------||---------|
|       Total      |      |      |      |   12   ||  1.588  ||    9    |
|------------------|------|------|------|--------||---------||---------|



* Summary:
+-----------+--------+--------+--------+
|           |  Delay |   FF   |   LUT  |
+-----------+--------+--------+--------+
|  Function |    -   |    0   |   89   |
|   Memory  |    -   |    -   |    -   |
|Multiplexer|    1   |    -   |    9   |
|  Register |    -   |   27   |    -   |
+-----------+--------+--------+--------+
|   Total   |    1   |   27   |   98   |
+-----------+--------+--------+--------+
