15:56:02 **** Build of configuration Debug for project lab2 ****
make all 
make --no-print-directory pre-build
a9-linaro-pre-build-step
' '
make --no-print-directory main-build
'Building file: ../src/lab2.c'
'Invoking: ARM v7 gcc compiler'
arm-none-eabi-gcc -Wall -O0 -g3 -c -fmessage-length=0 -MT"src/lab2.o" -mcpu=cortex-a9 -mfpu=vfpv3 -mfloat-abi=hard -IF:/Education/FPGA/ZedBoardLabs/Lab2/system_wrapper/export/system_wrapper/sw/system_wrapper/standalone_ps7_cortexa9_0/bspinclude/include -MMD -MP -MF"src/lab2.d" -MT"src/lab2.o" -o "src/lab2.o" "../src/lab2.c"
../src/lab2.c: In function 'main':
../src/lab2.c:32:11: warning: implicit declaration of function 'sleep' [-Wimplicit-function-declaration]
   32 |           sleep(1);
      |           ^~~~~
'Finished building: ../src/lab2.c'
' '
'Building target: lab2.elf'
'Invoking: ARM v7 gcc linker'
arm-none-eabi-gcc -mcpu=cortex-a9 -mfpu=vfpv3 -mfloat-abi=hard -Wl,-build-id=none -specs=Xilinx.spec -Wl,-T -Wl,../src/lscript.ld -LF:/Education/FPGA/ZedBoardLabs/Lab2/system_wrapper/export/system_wrapper/sw/system_wrapper/standalone_ps7_cortexa9_0/bsplib/lib -o "lab2.elf"  ./src/lab2.o   -Wl,--start-group,-lxil,-lgcc,-lc,--end-group
'Finished building target: lab2.elf'
' '
'Invoking: ARM v7 Print Size'
arm-none-eabi-size lab2.elf  |tee "lab2.elf.size"
   text	   data	    bss	    dec	    hex	filename
  23405	   1176	  22584	  47165	   b83d	lab2.elf
'Finished building: lab2.elf.size'
' '

15:56:03 Build Finished (took 403ms)

