#-----------------------------------------------------------
# xsim v2023.1 (64-bit)
# SW Build 3865809 on Sun May  7 15:05:29 MDT 2023
# IP Build 3864474 on Sun May  7 20:36:21 MDT 2023
# SharedData Build 3865790 on Sun May 07 13:33:03 MDT 2023
# Start of session at: Sun Dec  1 13:34:53 2024
# Process ID: 20364
# Current directory: F:/Education/FPGA_Labs/Labs_2/lab3/lab3/solution1/sim/verilog
# Command line: xsim.exe -mode tcl -source {xsim.dir/dct/xsim_script.tcl}
# Log file: F:/Education/FPGA_Labs/Labs_2/lab3/lab3/solution1/sim/verilog/xsim.log
# Journal file: F:/Education/FPGA_Labs/Labs_2/lab3/lab3/solution1/sim/verilog\xsim.jou
# Running On: DESKTOP-2ENERJB, OS: Windows, CPU Frequency: 2496 MHz, CPU Physical cores: 6, Host memory: 34191 MB
#-----------------------------------------------------------
source xsim.dir/dct/xsim_script.tcl
# xsim {dct} -autoloadwcfg -tclbatch {dct.tcl}
Time resolution is 1 ps
source dct.tcl
## run all
////////////////////////////////////////////////////////////////////////////////////
// Inter-Transaction Progress: Completed Transaction / Total Transaction
// Intra-Transaction Progress: Measured Latency / Latency Estimation * 100%
//
// RTL Simulation : "Inter-Transaction Progress" ["Intra-Transaction Progress"] @ "Simulation Time"
////////////////////////////////////////////////////////////////////////////////////
// RTL Simulation : 0 / 1 [0.00%] @ "125000"
// RTL Simulation : 1 / 1 [100.00%] @ "4245000"
////////////////////////////////////////////////////////////////////////////////////
$finish called at time : 4305 ns : File "F:/Education/FPGA_Labs/Labs_2/lab3/lab3/solution1/sim/verilog/dct.autotb.v" Line 268
## quit
INFO: [Common 17-206] Exiting xsim at Sun Dec  1 13:34:55 2024...
