================================================================
== Vivado Place & Route Results
================================================================
+ General Information:
    * Date:            Sun Dec 01 12:56:29 +0300 2024
    * Version:         2023.1 (Build 3854077 on May  4 2023)
    * Project:         matrixmul
    * Solution:        solution1 (Vivado IP Flow Target)
    * Product family:  zynq
    * Target device:   xc7z020-clg484-1


================================================================
== Run Constraints & Options
================================================================
+ Design Constraints & Options:
    * Place & Route target clock:  10 ns
    * C-Synthesis target clock:    10 ns
    * C-Synthesis uncertainty:     27%

+ RTL Synthesis Options:
    * config_export -vivado_synth_strategy:     default
    * config_export -vivado_synth_design_args:  -directive sdx_optimization_effort_high

+ Place & Route Options:
    * config_export -vivado_impl_strategy:  default
    * config_export -vivado_phys_opt:       none

+ Reporting Options:
    * config_export -vivado_report_level:      2
    * config_export -vivado_max_timing_paths:  10


================================================================
== Place & Route Resource Summary
================================================================
LUT:              48
FF:               39
DSP:              3
BRAM:             0
URAM:             0
SRL:              0


================================================================
== Place & Route Timing Summary
================================================================
* Timing was met
+----------------+-------------+
| Timing         | Period (ns) |
+----------------+-------------+
| Target         | 10.000      |
| Post-Synthesis | 3.884       |
| Post-Route     | 4.370       |
+----------------+-------------+


================================================================
== Place & Route Resources
================================================================
+-----------------------------------+-----+----+-----+------+------+-----+--------+-------+---------+------------+---------------------------------------------------------------------------+
| Name                              | LUT | FF | DSP | BRAM | URAM | SRL | Pragma | Impl  | Latency | Variable   | Source                                                                    |
+-----------------------------------+-----+----+-----+------+------+-----+--------+-------+---------+------------+---------------------------------------------------------------------------+
| inst                              | 48  | 39 | 3   |      |      |     |        |       |         |            |                                                                           |
|   (inst)                          | 23  | 38 |     |      |      |     |        |       |         |            |                                                                           |
|   flow_control_loop_pipe_U        | 12  | 1  |     |      |      |     |        |       |         |            |                                                                           |
|   mac_muladd_8s_8s_16ns_16_4_1_U3 | 14  |    | 1   |      |      |     |        |       |         |            |                                                                           |
|     bind_op mul                   |     |    |     |      |      |     |        | dsp48 | 3       | mul_ln43_1 | ../xup_high_level_synthesis_design_flow-main/source/lab1/matrixmul.cpp:43 |
|     bind_op add                   |     |    |     |      |      |     |        | dsp48 | 3       | add_ln43_1 | ../xup_high_level_synthesis_design_flow-main/source/lab1/matrixmul.cpp:43 |
|   mac_muladd_8s_8s_16s_16_4_1_U2  | 1   |    | 2   |      |      |     |        |       |         |            |                                                                           |
|     bind_op mul                   |     |    |     |      |      |     |        | dsp48 | 3       | mul_ln43_2 | ../xup_high_level_synthesis_design_flow-main/source/lab1/matrixmul.cpp:43 |
|     bind_op add                   |     |    |     |      |      |     |        | dsp48 | 3       | add_ln43   | ../xup_high_level_synthesis_design_flow-main/source/lab1/matrixmul.cpp:43 |
+-----------------------------------+-----+----+-----+------+------+-----+--------+-------+---------+------------+---------------------------------------------------------------------------+


================================================================
== Place & Route Fail Fast
================================================================
+-----------------------------------------------------------+-----------+--------+--------+
| Criteria                                                  | Guideline | Actual | Status |
+-----------------------------------------------------------+-----------+--------+--------+
| LUT                                                       | 70%       | 0.09%  | OK     |
| FD                                                        | 50%       | 0.04%  | OK     |
| LUTRAM+SRL                                                | 25%       | 0.00%  | OK     |
| MUXF7                                                     | 15%       | 0.00%  | OK     |
| DSP                                                       | 80%       | 1.36%  | OK     |
| RAMB/FIFO                                                 | 80%       | 0.00%  | OK     |
| DSP+RAMB+URAM (Avg)                                       | 70%       | 1.36%  | OK     |
| BUFGCE* + BUFGCTRL                                        | 24        | 0      | OK     |
| DONT_TOUCH (cells/nets)                                   | 0         | 0      | OK     |
| MARK_DEBUG (nets)                                         | 0         | 0      | OK     |
| Control Sets                                              | 998       | 7      | OK     |
| Average Fanout for modules > 100k cells                   | 4         | 0      | OK     |
| Non-FD high fanout nets > 10k loads                       | 0         | 0      | OK     |
+-----------------------------------------------------------+-----------+--------+--------+
| TIMING-6 (No common primary clock between related clocks) | 0         | 0      | OK     |
| TIMING-7 (No common node between related clocks)          | 0         | 0      | OK     |
| TIMING-8 (No common period between related clocks)        | 0         | 0      | OK     |
| TIMING-14 (LUT on the clock tree)                         | 0         | 0      | OK     |
| TIMING-35 (No common node in paths with the same clock)   | 0         | 0      | OK     |
+-----------------------------------------------------------+-----------+--------+--------+
| Number of paths above max LUT budgeting (0.575ns)         | 0         | 0      | OK     |
| Number of paths above max Net budgeting (0.403ns)         | 0         | 0      | OK     |
+-----------------------------------------------------------+-----------+--------+--------+


================================================================
== Place & Route Timing Paths
================================================================
* Timing was met
+-------+-------+--------------------+------------------------------------------------------------------------------------------------+--------------+------------+----------------+----------------+--------------+
| Path  | SLACK | STARTPOINT PIN     | ENDPOINT PIN                                                                                   | LOGIC LEVELS | MAX FANOUT | DATAPATH DELAY | DATAPATH LOGIC | DATAPATH NET |
|       |       |                    |                                                                                                |              |            |                |          DELAY |        DELAY |
+-------+-------+--------------------+------------------------------------------------------------------------------------------------+--------------+------------+----------------+----------------+--------------+
| Path1 | 5.630 | ap_CS_fsm_reg[0]/C | indvar_flatten_fu_68_reg[0]/CE                                                                 |            2 |         44 |          4.081 |          0.766 |        3.315 |
| Path2 | 5.630 | ap_CS_fsm_reg[0]/C | indvar_flatten_fu_68_reg[1]/CE                                                                 |            2 |         44 |          4.081 |          0.766 |        3.315 |
| Path3 | 5.630 | ap_CS_fsm_reg[0]/C | indvar_flatten_fu_68_reg[2]/CE                                                                 |            2 |         44 |          4.081 |          0.766 |        3.315 |
| Path4 | 5.630 | ap_CS_fsm_reg[0]/C | indvar_flatten_fu_68_reg[3]/CE                                                                 |            2 |         44 |          4.081 |          0.766 |        3.315 |
| Path5 | 6.348 | ap_CS_fsm_reg[1]/C | mac_muladd_8s_8s_16s_16_4_1_U2/matrixmul_mac_muladd_8s_8s_16s_16_4_1_DSP48_0_U/p_reg_reg/B[10] |            1 |         24 |          2.894 |          0.668 |        2.226 |
+-------+-------+--------------------+------------------------------------------------------------------------------------------------+--------------+------------+----------------+----------------+--------------+

    +------------------------------------------------------+----------------------+
    | Path1 Cells                                          | Primitive Type       |
    +------------------------------------------------------+----------------------+
    | ap_CS_fsm_reg[0]                                     | FLOP_LATCH.flop.FDSE |
    | flow_control_loop_pipe_U/b_ce1_INST_0                | LUT.others.LUT2      |
    | flow_control_loop_pipe_U/indvar_flatten_fu_68[3]_i_1 | LUT.others.LUT6      |
    | indvar_flatten_fu_68_reg[0]                          | FLOP_LATCH.flop.FDRE |
    +------------------------------------------------------+----------------------+

    +------------------------------------------------------+----------------------+
    | Path2 Cells                                          | Primitive Type       |
    +------------------------------------------------------+----------------------+
    | ap_CS_fsm_reg[0]                                     | FLOP_LATCH.flop.FDSE |
    | flow_control_loop_pipe_U/b_ce1_INST_0                | LUT.others.LUT2      |
    | flow_control_loop_pipe_U/indvar_flatten_fu_68[3]_i_1 | LUT.others.LUT6      |
    | indvar_flatten_fu_68_reg[1]                          | FLOP_LATCH.flop.FDRE |
    +------------------------------------------------------+----------------------+

    +------------------------------------------------------+----------------------+
    | Path3 Cells                                          | Primitive Type       |
    +------------------------------------------------------+----------------------+
    | ap_CS_fsm_reg[0]                                     | FLOP_LATCH.flop.FDSE |
    | flow_control_loop_pipe_U/b_ce1_INST_0                | LUT.others.LUT2      |
    | flow_control_loop_pipe_U/indvar_flatten_fu_68[3]_i_1 | LUT.others.LUT6      |
    | indvar_flatten_fu_68_reg[2]                          | FLOP_LATCH.flop.FDRE |
    +------------------------------------------------------+----------------------+

    +------------------------------------------------------+----------------------+
    | Path4 Cells                                          | Primitive Type       |
    +------------------------------------------------------+----------------------+
    | ap_CS_fsm_reg[0]                                     | FLOP_LATCH.flop.FDSE |
    | flow_control_loop_pipe_U/b_ce1_INST_0                | LUT.others.LUT2      |
    | flow_control_loop_pipe_U/indvar_flatten_fu_68[3]_i_1 | LUT.others.LUT6      |
    | indvar_flatten_fu_68_reg[3]                          | FLOP_LATCH.flop.FDRE |
    +------------------------------------------------------+----------------------+

    +------------------------------------------------------------------------------------------------+----------------------+
    | Path5 Cells                                                                                    | Primitive Type       |
    +------------------------------------------------------------------------------------------------+----------------------+
    | ap_CS_fsm_reg[1]                                                                               | FLOP_LATCH.flop.FDRE |
    | mac_muladd_8s_8s_16ns_16_4_1_U3/matrixmul_mac_muladd_8s_8s_16ns_16_4_1_DSP48_1_U/p_reg_reg_i_3 | LUT.others.LUT3      |
    | mac_muladd_8s_8s_16s_16_4_1_U2/matrixmul_mac_muladd_8s_8s_16s_16_4_1_DSP48_0_U/p_reg_reg       | MULT.dsp.DSP48E1     |
    +------------------------------------------------------------------------------------------------+----------------------+


================================================================
== Place & Route Vivado Reports
================================================================
+--------------------------+-------------------------------------------------------------------+
| Report Type              | Report Location                                                   |
+--------------------------+-------------------------------------------------------------------+
| design_analysis          | impl/verilog/report/matrixmul_design_analysis_routed.rpt          |
| failfast                 | impl/verilog/report/matrixmul_failfast_routed.rpt                 |
| status                   | impl/verilog/report/matrixmul_status_routed.rpt                   |
| timing                   | impl/verilog/report/matrixmul_timing_routed.rpt                   |
| timing_paths             | impl/verilog/report/matrixmul_timing_paths_routed.rpt             |
| utilization              | impl/verilog/report/matrixmul_utilization_routed.rpt              |
| utilization_hierarchical | impl/verilog/report/matrixmul_utilization_hierarchical_routed.rpt |
+--------------------------+-------------------------------------------------------------------+


