

Implementation tool: Xilinx Vivado v.2023.1
Project:             matrixmul
Solution:            solution1
Device target:       xc7z020-clg484-1
Report date:         Sun Dec 01 12:56:29 +0300 2024

#=== Post-Implementation Resource usage ===
SLICE:           16
LUT:             48
FF:              39
DSP:              3
BRAM:             0
URAM:             0
LATCH:            0
SRL:              0
CLB:              0

#=== Final timing ===
CP required:                     10.000
CP achieved post-synthesis:      3.884
CP achieved post-implementation: 4.370
Timing met
