

================================================================
== Vitis HLS Report for 'fir'
================================================================
* Date:           Sun Dec  8 18:16:34 2024

* Version:        2023.1 (Build 3854077 on May  4 2023)
* Project:        fir
* Solution:       iz_solution1 (Vivado IP Flow Target)
* Product family: zynq
* Target device:  xc7z020-clg484-1


================================================================
== Performance Estimates
================================================================
+ Timing: 
    * Summary: 
    +--------+----------+----------+------------+
    |  Clock |  Target  | Estimated| Uncertainty|
    +--------+----------+----------+------------+
    |ap_clk  |  10.00 ns|  7.080 ns|     2.70 ns|
    +--------+----------+----------+------------+

+ Latency: 
    * Summary: 
    +---------+---------+----------+----------+-----+-----+---------+
    |  Latency (cycles) |  Latency (absolute) |  Interval | Pipeline|
    |   min   |   max   |    min   |    max   | min | max |   Type  |
    +---------+---------+----------+----------+-----+-----+---------+
    |       70|       70|  0.700 us|  0.700 us|   71|   71|       no|
    +---------+---------+----------+----------+-----+-----+---------+

    + Detail: 
        * Instance: 
        N/A

        * Loop: 
        N/A

============================================================
+ Verbose Summary: Synthesis Manager
============================================================
InlineROM: 1
ExposeGlobal: 0
============================================================
+ Verbose Summary: CDFG Model
============================================================
IsTopModel: 1
ResetActiveHigh: 1
IsCombinational: 0
IsDatapathOnly: 0
HasWiredReturn: 1
HasMFsm: 0
HasVarLatency: 1
IsPipeline: 0
IsRtlPipelined: 0
IsInstanceOverlapped: 0
IsDontTouch: 0
HasImplIP: 0
IsGatedGlobalClock: 0


============================================================
+ Verbose Summary: Schedule
============================================================
* Number of FSM states : 9
* Pipeline : 0
* Dataflow Pipeline: 0

* FSM state transitions: 
1 --> 2 
2 --> 3 
3 --> 4 
4 --> 5 
5 --> 6 
6 --> 7 
7 --> 8 
8 --> 9 
9 --> 

* FSM state operations: 

State 1 <SV = 0> <Delay = 2.32>
ST_1 : Operation 10 [1/1] (0.00ns)   --->   "%acc_01_loc = alloca i64 1"   --->   Operation 10 'alloca' 'acc_01_loc' <Predicate = true> <Delay = 0.00>
ST_1 : Operation 11 [2/2] (2.32ns)   --->   "%shift_reg_load = load i16 57" [../xup_high_level_synthesis_design_flow-main/source/lab4/fir.cpp:26]   --->   Operation 11 'load' 'shift_reg_load' <Predicate = true> <Delay = 2.32> <CoreInst = "RAM">   --->   Core 82 'RAM' <Latency = 1> <II = 1> <Delay = 2.32> <Storage> <Opcode : 'load' 'store'> <Ports = 2> <Width = 16> <Depth = 58> <RAM>

State 2 <SV = 1> <Delay = 2.32>
ST_2 : Operation 12 [1/1] (0.00ns)   --->   "%switch_var_read = read i1 @_ssdm_op_Read.ap_auto.i1, i1 %switch_var"   --->   Operation 12 'read' 'switch_var_read' <Predicate = true> <Delay = 0.00>
ST_2 : Operation 13 [1/2] (2.32ns)   --->   "%shift_reg_load = load i16 57" [../xup_high_level_synthesis_design_flow-main/source/lab4/fir.cpp:26]   --->   Operation 13 'load' 'shift_reg_load' <Predicate = true> <Delay = 2.32> <CoreInst = "RAM">   --->   Core 82 'RAM' <Latency = 1> <II = 1> <Delay = 2.32> <Storage> <Opcode : 'load' 'store'> <Ports = 2> <Width = 16> <Depth = 58> <RAM>
ST_2 : Operation 14 [1/1] (0.69ns)   --->   "%select_ln26 = select i1 %switch_var_read, i29 536870534, i29 2562" [../xup_high_level_synthesis_design_flow-main/source/lab4/fir.cpp:26]   --->   Operation 14 'select' 'select_ln26' <Predicate = true> <Delay = 0.69> <CoreInst = "Sel">   --->   Core 73 'Sel' <Latency = 0> <II = 1> <Delay = 0.69> <FuncUnit> <Opcode : 'select'> <InPorts = 3> <OutPorts = 1>
ST_2 : Operation 15 [1/1] (0.00ns)   --->   "%trunc_ln26 = trunc i29 %select_ln26" [../xup_high_level_synthesis_design_flow-main/source/lab4/fir.cpp:26]   --->   Operation 15 'trunc' 'trunc_ln26' <Predicate = true> <Delay = 0.00>

State 3 <SV = 2> <Delay = 7.08>
ST_3 : Operation 16 [1/1] (0.00ns)   --->   "%sext_ln26 = sext i16 %shift_reg_load" [../xup_high_level_synthesis_design_flow-main/source/lab4/fir.cpp:26]   --->   Operation 16 'sext' 'sext_ln26' <Predicate = true> <Delay = 0.00>
ST_3 : Operation 17 [3/3] (7.08ns)   --->   "%mul_ln21 = mul i28 %trunc_ln26, i28 %sext_ln26" [../xup_high_level_synthesis_design_flow-main/source/lab4/fir.cpp:21]   --->   Operation 17 'mul' 'mul_ln21' <Predicate = true> <Delay = 7.08> <CoreInst = "Multiplier">   --->   Core 3 'Multiplier' <Latency = 2> <II = 1> <Delay = 7.08> <FuncUnit> <Opcode : 'mul'> <InPorts = 2> <OutPorts = 1>

State 4 <SV = 3> <Delay = 7.08>
ST_4 : Operation 18 [2/3] (7.08ns)   --->   "%mul_ln21 = mul i28 %trunc_ln26, i28 %sext_ln26" [../xup_high_level_synthesis_design_flow-main/source/lab4/fir.cpp:21]   --->   Operation 18 'mul' 'mul_ln21' <Predicate = true> <Delay = 7.08> <CoreInst = "Multiplier">   --->   Core 3 'Multiplier' <Latency = 2> <II = 1> <Delay = 7.08> <FuncUnit> <Opcode : 'mul'> <InPorts = 2> <OutPorts = 1>

State 5 <SV = 4> <Delay = 7.08>
ST_5 : Operation 19 [1/3] (7.08ns)   --->   "%mul_ln21 = mul i28 %trunc_ln26, i28 %sext_ln26" [../xup_high_level_synthesis_design_flow-main/source/lab4/fir.cpp:21]   --->   Operation 19 'mul' 'mul_ln21' <Predicate = true> <Delay = 7.08> <CoreInst = "Multiplier">   --->   Core 3 'Multiplier' <Latency = 2> <II = 1> <Delay = 7.08> <FuncUnit> <Opcode : 'mul'> <InPorts = 2> <OutPorts = 1>

State 6 <SV = 5> <Delay = 2.05>
ST_6 : Operation 20 [1/1] (1.00ns)   --->   "%x_read = read i16 @_ssdm_op_Read.s_axilite.i16, i16 %x"   --->   Operation 20 'read' 'x_read' <Predicate = true> <Delay = 1.00> <CoreInst = "s_axilite">   --->   Core 114 's_axilite' <Latency = 0> <II = 1> <Delay = 1.00> <Adapter> <Opcode : 'read' 'write'>
ST_6 : Operation 21 [2/2] (1.58ns)   --->   "%call_ln21 = call void @fir_Pipeline_loop, i28 %mul_ln21, i1 %switch_var_read, i31 %acc_01_loc, i16 %shift_reg, i16 %c1, i16 %c2" [../xup_high_level_synthesis_design_flow-main/source/lab4/fir.cpp:21]   --->   Operation 21 'call' 'call_ln21' <Predicate = true> <Delay = 1.58> <CoreType = "Generic">   --->   Core 0 '' <Latency = 0> <II = 1> <Delay = 1.00> <Generic> <Opcode : >
ST_6 : Operation 22 [1/1] (0.00ns)   --->   "%sext_ln31 = sext i16 %x_read" [../xup_high_level_synthesis_design_flow-main/source/lab4/fir.cpp:31]   --->   Operation 22 'sext' 'sext_ln31' <Predicate = true> <Delay = 0.00>
ST_6 : Operation 23 [3/3] (1.05ns) (grouped into DSP with root node acc)   --->   "%mul_ln31 = mul i29 %select_ln26, i29 %sext_ln31" [../xup_high_level_synthesis_design_flow-main/source/lab4/fir.cpp:31]   --->   Operation 23 'mul' 'mul_ln31' <Predicate = true> <Delay = 1.05> <CoreInst = "DSP48">   --->   Core 119 'DSP48' <Latency = 3> <II = 1> <Delay = 2.15> <IPBlock> <Opcode : '<invalid operator> ' 'mul' 'add' 'sub' 'select'> <InPorts = 0> <OutPorts = 1> <Sync> <CReg>

State 7 <SV = 6> <Delay = 1.05>
ST_7 : Operation 24 [1/2] (0.00ns)   --->   "%call_ln21 = call void @fir_Pipeline_loop, i28 %mul_ln21, i1 %switch_var_read, i31 %acc_01_loc, i16 %shift_reg, i16 %c1, i16 %c2" [../xup_high_level_synthesis_design_flow-main/source/lab4/fir.cpp:21]   --->   Operation 24 'call' 'call_ln21' <Predicate = true> <Delay = 0.00> <CoreType = "Generic">   --->   Core 0 '' <Latency = 0> <II = 1> <Delay = 1.00> <Generic> <Opcode : >
ST_7 : Operation 25 [2/3] (1.05ns) (grouped into DSP with root node acc)   --->   "%mul_ln31 = mul i29 %select_ln26, i29 %sext_ln31" [../xup_high_level_synthesis_design_flow-main/source/lab4/fir.cpp:31]   --->   Operation 25 'mul' 'mul_ln31' <Predicate = true> <Delay = 1.05> <CoreInst = "DSP48">   --->   Core 119 'DSP48' <Latency = 3> <II = 1> <Delay = 2.15> <IPBlock> <Opcode : '<invalid operator> ' 'mul' 'add' 'sub' 'select'> <InPorts = 0> <OutPorts = 1> <Sync> <CReg>

State 8 <SV = 7> <Delay = 2.32>
ST_8 : Operation 26 [1/1] (0.00ns)   --->   "%acc_01_loc_load = load i31 %acc_01_loc"   --->   Operation 26 'load' 'acc_01_loc_load' <Predicate = true> <Delay = 0.00>
ST_8 : Operation 27 [1/3] (0.00ns) (grouped into DSP with root node acc)   --->   "%mul_ln31 = mul i29 %select_ln26, i29 %sext_ln31" [../xup_high_level_synthesis_design_flow-main/source/lab4/fir.cpp:31]   --->   Operation 27 'mul' 'mul_ln31' <Predicate = true> <Delay = 0.00> <CoreInst = "DSP48">   --->   Core 119 'DSP48' <Latency = 3> <II = 1> <Delay = 2.15> <IPBlock> <Opcode : '<invalid operator> ' 'mul' 'add' 'sub' 'select'> <InPorts = 0> <OutPorts = 1> <Sync> <CReg>
ST_8 : Operation 28 [1/1] (0.00ns) (grouped into DSP with root node acc)   --->   "%sext_ln31_1 = sext i29 %mul_ln31" [../xup_high_level_synthesis_design_flow-main/source/lab4/fir.cpp:31]   --->   Operation 28 'sext' 'sext_ln31_1' <Predicate = true> <Delay = 0.00>
ST_8 : Operation 29 [2/2] (2.10ns) (root node of the DSP)   --->   "%acc = add i31 %acc_01_loc_load, i31 %sext_ln31_1" [../xup_high_level_synthesis_design_flow-main/source/lab4/fir.cpp:31]   --->   Operation 29 'add' 'acc' <Predicate = true> <Delay = 2.10> <CoreInst = "DSP48">   --->   Core 119 'DSP48' <Latency = 3> <II = 1> <Delay = 2.15> <IPBlock> <Opcode : '<invalid operator> ' 'mul' 'add' 'sub' 'select'> <InPorts = 0> <OutPorts = 1> <Sync> <CReg>
ST_8 : Operation 30 [1/1] (2.32ns)   --->   "%store_ln32 = store i16 %x_read, i16 0" [../xup_high_level_synthesis_design_flow-main/source/lab4/fir.cpp:32]   --->   Operation 30 'store' 'store_ln32' <Predicate = true> <Delay = 2.32> <CoreInst = "RAM">   --->   Core 82 'RAM' <Latency = 1> <II = 1> <Delay = 2.32> <Storage> <Opcode : 'load' 'store'> <Ports = 2> <Width = 16> <Depth = 58> <RAM>

State 9 <SV = 8> <Delay = 3.10>
ST_9 : Operation 31 [1/1] (0.00ns)   --->   "%spectopmodule_ln3 = spectopmodule void @_ssdm_op_SpecTopModule, void @empty_5" [../xup_high_level_synthesis_design_flow-main/source/lab4/fir.cpp:3]   --->   Operation 31 'spectopmodule' 'spectopmodule_ln3' <Predicate = true> <Delay = 0.00>
ST_9 : Operation 32 [1/1] (0.00ns)   --->   "%specbitsmap_ln0 = specbitsmap void @_ssdm_op_SpecBitsMap, i16 %y"   --->   Operation 32 'specbitsmap' 'specbitsmap_ln0' <Predicate = true> <Delay = 0.00>
ST_9 : Operation 33 [1/1] (0.00ns)   --->   "%specinterface_ln0 = specinterface void @_ssdm_op_SpecInterface, i16 %y, void @empty, i32 0, i32 0, void @empty_0, i32 0, i32 0, void @empty_1, void @empty_2, void @empty_0, i32 0, i32 0, i32 0, i32 0, void @empty_0, void @empty_0, i32 4294967295, i32 0"   --->   Operation 33 'specinterface' 'specinterface_ln0' <Predicate = true> <Delay = 0.00>
ST_9 : Operation 34 [1/1] (0.00ns)   --->   "%specinterface_ln0 = specinterface void @_ssdm_op_SpecInterface, i16 %y, void @empty_3, i32 0, i32 0, void @empty_0, i32 0, i32 0, void @empty_0, void @empty_0, void @empty_0, i32 0, i32 0, i32 0, i32 0, void @empty_0, void @empty_0, i32 4294967295, i32 0"   --->   Operation 34 'specinterface' 'specinterface_ln0' <Predicate = true> <Delay = 0.00>
ST_9 : Operation 35 [1/1] (0.00ns)   --->   "%specbitsmap_ln0 = specbitsmap void @_ssdm_op_SpecBitsMap, i16 %x"   --->   Operation 35 'specbitsmap' 'specbitsmap_ln0' <Predicate = true> <Delay = 0.00>
ST_9 : Operation 36 [1/1] (0.00ns)   --->   "%specinterface_ln0 = specinterface void @_ssdm_op_SpecInterface, i16 %x, void @empty, i32 0, i32 0, void @empty_0, i32 0, i32 0, void @empty_1, void @empty_4, void @empty_0, i32 0, i32 0, i32 0, i32 0, void @empty_0, void @empty_0, i32 4294967295, i32 0"   --->   Operation 36 'specinterface' 'specinterface_ln0' <Predicate = true> <Delay = 0.00>
ST_9 : Operation 37 [1/1] (0.00ns)   --->   "%specinterface_ln0 = specinterface void @_ssdm_op_SpecInterface, i16 %x, void @empty_3, i32 0, i32 0, void @empty_0, i32 0, i32 0, void @empty_0, void @empty_0, void @empty_0, i32 0, i32 0, i32 0, i32 0, void @empty_0, void @empty_0, i32 4294967295, i32 0"   --->   Operation 37 'specinterface' 'specinterface_ln0' <Predicate = true> <Delay = 0.00>
ST_9 : Operation 38 [1/1] (0.00ns)   --->   "%specbitsmap_ln0 = specbitsmap void @_ssdm_op_SpecBitsMap, i1 %switch_var"   --->   Operation 38 'specbitsmap' 'specbitsmap_ln0' <Predicate = true> <Delay = 0.00>
ST_9 : Operation 39 [1/1] (0.00ns)   --->   "%specinterface_ln0 = specinterface void @_ssdm_op_SpecInterface, i1 %switch_var, void @empty_3, i32 0, i32 0, void @empty_0, i32 0, i32 0, void @empty_0, void @empty_0, void @empty_0, i32 0, i32 0, i32 0, i32 0, void @empty_0, void @empty_0, i32 4294967295, i32 0"   --->   Operation 39 'specinterface' 'specinterface_ln0' <Predicate = true> <Delay = 0.00>
ST_9 : Operation 40 [1/1] (0.00ns)   --->   "%specinterface_ln0 = specinterface void @_ssdm_op_SpecInterface, i32 0, void @empty, i32 0, i32 0, void @empty_0, i32 0, i32 0, void @empty_1, void @empty_0, void @empty_0, i32 0, i32 0, i32 0, i32 0, void @empty_0, void @empty_0, i32 4294967295, i32 0"   --->   Operation 40 'specinterface' 'specinterface_ln0' <Predicate = true> <Delay = 0.00>
ST_9 : Operation 41 [1/2] (2.10ns) (root node of the DSP)   --->   "%acc = add i31 %acc_01_loc_load, i31 %sext_ln31_1" [../xup_high_level_synthesis_design_flow-main/source/lab4/fir.cpp:31]   --->   Operation 41 'add' 'acc' <Predicate = true> <Delay = 2.10> <CoreInst = "DSP48">   --->   Core 119 'DSP48' <Latency = 3> <II = 1> <Delay = 2.15> <IPBlock> <Opcode : '<invalid operator> ' 'mul' 'add' 'sub' 'select'> <InPorts = 0> <OutPorts = 1> <Sync> <CReg>
ST_9 : Operation 42 [1/1] (0.00ns)   --->   "%trunc_ln = partselect i16 @_ssdm_op_PartSelect.i16.i31.i32.i32, i31 %acc, i32 15, i32 30" [../xup_high_level_synthesis_design_flow-main/source/lab4/fir.cpp:33]   --->   Operation 42 'partselect' 'trunc_ln' <Predicate = true> <Delay = 0.00>
ST_9 : Operation 43 [1/1] (1.00ns)   --->   "%write_ln33 = write void @_ssdm_op_Write.s_axilite.i16P0A, i16 %y, i16 %trunc_ln" [../xup_high_level_synthesis_design_flow-main/source/lab4/fir.cpp:33]   --->   Operation 43 'write' 'write_ln33' <Predicate = true> <Delay = 1.00> <CoreInst = "s_axilite">   --->   Core 114 's_axilite' <Latency = 0> <II = 1> <Delay = 1.00> <Adapter> <Opcode : 'read' 'write'>
ST_9 : Operation 44 [1/1] (0.00ns)   --->   "%ret_ln34 = ret" [../xup_high_level_synthesis_design_flow-main/source/lab4/fir.cpp:34]   --->   Operation 44 'ret' 'ret_ln34' <Predicate = true> <Delay = 0.00>


============================================================
+ Verbose Summary: Timing violations
============================================================
Target clock period: 10.000ns, clock uncertainty: 2.700ns.

 <State 1>: 2.322ns
The critical path consists of the following:
	'load' operation ('shift_reg_load', ../xup_high_level_synthesis_design_flow-main/source/lab4/fir.cpp:26) on array 'shift_reg' [20]  (2.322 ns)

 <State 2>: 2.322ns
The critical path consists of the following:
	'load' operation ('shift_reg_load', ../xup_high_level_synthesis_design_flow-main/source/lab4/fir.cpp:26) on array 'shift_reg' [20]  (2.322 ns)

 <State 3>: 7.080ns
The critical path consists of the following:
	'mul' operation ('mul_ln21', ../xup_high_level_synthesis_design_flow-main/source/lab4/fir.cpp:21) [24]  (7.080 ns)

 <State 4>: 7.080ns
The critical path consists of the following:
	'mul' operation ('mul_ln21', ../xup_high_level_synthesis_design_flow-main/source/lab4/fir.cpp:21) [24]  (7.080 ns)

 <State 5>: 7.080ns
The critical path consists of the following:
	'mul' operation ('mul_ln21', ../xup_high_level_synthesis_design_flow-main/source/lab4/fir.cpp:21) [24]  (7.080 ns)

 <State 6>: 2.050ns
The critical path consists of the following:
	s_axi read operation ('x') on port 'x' [8]  (1.000 ns)
	'mul' operation of DSP[30] ('mul_ln31', ../xup_high_level_synthesis_design_flow-main/source/lab4/fir.cpp:31) [28]  (1.050 ns)

 <State 7>: 1.050ns
The critical path consists of the following:
	'mul' operation of DSP[30] ('mul_ln31', ../xup_high_level_synthesis_design_flow-main/source/lab4/fir.cpp:31) [28]  (1.050 ns)

 <State 8>: 2.322ns
The critical path consists of the following:
	'store' operation ('store_ln32', ../xup_high_level_synthesis_design_flow-main/source/lab4/fir.cpp:32) of variable 'x' on array 'shift_reg' [31]  (2.322 ns)

 <State 9>: 3.100ns
The critical path consists of the following:
	'add' operation of DSP[30] ('acc', ../xup_high_level_synthesis_design_flow-main/source/lab4/fir.cpp:31) [30]  (2.100 ns)
	s_axi write operation ('write_ln33', ../xup_high_level_synthesis_design_flow-main/source/lab4/fir.cpp:33) on port 'y' (../xup_high_level_synthesis_design_flow-main/source/lab4/fir.cpp:33) [33]  (1.000 ns)


============================================================
+ Verbose Summary: Binding
============================================================
N/A
* FSMD analyzer results:
  - Output states:
 - Input state : 
  - Chain level:
	State 1
	State 2
	State 3
	State 4
	State 5
	State 6
	State 7
	State 8
	State 9


============================================================
+ Verbose Summary: Datapath Resource usage 
============================================================
N/A
