

================================================================
== Vitis HLS Report for 'fir'
================================================================
* Date:           Sun Dec  8 18:16:34 2024

* Version:        2023.1 (Build 3854077 on May  4 2023)
* Project:        fir
* Solution:       iz_solution1 (Vivado IP Flow Target)
* Product family: zynq
* Target device:  xc7z020-clg484-1


================================================================
== Performance Estimates
================================================================
+ Timing: 
    * Summary: 
    +--------+----------+----------+------------+
    |  Clock |  Target  | Estimated| Uncertainty|
    +--------+----------+----------+------------+
    |ap_clk  |  10.00 ns|  7.080 ns|     2.70 ns|
    +--------+----------+----------+------------+

+ Latency: 
    * Summary: 
    +---------+---------+----------+----------+-----+-----+---------+
    |  Latency (cycles) |  Latency (absolute) |  Interval | Pipeline|
    |   min   |   max   |    min   |    max   | min | max |   Type  |
    +---------+---------+----------+----------+-----+-----+---------+
    |       70|       70|  0.700 us|  0.700 us|   71|   71|       no|
    +---------+---------+----------+----------+-----+-----+---------+

    + Detail: 
        * Instance: 
        +-----------------------------+-------------------+---------+---------+----------+----------+-----+-----+---------+
        |                             |                   |  Latency (cycles) |  Latency (absolute) |  Interval | Pipeline|
        |           Instance          |       Module      |   min   |   max   |    min   |    max   | min | max |   Type  |
        +-----------------------------+-------------------+---------+---------+----------+----------+-----+-----+---------+
        |grp_fir_Pipeline_loop_fu_90  |fir_Pipeline_loop  |       62|       62|  0.620 us|  0.620 us|   62|   62|       no|
        +-----------------------------+-------------------+---------+---------+----------+----------+-----+-----+---------+

        * Loop: 
        N/A

============================================================
+ Verbose Summary: Synthesis Manager
============================================================
InlineROM: 1
ExposeGlobal: 0
============================================================
+ Verbose Summary: CDFG Model
============================================================
IsTopModel: 1
ResetActiveHigh: 1
IsCombinational: 0
IsDatapathOnly: 0
HasWiredReturn: 1
HasMFsm: 0
HasVarLatency: 1
IsPipeline: 0
IsRtlPipelined: 0
IsInstanceOverlapped: 0
IsDontTouch: 0
HasImplIP: 0
IsGatedGlobalClock: 0


============================================================
+ Verbose Summary: Schedule
============================================================
* Number of FSM states : 9
* Pipeline : 0
* Dataflow Pipeline: 0

* FSM state transitions: 
1 --> 2 
2 --> 3 
3 --> 4 
4 --> 5 
5 --> 6 
6 --> 7 
7 --> 8 
8 --> 9 
9 --> 

* FSM state operations: 

State 1 <SV = 0> <Delay = 2.32>
ST_1 : Operation 10 [1/1] (0.00ns)   --->   "%acc_01_loc = alloca i64 1"   --->   Operation 10 'alloca' 'acc_01_loc' <Predicate = true> <Delay = 0.00>
ST_1 : Operation 11 [2/2] (2.32ns)   --->   "%shift_reg_load = load i16 57" [../xup_high_level_synthesis_design_flow-main/source/lab4/fir.cpp:26]   --->   Operation 11 'load' 'shift_reg_load' <Predicate = true> <Delay = 2.32> <CoreInst = "RAM">   --->   Core 82 'RAM' <Latency = 1> <II = 1> <Delay = 2.32> <Storage> <Opcode : 'load' 'store'> <Ports = 2> <Width = 16> <Depth = 58> <RAM>

State 2 <SV = 1> <Delay = 2.32>
ST_2 : Operation 12 [1/1] (0.00ns)   --->   "%switch_var_read = read i1 @_ssdm_op_Read.ap_auto.i1, i1 %switch_var"   --->   Operation 12 'read' 'switch_var_read' <Predicate = true> <Delay = 0.00>
ST_2 : Operation 13 [1/2] (2.32ns)   --->   "%shift_reg_load = load i16 57" [../xup_high_level_synthesis_design_flow-main/source/lab4/fir.cpp:26]   --->   Operation 13 'load' 'shift_reg_load' <Predicate = true> <Delay = 2.32> <CoreInst = "RAM">   --->   Core 82 'RAM' <Latency = 1> <II = 1> <Delay = 2.32> <Storage> <Opcode : 'load' 'store'> <Ports = 2> <Width = 16> <Depth = 58> <RAM>
ST_2 : Operation 14 [1/1] (0.69ns)   --->   "%select_ln26 = select i1 %switch_var_read, i29 536870534, i29 2562" [../xup_high_level_synthesis_design_flow-main/source/lab4/fir.cpp:26]   --->   Operation 14 'select' 'select_ln26' <Predicate = true> <Delay = 0.69> <CoreInst = "Sel">   --->   Core 73 'Sel' <Latency = 0> <II = 1> <Delay = 0.69> <FuncUnit> <Opcode : 'select'> <InPorts = 3> <OutPorts = 1>
ST_2 : Operation 15 [1/1] (0.00ns)   --->   "%trunc_ln26 = trunc i29 %select_ln26" [../xup_high_level_synthesis_design_flow-main/source/lab4/fir.cpp:26]   --->   Operation 15 'trunc' 'trunc_ln26' <Predicate = true> <Delay = 0.00>

State 3 <SV = 2> <Delay = 7.08>
ST_3 : Operation 16 [1/1] (0.00ns)   --->   "%sext_ln26 = sext i16 %shift_reg_load" [../xup_high_level_synthesis_design_flow-main/source/lab4/fir.cpp:26]   --->   Operation 16 'sext' 'sext_ln26' <Predicate = true> <Delay = 0.00>
ST_3 : Operation 17 [3/3] (7.08ns)   --->   "%mul_ln21 = mul i28 %trunc_ln26, i28 %sext_ln26" [../xup_high_level_synthesis_design_flow-main/source/lab4/fir.cpp:21]   --->   Operation 17 'mul' 'mul_ln21' <Predicate = true> <Delay = 7.08> <CoreInst = "Multiplier">   --->   Core 3 'Multiplier' <Latency = 2> <II = 1> <Delay = 7.08> <FuncUnit> <Opcode : 'mul'> <InPorts = 2> <OutPorts = 1>

State 4 <SV = 3> <Delay = 7.08>
ST_4 : Operation 18 [2/3] (7.08ns)   --->   "%mul_ln21 = mul i28 %trunc_ln26, i28 %sext_ln26" [../xup_high_level_synthesis_design_flow-main/source/lab4/fir.cpp:21]   --->   Operation 18 'mul' 'mul_ln21' <Predicate = true> <Delay = 7.08> <CoreInst = "Multiplier">   --->   Core 3 'Multiplier' <Latency = 2> <II = 1> <Delay = 7.08> <FuncUnit> <Opcode : 'mul'> <InPorts = 2> <OutPorts = 1>

State 5 <SV = 4> <Delay = 7.08>
ST_5 : Operation 19 [1/3] (7.08ns)   --->   "%mul_ln21 = mul i28 %trunc_ln26, i28 %sext_ln26" [../xup_high_level_synthesis_design_flow-main/source/lab4/fir.cpp:21]   --->   Operation 19 'mul' 'mul_ln21' <Predicate = true> <Delay = 7.08> <CoreInst = "Multiplier">   --->   Core 3 'Multiplier' <Latency = 2> <II = 1> <Delay = 7.08> <FuncUnit> <Opcode : 'mul'> <InPorts = 2> <OutPorts = 1>

State 6 <SV = 5> <Delay = 2.05>
ST_6 : Operation 20 [1/1] (1.00ns)   --->   "%x_read = read i16 @_ssdm_op_Read.s_axilite.i16, i16 %x"   --->   Operation 20 'read' 'x_read' <Predicate = true> <Delay = 1.00> <CoreInst = "s_axilite">   --->   Core 114 's_axilite' <Latency = 0> <II = 1> <Delay = 1.00> <Adapter> <Opcode : 'read' 'write'>
ST_6 : Operation 21 [2/2] (1.58ns)   --->   "%call_ln21 = call void @fir_Pipeline_loop, i28 %mul_ln21, i1 %switch_var_read, i31 %acc_01_loc, i16 %shift_reg, i16 %c1, i16 %c2" [../xup_high_level_synthesis_design_flow-main/source/lab4/fir.cpp:21]   --->   Operation 21 'call' 'call_ln21' <Predicate = true> <Delay = 1.58> <CoreType = "Generic">   --->   Core 0 '' <Latency = 0> <II = 1> <Delay = 1.00> <Generic> <Opcode : >
ST_6 : Operation 22 [1/1] (0.00ns)   --->   "%sext_ln31 = sext i16 %x_read" [../xup_high_level_synthesis_design_flow-main/source/lab4/fir.cpp:31]   --->   Operation 22 'sext' 'sext_ln31' <Predicate = true> <Delay = 0.00>
ST_6 : Operation 23 [3/3] (1.05ns) (grouped into DSP with root node acc)   --->   "%mul_ln31 = mul i29 %select_ln26, i29 %sext_ln31" [../xup_high_level_synthesis_design_flow-main/source/lab4/fir.cpp:31]   --->   Operation 23 'mul' 'mul_ln31' <Predicate = true> <Delay = 1.05> <CoreInst = "DSP48">   --->   Core 119 'DSP48' <Latency = 3> <II = 1> <Delay = 2.15> <IPBlock> <Opcode : '<invalid operator> ' 'mul' 'add' 'sub' 'select'> <InPorts = 0> <OutPorts = 1> <Sync> <CReg>

State 7 <SV = 6> <Delay = 1.05>
ST_7 : Operation 24 [1/2] (0.00ns)   --->   "%call_ln21 = call void @fir_Pipeline_loop, i28 %mul_ln21, i1 %switch_var_read, i31 %acc_01_loc, i16 %shift_reg, i16 %c1, i16 %c2" [../xup_high_level_synthesis_design_flow-main/source/lab4/fir.cpp:21]   --->   Operation 24 'call' 'call_ln21' <Predicate = true> <Delay = 0.00> <CoreType = "Generic">   --->   Core 0 '' <Latency = 0> <II = 1> <Delay = 1.00> <Generic> <Opcode : >
ST_7 : Operation 25 [2/3] (1.05ns) (grouped into DSP with root node acc)   --->   "%mul_ln31 = mul i29 %select_ln26, i29 %sext_ln31" [../xup_high_level_synthesis_design_flow-main/source/lab4/fir.cpp:31]   --->   Operation 25 'mul' 'mul_ln31' <Predicate = true> <Delay = 1.05> <CoreInst = "DSP48">   --->   Core 119 'DSP48' <Latency = 3> <II = 1> <Delay = 2.15> <IPBlock> <Opcode : '<invalid operator> ' 'mul' 'add' 'sub' 'select'> <InPorts = 0> <OutPorts = 1> <Sync> <CReg>

State 8 <SV = 7> <Delay = 2.32>
ST_8 : Operation 26 [1/1] (0.00ns)   --->   "%acc_01_loc_load = load i31 %acc_01_loc"   --->   Operation 26 'load' 'acc_01_loc_load' <Predicate = true> <Delay = 0.00>
ST_8 : Operation 27 [1/3] (0.00ns) (grouped into DSP with root node acc)   --->   "%mul_ln31 = mul i29 %select_ln26, i29 %sext_ln31" [../xup_high_level_synthesis_design_flow-main/source/lab4/fir.cpp:31]   --->   Operation 27 'mul' 'mul_ln31' <Predicate = true> <Delay = 0.00> <CoreInst = "DSP48">   --->   Core 119 'DSP48' <Latency = 3> <II = 1> <Delay = 2.15> <IPBlock> <Opcode : '<invalid operator> ' 'mul' 'add' 'sub' 'select'> <InPorts = 0> <OutPorts = 1> <Sync> <CReg>
ST_8 : Operation 28 [1/1] (0.00ns) (grouped into DSP with root node acc)   --->   "%sext_ln31_1 = sext i29 %mul_ln31" [../xup_high_level_synthesis_design_flow-main/source/lab4/fir.cpp:31]   --->   Operation 28 'sext' 'sext_ln31_1' <Predicate = true> <Delay = 0.00>
ST_8 : Operation 29 [2/2] (2.10ns) (root node of the DSP)   --->   "%acc = add i31 %acc_01_loc_load, i31 %sext_ln31_1" [../xup_high_level_synthesis_design_flow-main/source/lab4/fir.cpp:31]   --->   Operation 29 'add' 'acc' <Predicate = true> <Delay = 2.10> <CoreInst = "DSP48">   --->   Core 119 'DSP48' <Latency = 3> <II = 1> <Delay = 2.15> <IPBlock> <Opcode : '<invalid operator> ' 'mul' 'add' 'sub' 'select'> <InPorts = 0> <OutPorts = 1> <Sync> <CReg>
ST_8 : Operation 30 [1/1] (2.32ns)   --->   "%store_ln32 = store i16 %x_read, i16 0" [../xup_high_level_synthesis_design_flow-main/source/lab4/fir.cpp:32]   --->   Operation 30 'store' 'store_ln32' <Predicate = true> <Delay = 2.32> <CoreInst = "RAM">   --->   Core 82 'RAM' <Latency = 1> <II = 1> <Delay = 2.32> <Storage> <Opcode : 'load' 'store'> <Ports = 2> <Width = 16> <Depth = 58> <RAM>

State 9 <SV = 8> <Delay = 3.10>
ST_9 : Operation 31 [1/1] (0.00ns)   --->   "%spectopmodule_ln3 = spectopmodule void @_ssdm_op_SpecTopModule, void @empty_5" [../xup_high_level_synthesis_design_flow-main/source/lab4/fir.cpp:3]   --->   Operation 31 'spectopmodule' 'spectopmodule_ln3' <Predicate = true> <Delay = 0.00>
ST_9 : Operation 32 [1/1] (0.00ns)   --->   "%specbitsmap_ln0 = specbitsmap void @_ssdm_op_SpecBitsMap, i16 %y"   --->   Operation 32 'specbitsmap' 'specbitsmap_ln0' <Predicate = true> <Delay = 0.00>
ST_9 : Operation 33 [1/1] (0.00ns)   --->   "%specinterface_ln0 = specinterface void @_ssdm_op_SpecInterface, i16 %y, void @empty, i32 0, i32 0, void @empty_0, i32 0, i32 0, void @empty_1, void @empty_2, void @empty_0, i32 0, i32 0, i32 0, i32 0, void @empty_0, void @empty_0, i32 4294967295, i32 0"   --->   Operation 33 'specinterface' 'specinterface_ln0' <Predicate = true> <Delay = 0.00>
ST_9 : Operation 34 [1/1] (0.00ns)   --->   "%specinterface_ln0 = specinterface void @_ssdm_op_SpecInterface, i16 %y, void @empty_3, i32 0, i32 0, void @empty_0, i32 0, i32 0, void @empty_0, void @empty_0, void @empty_0, i32 0, i32 0, i32 0, i32 0, void @empty_0, void @empty_0, i32 4294967295, i32 0"   --->   Operation 34 'specinterface' 'specinterface_ln0' <Predicate = true> <Delay = 0.00>
ST_9 : Operation 35 [1/1] (0.00ns)   --->   "%specbitsmap_ln0 = specbitsmap void @_ssdm_op_SpecBitsMap, i16 %x"   --->   Operation 35 'specbitsmap' 'specbitsmap_ln0' <Predicate = true> <Delay = 0.00>
ST_9 : Operation 36 [1/1] (0.00ns)   --->   "%specinterface_ln0 = specinterface void @_ssdm_op_SpecInterface, i16 %x, void @empty, i32 0, i32 0, void @empty_0, i32 0, i32 0, void @empty_1, void @empty_4, void @empty_0, i32 0, i32 0, i32 0, i32 0, void @empty_0, void @empty_0, i32 4294967295, i32 0"   --->   Operation 36 'specinterface' 'specinterface_ln0' <Predicate = true> <Delay = 0.00>
ST_9 : Operation 37 [1/1] (0.00ns)   --->   "%specinterface_ln0 = specinterface void @_ssdm_op_SpecInterface, i16 %x, void @empty_3, i32 0, i32 0, void @empty_0, i32 0, i32 0, void @empty_0, void @empty_0, void @empty_0, i32 0, i32 0, i32 0, i32 0, void @empty_0, void @empty_0, i32 4294967295, i32 0"   --->   Operation 37 'specinterface' 'specinterface_ln0' <Predicate = true> <Delay = 0.00>
ST_9 : Operation 38 [1/1] (0.00ns)   --->   "%specbitsmap_ln0 = specbitsmap void @_ssdm_op_SpecBitsMap, i1 %switch_var"   --->   Operation 38 'specbitsmap' 'specbitsmap_ln0' <Predicate = true> <Delay = 0.00>
ST_9 : Operation 39 [1/1] (0.00ns)   --->   "%specinterface_ln0 = specinterface void @_ssdm_op_SpecInterface, i1 %switch_var, void @empty_3, i32 0, i32 0, void @empty_0, i32 0, i32 0, void @empty_0, void @empty_0, void @empty_0, i32 0, i32 0, i32 0, i32 0, void @empty_0, void @empty_0, i32 4294967295, i32 0"   --->   Operation 39 'specinterface' 'specinterface_ln0' <Predicate = true> <Delay = 0.00>
ST_9 : Operation 40 [1/1] (0.00ns)   --->   "%specinterface_ln0 = specinterface void @_ssdm_op_SpecInterface, i32 0, void @empty, i32 0, i32 0, void @empty_0, i32 0, i32 0, void @empty_1, void @empty_0, void @empty_0, i32 0, i32 0, i32 0, i32 0, void @empty_0, void @empty_0, i32 4294967295, i32 0"   --->   Operation 40 'specinterface' 'specinterface_ln0' <Predicate = true> <Delay = 0.00>
ST_9 : Operation 41 [1/2] (2.10ns) (root node of the DSP)   --->   "%acc = add i31 %acc_01_loc_load, i31 %sext_ln31_1" [../xup_high_level_synthesis_design_flow-main/source/lab4/fir.cpp:31]   --->   Operation 41 'add' 'acc' <Predicate = true> <Delay = 2.10> <CoreInst = "DSP48">   --->   Core 119 'DSP48' <Latency = 3> <II = 1> <Delay = 2.15> <IPBlock> <Opcode : '<invalid operator> ' 'mul' 'add' 'sub' 'select'> <InPorts = 0> <OutPorts = 1> <Sync> <CReg>
ST_9 : Operation 42 [1/1] (0.00ns)   --->   "%trunc_ln = partselect i16 @_ssdm_op_PartSelect.i16.i31.i32.i32, i31 %acc, i32 15, i32 30" [../xup_high_level_synthesis_design_flow-main/source/lab4/fir.cpp:33]   --->   Operation 42 'partselect' 'trunc_ln' <Predicate = true> <Delay = 0.00>
ST_9 : Operation 43 [1/1] (1.00ns)   --->   "%write_ln33 = write void @_ssdm_op_Write.s_axilite.i16P0A, i16 %y, i16 %trunc_ln" [../xup_high_level_synthesis_design_flow-main/source/lab4/fir.cpp:33]   --->   Operation 43 'write' 'write_ln33' <Predicate = true> <Delay = 1.00> <CoreInst = "s_axilite">   --->   Core 114 's_axilite' <Latency = 0> <II = 1> <Delay = 1.00> <Adapter> <Opcode : 'read' 'write'>
ST_9 : Operation 44 [1/1] (0.00ns)   --->   "%ret_ln34 = ret" [../xup_high_level_synthesis_design_flow-main/source/lab4/fir.cpp:34]   --->   Operation 44 'ret' 'ret_ln34' <Predicate = true> <Delay = 0.00>


============================================================
+ Verbose Summary: Binding
============================================================
STG Binding: 
---------------- STG Properties BEGIN ----------------
- Is combinational: 0
- Is one-state seq: 0
- Is datapath-only: 0
- Is pipelined: 0
- Is top level: 1
Port [ Return ] is wired: 1; IO mode=ap_ctrl_hs:ce=0
Port [ y]:  wired=1; compound=0; hidden=0; nouse=0; global=0; static=0; extern=0; dir=1; type=0; pingpong=0; private_global=0; IO mode=ap_vld:ce=0
Port [ x]:  wired=1; compound=0; hidden=0; nouse=0; global=0; static=0; extern=0; dir=0; type=0; pingpong=0; private_global=0; IO mode=ap_none:ce=0
Port [ switch_var]:  wired=1; compound=0; hidden=0; nouse=0; global=0; static=0; extern=0; dir=0; type=0; pingpong=0; private_global=0; IO mode=ap_none:ce=0
Port [ shift_reg]:  wired=0; compound=1; hidden=1; nouse=0; global=1; static=1; extern=0; dir=2; type=1; pingpong=0; private_global=1; MemPort=[21]; IO mode=ap_memory:ce=0
Port [ c1]:  wired=0; compound=1; hidden=1; nouse=1; global=1; static=1; extern=0; dir=0; type=1; pingpong=0; private_global=0; MemPort=[1]; IO mode=ap_memory:ce=0
Port [ c2]:  wired=0; compound=1; hidden=1; nouse=1; global=1; static=1; extern=0; dir=0; type=1; pingpong=0; private_global=0; MemPort=[1]; IO mode=ap_memory:ce=0
---------------- STG Properties END ------------------

---------------- Datapath Model BEGIN ----------------

<LifeTime>
<method=bitvector/>
acc_01_loc        (alloca       ) [ 0011111110]
switch_var_read   (read         ) [ 0001111100]
shift_reg_load    (load         ) [ 0001000000]
select_ln26       (select       ) [ 0001111110]
trunc_ln26        (trunc        ) [ 0001110000]
sext_ln26         (sext         ) [ 0000110000]
mul_ln21          (mul          ) [ 0000001100]
x_read            (read         ) [ 0000000110]
sext_ln31         (sext         ) [ 0000000110]
call_ln21         (call         ) [ 0000000000]
acc_01_loc_load   (load         ) [ 0000000001]
mul_ln31          (mul          ) [ 0000000000]
sext_ln31_1       (sext         ) [ 0000000001]
store_ln32        (store        ) [ 0000000000]
spectopmodule_ln3 (spectopmodule) [ 0000000000]
specbitsmap_ln0   (specbitsmap  ) [ 0000000000]
specinterface_ln0 (specinterface) [ 0000000000]
specinterface_ln0 (specinterface) [ 0000000000]
specbitsmap_ln0   (specbitsmap  ) [ 0000000000]
specinterface_ln0 (specinterface) [ 0000000000]
specinterface_ln0 (specinterface) [ 0000000000]
specbitsmap_ln0   (specbitsmap  ) [ 0000000000]
specinterface_ln0 (specinterface) [ 0000000000]
specinterface_ln0 (specinterface) [ 0000000000]
acc               (add          ) [ 0000000000]
trunc_ln          (partselect   ) [ 0000000000]
write_ln33        (write        ) [ 0000000000]
ret_ln34          (ret          ) [ 0000000000]
</LifeTime>

<model>

<comp_list>
<comp id="0" class="1000" name="y">
<pin_list>
<pin id="1" dir="1" index="0" bw="1" slack="0"/>
</pin_list>
<bind>
<StgValue><ssdm name="y"/></StgValue>
</bind>
</comp>

<comp id="2" class="1000" name="x">
<pin_list>
<pin id="3" dir="1" index="0" bw="1" slack="0"/>
</pin_list>
<bind>
<StgValue><ssdm name="x"/></StgValue>
</bind>
</comp>

<comp id="4" class="1000" name="switch_var">
<pin_list>
<pin id="5" dir="1" index="0" bw="1" slack="0"/>
</pin_list>
<bind>
<StgValue><ssdm name="switch_var"/></StgValue>
</bind>
</comp>

<comp id="6" class="1000" name="shift_reg">
<pin_list>
<pin id="7" dir="1" index="0" bw="1" slack="0"/>
</pin_list>
<bind>
<StgValue><ssdm name="shift_reg"/><MemPortTyVec>2 1 </MemPortTyVec>
</StgValue>
</bind>
</comp>

<comp id="8" class="1000" name="c1">
<pin_list>
<pin id="9" dir="1" index="0" bw="1" slack="0"/>
</pin_list>
<bind>
<StgValue><ssdm name="c1"/><MemPortTyVec>1 </MemPortTyVec>
</StgValue>
</bind>
</comp>

<comp id="10" class="1000" name="c2">
<pin_list>
<pin id="11" dir="1" index="0" bw="1" slack="0"/>
</pin_list>
<bind>
<StgValue><ssdm name="c2"/><MemPortTyVec>1 </MemPortTyVec>
</StgValue>
</bind>
</comp>

<comp id="12" class="1001" name="const_12">
<pin_list>
<pin id="13" dir="1" index="0" bw="1" slack="0"/>
</pin_list>
<bind>
<StgValue><ssdm name=""/></StgValue>
</bind>
</comp>

<comp id="14" class="1001" name="const_14">
<pin_list>
<pin id="15" dir="1" index="0" bw="1" slack="0"/>
</pin_list>
<bind>
<StgValue><ssdm name=""/></StgValue>
</bind>
</comp>

<comp id="16" class="1001" name="const_16">
<pin_list>
<pin id="17" dir="1" index="0" bw="1" slack="0"/>
</pin_list>
<bind>
<StgValue><ssdm name="_ssdm_op_Read.ap_auto.i1"/></StgValue>
</bind>
</comp>

<comp id="18" class="1001" name="const_18">
<pin_list>
<pin id="19" dir="1" index="0" bw="1" slack="0"/>
</pin_list>
<bind>
<StgValue><ssdm name=""/></StgValue>
</bind>
</comp>

<comp id="20" class="1001" name="const_20">
<pin_list>
<pin id="21" dir="1" index="0" bw="1" slack="0"/>
</pin_list>
<bind>
<StgValue><ssdm name=""/></StgValue>
</bind>
</comp>

<comp id="22" class="1001" name="const_22">
<pin_list>
<pin id="23" dir="1" index="0" bw="1" slack="0"/>
</pin_list>
<bind>
<StgValue><ssdm name="_ssdm_op_Read.s_axilite.i16"/></StgValue>
</bind>
</comp>

<comp id="24" class="1001" name="const_24">
<pin_list>
<pin id="25" dir="1" index="0" bw="1" slack="0"/>
</pin_list>
<bind>
<StgValue><ssdm name="fir_Pipeline_loop"/></StgValue>
</bind>
</comp>

<comp id="26" class="1001" name="const_26">
<pin_list>
<pin id="27" dir="1" index="0" bw="1" slack="0"/>
</pin_list>
<bind>
<StgValue><ssdm name=""/></StgValue>
</bind>
</comp>

<comp id="28" class="1001" name="const_28">
<pin_list>
<pin id="29" dir="1" index="0" bw="1" slack="2147483647"/>
</pin_list>
<bind>
<StgValue><ssdm name="_ssdm_op_SpecTopModule"/></StgValue>
</bind>
</comp>

<comp id="30" class="1001" name="const_30">
<pin_list>
<pin id="31" dir="1" index="0" bw="1" slack="2147483647"/>
</pin_list>
<bind>
<StgValue><ssdm name="empty_5"/></StgValue>
</bind>
</comp>

<comp id="32" class="1001" name="const_32">
<pin_list>
<pin id="33" dir="1" index="0" bw="1" slack="2147483647"/>
</pin_list>
<bind>
<StgValue><ssdm name="_ssdm_op_SpecBitsMap"/></StgValue>
</bind>
</comp>

<comp id="34" class="1001" name="const_34">
<pin_list>
<pin id="35" dir="1" index="0" bw="1" slack="2147483647"/>
</pin_list>
<bind>
<StgValue><ssdm name="_ssdm_op_SpecInterface"/></StgValue>
</bind>
</comp>

<comp id="36" class="1001" name="const_36">
<pin_list>
<pin id="37" dir="1" index="0" bw="1" slack="2147483647"/>
</pin_list>
<bind>
<StgValue><ssdm name="empty"/></StgValue>
</bind>
</comp>

<comp id="38" class="1001" name="const_38">
<pin_list>
<pin id="39" dir="1" index="0" bw="1" slack="2147483647"/>
</pin_list>
<bind>
<StgValue><ssdm name=""/></StgValue>
</bind>
</comp>

<comp id="40" class="1001" name="const_40">
<pin_list>
<pin id="41" dir="1" index="0" bw="1" slack="2147483647"/>
</pin_list>
<bind>
<StgValue><ssdm name="empty_0"/></StgValue>
</bind>
</comp>

<comp id="42" class="1001" name="const_42">
<pin_list>
<pin id="43" dir="1" index="0" bw="1" slack="2147483647"/>
</pin_list>
<bind>
<StgValue><ssdm name="empty_1"/></StgValue>
</bind>
</comp>

<comp id="44" class="1001" name="const_44">
<pin_list>
<pin id="45" dir="1" index="0" bw="1" slack="2147483647"/>
</pin_list>
<bind>
<StgValue><ssdm name="empty_2"/></StgValue>
</bind>
</comp>

<comp id="46" class="1001" name="const_46">
<pin_list>
<pin id="47" dir="1" index="0" bw="1" slack="2147483647"/>
</pin_list>
<bind>
<StgValue><ssdm name=""/></StgValue>
</bind>
</comp>

<comp id="48" class="1001" name="const_48">
<pin_list>
<pin id="49" dir="1" index="0" bw="1" slack="2147483647"/>
</pin_list>
<bind>
<StgValue><ssdm name="empty_3"/></StgValue>
</bind>
</comp>

<comp id="50" class="1001" name="const_50">
<pin_list>
<pin id="51" dir="1" index="0" bw="1" slack="2147483647"/>
</pin_list>
<bind>
<StgValue><ssdm name="empty_4"/></StgValue>
</bind>
</comp>

<comp id="52" class="1001" name="const_52">
<pin_list>
<pin id="53" dir="1" index="0" bw="1" slack="0"/>
</pin_list>
<bind>
<StgValue><ssdm name="_ssdm_op_PartSelect.i16.i31.i32.i32"/></StgValue>
</bind>
</comp>

<comp id="54" class="1001" name="const_54">
<pin_list>
<pin id="55" dir="1" index="0" bw="1" slack="0"/>
</pin_list>
<bind>
<StgValue><ssdm name=""/></StgValue>
</bind>
</comp>

<comp id="56" class="1001" name="const_56">
<pin_list>
<pin id="57" dir="1" index="0" bw="1" slack="0"/>
</pin_list>
<bind>
<StgValue><ssdm name=""/></StgValue>
</bind>
</comp>

<comp id="58" class="1001" name="const_58">
<pin_list>
<pin id="59" dir="1" index="0" bw="1" slack="0"/>
</pin_list>
<bind>
<StgValue><ssdm name="_ssdm_op_Write.s_axilite.i16P0A"/></StgValue>
</bind>
</comp>

<comp id="60" class="1004" name="acc_01_loc_fu_60">
<pin_list>
<pin id="61" dir="0" index="0" bw="1" slack="0"/>
<pin id="62" dir="1" index="1" bw="31" slack="5"/>
</pin_list>
<bind>
<opcode="alloca(26) " fcode="alloca"/>
<opset="acc_01_loc/1 "/>
</bind>
</comp>

<comp id="64" class="1004" name="switch_var_read_read_fu_64">
<pin_list>
<pin id="65" dir="0" index="0" bw="1" slack="0"/>
<pin id="66" dir="0" index="1" bw="1" slack="0"/>
<pin id="67" dir="1" index="2" bw="1" slack="0"/>
</pin_list>
<bind>
<opcode="read(1150) " fcode="read"/>
<opset="switch_var_read/2 "/>
</bind>
</comp>

<comp id="70" class="1004" name="x_read_read_fu_70">
<pin_list>
<pin id="71" dir="0" index="0" bw="16" slack="0"/>
<pin id="72" dir="0" index="1" bw="16" slack="0"/>
<pin id="73" dir="1" index="2" bw="16" slack="0"/>
</pin_list>
<bind>
<opcode="read(1150) " fcode="read"/>
<opset="x_read/6 "/>
</bind>
</comp>

<comp id="76" class="1004" name="write_ln33_write_fu_76">
<pin_list>
<pin id="77" dir="0" index="0" bw="0" slack="0"/>
<pin id="78" dir="0" index="1" bw="16" slack="0"/>
<pin id="79" dir="0" index="2" bw="16" slack="0"/>
<pin id="80" dir="1" index="3" bw="0" slack="2147483647"/>
</pin_list>
<bind>
<opcode="write(1151) " fcode="write"/>
<opset="write_ln33/9 "/>
</bind>
</comp>

<comp id="83" class="1004" name="grp_access_fu_83">
<pin_list>
<pin id="84" dir="0" index="0" bw="16" slack="0"/>
<pin id="85" dir="0" index="1" bw="16" slack="2"/>
<pin id="86" dir="0" index="2" bw="0" slack="2147483647"/>
<pin id="87" dir="1" index="3" bw="16" slack="1"/>
</pin_list>
<bind>
<opcode="load(27) store(28) " fcode="store"/>
<opset="shift_reg_load/1 store_ln32/8 "/>
</bind>
</comp>

<comp id="90" class="1004" name="grp_fir_Pipeline_loop_fu_90">
<pin_list>
<pin id="91" dir="0" index="0" bw="0" slack="0"/>
<pin id="92" dir="0" index="1" bw="28" slack="1"/>
<pin id="93" dir="0" index="2" bw="1" slack="4"/>
<pin id="94" dir="0" index="3" bw="31" slack="5"/>
<pin id="95" dir="0" index="4" bw="16" slack="0"/>
<pin id="96" dir="0" index="5" bw="16" slack="0"/>
<pin id="97" dir="0" index="6" bw="16" slack="0"/>
<pin id="98" dir="1" index="7" bw="0" slack="2147483647"/>
</pin_list>
<bind>
<opcode="call(48) " fcode="call"/>
<opset="call_ln21/6 "/>
</bind>
</comp>

<comp id="103" class="1004" name="grp_fu_103">
<pin_list>
<pin id="104" dir="0" index="0" bw="28" slack="1"/>
<pin id="105" dir="0" index="1" bw="16" slack="0"/>
<pin id="106" dir="1" index="2" bw="28" slack="1"/>
</pin_list>
<bind>
<opcode="mul(12) " fcode="mul"/>
<opset="mul_ln21/3 "/>
</bind>
</comp>

<comp id="107" class="1004" name="select_ln26_fu_107">
<pin_list>
<pin id="108" dir="0" index="0" bw="1" slack="0"/>
<pin id="109" dir="0" index="1" bw="10" slack="0"/>
<pin id="110" dir="0" index="2" bw="13" slack="0"/>
<pin id="111" dir="1" index="3" bw="29" slack="0"/>
</pin_list>
<bind>
<opcode="select(49) " fcode="select"/>
<opset="select_ln26/2 "/>
</bind>
</comp>

<comp id="115" class="1004" name="trunc_ln26_fu_115">
<pin_list>
<pin id="116" dir="0" index="0" bw="13" slack="0"/>
<pin id="117" dir="1" index="1" bw="28" slack="1"/>
</pin_list>
<bind>
<opcode="trunc(33) " fcode="trunc"/>
<opset="trunc_ln26/2 "/>
</bind>
</comp>

<comp id="119" class="1004" name="sext_ln26_fu_119">
<pin_list>
<pin id="120" dir="0" index="0" bw="16" slack="1"/>
<pin id="121" dir="1" index="1" bw="28" slack="0"/>
</pin_list>
<bind>
<opcode="sext(35) " fcode="sext"/>
<opset="sext_ln26/3 "/>
</bind>
</comp>

<comp id="123" class="1004" name="sext_ln31_fu_123">
<pin_list>
<pin id="124" dir="0" index="0" bw="16" slack="0"/>
<pin id="125" dir="1" index="1" bw="29" slack="0"/>
</pin_list>
<bind>
<opcode="sext(35) " fcode="sext"/>
<opset="sext_ln31/6 "/>
</bind>
</comp>

<comp id="127" class="1004" name="acc_01_loc_load_load_fu_127">
<pin_list>
<pin id="128" dir="0" index="0" bw="31" slack="7"/>
<pin id="129" dir="1" index="1" bw="31" slack="0"/>
</pin_list>
<bind>
<opcode="load(27) " fcode="load"/>
<opset="acc_01_loc_load/8 "/>
</bind>
</comp>

<comp id="130" class="1004" name="trunc_ln_fu_130">
<pin_list>
<pin id="131" dir="0" index="0" bw="16" slack="0"/>
<pin id="132" dir="0" index="1" bw="31" slack="0"/>
<pin id="133" dir="0" index="2" bw="5" slack="0"/>
<pin id="134" dir="0" index="3" bw="6" slack="0"/>
<pin id="135" dir="1" index="4" bw="16" slack="0"/>
</pin_list>
<bind>
<opcode="partselect(1002) " fcode="partselect"/>
<opset="trunc_ln/9 "/>
</bind>
</comp>

<comp id="140" class="1007" name="grp_fu_140">
<pin_list>
<pin id="141" dir="0" index="0" bw="13" slack="4"/>
<pin id="142" dir="0" index="1" bw="16" slack="0"/>
<pin id="143" dir="0" index="2" bw="31" slack="0"/>
<pin id="144" dir="1" index="3" bw="31" slack="0"/>
</pin_list>
<bind>
<opcode="muladd(1172) " fcode="muladd"/>
<opset="mul_ln31/6 sext_ln31_1/8 acc/8 "/>
</bind>
</comp>

<comp id="148" class="1005" name="acc_01_loc_reg_148">
<pin_list>
<pin id="149" dir="0" index="0" bw="31" slack="5"/>
<pin id="150" dir="1" index="1" bw="31" slack="5"/>
</pin_list>
<bind>
<opset="acc_01_loc "/>
</bind>
</comp>

<comp id="154" class="1005" name="switch_var_read_reg_154">
<pin_list>
<pin id="155" dir="0" index="0" bw="1" slack="4"/>
<pin id="156" dir="1" index="1" bw="1" slack="4"/>
</pin_list>
<bind>
<opset="switch_var_read "/>
</bind>
</comp>

<comp id="159" class="1005" name="shift_reg_load_reg_159">
<pin_list>
<pin id="160" dir="0" index="0" bw="16" slack="1"/>
<pin id="161" dir="1" index="1" bw="16" slack="1"/>
</pin_list>
<bind>
<opset="shift_reg_load "/>
</bind>
</comp>

<comp id="164" class="1005" name="select_ln26_reg_164">
<pin_list>
<pin id="165" dir="0" index="0" bw="29" slack="4"/>
<pin id="166" dir="1" index="1" bw="29" slack="4"/>
</pin_list>
<bind>
<opset="select_ln26 "/>
</bind>
</comp>

<comp id="169" class="1005" name="trunc_ln26_reg_169">
<pin_list>
<pin id="170" dir="0" index="0" bw="28" slack="1"/>
<pin id="171" dir="1" index="1" bw="28" slack="1"/>
</pin_list>
<bind>
<opset="trunc_ln26 "/>
</bind>
</comp>

<comp id="174" class="1005" name="sext_ln26_reg_174">
<pin_list>
<pin id="175" dir="0" index="0" bw="28" slack="1"/>
<pin id="176" dir="1" index="1" bw="28" slack="1"/>
</pin_list>
<bind>
<opset="sext_ln26 "/>
</bind>
</comp>

<comp id="179" class="1005" name="mul_ln21_reg_179">
<pin_list>
<pin id="180" dir="0" index="0" bw="28" slack="1"/>
<pin id="181" dir="1" index="1" bw="28" slack="1"/>
</pin_list>
<bind>
<opset="mul_ln21 "/>
</bind>
</comp>

<comp id="184" class="1005" name="x_read_reg_184">
<pin_list>
<pin id="185" dir="0" index="0" bw="16" slack="2"/>
<pin id="186" dir="1" index="1" bw="16" slack="2"/>
</pin_list>
<bind>
<opset="x_read "/>
</bind>
</comp>

<comp id="189" class="1005" name="sext_ln31_reg_189">
<pin_list>
<pin id="190" dir="0" index="0" bw="29" slack="1"/>
<pin id="191" dir="1" index="1" bw="29" slack="1"/>
</pin_list>
<bind>
<opset="sext_ln31 "/>
</bind>
</comp>

</comp_list>

<net_list>
<net id="63"><net_src comp="12" pin="0"/><net_sink comp="60" pin=0"/></net>

<net id="68"><net_src comp="16" pin="0"/><net_sink comp="64" pin=0"/></net>

<net id="69"><net_src comp="4" pin="0"/><net_sink comp="64" pin=1"/></net>

<net id="74"><net_src comp="22" pin="0"/><net_sink comp="70" pin=0"/></net>

<net id="75"><net_src comp="2" pin="0"/><net_sink comp="70" pin=1"/></net>

<net id="81"><net_src comp="58" pin="0"/><net_sink comp="76" pin=0"/></net>

<net id="82"><net_src comp="0" pin="0"/><net_sink comp="76" pin=1"/></net>

<net id="88"><net_src comp="14" pin="0"/><net_sink comp="83" pin=0"/></net>

<net id="89"><net_src comp="26" pin="0"/><net_sink comp="83" pin=0"/></net>

<net id="99"><net_src comp="24" pin="0"/><net_sink comp="90" pin=0"/></net>

<net id="100"><net_src comp="6" pin="0"/><net_sink comp="90" pin=4"/></net>

<net id="101"><net_src comp="8" pin="0"/><net_sink comp="90" pin=5"/></net>

<net id="102"><net_src comp="10" pin="0"/><net_sink comp="90" pin=6"/></net>

<net id="112"><net_src comp="64" pin="2"/><net_sink comp="107" pin=0"/></net>

<net id="113"><net_src comp="18" pin="0"/><net_sink comp="107" pin=1"/></net>

<net id="114"><net_src comp="20" pin="0"/><net_sink comp="107" pin=2"/></net>

<net id="118"><net_src comp="107" pin="3"/><net_sink comp="115" pin=0"/></net>

<net id="122"><net_src comp="119" pin="1"/><net_sink comp="103" pin=1"/></net>

<net id="126"><net_src comp="70" pin="2"/><net_sink comp="123" pin=0"/></net>

<net id="136"><net_src comp="52" pin="0"/><net_sink comp="130" pin=0"/></net>

<net id="137"><net_src comp="54" pin="0"/><net_sink comp="130" pin=2"/></net>

<net id="138"><net_src comp="56" pin="0"/><net_sink comp="130" pin=3"/></net>

<net id="139"><net_src comp="130" pin="4"/><net_sink comp="76" pin=2"/></net>

<net id="145"><net_src comp="123" pin="1"/><net_sink comp="140" pin=1"/></net>

<net id="146"><net_src comp="127" pin="1"/><net_sink comp="140" pin=2"/></net>

<net id="147"><net_src comp="140" pin="3"/><net_sink comp="130" pin=1"/></net>

<net id="151"><net_src comp="60" pin="1"/><net_sink comp="148" pin=0"/></net>

<net id="152"><net_src comp="148" pin="1"/><net_sink comp="90" pin=3"/></net>

<net id="153"><net_src comp="148" pin="1"/><net_sink comp="127" pin=0"/></net>

<net id="157"><net_src comp="64" pin="2"/><net_sink comp="154" pin=0"/></net>

<net id="158"><net_src comp="154" pin="1"/><net_sink comp="90" pin=2"/></net>

<net id="162"><net_src comp="83" pin="3"/><net_sink comp="159" pin=0"/></net>

<net id="163"><net_src comp="159" pin="1"/><net_sink comp="119" pin=0"/></net>

<net id="167"><net_src comp="107" pin="3"/><net_sink comp="164" pin=0"/></net>

<net id="168"><net_src comp="164" pin="1"/><net_sink comp="140" pin=0"/></net>

<net id="172"><net_src comp="115" pin="1"/><net_sink comp="169" pin=0"/></net>

<net id="173"><net_src comp="169" pin="1"/><net_sink comp="103" pin=0"/></net>

<net id="177"><net_src comp="119" pin="1"/><net_sink comp="174" pin=0"/></net>

<net id="178"><net_src comp="174" pin="1"/><net_sink comp="103" pin=1"/></net>

<net id="182"><net_src comp="103" pin="2"/><net_sink comp="179" pin=0"/></net>

<net id="183"><net_src comp="179" pin="1"/><net_sink comp="90" pin=1"/></net>

<net id="187"><net_src comp="70" pin="2"/><net_sink comp="184" pin=0"/></net>

<net id="188"><net_src comp="184" pin="1"/><net_sink comp="83" pin=1"/></net>

<net id="192"><net_src comp="123" pin="1"/><net_sink comp="189" pin=0"/></net>

<net id="193"><net_src comp="189" pin="1"/><net_sink comp="140" pin=1"/></net>

</net_list>

</model> 
---------------- Datapath Model END ------------------

* FSMD analyzer results:
  - Output states:
	Port: y | {9 }
	Port: shift_reg | {6 7 8 }
 - Input state : 
	Port: fir : x | {6 }
	Port: fir : switch_var | {2 }
	Port: fir : shift_reg | {1 2 6 7 }
	Port: fir : c1 | {6 7 }
	Port: fir : c2 | {6 7 }
  - Chain level:
	State 1
	State 2
		trunc_ln26 : 1
	State 3
		mul_ln21 : 1
	State 4
	State 5
	State 6
		mul_ln31 : 1
	State 7
	State 8
		sext_ln31_1 : 1
		acc : 2
	State 9
		trunc_ln : 1
		write_ln33 : 2


============================================================
+ Verbose Summary: Datapath Resource usage 
============================================================

* Functional unit list:
|----------|-----------------------------|---------|---------|---------|---------|
| Operation|       Functional Unit       |   DSP   |  Delay  |    FF   |   LUT   |
|----------|-----------------------------|---------|---------|---------|---------|
|   call   | grp_fir_Pipeline_loop_fu_90 |    1    |  8.0593 |   228   |    94   |
|----------|-----------------------------|---------|---------|---------|---------|
|    mul   |          grp_fu_103         |    2    |    0    |   141   |   112   |
|----------|-----------------------------|---------|---------|---------|---------|
|  select  |      select_ln26_fu_107     |    0    |    0    |    0    |    13   |
|----------|-----------------------------|---------|---------|---------|---------|
|  muladd  |          grp_fu_140         |    1    |    0    |    0    |    0    |
|----------|-----------------------------|---------|---------|---------|---------|
|   read   |  switch_var_read_read_fu_64 |    0    |    0    |    0    |    0    |
|          |      x_read_read_fu_70      |    0    |    0    |    0    |    0    |
|----------|-----------------------------|---------|---------|---------|---------|
|   write  |    write_ln33_write_fu_76   |    0    |    0    |    0    |    0    |
|----------|-----------------------------|---------|---------|---------|---------|
|   trunc  |      trunc_ln26_fu_115      |    0    |    0    |    0    |    0    |
|----------|-----------------------------|---------|---------|---------|---------|
|   sext   |       sext_ln26_fu_119      |    0    |    0    |    0    |    0    |
|          |       sext_ln31_fu_123      |    0    |    0    |    0    |    0    |
|----------|-----------------------------|---------|---------|---------|---------|
|partselect|       trunc_ln_fu_130       |    0    |    0    |    0    |    0    |
|----------|-----------------------------|---------|---------|---------|---------|
|   Total  |                             |    4    |  8.0593 |   369   |   219   |
|----------|-----------------------------|---------|---------|---------|---------|

Memories:
+---------+--------+--------+--------+--------+
|         |  BRAM  |   FF   |   LUT  |  URAM  |
+---------+--------+--------+--------+--------+
|    c1   |    0   |   16   |   15   |    -   |
|    c2   |    0   |   16   |   15   |    -   |
|shift_reg|    0   |   32   |   15   |    0   |
+---------+--------+--------+--------+--------+
|  Total  |    0   |   64   |   45   |    0   |
+---------+--------+--------+--------+--------+

* Register list:
+-----------------------+--------+
|                       |   FF   |
+-----------------------+--------+
|   acc_01_loc_reg_148  |   31   |
|    mul_ln21_reg_179   |   28   |
|  select_ln26_reg_164  |   29   |
|   sext_ln26_reg_174   |   28   |
|   sext_ln31_reg_189   |   29   |
| shift_reg_load_reg_159|   16   |
|switch_var_read_reg_154|    1   |
|   trunc_ln26_reg_169  |   28   |
|     x_read_reg_184    |   16   |
+-----------------------+--------+
|         Total         |   206  |
+-----------------------+--------+

* Multiplexer (MUX) list: 
|------------------|------|------|------|--------||---------||---------|
|       Comp       |  Pin | Size |  BW  | S x BW ||  Delay  ||   LUT   |
|------------------|------|------|------|--------||---------||---------|
| grp_access_fu_83 |  p0  |   2  |  16  |   32   |
|    grp_fu_103    |  p1  |   2  |  16  |   32   ||    9    |
|    grp_fu_140    |  p1  |   2  |  16  |   32   ||    9    |
|------------------|------|------|------|--------||---------||---------|
|       Total      |      |      |      |   96   ||  4.764  ||    18   |
|------------------|------|------|------|--------||---------||---------|



* Summary:
+-----------+--------+--------+--------+--------+--------+--------+
|           |  BRAM  |   DSP  |  Delay |   FF   |   LUT  |  URAM  |
+-----------+--------+--------+--------+--------+--------+--------+
|  Function |    -   |    4   |    8   |   369  |   219  |    -   |
|   Memory  |    0   |    -   |    -   |   64   |   45   |    0   |
|Multiplexer|    -   |    -   |    4   |    -   |   18   |    -   |
|  Register |    -   |    -   |    -   |   206  |    -   |    -   |
+-----------+--------+--------+--------+--------+--------+--------+
|   Total   |    0   |    4   |   12   |   639  |   282  |    0   |
+-----------+--------+--------+--------+--------+--------+--------+
