

================================================================
== Vitis HLS Report for 'fir_Pipeline_loop'
================================================================
* Date:           Sun Dec  8 18:16:34 2024

* Version:        2023.1 (Build 3854077 on May  4 2023)
* Project:        fir
* Solution:       iz_solution1 (Vivado IP Flow Target)
* Product family: zynq
* Target device:  xc7z020-clg484-1


================================================================
== Performance Estimates
================================================================
+ Timing: 
    * Summary: 
    +--------+----------+----------+------------+
    |  Clock |  Target  | Estimated| Uncertainty|
    +--------+----------+----------+------------+
    |ap_clk  |  10.00 ns|  4.644 ns|     2.70 ns|
    +--------+----------+----------+------------+

+ Latency: 
    * Summary: 
    +---------+---------+----------+----------+-----+-----+---------+
    |  Latency (cycles) |  Latency (absolute) |  Interval | Pipeline|
    |   min   |   max   |    min   |    max   | min | max |   Type  |
    +---------+---------+----------+----------+-----+-----+---------+
    |       62|       62|  0.620 us|  0.620 us|   62|   62|       no|
    +---------+---------+----------+----------+-----+-----+---------+

    + Detail: 
        * Instance: 
        N/A

        * Loop: 
        +----------+---------+---------+----------+-----------+-----------+------+----------+
        |          |  Latency (cycles) | Iteration|  Initiation Interval  | Trip |          |
        | Loop Name|   min   |   max   |  Latency |  achieved |   target  | Count| Pipelined|
        +----------+---------+---------+----------+-----------+-----------+------+----------+
        |- loop    |       60|       60|         5|          1|          1|    57|       yes|
        +----------+---------+---------+----------+-----------+-----------+------+----------+



================================================================
== Utilization Estimates
================================================================
* Summary: 
+-----------------+---------+-----+--------+-------+-----+
|       Name      | BRAM_18K| DSP |   FF   |  LUT  | URAM|
+-----------------+---------+-----+--------+-------+-----+
|DSP              |        -|    1|       -|      -|    -|
|Expression       |        -|    -|       0|     46|    -|
|FIFO             |        -|    -|       -|      -|    -|
|Instance         |        -|    -|       -|      -|    -|
|Memory           |        0|    -|      32|     30|    -|
|Multiplexer      |        -|    -|       -|     54|    -|
|Register         |        -|    -|     123|     32|    -|
+-----------------+---------+-----+--------+-------+-----+
|Total            |        0|    1|     155|    162|    0|
+-----------------+---------+-----+--------+-------+-----+
|Available        |      280|  220|  106400|  53200|    0|
+-----------------+---------+-----+--------+-------+-----+
|Utilization (%)  |        0|   ~0|      ~0|     ~0|    0|
+-----------------+---------+-----+--------+-------+-----+

+ Detail: 
    * Instance: 
    N/A

    * DSP: 
    +----------------------------------+-------------------------------+--------------+
    |             Instance             |             Module            |  Expression  |
    +----------------------------------+-------------------------------+--------------+
    |mac_muladd_16s_16s_37s_37_4_1_U1  |mac_muladd_16s_16s_37s_37_4_1  |  i0 * i1 + i2|
    +----------------------------------+-------------------------------+--------------+

    * Memory: 
    +-------+----------------------------------+---------+----+----+-----+------+-----+------+-------------+
    | Memory|              Module              | BRAM_18K| FF | LUT| URAM| Words| Bits| Banks| W*Bits*Banks|
    +-------+----------------------------------+---------+----+----+-----+------+-----+------+-------------+
    |c1_U   |fir_Pipeline_loop_c1_ROM_AUTO_1R  |        0|  16|  15|    0|    59|   16|     1|          944|
    |c2_U   |fir_Pipeline_loop_c2_ROM_AUTO_1R  |        0|  16|  15|    0|    59|   16|     1|          944|
    +-------+----------------------------------+---------+----+----+-----+------+-----+------+-------------+
    |Total  |                                  |        0|  32|  30|    0|   118|   32|     2|         1888|
    +-------+----------------------------------+---------+----+----+-----+------+-----+------+-------------+

    * FIFO: 
    N/A

    * Expression: 
    +-----------------------+----------+----+---+----+------------+------------+
    |     Variable Name     | Operation| DSP| FF| LUT| Bitwidth P0| Bitwidth P1|
    +-----------------------+----------+----+---+----+------------+------------+
    |add_ln27_fu_152_p2     |         +|   0|  0|  14|           6|           2|
    |icmp_ln27_fu_140_p2    |      icmp|   0|  0|  14|           6|           1|
    |select_ln28_fu_172_p3  |    select|   0|  0|  16|           1|          16|
    |ap_enable_pp0          |       xor|   0|  0|   2|           1|           2|
    +-----------------------+----------+----+---+----+------------+------------+
    |Total                  |          |   0|  0|  46|          14|          21|
    +-----------------------+----------+----+---+----+------------+------------+

    * Multiplexer: 
    +-------------------------+----+-----------+-----+-----------+
    |           Name          | LUT| Input Size| Bits| Total Bits|
    +-------------------------+----+-----------+-----+-----------+
    |acc_fu_44                |   9|          2|   37|         74|
    |ap_done_int              |   9|          2|    1|          2|
    |ap_enable_reg_pp0_iter4  |   9|          2|    1|          2|
    |ap_sig_allocacmp_acc_1   |   9|          2|   37|         74|
    |ap_sig_allocacmp_i_1     |   9|          2|    6|         12|
    |i_fu_48                  |   9|          2|    6|         12|
    +-------------------------+----+-----------+-----+-----------+
    |Total                    |  54|         12|   88|        176|
    +-------------------------+----+-----------+-----+-----------+

    * Register: 
    +----------------------------------+----+----+-----+-----------+
    |               Name               | FF | LUT| Bits| Const Bits|
    +----------------------------------+----+----+-----+-----------+
    |acc_fu_44                         |  37|   0|   37|          0|
    |ap_CS_fsm                         |   1|   0|    1|          0|
    |ap_done_reg                       |   1|   0|    1|          0|
    |ap_enable_reg_pp0_iter1           |   1|   0|    1|          0|
    |ap_enable_reg_pp0_iter2           |   1|   0|    1|          0|
    |ap_enable_reg_pp0_iter3           |   1|   0|    1|          0|
    |ap_enable_reg_pp0_iter4           |   1|   0|    1|          0|
    |ap_loop_exit_ready_pp0_iter1_reg  |   1|   0|    1|          0|
    |ap_loop_exit_ready_pp0_iter2_reg  |   1|   0|    1|          0|
    |ap_loop_exit_ready_pp0_iter3_reg  |   1|   0|    1|          0|
    |i_cast_reg_227                    |   6|   0|   64|         58|
    |i_fu_48                           |   6|   0|    6|          0|
    |icmp_ln27_reg_223                 |   1|   0|    1|          0|
    |icmp_ln27_reg_223                 |  64|  32|    1|          0|
    +----------------------------------+----+----+-----+-----------+
    |Total                             | 123|  32|  118|         58|
    +----------------------------------+----+----+-----+-----------+



================================================================
== Interface
================================================================
* Summary: 
+--------------------+-----+-----+------------+-------------------+--------------+
|      RTL Ports     | Dir | Bits|  Protocol  |   Source Object   |    C Type    |
+--------------------+-----+-----+------------+-------------------+--------------+
|ap_clk              |   in|    1|  ap_ctrl_hs|  fir_Pipeline_loop|  return value|
|ap_rst              |   in|    1|  ap_ctrl_hs|  fir_Pipeline_loop|  return value|
|ap_start            |   in|    1|  ap_ctrl_hs|  fir_Pipeline_loop|  return value|
|ap_done             |  out|    1|  ap_ctrl_hs|  fir_Pipeline_loop|  return value|
|ap_idle             |  out|    1|  ap_ctrl_hs|  fir_Pipeline_loop|  return value|
|ap_ready            |  out|    1|  ap_ctrl_hs|  fir_Pipeline_loop|  return value|
|sext_ln21           |   in|   28|     ap_none|          sext_ln21|        scalar|
|switch_var          |   in|    1|     ap_none|         switch_var|        scalar|
|acc_01_out          |  out|   31|      ap_vld|         acc_01_out|       pointer|
|acc_01_out_ap_vld   |  out|    1|      ap_vld|         acc_01_out|       pointer|
|shift_reg_address0  |  out|    6|   ap_memory|          shift_reg|         array|
|shift_reg_ce0       |  out|    1|   ap_memory|          shift_reg|         array|
|shift_reg_we0       |  out|    1|   ap_memory|          shift_reg|         array|
|shift_reg_d0        |  out|   16|   ap_memory|          shift_reg|         array|
|shift_reg_address1  |  out|    6|   ap_memory|          shift_reg|         array|
|shift_reg_ce1       |  out|    1|   ap_memory|          shift_reg|         array|
|shift_reg_q1        |   in|   16|   ap_memory|          shift_reg|         array|
+--------------------+-----+-----+------------+-------------------+--------------+

============================================================
+ Verbose Summary: Synthesis Manager
============================================================
InlineROM: 1
ExposeGlobal: 0
============================================================
+ Verbose Summary: CDFG Model
============================================================
IsTopModel: 0
ResetActiveHigh: 1
IsCombinational: 2
IsDatapathOnly: 2
HasWiredReturn: 1
HasMFsm: 2
HasVarLatency: 1
IsPipeline: 0
IsRtlPipelined: 0
IsInstanceOverlapped: 0
IsDontTouch: 0
HasImplIP: 0
IsGatedGlobalClock: 0

+ Individual pipeline summary: 
  * Pipeline-0: initiation interval (II) = 1, depth = 5


============================================================
+ Verbose Summary: Schedule
============================================================
* Number of FSM states : 5
* Pipeline : 1
  Pipeline-0 : II = 1, D = 5, States = { 1 2 3 4 5 }
* Dataflow Pipeline: 0

* FSM state transitions: 
1 --> 2 
2 --> 3 
3 --> 4 
4 --> 5 
5 --> 

* FSM state operations: 

State 1 <SV = 0> <Delay = 4.14>
ST_1 : Operation 8 [1/1] (0.00ns)   --->   "%acc = alloca i32 1"   --->   Operation 8 'alloca' 'acc' <Predicate = true> <Delay = 0.00>
ST_1 : Operation 9 [1/1] (0.00ns)   --->   "%i = alloca i32 1"   --->   Operation 9 'alloca' 'i' <Predicate = true> <Delay = 0.00>
ST_1 : Operation 10 [1/1] (0.00ns)   --->   "%switch_var_read = read i1 @_ssdm_op_Read.ap_auto.i1, i1 %switch_var"   --->   Operation 10 'read' 'switch_var_read' <Predicate = true> <Delay = 0.00>
ST_1 : Operation 11 [1/1] (0.00ns)   --->   "%sext_ln21_read = read i28 @_ssdm_op_Read.ap_auto.i28, i28 %sext_ln21"   --->   Operation 11 'read' 'sext_ln21_read' <Predicate = true> <Delay = 0.00>
ST_1 : Operation 12 [1/1] (0.00ns)   --->   "%sext_ln21_cast = sext i28 %sext_ln21_read"   --->   Operation 12 'sext' 'sext_ln21_cast' <Predicate = true> <Delay = 0.00>
ST_1 : Operation 13 [1/1] (1.58ns)   --->   "%store_ln0 = store i6 57, i6 %i"   --->   Operation 13 'store' 'store_ln0' <Predicate = true> <Delay = 1.58>
ST_1 : Operation 14 [1/1] (1.58ns)   --->   "%store_ln0 = store i37 %sext_ln21_cast, i37 %acc"   --->   Operation 14 'store' 'store_ln0' <Predicate = true> <Delay = 1.58>
ST_1 : Operation 15 [1/1] (0.00ns)   --->   "%br_ln0 = br void %for.inc"   --->   Operation 15 'br' 'br_ln0' <Predicate = true> <Delay = 0.00>
ST_1 : Operation 16 [1/1] (0.00ns)   --->   "%i_1 = load i6 %i" [../xup_high_level_synthesis_design_flow-main/source/lab4/fir.cpp:27]   --->   Operation 16 'load' 'i_1' <Predicate = true> <Delay = 0.00>
ST_1 : Operation 17 [1/1] (1.82ns)   --->   "%icmp_ln27 = icmp_eq  i6 %i_1, i6 0" [../xup_high_level_synthesis_design_flow-main/source/lab4/fir.cpp:27]   --->   Operation 17 'icmp' 'icmp_ln27' <Predicate = true> <Delay = 1.82> <CoreInst = "Cmp">   --->   Core 9 'Cmp' <Latency = 0> <II = 1> <Delay = 1.82> <FuncUnit> <Opcode : 'icmp'> <InPorts = 2> <OutPorts = 1>
ST_1 : Operation 18 [1/1] (0.00ns)   --->   "%br_ln27 = br i1 %icmp_ln27, void %for.inc.split, void %for.end.exitStub" [../xup_high_level_synthesis_design_flow-main/source/lab4/fir.cpp:27]   --->   Operation 18 'br' 'br_ln27' <Predicate = true> <Delay = 0.00>
ST_1 : Operation 19 [1/1] (0.00ns)   --->   "%i_cast = zext i6 %i_1" [../xup_high_level_synthesis_design_flow-main/source/lab4/fir.cpp:27]   --->   Operation 19 'zext' 'i_cast' <Predicate = (!icmp_ln27)> <Delay = 0.00>
ST_1 : Operation 20 [1/1] (1.82ns)   --->   "%add_ln27 = add i6 %i_1, i6 63" [../xup_high_level_synthesis_design_flow-main/source/lab4/fir.cpp:27]   --->   Operation 20 'add' 'add_ln27' <Predicate = (!icmp_ln27)> <Delay = 1.82> <CoreInst = "Adder">   --->   Core 1 'Adder' <Latency = 0> <II = 1> <Delay = 1.82> <FuncUnit> <Opcode : 'add' 'sub'> <InPorts = 2> <OutPorts = 1>
ST_1 : Operation 21 [1/1] (0.00ns)   --->   "%zext_ln28 = zext i6 %add_ln27" [../xup_high_level_synthesis_design_flow-main/source/lab4/fir.cpp:28]   --->   Operation 21 'zext' 'zext_ln28' <Predicate = (!icmp_ln27)> <Delay = 0.00>
ST_1 : Operation 22 [1/1] (0.00ns)   --->   "%shift_reg_addr = getelementptr i16 %shift_reg, i64 0, i64 %zext_ln28" [../xup_high_level_synthesis_design_flow-main/source/lab4/fir.cpp:28]   --->   Operation 22 'getelementptr' 'shift_reg_addr' <Predicate = (!icmp_ln27)> <Delay = 0.00>
ST_1 : Operation 23 [2/2] (2.32ns)   --->   "%shift_reg_load = load i6 %shift_reg_addr" [../xup_high_level_synthesis_design_flow-main/source/lab4/fir.cpp:28]   --->   Operation 23 'load' 'shift_reg_load' <Predicate = (!icmp_ln27)> <Delay = 2.32> <CoreInst = "RAM">   --->   Core 82 'RAM' <Latency = 1> <II = 1> <Delay = 2.32> <Storage> <Opcode : 'load' 'store'> <Ports = 2> <Width = 16> <Depth = 58> <RAM>
ST_1 : Operation 24 [1/1] (0.00ns)   --->   "%c1_addr = getelementptr i16 %c1, i64 0, i64 %i_cast" [../xup_high_level_synthesis_design_flow-main/source/lab4/fir.cpp:28]   --->   Operation 24 'getelementptr' 'c1_addr' <Predicate = (!icmp_ln27 & switch_var_read)> <Delay = 0.00>
ST_1 : Operation 25 [1/1] (0.00ns)   --->   "%c2_addr = getelementptr i16 %c2, i64 0, i64 %i_cast" [../xup_high_level_synthesis_design_flow-main/source/lab4/fir.cpp:28]   --->   Operation 25 'getelementptr' 'c2_addr' <Predicate = (!icmp_ln27 & !switch_var_read)> <Delay = 0.00>
ST_1 : Operation 26 [2/2] (2.32ns)   --->   "%c1_load = load i6 %c1_addr" [../xup_high_level_synthesis_design_flow-main/source/lab4/fir.cpp:28]   --->   Operation 26 'load' 'c1_load' <Predicate = (!icmp_ln27 & switch_var_read)> <Delay = 2.32> <CoreInst = "ROM">   --->   Core 95 'ROM' <Latency = 1> <II = 1> <Delay = 2.32> <Storage> <Opcode : 'load'> <Ports = 0> <Width = 16> <Depth = 59> <ROM>
ST_1 : Operation 27 [2/2] (2.32ns)   --->   "%c2_load = load i6 %c2_addr" [../xup_high_level_synthesis_design_flow-main/source/lab4/fir.cpp:28]   --->   Operation 27 'load' 'c2_load' <Predicate = (!icmp_ln27 & !switch_var_read)> <Delay = 2.32> <CoreInst = "ROM">   --->   Core 95 'ROM' <Latency = 1> <II = 1> <Delay = 2.32> <Storage> <Opcode : 'load'> <Ports = 0> <Width = 16> <Depth = 59> <ROM>
ST_1 : Operation 28 [1/1] (1.58ns)   --->   "%store_ln27 = store i6 %add_ln27, i6 %i" [../xup_high_level_synthesis_design_flow-main/source/lab4/fir.cpp:27]   --->   Operation 28 'store' 'store_ln27' <Predicate = (!icmp_ln27)> <Delay = 1.58>

State 2 <SV = 1> <Delay = 4.64>
ST_2 : Operation 29 [1/2] (2.32ns)   --->   "%shift_reg_load = load i6 %shift_reg_addr" [../xup_high_level_synthesis_design_flow-main/source/lab4/fir.cpp:28]   --->   Operation 29 'load' 'shift_reg_load' <Predicate = (!icmp_ln27)> <Delay = 2.32> <CoreInst = "RAM">   --->   Core 82 'RAM' <Latency = 1> <II = 1> <Delay = 2.32> <Storage> <Opcode : 'load' 'store'> <Ports = 2> <Width = 16> <Depth = 58> <RAM>
ST_2 : Operation 30 [1/1] (0.00ns)   --->   "%sext_ln28 = sext i16 %shift_reg_load" [../xup_high_level_synthesis_design_flow-main/source/lab4/fir.cpp:28]   --->   Operation 30 'sext' 'sext_ln28' <Predicate = (!icmp_ln27)> <Delay = 0.00>
ST_2 : Operation 31 [1/2] (2.32ns)   --->   "%c1_load = load i6 %c1_addr" [../xup_high_level_synthesis_design_flow-main/source/lab4/fir.cpp:28]   --->   Operation 31 'load' 'c1_load' <Predicate = (!icmp_ln27 & switch_var_read)> <Delay = 2.32> <CoreInst = "ROM">   --->   Core 95 'ROM' <Latency = 1> <II = 1> <Delay = 2.32> <Storage> <Opcode : 'load'> <Ports = 0> <Width = 16> <Depth = 59> <ROM>
ST_2 : Operation 32 [1/2] (2.32ns)   --->   "%c2_load = load i6 %c2_addr" [../xup_high_level_synthesis_design_flow-main/source/lab4/fir.cpp:28]   --->   Operation 32 'load' 'c2_load' <Predicate = (!icmp_ln27 & !switch_var_read)> <Delay = 2.32> <CoreInst = "ROM">   --->   Core 95 'ROM' <Latency = 1> <II = 1> <Delay = 2.32> <Storage> <Opcode : 'load'> <Ports = 0> <Width = 16> <Depth = 59> <ROM>
ST_2 : Operation 33 [1/1] (0.80ns)   --->   "%select_ln28 = select i1 %switch_var_read, i16 %c1_load, i16 %c2_load" [../xup_high_level_synthesis_design_flow-main/source/lab4/fir.cpp:28]   --->   Operation 33 'select' 'select_ln28' <Predicate = (!icmp_ln27)> <Delay = 0.80> <CoreInst = "Sel">   --->   Core 73 'Sel' <Latency = 0> <II = 1> <Delay = 0.80> <FuncUnit> <Opcode : 'select'> <InPorts = 3> <OutPorts = 1>
ST_2 : Operation 34 [1/1] (0.00ns)   --->   "%sext_ln28_1 = sext i16 %select_ln28" [../xup_high_level_synthesis_design_flow-main/source/lab4/fir.cpp:28]   --->   Operation 34 'sext' 'sext_ln28_1' <Predicate = (!icmp_ln27)> <Delay = 0.00>
ST_2 : Operation 35 [3/3] (1.05ns) (grouped into DSP with root node acc_2)   --->   "%mul_ln28 = mul i32 %sext_ln28_1, i32 %sext_ln28" [../xup_high_level_synthesis_design_flow-main/source/lab4/fir.cpp:28]   --->   Operation 35 'mul' 'mul_ln28' <Predicate = (!icmp_ln27)> <Delay = 1.05> <CoreInst = "DSP48">   --->   Core 119 'DSP48' <Latency = 3> <II = 1> <Delay = 2.15> <IPBlock> <Opcode : '<invalid operator> ' 'mul' 'add' 'sub' 'select'> <InPorts = 0> <OutPorts = 1> <Sync> <CReg>
ST_2 : Operation 36 [1/1] (0.00ns)   --->   "%shift_reg_addr_1 = getelementptr i16 %shift_reg, i64 0, i64 %i_cast" [../xup_high_level_synthesis_design_flow-main/source/lab4/fir.cpp:29]   --->   Operation 36 'getelementptr' 'shift_reg_addr_1' <Predicate = (!icmp_ln27)> <Delay = 0.00>
ST_2 : Operation 37 [1/1] (2.32ns)   --->   "%store_ln29 = store i16 %shift_reg_load, i6 %shift_reg_addr_1" [../xup_high_level_synthesis_design_flow-main/source/lab4/fir.cpp:29]   --->   Operation 37 'store' 'store_ln29' <Predicate = (!icmp_ln27)> <Delay = 2.32> <CoreInst = "RAM">   --->   Core 82 'RAM' <Latency = 1> <II = 1> <Delay = 2.32> <Storage> <Opcode : 'load' 'store'> <Ports = 2> <Width = 16> <Depth = 58> <RAM>

State 3 <SV = 2> <Delay = 1.05>
ST_3 : Operation 38 [2/3] (1.05ns) (grouped into DSP with root node acc_2)   --->   "%mul_ln28 = mul i32 %sext_ln28_1, i32 %sext_ln28" [../xup_high_level_synthesis_design_flow-main/source/lab4/fir.cpp:28]   --->   Operation 38 'mul' 'mul_ln28' <Predicate = (!icmp_ln27)> <Delay = 1.05> <CoreInst = "DSP48">   --->   Core 119 'DSP48' <Latency = 3> <II = 1> <Delay = 2.15> <IPBlock> <Opcode : '<invalid operator> ' 'mul' 'add' 'sub' 'select'> <InPorts = 0> <OutPorts = 1> <Sync> <CReg>

State 4 <SV = 3> <Delay = 2.10>
ST_4 : Operation 39 [1/1] (0.00ns)   --->   "%acc_1 = load i37 %acc"   --->   Operation 39 'load' 'acc_1' <Predicate = true> <Delay = 0.00>
ST_4 : Operation 40 [1/1] (0.00ns)   --->   "%empty = trunc i37 %acc_1"   --->   Operation 40 'trunc' 'empty' <Predicate = true> <Delay = 0.00>
ST_4 : Operation 41 [1/1] (0.00ns)   --->   "%specpipeline_ln0 = specpipeline void @_ssdm_op_SpecPipeline, i32 4294967295, i32 0, i32 1, i32 0, void @p_str"   --->   Operation 41 'specpipeline' 'specpipeline_ln0' <Predicate = true> <Delay = 0.00>
ST_4 : Operation 42 [1/3] (0.00ns) (grouped into DSP with root node acc_2)   --->   "%mul_ln28 = mul i32 %sext_ln28_1, i32 %sext_ln28" [../xup_high_level_synthesis_design_flow-main/source/lab4/fir.cpp:28]   --->   Operation 42 'mul' 'mul_ln28' <Predicate = (!icmp_ln27)> <Delay = 0.00> <CoreInst = "DSP48">   --->   Core 119 'DSP48' <Latency = 3> <II = 1> <Delay = 2.15> <IPBlock> <Opcode : '<invalid operator> ' 'mul' 'add' 'sub' 'select'> <InPorts = 0> <OutPorts = 1> <Sync> <CReg>
ST_4 : Operation 43 [1/1] (0.00ns) (grouped into DSP with root node acc_2)   --->   "%sext_ln28_2 = sext i32 %mul_ln28" [../xup_high_level_synthesis_design_flow-main/source/lab4/fir.cpp:28]   --->   Operation 43 'sext' 'sext_ln28_2' <Predicate = (!icmp_ln27)> <Delay = 0.00>
ST_4 : Operation 44 [2/2] (2.10ns) (root node of the DSP)   --->   "%acc_2 = add i37 %sext_ln28_2, i37 %acc_1" [../xup_high_level_synthesis_design_flow-main/source/lab4/fir.cpp:28]   --->   Operation 44 'add' 'acc_2' <Predicate = (!icmp_ln27)> <Delay = 2.10> <CoreInst = "DSP48">   --->   Core 119 'DSP48' <Latency = 3> <II = 1> <Delay = 2.15> <IPBlock> <Opcode : '<invalid operator> ' 'mul' 'add' 'sub' 'select'> <InPorts = 0> <OutPorts = 1> <Sync> <CReg>
ST_4 : Operation 50 [1/1] (0.00ns)   --->   "%write_ln0 = write void @_ssdm_op_Write.ap_auto.i31P0A, i31 %acc_01_out, i31 %empty"   --->   Operation 50 'write' 'write_ln0' <Predicate = (icmp_ln27)> <Delay = 0.00>
ST_4 : Operation 51 [1/1] (0.00ns)   --->   "%ret_ln0 = ret"   --->   Operation 51 'ret' 'ret_ln0' <Predicate = (icmp_ln27)> <Delay = 0.00>

State 5 <SV = 4> <Delay = 3.68>
ST_5 : Operation 45 [1/1] (0.00ns)   --->   "%speclooptripcount_ln21 = speclooptripcount void @_ssdm_op_SpecLoopTripCount, i64 57, i64 57, i64 57" [../xup_high_level_synthesis_design_flow-main/source/lab4/fir.cpp:21]   --->   Operation 45 'speclooptripcount' 'speclooptripcount_ln21' <Predicate = true> <Delay = 0.00>
ST_5 : Operation 46 [1/1] (0.00ns)   --->   "%specloopname_ln27 = specloopname void @_ssdm_op_SpecLoopName, void @empty_6" [../xup_high_level_synthesis_design_flow-main/source/lab4/fir.cpp:27]   --->   Operation 46 'specloopname' 'specloopname_ln27' <Predicate = true> <Delay = 0.00>
ST_5 : Operation 47 [1/2] (2.10ns) (root node of the DSP)   --->   "%acc_2 = add i37 %sext_ln28_2, i37 %acc_1" [../xup_high_level_synthesis_design_flow-main/source/lab4/fir.cpp:28]   --->   Operation 47 'add' 'acc_2' <Predicate = true> <Delay = 2.10> <CoreInst = "DSP48">   --->   Core 119 'DSP48' <Latency = 3> <II = 1> <Delay = 2.15> <IPBlock> <Opcode : '<invalid operator> ' 'mul' 'add' 'sub' 'select'> <InPorts = 0> <OutPorts = 1> <Sync> <CReg>
ST_5 : Operation 48 [1/1] (1.58ns)   --->   "%store_ln27 = store i37 %acc_2, i37 %acc" [../xup_high_level_synthesis_design_flow-main/source/lab4/fir.cpp:27]   --->   Operation 48 'store' 'store_ln27' <Predicate = true> <Delay = 1.58>
ST_5 : Operation 49 [1/1] (0.00ns)   --->   "%br_ln27 = br void %for.inc" [../xup_high_level_synthesis_design_flow-main/source/lab4/fir.cpp:27]   --->   Operation 49 'br' 'br_ln27' <Predicate = true> <Delay = 0.00>


============================================================
+ Verbose Summary: Binding
============================================================
STG Binding: 
---------------- STG Properties BEGIN ----------------
- Is combinational: 0
- Is one-state seq: 0
- Is datapath-only: 0
- Is pipelined: 0
- Is top level: 0
Port [ Return ] is wired: 1; IO mode=ap_ctrl_hs:ce=0
Port [ sext_ln21]:  wired=1; compound=0; hidden=0; nouse=0; global=0; static=0; extern=0; dir=0; type=0; pingpong=0; private_global=0; IO mode=ap_none:ce=0
Port [ switch_var]:  wired=1; compound=0; hidden=0; nouse=0; global=0; static=0; extern=0; dir=0; type=0; pingpong=0; private_global=0; IO mode=ap_none:ce=0
Port [ acc_01_out]:  wired=1; compound=0; hidden=0; nouse=0; global=0; static=0; extern=0; dir=1; type=0; pingpong=0; private_global=0; IO mode=ap_vld:ce=0
Port [ shift_reg]:  wired=1; compound=1; hidden=0; nouse=0; global=1; static=1; extern=0; dir=2; type=1; pingpong=0; private_global=0; MemPort=[01]; IO mode=ap_memory:ce=0
Port [ c1]:  wired=0; compound=1; hidden=1; nouse=0; global=1; static=1; extern=0; dir=0; type=1; pingpong=0; private_global=1; MemPort=[1]; IO mode=ap_memory:ce=0
Port [ c2]:  wired=0; compound=1; hidden=1; nouse=0; global=1; static=1; extern=0; dir=0; type=1; pingpong=0; private_global=1; MemPort=[1]; IO mode=ap_memory:ce=0
---------------- STG Properties END ------------------

---------------- Datapath Model BEGIN ----------------

<LifeTime>
<method=bitvector/>
acc                    (alloca           ) [ 011111]
i                      (alloca           ) [ 010000]
switch_var_read        (read             ) [ 011000]
sext_ln21_read         (read             ) [ 000000]
sext_ln21_cast         (sext             ) [ 000000]
store_ln0              (store            ) [ 000000]
store_ln0              (store            ) [ 000000]
br_ln0                 (br               ) [ 000000]
i_1                    (load             ) [ 000000]
icmp_ln27              (icmp             ) [ 011110]
br_ln27                (br               ) [ 000000]
i_cast                 (zext             ) [ 011000]
add_ln27               (add              ) [ 000000]
zext_ln28              (zext             ) [ 000000]
shift_reg_addr         (getelementptr    ) [ 011000]
c1_addr                (getelementptr    ) [ 011000]
c2_addr                (getelementptr    ) [ 011000]
store_ln27             (store            ) [ 000000]
shift_reg_load         (load             ) [ 000000]
sext_ln28              (sext             ) [ 010110]
c1_load                (load             ) [ 000000]
c2_load                (load             ) [ 000000]
select_ln28            (select           ) [ 000000]
sext_ln28_1            (sext             ) [ 010110]
shift_reg_addr_1       (getelementptr    ) [ 000000]
store_ln29             (store            ) [ 000000]
acc_1                  (load             ) [ 010001]
empty                  (trunc            ) [ 000000]
specpipeline_ln0       (specpipeline     ) [ 000000]
mul_ln28               (mul              ) [ 000000]
sext_ln28_2            (sext             ) [ 010001]
speclooptripcount_ln21 (speclooptripcount) [ 000000]
specloopname_ln27      (specloopname     ) [ 000000]
acc_2                  (add              ) [ 000000]
store_ln27             (store            ) [ 000000]
br_ln27                (br               ) [ 000000]
write_ln0              (write            ) [ 000000]
ret_ln0                (ret              ) [ 000000]
</LifeTime>

<model>

<comp_list>
<comp id="0" class="1000" name="sext_ln21">
<pin_list>
<pin id="1" dir="1" index="0" bw="1" slack="0"/>
</pin_list>
<bind>
<StgValue><ssdm name="sext_ln21"/></StgValue>
</bind>
</comp>

<comp id="2" class="1000" name="switch_var">
<pin_list>
<pin id="3" dir="1" index="0" bw="1" slack="0"/>
</pin_list>
<bind>
<StgValue><ssdm name="switch_var"/></StgValue>
</bind>
</comp>

<comp id="4" class="1000" name="acc_01_out">
<pin_list>
<pin id="5" dir="1" index="0" bw="1" slack="0"/>
</pin_list>
<bind>
<StgValue><ssdm name="acc_01_out"/></StgValue>
</bind>
</comp>

<comp id="6" class="1000" name="shift_reg">
<pin_list>
<pin id="7" dir="1" index="0" bw="1" slack="0"/>
</pin_list>
<bind>
<StgValue><ssdm name="shift_reg"/><MemPortTyVec>0 1 </MemPortTyVec>
</StgValue>
</bind>
</comp>

<comp id="8" class="1000" name="c1">
<pin_list>
<pin id="9" dir="1" index="0" bw="1" slack="0"/>
</pin_list>
<bind>
<StgValue><ssdm name="c1"/><MemPortTyVec>1 </MemPortTyVec>
</StgValue>
</bind>
</comp>

<comp id="10" class="1000" name="c2">
<pin_list>
<pin id="11" dir="1" index="0" bw="1" slack="0"/>
</pin_list>
<bind>
<StgValue><ssdm name="c2"/><MemPortTyVec>1 </MemPortTyVec>
</StgValue>
</bind>
</comp>

<comp id="12" class="1001" name="const_12">
<pin_list>
<pin id="13" dir="1" index="0" bw="1" slack="0"/>
</pin_list>
<bind>
<StgValue><ssdm name=""/></StgValue>
</bind>
</comp>

<comp id="14" class="1001" name="const_14">
<pin_list>
<pin id="15" dir="1" index="0" bw="1" slack="0"/>
</pin_list>
<bind>
<StgValue><ssdm name="_ssdm_op_Read.ap_auto.i1"/></StgValue>
</bind>
</comp>

<comp id="16" class="1001" name="const_16">
<pin_list>
<pin id="17" dir="1" index="0" bw="1" slack="0"/>
</pin_list>
<bind>
<StgValue><ssdm name="_ssdm_op_Read.ap_auto.i28"/></StgValue>
</bind>
</comp>

<comp id="18" class="1001" name="const_18">
<pin_list>
<pin id="19" dir="1" index="0" bw="1" slack="0"/>
</pin_list>
<bind>
<StgValue><ssdm name=""/></StgValue>
</bind>
</comp>

<comp id="20" class="1001" name="const_20">
<pin_list>
<pin id="21" dir="1" index="0" bw="1" slack="0"/>
</pin_list>
<bind>
<StgValue><ssdm name=""/></StgValue>
</bind>
</comp>

<comp id="22" class="1001" name="const_22">
<pin_list>
<pin id="23" dir="1" index="0" bw="1" slack="0"/>
</pin_list>
<bind>
<StgValue><ssdm name=""/></StgValue>
</bind>
</comp>

<comp id="24" class="1001" name="const_24">
<pin_list>
<pin id="25" dir="1" index="0" bw="1" slack="0"/>
</pin_list>
<bind>
<StgValue><ssdm name=""/></StgValue>
</bind>
</comp>

<comp id="26" class="1001" name="const_26">
<pin_list>
<pin id="27" dir="1" index="0" bw="1" slack="2147483647"/>
</pin_list>
<bind>
<StgValue><ssdm name="_ssdm_op_SpecPipeline"/></StgValue>
</bind>
</comp>

<comp id="28" class="1001" name="const_28">
<pin_list>
<pin id="29" dir="1" index="0" bw="1" slack="2147483647"/>
</pin_list>
<bind>
<StgValue><ssdm name=""/></StgValue>
</bind>
</comp>

<comp id="30" class="1001" name="const_30">
<pin_list>
<pin id="31" dir="1" index="0" bw="1" slack="2147483647"/>
</pin_list>
<bind>
<StgValue><ssdm name=""/></StgValue>
</bind>
</comp>

<comp id="32" class="1001" name="const_32">
<pin_list>
<pin id="33" dir="1" index="0" bw="1" slack="2147483647"/>
</pin_list>
<bind>
<StgValue><ssdm name="p_str"/></StgValue>
</bind>
</comp>

<comp id="34" class="1001" name="const_34">
<pin_list>
<pin id="35" dir="1" index="0" bw="1" slack="2147483647"/>
</pin_list>
<bind>
<StgValue><ssdm name="_ssdm_op_SpecLoopTripCount"/></StgValue>
</bind>
</comp>

<comp id="36" class="1001" name="const_36">
<pin_list>
<pin id="37" dir="1" index="0" bw="1" slack="2147483647"/>
</pin_list>
<bind>
<StgValue><ssdm name=""/></StgValue>
</bind>
</comp>

<comp id="38" class="1001" name="const_38">
<pin_list>
<pin id="39" dir="1" index="0" bw="1" slack="2147483647"/>
</pin_list>
<bind>
<StgValue><ssdm name="_ssdm_op_SpecLoopName"/></StgValue>
</bind>
</comp>

<comp id="40" class="1001" name="const_40">
<pin_list>
<pin id="41" dir="1" index="0" bw="1" slack="2147483647"/>
</pin_list>
<bind>
<StgValue><ssdm name="empty_6"/></StgValue>
</bind>
</comp>

<comp id="42" class="1001" name="const_42">
<pin_list>
<pin id="43" dir="1" index="0" bw="1" slack="0"/>
</pin_list>
<bind>
<StgValue><ssdm name="_ssdm_op_Write.ap_auto.i31P0A"/></StgValue>
</bind>
</comp>

<comp id="44" class="1004" name="acc_fu_44">
<pin_list>
<pin id="45" dir="0" index="0" bw="1" slack="0"/>
<pin id="46" dir="1" index="1" bw="37" slack="0"/>
</pin_list>
<bind>
<opcode="alloca(26) " fcode="alloca"/>
<opset="acc/1 "/>
</bind>
</comp>

<comp id="48" class="1004" name="i_fu_48">
<pin_list>
<pin id="49" dir="0" index="0" bw="1" slack="0"/>
<pin id="50" dir="1" index="1" bw="6" slack="0"/>
</pin_list>
<bind>
<opcode="alloca(26) " fcode="alloca"/>
<opset="i/1 "/>
</bind>
</comp>

<comp id="52" class="1004" name="switch_var_read_read_fu_52">
<pin_list>
<pin id="53" dir="0" index="0" bw="1" slack="0"/>
<pin id="54" dir="0" index="1" bw="1" slack="0"/>
<pin id="55" dir="1" index="2" bw="1" slack="1"/>
</pin_list>
<bind>
<opcode="read(1150) " fcode="read"/>
<opset="switch_var_read/1 "/>
</bind>
</comp>

<comp id="58" class="1004" name="sext_ln21_read_read_fu_58">
<pin_list>
<pin id="59" dir="0" index="0" bw="28" slack="0"/>
<pin id="60" dir="0" index="1" bw="28" slack="0"/>
<pin id="61" dir="1" index="2" bw="28" slack="0"/>
</pin_list>
<bind>
<opcode="read(1150) " fcode="read"/>
<opset="sext_ln21_read/1 "/>
</bind>
</comp>

<comp id="64" class="1004" name="write_ln0_write_fu_64">
<pin_list>
<pin id="65" dir="0" index="0" bw="0" slack="0"/>
<pin id="66" dir="0" index="1" bw="31" slack="0"/>
<pin id="67" dir="0" index="2" bw="31" slack="0"/>
<pin id="68" dir="1" index="3" bw="0" slack="2147483647"/>
</pin_list>
<bind>
<opcode="write(1151) " fcode="write"/>
<opset="write_ln0/4 "/>
</bind>
</comp>

<comp id="71" class="1004" name="shift_reg_addr_gep_fu_71">
<pin_list>
<pin id="72" dir="0" index="0" bw="16" slack="0"/>
<pin id="73" dir="0" index="1" bw="1" slack="0"/>
<pin id="74" dir="0" index="2" bw="6" slack="0"/>
<pin id="75" dir="1" index="3" bw="6" slack="0"/>
</pin_list>
<bind>
<opcode="getelementptr(29) " fcode="getelementptr"/>
<opset="shift_reg_addr/1 "/>
</bind>
</comp>

<comp id="78" class="1004" name="grp_access_fu_78">
<pin_list>
<pin id="79" dir="0" index="0" bw="6" slack="0"/>
<pin id="80" dir="0" index="1" bw="16" slack="0"/>
<pin id="81" dir="0" index="2" bw="0" slack="0"/>
<pin id="83" dir="0" index="4" bw="6" slack="2147483647"/>
<pin id="84" dir="0" index="5" bw="16" slack="2147483647"/>
<pin id="85" dir="0" index="6" bw="0" slack="2147483647"/>
<pin id="82" dir="1" index="3" bw="16" slack="2147483647"/>
<pin id="86" dir="1" index="7" bw="16" slack="0"/>
</pin_list>
<bind>
<opcode="load(27) store(28) " fcode="store"/>
<opset="shift_reg_load/1 store_ln29/2 "/>
</bind>
</comp>

<comp id="88" class="1004" name="c1_addr_gep_fu_88">
<pin_list>
<pin id="89" dir="0" index="0" bw="16" slack="0"/>
<pin id="90" dir="0" index="1" bw="1" slack="0"/>
<pin id="91" dir="0" index="2" bw="6" slack="0"/>
<pin id="92" dir="1" index="3" bw="6" slack="0"/>
</pin_list>
<bind>
<opcode="getelementptr(29) " fcode="getelementptr"/>
<opset="c1_addr/1 "/>
</bind>
</comp>

<comp id="95" class="1004" name="c2_addr_gep_fu_95">
<pin_list>
<pin id="96" dir="0" index="0" bw="16" slack="0"/>
<pin id="97" dir="0" index="1" bw="1" slack="0"/>
<pin id="98" dir="0" index="2" bw="6" slack="0"/>
<pin id="99" dir="1" index="3" bw="6" slack="0"/>
</pin_list>
<bind>
<opcode="getelementptr(29) " fcode="getelementptr"/>
<opset="c2_addr/1 "/>
</bind>
</comp>

<comp id="102" class="1004" name="grp_access_fu_102">
<pin_list>
<pin id="103" dir="0" index="0" bw="6" slack="0"/>
<pin id="104" dir="0" index="1" bw="16" slack="2147483647"/>
<pin id="105" dir="0" index="2" bw="0" slack="2147483647"/>
<pin id="106" dir="1" index="3" bw="16" slack="0"/>
</pin_list>
<bind>
<opcode="load(27) " fcode="load"/>
<opset="c1_load/1 "/>
</bind>
</comp>

<comp id="108" class="1004" name="grp_access_fu_108">
<pin_list>
<pin id="109" dir="0" index="0" bw="6" slack="0"/>
<pin id="110" dir="0" index="1" bw="16" slack="2147483647"/>
<pin id="111" dir="0" index="2" bw="0" slack="2147483647"/>
<pin id="112" dir="1" index="3" bw="16" slack="0"/>
</pin_list>
<bind>
<opcode="load(27) " fcode="load"/>
<opset="c2_load/1 "/>
</bind>
</comp>

<comp id="114" class="1004" name="shift_reg_addr_1_gep_fu_114">
<pin_list>
<pin id="115" dir="0" index="0" bw="16" slack="0"/>
<pin id="116" dir="0" index="1" bw="1" slack="0"/>
<pin id="117" dir="0" index="2" bw="6" slack="1"/>
<pin id="118" dir="1" index="3" bw="6" slack="0"/>
</pin_list>
<bind>
<opcode="getelementptr(29) " fcode="getelementptr"/>
<opset="shift_reg_addr_1/2 "/>
</bind>
</comp>

<comp id="123" class="1004" name="sext_ln21_cast_fu_123">
<pin_list>
<pin id="124" dir="0" index="0" bw="28" slack="0"/>
<pin id="125" dir="1" index="1" bw="37" slack="0"/>
</pin_list>
<bind>
<opcode="sext(35) " fcode="sext"/>
<opset="sext_ln21_cast/1 "/>
</bind>
</comp>

<comp id="127" class="1004" name="store_ln0_store_fu_127">
<pin_list>
<pin id="128" dir="0" index="0" bw="4" slack="0"/>
<pin id="129" dir="0" index="1" bw="6" slack="0"/>
<pin id="130" dir="1" index="2" bw="0" slack="2147483647"/>
</pin_list>
<bind>
<opcode="store(28) " fcode="store"/>
<opset="store_ln0/1 "/>
</bind>
</comp>

<comp id="132" class="1004" name="store_ln0_store_fu_132">
<pin_list>
<pin id="133" dir="0" index="0" bw="28" slack="0"/>
<pin id="134" dir="0" index="1" bw="37" slack="0"/>
<pin id="135" dir="1" index="2" bw="0" slack="2147483647"/>
</pin_list>
<bind>
<opcode="store(28) " fcode="store"/>
<opset="store_ln0/1 "/>
</bind>
</comp>

<comp id="137" class="1004" name="i_1_load_fu_137">
<pin_list>
<pin id="138" dir="0" index="0" bw="6" slack="0"/>
<pin id="139" dir="1" index="1" bw="6" slack="0"/>
</pin_list>
<bind>
<opcode="load(27) " fcode="load"/>
<opset="i_1/1 "/>
</bind>
</comp>

<comp id="140" class="1004" name="icmp_ln27_fu_140">
<pin_list>
<pin id="141" dir="0" index="0" bw="6" slack="0"/>
<pin id="142" dir="0" index="1" bw="6" slack="0"/>
<pin id="143" dir="1" index="2" bw="1" slack="1"/>
</pin_list>
<bind>
<opcode="icmp(45) " fcode="icmp"/>
<opset="icmp_ln27/1 "/>
</bind>
</comp>

<comp id="146" class="1004" name="i_cast_fu_146">
<pin_list>
<pin id="147" dir="0" index="0" bw="6" slack="0"/>
<pin id="148" dir="1" index="1" bw="64" slack="0"/>
</pin_list>
<bind>
<opcode="zext(34) " fcode="zext"/>
<opset="i_cast/1 "/>
</bind>
</comp>

<comp id="152" class="1004" name="add_ln27_fu_152">
<pin_list>
<pin id="153" dir="0" index="0" bw="6" slack="0"/>
<pin id="154" dir="0" index="1" bw="1" slack="0"/>
<pin id="155" dir="1" index="2" bw="6" slack="0"/>
</pin_list>
<bind>
<opcode="add(8) " fcode="add"/>
<opset="add_ln27/1 "/>
</bind>
</comp>

<comp id="158" class="1004" name="zext_ln28_fu_158">
<pin_list>
<pin id="159" dir="0" index="0" bw="6" slack="0"/>
<pin id="160" dir="1" index="1" bw="64" slack="0"/>
</pin_list>
<bind>
<opcode="zext(34) " fcode="zext"/>
<opset="zext_ln28/1 "/>
</bind>
</comp>

<comp id="163" class="1004" name="store_ln27_store_fu_163">
<pin_list>
<pin id="164" dir="0" index="0" bw="6" slack="0"/>
<pin id="165" dir="0" index="1" bw="6" slack="0"/>
<pin id="166" dir="1" index="2" bw="0" slack="2147483647"/>
</pin_list>
<bind>
<opcode="store(28) " fcode="store"/>
<opset="store_ln27/1 "/>
</bind>
</comp>

<comp id="168" class="1004" name="sext_ln28_fu_168">
<pin_list>
<pin id="169" dir="0" index="0" bw="16" slack="0"/>
<pin id="170" dir="1" index="1" bw="32" slack="0"/>
</pin_list>
<bind>
<opcode="sext(35) " fcode="sext"/>
<opset="sext_ln28/2 "/>
</bind>
</comp>

<comp id="172" class="1004" name="select_ln28_fu_172">
<pin_list>
<pin id="173" dir="0" index="0" bw="1" slack="1"/>
<pin id="174" dir="0" index="1" bw="16" slack="0"/>
<pin id="175" dir="0" index="2" bw="16" slack="0"/>
<pin id="176" dir="1" index="3" bw="16" slack="0"/>
</pin_list>
<bind>
<opcode="select(49) " fcode="select"/>
<opset="select_ln28/2 "/>
</bind>
</comp>

<comp id="179" class="1004" name="sext_ln28_1_fu_179">
<pin_list>
<pin id="180" dir="0" index="0" bw="16" slack="0"/>
<pin id="181" dir="1" index="1" bw="32" slack="0"/>
</pin_list>
<bind>
<opcode="sext(35) " fcode="sext"/>
<opset="sext_ln28_1/2 "/>
</bind>
</comp>

<comp id="183" class="1004" name="acc_1_load_fu_183">
<pin_list>
<pin id="184" dir="0" index="0" bw="37" slack="3"/>
<pin id="185" dir="1" index="1" bw="37" slack="0"/>
</pin_list>
<bind>
<opcode="load(27) " fcode="load"/>
<opset="acc_1/4 "/>
</bind>
</comp>

<comp id="186" class="1004" name="empty_fu_186">
<pin_list>
<pin id="187" dir="0" index="0" bw="37" slack="0"/>
<pin id="188" dir="1" index="1" bw="31" slack="0"/>
</pin_list>
<bind>
<opcode="trunc(33) " fcode="trunc"/>
<opset="empty/4 "/>
</bind>
</comp>

<comp id="191" class="1004" name="store_ln27_store_fu_191">
<pin_list>
<pin id="192" dir="0" index="0" bw="37" slack="0"/>
<pin id="193" dir="0" index="1" bw="37" slack="4"/>
<pin id="194" dir="1" index="2" bw="0" slack="2147483647"/>
</pin_list>
<bind>
<opcode="store(28) " fcode="store"/>
<opset="store_ln27/5 "/>
</bind>
</comp>

<comp id="195" class="1007" name="grp_fu_195">
<pin_list>
<pin id="196" dir="0" index="0" bw="16" slack="0"/>
<pin id="197" dir="0" index="1" bw="16" slack="0"/>
<pin id="198" dir="0" index="2" bw="37" slack="0"/>
<pin id="199" dir="1" index="3" bw="37" slack="0"/>
</pin_list>
<bind>
<opcode="muladd(1172) " fcode="muladd"/>
<opset="mul_ln28/2 sext_ln28_2/4 acc_2/4 "/>
</bind>
</comp>

<comp id="204" class="1005" name="acc_reg_204">
<pin_list>
<pin id="205" dir="0" index="0" bw="37" slack="0"/>
<pin id="206" dir="1" index="1" bw="37" slack="0"/>
</pin_list>
<bind>
<opset="acc "/>
</bind>
</comp>

<comp id="211" class="1005" name="i_reg_211">
<pin_list>
<pin id="212" dir="0" index="0" bw="6" slack="0"/>
<pin id="213" dir="1" index="1" bw="6" slack="0"/>
</pin_list>
<bind>
<opset="i "/>
</bind>
</comp>

<comp id="218" class="1005" name="switch_var_read_reg_218">
<pin_list>
<pin id="219" dir="0" index="0" bw="1" slack="1"/>
<pin id="220" dir="1" index="1" bw="1" slack="1"/>
</pin_list>
<bind>
<opset="switch_var_read "/>
</bind>
</comp>

<comp id="223" class="1005" name="icmp_ln27_reg_223">
<pin_list>
<pin id="224" dir="0" index="0" bw="1" slack="1"/>
<pin id="225" dir="1" index="1" bw="1" slack="2147483647"/>
</pin_list>
<bind>
<opset="icmp_ln27 "/>
</bind>
</comp>

<comp id="227" class="1005" name="i_cast_reg_227">
<pin_list>
<pin id="228" dir="0" index="0" bw="64" slack="1"/>
<pin id="229" dir="1" index="1" bw="64" slack="1"/>
</pin_list>
<bind>
<opset="i_cast "/>
</bind>
</comp>

<comp id="232" class="1005" name="shift_reg_addr_reg_232">
<pin_list>
<pin id="233" dir="0" index="0" bw="6" slack="1"/>
<pin id="234" dir="1" index="1" bw="6" slack="1"/>
</pin_list>
<bind>
<opset="shift_reg_addr "/>
</bind>
</comp>

<comp id="237" class="1005" name="c1_addr_reg_237">
<pin_list>
<pin id="238" dir="0" index="0" bw="6" slack="1"/>
<pin id="239" dir="1" index="1" bw="6" slack="1"/>
</pin_list>
<bind>
<opset="c1_addr "/>
</bind>
</comp>

<comp id="242" class="1005" name="c2_addr_reg_242">
<pin_list>
<pin id="243" dir="0" index="0" bw="6" slack="1"/>
<pin id="244" dir="1" index="1" bw="6" slack="1"/>
</pin_list>
<bind>
<opset="c2_addr "/>
</bind>
</comp>

<comp id="247" class="1005" name="sext_ln28_reg_247">
<pin_list>
<pin id="248" dir="0" index="0" bw="32" slack="1"/>
<pin id="249" dir="1" index="1" bw="32" slack="1"/>
</pin_list>
<bind>
<opset="sext_ln28 "/>
</bind>
</comp>

<comp id="252" class="1005" name="sext_ln28_1_reg_252">
<pin_list>
<pin id="253" dir="0" index="0" bw="32" slack="1"/>
<pin id="254" dir="1" index="1" bw="32" slack="1"/>
</pin_list>
<bind>
<opset="sext_ln28_1 "/>
</bind>
</comp>

<comp id="257" class="1005" name="acc_1_reg_257">
<pin_list>
<pin id="258" dir="0" index="0" bw="37" slack="1"/>
<pin id="259" dir="1" index="1" bw="37" slack="1"/>
</pin_list>
<bind>
<opset="acc_1 "/>
</bind>
</comp>

</comp_list>

<net_list>
<net id="47"><net_src comp="12" pin="0"/><net_sink comp="44" pin=0"/></net>

<net id="51"><net_src comp="12" pin="0"/><net_sink comp="48" pin=0"/></net>

<net id="56"><net_src comp="14" pin="0"/><net_sink comp="52" pin=0"/></net>

<net id="57"><net_src comp="2" pin="0"/><net_sink comp="52" pin=1"/></net>

<net id="62"><net_src comp="16" pin="0"/><net_sink comp="58" pin=0"/></net>

<net id="63"><net_src comp="0" pin="0"/><net_sink comp="58" pin=1"/></net>

<net id="69"><net_src comp="42" pin="0"/><net_sink comp="64" pin=0"/></net>

<net id="70"><net_src comp="4" pin="0"/><net_sink comp="64" pin=1"/></net>

<net id="76"><net_src comp="6" pin="0"/><net_sink comp="71" pin=0"/></net>

<net id="77"><net_src comp="24" pin="0"/><net_sink comp="71" pin=1"/></net>

<net id="87"><net_src comp="71" pin="3"/><net_sink comp="78" pin=2"/></net>

<net id="93"><net_src comp="8" pin="0"/><net_sink comp="88" pin=0"/></net>

<net id="94"><net_src comp="24" pin="0"/><net_sink comp="88" pin=1"/></net>

<net id="100"><net_src comp="10" pin="0"/><net_sink comp="95" pin=0"/></net>

<net id="101"><net_src comp="24" pin="0"/><net_sink comp="95" pin=1"/></net>

<net id="107"><net_src comp="88" pin="3"/><net_sink comp="102" pin=0"/></net>

<net id="113"><net_src comp="95" pin="3"/><net_sink comp="108" pin=0"/></net>

<net id="119"><net_src comp="6" pin="0"/><net_sink comp="114" pin=0"/></net>

<net id="120"><net_src comp="24" pin="0"/><net_sink comp="114" pin=1"/></net>

<net id="121"><net_src comp="78" pin="7"/><net_sink comp="78" pin=1"/></net>

<net id="122"><net_src comp="114" pin="3"/><net_sink comp="78" pin=0"/></net>

<net id="126"><net_src comp="58" pin="2"/><net_sink comp="123" pin=0"/></net>

<net id="131"><net_src comp="18" pin="0"/><net_sink comp="127" pin=0"/></net>

<net id="136"><net_src comp="123" pin="1"/><net_sink comp="132" pin=0"/></net>

<net id="144"><net_src comp="137" pin="1"/><net_sink comp="140" pin=0"/></net>

<net id="145"><net_src comp="20" pin="0"/><net_sink comp="140" pin=1"/></net>

<net id="149"><net_src comp="137" pin="1"/><net_sink comp="146" pin=0"/></net>

<net id="150"><net_src comp="146" pin="1"/><net_sink comp="88" pin=2"/></net>

<net id="151"><net_src comp="146" pin="1"/><net_sink comp="95" pin=2"/></net>

<net id="156"><net_src comp="137" pin="1"/><net_sink comp="152" pin=0"/></net>

<net id="157"><net_src comp="22" pin="0"/><net_sink comp="152" pin=1"/></net>

<net id="161"><net_src comp="152" pin="2"/><net_sink comp="158" pin=0"/></net>

<net id="162"><net_src comp="158" pin="1"/><net_sink comp="71" pin=2"/></net>

<net id="167"><net_src comp="152" pin="2"/><net_sink comp="163" pin=0"/></net>

<net id="171"><net_src comp="78" pin="7"/><net_sink comp="168" pin=0"/></net>

<net id="177"><net_src comp="102" pin="3"/><net_sink comp="172" pin=1"/></net>

<net id="178"><net_src comp="108" pin="3"/><net_sink comp="172" pin=2"/></net>

<net id="182"><net_src comp="172" pin="3"/><net_sink comp="179" pin=0"/></net>

<net id="189"><net_src comp="183" pin="1"/><net_sink comp="186" pin=0"/></net>

<net id="190"><net_src comp="186" pin="1"/><net_sink comp="64" pin=2"/></net>

<net id="200"><net_src comp="179" pin="1"/><net_sink comp="195" pin=0"/></net>

<net id="201"><net_src comp="168" pin="1"/><net_sink comp="195" pin=1"/></net>

<net id="202"><net_src comp="183" pin="1"/><net_sink comp="195" pin=2"/></net>

<net id="203"><net_src comp="195" pin="3"/><net_sink comp="191" pin=0"/></net>

<net id="207"><net_src comp="44" pin="1"/><net_sink comp="204" pin=0"/></net>

<net id="208"><net_src comp="204" pin="1"/><net_sink comp="132" pin=1"/></net>

<net id="209"><net_src comp="204" pin="1"/><net_sink comp="183" pin=0"/></net>

<net id="210"><net_src comp="204" pin="1"/><net_sink comp="191" pin=1"/></net>

<net id="214"><net_src comp="48" pin="1"/><net_sink comp="211" pin=0"/></net>

<net id="215"><net_src comp="211" pin="1"/><net_sink comp="127" pin=1"/></net>

<net id="216"><net_src comp="211" pin="1"/><net_sink comp="137" pin=0"/></net>

<net id="217"><net_src comp="211" pin="1"/><net_sink comp="163" pin=1"/></net>

<net id="221"><net_src comp="52" pin="2"/><net_sink comp="218" pin=0"/></net>

<net id="222"><net_src comp="218" pin="1"/><net_sink comp="172" pin=0"/></net>

<net id="226"><net_src comp="140" pin="2"/><net_sink comp="223" pin=0"/></net>

<net id="230"><net_src comp="146" pin="1"/><net_sink comp="227" pin=0"/></net>

<net id="231"><net_src comp="227" pin="1"/><net_sink comp="114" pin=2"/></net>

<net id="235"><net_src comp="71" pin="3"/><net_sink comp="232" pin=0"/></net>

<net id="236"><net_src comp="232" pin="1"/><net_sink comp="78" pin=2"/></net>

<net id="240"><net_src comp="88" pin="3"/><net_sink comp="237" pin=0"/></net>

<net id="241"><net_src comp="237" pin="1"/><net_sink comp="102" pin=0"/></net>

<net id="245"><net_src comp="95" pin="3"/><net_sink comp="242" pin=0"/></net>

<net id="246"><net_src comp="242" pin="1"/><net_sink comp="108" pin=0"/></net>

<net id="250"><net_src comp="168" pin="1"/><net_sink comp="247" pin=0"/></net>

<net id="251"><net_src comp="247" pin="1"/><net_sink comp="195" pin=1"/></net>

<net id="255"><net_src comp="179" pin="1"/><net_sink comp="252" pin=0"/></net>

<net id="256"><net_src comp="252" pin="1"/><net_sink comp="195" pin=0"/></net>

<net id="260"><net_src comp="183" pin="1"/><net_sink comp="257" pin=0"/></net>

<net id="261"><net_src comp="257" pin="1"/><net_sink comp="195" pin=1"/></net>

</net_list>

</model> 
---------------- Datapath Model END ------------------

* FSMD analyzer results:
  - Output states:
	Port: acc_01_out | {4 }
	Port: shift_reg | {2 }
	Port: c1 | {}
	Port: c2 | {}
 - Input state : 
	Port: fir_Pipeline_loop : sext_ln21 | {1 }
	Port: fir_Pipeline_loop : switch_var | {1 }
	Port: fir_Pipeline_loop : shift_reg | {1 2 }
	Port: fir_Pipeline_loop : c1 | {1 2 }
	Port: fir_Pipeline_loop : c2 | {1 2 }
  - Chain level:
	State 1
		store_ln0 : 1
		store_ln0 : 1
		i_1 : 1
		icmp_ln27 : 2
		br_ln27 : 3
		i_cast : 2
		add_ln27 : 2
		zext_ln28 : 3
		shift_reg_addr : 4
		shift_reg_load : 5
		c1_addr : 3
		c2_addr : 3
		c1_load : 4
		c2_load : 4
		store_ln27 : 3
	State 2
		sext_ln28 : 1
		select_ln28 : 1
		sext_ln28_1 : 2
		mul_ln28 : 3
		store_ln29 : 1
	State 3
	State 4
		empty : 1
		sext_ln28_2 : 1
		acc_2 : 2
		write_ln0 : 2
	State 5
		store_ln27 : 1


============================================================
+ Verbose Summary: Datapath Resource usage 
============================================================

* Functional unit list:
|----------|----------------------------|---------|---------|---------|
| Operation|       Functional Unit      |   DSP   |    FF   |   LUT   |
|----------|----------------------------|---------|---------|---------|
|  select  |     select_ln28_fu_172     |    0    |    0    |    16   |
|----------|----------------------------|---------|---------|---------|
|   icmp   |      icmp_ln27_fu_140      |    0    |    0    |    14   |
|----------|----------------------------|---------|---------|---------|
|    add   |       add_ln27_fu_152      |    0    |    0    |    14   |
|----------|----------------------------|---------|---------|---------|
|  muladd  |         grp_fu_195         |    1    |    0    |    0    |
|----------|----------------------------|---------|---------|---------|
|   read   | switch_var_read_read_fu_52 |    0    |    0    |    0    |
|          |  sext_ln21_read_read_fu_58 |    0    |    0    |    0    |
|----------|----------------------------|---------|---------|---------|
|   write  |    write_ln0_write_fu_64   |    0    |    0    |    0    |
|----------|----------------------------|---------|---------|---------|
|          |    sext_ln21_cast_fu_123   |    0    |    0    |    0    |
|   sext   |      sext_ln28_fu_168      |    0    |    0    |    0    |
|          |     sext_ln28_1_fu_179     |    0    |    0    |    0    |
|----------|----------------------------|---------|---------|---------|
|   zext   |        i_cast_fu_146       |    0    |    0    |    0    |
|          |      zext_ln28_fu_158      |    0    |    0    |    0    |
|----------|----------------------------|---------|---------|---------|
|   trunc  |        empty_fu_186        |    0    |    0    |    0    |
|----------|----------------------------|---------|---------|---------|
|   Total  |                            |    1    |    0    |    44   |
|----------|----------------------------|---------|---------|---------|

Memories:
N/A

* Register list:
+-----------------------+--------+
|                       |   FF   |
+-----------------------+--------+
|     acc_1_reg_257     |   37   |
|      acc_reg_204      |   37   |
|    c1_addr_reg_237    |    6   |
|    c2_addr_reg_242    |    6   |
|     i_cast_reg_227    |   64   |
|       i_reg_211       |    6   |
|   icmp_ln27_reg_223   |    1   |
|  sext_ln28_1_reg_252  |   32   |
|   sext_ln28_reg_247   |   32   |
| shift_reg_addr_reg_232|    6   |
|switch_var_read_reg_218|    1   |
+-----------------------+--------+
|         Total         |   228  |
+-----------------------+--------+

* Multiplexer (MUX) list: 
|-------------------|------|------|------|--------||---------||---------|
|        Comp       |  Pin | Size |  BW  | S x BW ||  Delay  ||   LUT   |
|-------------------|------|------|------|--------||---------||---------|
|  grp_access_fu_78 |  p2  |   2  |   0  |    0   ||    9    |
| grp_access_fu_102 |  p0  |   2  |   6  |   12   ||    9    |
| grp_access_fu_108 |  p0  |   2  |   6  |   12   ||    9    |
|     grp_fu_195    |  p0  |   2  |  16  |   32   ||    9    |
|     grp_fu_195    |  p1  |   3  |  16  |   48   ||    14   |
|-------------------|------|------|------|--------||---------||---------|
|       Total       |      |      |      |   104  ||  8.0593 ||    50   |
|-------------------|------|------|------|--------||---------||---------|



* Summary:
+-----------+--------+--------+--------+--------+
|           |   DSP  |  Delay |   FF   |   LUT  |
+-----------+--------+--------+--------+--------+
|  Function |    1   |    -   |    0   |   44   |
|   Memory  |    -   |    -   |    -   |    -   |
|Multiplexer|    -   |    8   |    -   |   50   |
|  Register |    -   |    -   |   228  |    -   |
+-----------+--------+--------+--------+--------+
|   Total   |    1   |    8   |   228  |   94   |
+-----------+--------+--------+--------+--------+
