

================================================================
== Vitis HLS Report for 'fir_Pipeline_loop'
================================================================
* Date:           Sun Dec  8 18:16:34 2024

* Version:        2023.1 (Build 3854077 on May  4 2023)
* Project:        fir
* Solution:       iz_solution1 (Vivado IP Flow Target)
* Product family: zynq
* Target device:  xc7z020-clg484-1


================================================================
== Performance Estimates
================================================================
+ Timing: 
    * Summary: 
    +--------+----------+----------+------------+
    |  Clock |  Target  | Estimated| Uncertainty|
    +--------+----------+----------+------------+
    |ap_clk  |  10.00 ns|  4.644 ns|     2.70 ns|
    +--------+----------+----------+------------+

+ Latency: 
    * Summary: 
    +---------+---------+----------+----------+-----+-----+---------+
    |  Latency (cycles) |  Latency (absolute) |  Interval | Pipeline|
    |   min   |   max   |    min   |    max   | min | max |   Type  |
    +---------+---------+----------+----------+-----+-----+---------+
    |       62|       62|  0.620 us|  0.620 us|   62|   62|       no|
    +---------+---------+----------+----------+-----+-----+---------+

    + Detail: 
        * Instance: 
        N/A

        * Loop: 
        +----------+---------+---------+----------+-----------+-----------+------+----------+
        |          |  Latency (cycles) | Iteration|  Initiation Interval  | Trip |          |
        | Loop Name|   min   |   max   |  Latency |  achieved |   target  | Count| Pipelined|
        +----------+---------+---------+----------+-----------+-----------+------+----------+
        |- loop    |       60|       60|         5|          1|          1|    57|       yes|
        +----------+---------+---------+----------+-----------+-----------+------+----------+

============================================================
+ Verbose Summary: Synthesis Manager
============================================================
InlineROM: 1
ExposeGlobal: 0
============================================================
+ Verbose Summary: CDFG Model
============================================================
IsTopModel: 0
ResetActiveHigh: 1
IsCombinational: 0
IsDatapathOnly: 0
HasWiredReturn: 1
HasMFsm: 2
HasVarLatency: 1
IsPipeline: 0
IsRtlPipelined: 0
IsInstanceOverlapped: 0
IsDontTouch: 0
HasImplIP: 0
IsGatedGlobalClock: 0

+ Individual pipeline summary: 
  * Pipeline-0: initiation interval (II) = 1, depth = 5


============================================================
+ Verbose Summary: Schedule
============================================================
* Number of FSM states : 5
* Pipeline : 1
  Pipeline-0 : II = 1, D = 5, States = { 1 2 3 4 5 }
* Dataflow Pipeline: 0

* FSM state transitions: 
1 --> 2 
2 --> 3 
3 --> 4 
4 --> 5 
5 --> 

* FSM state operations: 

State 1 <SV = 0> <Delay = 4.14>
ST_1 : Operation 8 [1/1] (0.00ns)   --->   "%acc = alloca i32 1"   --->   Operation 8 'alloca' 'acc' <Predicate = true> <Delay = 0.00>
ST_1 : Operation 9 [1/1] (0.00ns)   --->   "%i = alloca i32 1"   --->   Operation 9 'alloca' 'i' <Predicate = true> <Delay = 0.00>
ST_1 : Operation 10 [1/1] (0.00ns)   --->   "%switch_var_read = read i1 @_ssdm_op_Read.ap_auto.i1, i1 %switch_var"   --->   Operation 10 'read' 'switch_var_read' <Predicate = true> <Delay = 0.00>
ST_1 : Operation 11 [1/1] (0.00ns)   --->   "%sext_ln21_read = read i28 @_ssdm_op_Read.ap_auto.i28, i28 %sext_ln21"   --->   Operation 11 'read' 'sext_ln21_read' <Predicate = true> <Delay = 0.00>
ST_1 : Operation 12 [1/1] (0.00ns)   --->   "%sext_ln21_cast = sext i28 %sext_ln21_read"   --->   Operation 12 'sext' 'sext_ln21_cast' <Predicate = true> <Delay = 0.00>
ST_1 : Operation 13 [1/1] (1.58ns)   --->   "%store_ln0 = store i6 57, i6 %i"   --->   Operation 13 'store' 'store_ln0' <Predicate = true> <Delay = 1.58>
ST_1 : Operation 14 [1/1] (1.58ns)   --->   "%store_ln0 = store i37 %sext_ln21_cast, i37 %acc"   --->   Operation 14 'store' 'store_ln0' <Predicate = true> <Delay = 1.58>
ST_1 : Operation 15 [1/1] (0.00ns)   --->   "%br_ln0 = br void %for.inc"   --->   Operation 15 'br' 'br_ln0' <Predicate = true> <Delay = 0.00>
ST_1 : Operation 16 [1/1] (0.00ns)   --->   "%i_1 = load i6 %i" [../xup_high_level_synthesis_design_flow-main/source/lab4/fir.cpp:27]   --->   Operation 16 'load' 'i_1' <Predicate = true> <Delay = 0.00>
ST_1 : Operation 17 [1/1] (1.82ns)   --->   "%icmp_ln27 = icmp_eq  i6 %i_1, i6 0" [../xup_high_level_synthesis_design_flow-main/source/lab4/fir.cpp:27]   --->   Operation 17 'icmp' 'icmp_ln27' <Predicate = true> <Delay = 1.82> <CoreInst = "Cmp">   --->   Core 9 'Cmp' <Latency = 0> <II = 1> <Delay = 1.82> <FuncUnit> <Opcode : 'icmp'> <InPorts = 2> <OutPorts = 1>
ST_1 : Operation 18 [1/1] (0.00ns)   --->   "%br_ln27 = br i1 %icmp_ln27, void %for.inc.split, void %for.end.exitStub" [../xup_high_level_synthesis_design_flow-main/source/lab4/fir.cpp:27]   --->   Operation 18 'br' 'br_ln27' <Predicate = true> <Delay = 0.00>
ST_1 : Operation 19 [1/1] (0.00ns)   --->   "%i_cast = zext i6 %i_1" [../xup_high_level_synthesis_design_flow-main/source/lab4/fir.cpp:27]   --->   Operation 19 'zext' 'i_cast' <Predicate = (!icmp_ln27)> <Delay = 0.00>
ST_1 : Operation 20 [1/1] (1.82ns)   --->   "%add_ln27 = add i6 %i_1, i6 63" [../xup_high_level_synthesis_design_flow-main/source/lab4/fir.cpp:27]   --->   Operation 20 'add' 'add_ln27' <Predicate = (!icmp_ln27)> <Delay = 1.82> <CoreInst = "Adder">   --->   Core 1 'Adder' <Latency = 0> <II = 1> <Delay = 1.82> <FuncUnit> <Opcode : 'add' 'sub'> <InPorts = 2> <OutPorts = 1>
ST_1 : Operation 21 [1/1] (0.00ns)   --->   "%zext_ln28 = zext i6 %add_ln27" [../xup_high_level_synthesis_design_flow-main/source/lab4/fir.cpp:28]   --->   Operation 21 'zext' 'zext_ln28' <Predicate = (!icmp_ln27)> <Delay = 0.00>
ST_1 : Operation 22 [1/1] (0.00ns)   --->   "%shift_reg_addr = getelementptr i16 %shift_reg, i64 0, i64 %zext_ln28" [../xup_high_level_synthesis_design_flow-main/source/lab4/fir.cpp:28]   --->   Operation 22 'getelementptr' 'shift_reg_addr' <Predicate = (!icmp_ln27)> <Delay = 0.00>
ST_1 : Operation 23 [2/2] (2.32ns)   --->   "%shift_reg_load = load i6 %shift_reg_addr" [../xup_high_level_synthesis_design_flow-main/source/lab4/fir.cpp:28]   --->   Operation 23 'load' 'shift_reg_load' <Predicate = (!icmp_ln27)> <Delay = 2.32> <CoreInst = "RAM">   --->   Core 82 'RAM' <Latency = 1> <II = 1> <Delay = 2.32> <Storage> <Opcode : 'load' 'store'> <Ports = 2> <Width = 16> <Depth = 58> <RAM>
ST_1 : Operation 24 [1/1] (0.00ns)   --->   "%c1_addr = getelementptr i16 %c1, i64 0, i64 %i_cast" [../xup_high_level_synthesis_design_flow-main/source/lab4/fir.cpp:28]   --->   Operation 24 'getelementptr' 'c1_addr' <Predicate = (!icmp_ln27 & switch_var_read)> <Delay = 0.00>
ST_1 : Operation 25 [1/1] (0.00ns)   --->   "%c2_addr = getelementptr i16 %c2, i64 0, i64 %i_cast" [../xup_high_level_synthesis_design_flow-main/source/lab4/fir.cpp:28]   --->   Operation 25 'getelementptr' 'c2_addr' <Predicate = (!icmp_ln27 & !switch_var_read)> <Delay = 0.00>
ST_1 : Operation 26 [2/2] (2.32ns)   --->   "%c1_load = load i6 %c1_addr" [../xup_high_level_synthesis_design_flow-main/source/lab4/fir.cpp:28]   --->   Operation 26 'load' 'c1_load' <Predicate = (!icmp_ln27 & switch_var_read)> <Delay = 2.32> <CoreInst = "ROM">   --->   Core 95 'ROM' <Latency = 1> <II = 1> <Delay = 2.32> <Storage> <Opcode : 'load'> <Ports = 0> <Width = 16> <Depth = 59> <ROM>
ST_1 : Operation 27 [2/2] (2.32ns)   --->   "%c2_load = load i6 %c2_addr" [../xup_high_level_synthesis_design_flow-main/source/lab4/fir.cpp:28]   --->   Operation 27 'load' 'c2_load' <Predicate = (!icmp_ln27 & !switch_var_read)> <Delay = 2.32> <CoreInst = "ROM">   --->   Core 95 'ROM' <Latency = 1> <II = 1> <Delay = 2.32> <Storage> <Opcode : 'load'> <Ports = 0> <Width = 16> <Depth = 59> <ROM>
ST_1 : Operation 28 [1/1] (1.58ns)   --->   "%store_ln27 = store i6 %add_ln27, i6 %i" [../xup_high_level_synthesis_design_flow-main/source/lab4/fir.cpp:27]   --->   Operation 28 'store' 'store_ln27' <Predicate = (!icmp_ln27)> <Delay = 1.58>

State 2 <SV = 1> <Delay = 4.64>
ST_2 : Operation 29 [1/2] (2.32ns)   --->   "%shift_reg_load = load i6 %shift_reg_addr" [../xup_high_level_synthesis_design_flow-main/source/lab4/fir.cpp:28]   --->   Operation 29 'load' 'shift_reg_load' <Predicate = (!icmp_ln27)> <Delay = 2.32> <CoreInst = "RAM">   --->   Core 82 'RAM' <Latency = 1> <II = 1> <Delay = 2.32> <Storage> <Opcode : 'load' 'store'> <Ports = 2> <Width = 16> <Depth = 58> <RAM>
ST_2 : Operation 30 [1/1] (0.00ns)   --->   "%sext_ln28 = sext i16 %shift_reg_load" [../xup_high_level_synthesis_design_flow-main/source/lab4/fir.cpp:28]   --->   Operation 30 'sext' 'sext_ln28' <Predicate = (!icmp_ln27)> <Delay = 0.00>
ST_2 : Operation 31 [1/2] (2.32ns)   --->   "%c1_load = load i6 %c1_addr" [../xup_high_level_synthesis_design_flow-main/source/lab4/fir.cpp:28]   --->   Operation 31 'load' 'c1_load' <Predicate = (!icmp_ln27 & switch_var_read)> <Delay = 2.32> <CoreInst = "ROM">   --->   Core 95 'ROM' <Latency = 1> <II = 1> <Delay = 2.32> <Storage> <Opcode : 'load'> <Ports = 0> <Width = 16> <Depth = 59> <ROM>
ST_2 : Operation 32 [1/2] (2.32ns)   --->   "%c2_load = load i6 %c2_addr" [../xup_high_level_synthesis_design_flow-main/source/lab4/fir.cpp:28]   --->   Operation 32 'load' 'c2_load' <Predicate = (!icmp_ln27 & !switch_var_read)> <Delay = 2.32> <CoreInst = "ROM">   --->   Core 95 'ROM' <Latency = 1> <II = 1> <Delay = 2.32> <Storage> <Opcode : 'load'> <Ports = 0> <Width = 16> <Depth = 59> <ROM>
ST_2 : Operation 33 [1/1] (0.80ns)   --->   "%select_ln28 = select i1 %switch_var_read, i16 %c1_load, i16 %c2_load" [../xup_high_level_synthesis_design_flow-main/source/lab4/fir.cpp:28]   --->   Operation 33 'select' 'select_ln28' <Predicate = (!icmp_ln27)> <Delay = 0.80> <CoreInst = "Sel">   --->   Core 73 'Sel' <Latency = 0> <II = 1> <Delay = 0.80> <FuncUnit> <Opcode : 'select'> <InPorts = 3> <OutPorts = 1>
ST_2 : Operation 34 [1/1] (0.00ns)   --->   "%sext_ln28_1 = sext i16 %select_ln28" [../xup_high_level_synthesis_design_flow-main/source/lab4/fir.cpp:28]   --->   Operation 34 'sext' 'sext_ln28_1' <Predicate = (!icmp_ln27)> <Delay = 0.00>
ST_2 : Operation 35 [3/3] (1.05ns) (grouped into DSP with root node acc_2)   --->   "%mul_ln28 = mul i32 %sext_ln28_1, i32 %sext_ln28" [../xup_high_level_synthesis_design_flow-main/source/lab4/fir.cpp:28]   --->   Operation 35 'mul' 'mul_ln28' <Predicate = (!icmp_ln27)> <Delay = 1.05> <CoreInst = "DSP48">   --->   Core 119 'DSP48' <Latency = 3> <II = 1> <Delay = 2.15> <IPBlock> <Opcode : '<invalid operator> ' 'mul' 'add' 'sub' 'select'> <InPorts = 0> <OutPorts = 1> <Sync> <CReg>
ST_2 : Operation 36 [1/1] (0.00ns)   --->   "%shift_reg_addr_1 = getelementptr i16 %shift_reg, i64 0, i64 %i_cast" [../xup_high_level_synthesis_design_flow-main/source/lab4/fir.cpp:29]   --->   Operation 36 'getelementptr' 'shift_reg_addr_1' <Predicate = (!icmp_ln27)> <Delay = 0.00>
ST_2 : Operation 37 [1/1] (2.32ns)   --->   "%store_ln29 = store i16 %shift_reg_load, i6 %shift_reg_addr_1" [../xup_high_level_synthesis_design_flow-main/source/lab4/fir.cpp:29]   --->   Operation 37 'store' 'store_ln29' <Predicate = (!icmp_ln27)> <Delay = 2.32> <CoreInst = "RAM">   --->   Core 82 'RAM' <Latency = 1> <II = 1> <Delay = 2.32> <Storage> <Opcode : 'load' 'store'> <Ports = 2> <Width = 16> <Depth = 58> <RAM>

State 3 <SV = 2> <Delay = 1.05>
ST_3 : Operation 38 [2/3] (1.05ns) (grouped into DSP with root node acc_2)   --->   "%mul_ln28 = mul i32 %sext_ln28_1, i32 %sext_ln28" [../xup_high_level_synthesis_design_flow-main/source/lab4/fir.cpp:28]   --->   Operation 38 'mul' 'mul_ln28' <Predicate = (!icmp_ln27)> <Delay = 1.05> <CoreInst = "DSP48">   --->   Core 119 'DSP48' <Latency = 3> <II = 1> <Delay = 2.15> <IPBlock> <Opcode : '<invalid operator> ' 'mul' 'add' 'sub' 'select'> <InPorts = 0> <OutPorts = 1> <Sync> <CReg>

State 4 <SV = 3> <Delay = 2.10>
ST_4 : Operation 39 [1/1] (0.00ns)   --->   "%acc_1 = load i37 %acc"   --->   Operation 39 'load' 'acc_1' <Predicate = true> <Delay = 0.00>
ST_4 : Operation 40 [1/1] (0.00ns)   --->   "%empty = trunc i37 %acc_1"   --->   Operation 40 'trunc' 'empty' <Predicate = true> <Delay = 0.00>
ST_4 : Operation 41 [1/1] (0.00ns)   --->   "%specpipeline_ln0 = specpipeline void @_ssdm_op_SpecPipeline, i32 4294967295, i32 0, i32 1, i32 0, void @p_str"   --->   Operation 41 'specpipeline' 'specpipeline_ln0' <Predicate = true> <Delay = 0.00>
ST_4 : Operation 42 [1/3] (0.00ns) (grouped into DSP with root node acc_2)   --->   "%mul_ln28 = mul i32 %sext_ln28_1, i32 %sext_ln28" [../xup_high_level_synthesis_design_flow-main/source/lab4/fir.cpp:28]   --->   Operation 42 'mul' 'mul_ln28' <Predicate = (!icmp_ln27)> <Delay = 0.00> <CoreInst = "DSP48">   --->   Core 119 'DSP48' <Latency = 3> <II = 1> <Delay = 2.15> <IPBlock> <Opcode : '<invalid operator> ' 'mul' 'add' 'sub' 'select'> <InPorts = 0> <OutPorts = 1> <Sync> <CReg>
ST_4 : Operation 43 [1/1] (0.00ns) (grouped into DSP with root node acc_2)   --->   "%sext_ln28_2 = sext i32 %mul_ln28" [../xup_high_level_synthesis_design_flow-main/source/lab4/fir.cpp:28]   --->   Operation 43 'sext' 'sext_ln28_2' <Predicate = (!icmp_ln27)> <Delay = 0.00>
ST_4 : Operation 44 [2/2] (2.10ns) (root node of the DSP)   --->   "%acc_2 = add i37 %sext_ln28_2, i37 %acc_1" [../xup_high_level_synthesis_design_flow-main/source/lab4/fir.cpp:28]   --->   Operation 44 'add' 'acc_2' <Predicate = (!icmp_ln27)> <Delay = 2.10> <CoreInst = "DSP48">   --->   Core 119 'DSP48' <Latency = 3> <II = 1> <Delay = 2.15> <IPBlock> <Opcode : '<invalid operator> ' 'mul' 'add' 'sub' 'select'> <InPorts = 0> <OutPorts = 1> <Sync> <CReg>
ST_4 : Operation 50 [1/1] (0.00ns)   --->   "%write_ln0 = write void @_ssdm_op_Write.ap_auto.i31P0A, i31 %acc_01_out, i31 %empty"   --->   Operation 50 'write' 'write_ln0' <Predicate = (icmp_ln27)> <Delay = 0.00>
ST_4 : Operation 51 [1/1] (0.00ns)   --->   "%ret_ln0 = ret"   --->   Operation 51 'ret' 'ret_ln0' <Predicate = (icmp_ln27)> <Delay = 0.00>

State 5 <SV = 4> <Delay = 3.68>
ST_5 : Operation 45 [1/1] (0.00ns)   --->   "%speclooptripcount_ln21 = speclooptripcount void @_ssdm_op_SpecLoopTripCount, i64 57, i64 57, i64 57" [../xup_high_level_synthesis_design_flow-main/source/lab4/fir.cpp:21]   --->   Operation 45 'speclooptripcount' 'speclooptripcount_ln21' <Predicate = true> <Delay = 0.00>
ST_5 : Operation 46 [1/1] (0.00ns)   --->   "%specloopname_ln27 = specloopname void @_ssdm_op_SpecLoopName, void @empty_6" [../xup_high_level_synthesis_design_flow-main/source/lab4/fir.cpp:27]   --->   Operation 46 'specloopname' 'specloopname_ln27' <Predicate = true> <Delay = 0.00>
ST_5 : Operation 47 [1/2] (2.10ns) (root node of the DSP)   --->   "%acc_2 = add i37 %sext_ln28_2, i37 %acc_1" [../xup_high_level_synthesis_design_flow-main/source/lab4/fir.cpp:28]   --->   Operation 47 'add' 'acc_2' <Predicate = true> <Delay = 2.10> <CoreInst = "DSP48">   --->   Core 119 'DSP48' <Latency = 3> <II = 1> <Delay = 2.15> <IPBlock> <Opcode : '<invalid operator> ' 'mul' 'add' 'sub' 'select'> <InPorts = 0> <OutPorts = 1> <Sync> <CReg>
ST_5 : Operation 48 [1/1] (1.58ns)   --->   "%store_ln27 = store i37 %acc_2, i37 %acc" [../xup_high_level_synthesis_design_flow-main/source/lab4/fir.cpp:27]   --->   Operation 48 'store' 'store_ln27' <Predicate = true> <Delay = 1.58>
ST_5 : Operation 49 [1/1] (0.00ns)   --->   "%br_ln27 = br void %for.inc" [../xup_high_level_synthesis_design_flow-main/source/lab4/fir.cpp:27]   --->   Operation 49 'br' 'br_ln27' <Predicate = true> <Delay = 0.00>


============================================================
+ Verbose Summary: Timing violations
============================================================
Target clock period: 10.000ns, clock uncertainty: 2.700ns.

 <State 1>: 4.147ns
The critical path consists of the following:
	'alloca' operation ('i') [8]  (0.000 ns)
	'load' operation ('i', ../xup_high_level_synthesis_design_flow-main/source/lab4/fir.cpp:27) on local variable 'i' [17]  (0.000 ns)
	'add' operation ('add_ln27', ../xup_high_level_synthesis_design_flow-main/source/lab4/fir.cpp:27) [26]  (1.825 ns)
	'getelementptr' operation ('shift_reg_addr', ../xup_high_level_synthesis_design_flow-main/source/lab4/fir.cpp:28) [28]  (0.000 ns)
	'load' operation ('shift_reg_load', ../xup_high_level_synthesis_design_flow-main/source/lab4/fir.cpp:28) on array 'shift_reg' [29]  (2.322 ns)

 <State 2>: 4.644ns
The critical path consists of the following:
	'load' operation ('shift_reg_load', ../xup_high_level_synthesis_design_flow-main/source/lab4/fir.cpp:28) on array 'shift_reg' [29]  (2.322 ns)
	'store' operation ('store_ln29', ../xup_high_level_synthesis_design_flow-main/source/lab4/fir.cpp:29) of variable 'shift_reg_load', ../xup_high_level_synthesis_design_flow-main/source/lab4/fir.cpp:28 on array 'shift_reg' [41]  (2.322 ns)

 <State 3>: 1.050ns
The critical path consists of the following:
	'mul' operation of DSP[39] ('mul_ln28', ../xup_high_level_synthesis_design_flow-main/source/lab4/fir.cpp:28) [37]  (1.050 ns)

 <State 4>: 2.100ns
The critical path consists of the following:
	'load' operation ('acc') on local variable 'acc' [16]  (0.000 ns)
	'add' operation of DSP[39] ('acc', ../xup_high_level_synthesis_design_flow-main/source/lab4/fir.cpp:28) [39]  (2.100 ns)

 <State 5>: 3.688ns
The critical path consists of the following:
	'add' operation of DSP[39] ('acc', ../xup_high_level_synthesis_design_flow-main/source/lab4/fir.cpp:28) [39]  (2.100 ns)
	'store' operation ('store_ln27', ../xup_high_level_synthesis_design_flow-main/source/lab4/fir.cpp:27) of variable 'acc', ../xup_high_level_synthesis_design_flow-main/source/lab4/fir.cpp:28 on local variable 'acc' [43]  (1.588 ns)


============================================================
+ Verbose Summary: Binding
============================================================
N/A
* FSMD analyzer results:
  - Output states:
 - Input state : 
  - Chain level:
	State 1
	State 2
	State 3
	State 4
	State 5


============================================================
+ Verbose Summary: Datapath Resource usage 
============================================================
N/A
