20:46:53 **** Build of configuration Debug for project lab5_for_vitis ****
make all 
make --no-print-directory pre-build
a9-linaro-pre-build-step
' '
make --no-print-directory main-build
'Building file: ../src/lab5.c'
'Invoking: ARM v7 gcc compiler'
arm-none-eabi-gcc -Wall -O0 -g3 -c -fmessage-length=0 -MT"src/lab5.o" -mcpu=cortex-a9 -mfpu=vfpv3 -mfloat-abi=hard -IF:/Education/FPGA_Labs/Lab5/Lab5_Block_Design_wrapper/export/Lab5_Block_Design_wrapper/sw/Lab5_Block_Design_wrapper/standalone_ps7_cortexa9_0/bspinclude/include -MMD -MP -MF"src/lab5.d" -MT"src/lab5.o" -o "src/lab5.o" "../src/lab5.c"
'Finished building: ../src/lab5.c'
' '
'Building target: lab5_for_vitis.elf'
'Invoking: ARM v7 gcc linker'
arm-none-eabi-gcc -mcpu=cortex-a9 -mfpu=vfpv3 -mfloat-abi=hard -Wl,-build-id=none -specs=Xilinx.spec -Wl,-T -Wl,../src/lscript.ld -LF:/Education/FPGA_Labs/Lab5/Lab5_Block_Design_wrapper/export/Lab5_Block_Design_wrapper/sw/Lab5_Block_Design_wrapper/standalone_ps7_cortexa9_0/bsplib/lib -o "lab5_for_vitis.elf"  ./src/lab5.o   -Wl,--start-group,-lxil,-lgcc,-lc,--end-group
'Finished building target: lab5_for_vitis.elf'
' '
'Invoking: ARM v7 Print Size'
arm-none-eabi-size lab5_for_vitis.elf  |tee "lab5_for_vitis.elf.size"
   text	   data	    bss	    dec	    hex	filename
  24540	   1184	  22600	  48324	   bcc4	lab5_for_vitis.elf
'Finished building: lab5_for_vitis.elf.size'
' '

20:46:53 Build Finished (took 606ms)

