
*** Running vivado
    with args -log bd_0_hls_inst_0.vds -m64 -product Vivado -mode batch -messageDb vivado.pb -notrace -source bd_0_hls_inst_0.tcl



****** Vivado v2023.1 (64-bit)
  **** SW Build 3865809 on Sun May  7 15:05:29 MDT 2023
  **** IP Build 3864474 on Sun May  7 20:36:21 MDT 2023
  **** SharedData Build 3865790 on Sun May 07 13:33:03 MDT 2023
    ** Copyright 1986-2022 Xilinx, Inc. All Rights Reserved.
    ** Copyright 2022-2023 Advanced Micro Devices, Inc. All Rights Reserved.

source bd_0_hls_inst_0.tcl -notrace
INFO: [IP_Flow 19-234] Refreshing IP repositories
INFO: [IP_Flow 19-1700] Loaded user IP repository 'f:/Education/FPGA_Labs/Labs_2/lab1/matrixmul/solution1/impl/ip'.
INFO: [IP_Flow 19-2313] Loaded Vivado IP repository 'F:/Xilinx/Vitis/Vivado/2023.1/data/ip'.
WARNING: [IP_Flow 19-4995] The host OS only allows 260 characters in a normal path. The IP cache path is more than 80 characters. If you experience issues with IP caching, please consider changing the IP cache to a location with a shorter path. Alternately consider using the OS subst command to map part of the path to a drive letter. 
Current IP cache path is f:/Education/FPGA_Labs/Labs_2/lab1/matrixmul/solution1/impl/verilog/project.cache/ip 
INFO: [IP_Flow 19-6924] IPCACHE: Running cache check for IP inst: bd_0_hls_inst_0
Command: synth_design -top bd_0_hls_inst_0 -part xc7z020clg484-1 -directive sdx_optimization_effort_high -incremental_mode off -mode out_of_context
Starting synth_design
Attempting to get a license for feature 'Synthesis' and/or device 'xc7z020'
INFO: [Common 17-349] Got license for feature 'Synthesis' and/or device 'xc7z020'
INFO: [Device 21-403] Loading part xc7z020clg484-1
INFO: [Synth 8-7079] Multithreading enabled for synth_design using a maximum of 2 processes.
INFO: [Synth 8-7078] Launching helper process for spawning children vivado processes
INFO: [Synth 8-7075] Helper process launched with PID 9348
---------------------------------------------------------------------------------
Starting RTL Elaboration : Time (s): cpu = 00:00:04 ; elapsed = 00:00:05 . Memory (MB): peak = 1764.859 ; gain = 409.527
---------------------------------------------------------------------------------
INFO: [Synth 8-6157] synthesizing module 'bd_0_hls_inst_0' [f:/Education/FPGA_Labs/Labs_2/lab1/matrixmul/solution1/impl/verilog/project.gen/sources_1/bd/bd_0/ip/bd_0_hls_inst_0/synth/bd_0_hls_inst_0.v:53]
INFO: [Synth 8-6157] synthesizing module 'matrixmul' [f:/Education/FPGA_Labs/Labs_2/lab1/matrixmul/solution1/impl/verilog/project.gen/sources_1/bd/bd_0/ipshared/6ce2/hdl/verilog/matrixmul.v:9]
INFO: [Synth 8-6157] synthesizing module 'matrixmul_mul_8s_8s_16_1_1' [f:/Education/FPGA_Labs/Labs_2/lab1/matrixmul/solution1/impl/verilog/project.gen/sources_1/bd/bd_0/ipshared/6ce2/hdl/verilog/matrixmul_mul_8s_8s_16_1_1.v:5]
INFO: [Synth 8-6155] done synthesizing module 'matrixmul_mul_8s_8s_16_1_1' (0#1) [f:/Education/FPGA_Labs/Labs_2/lab1/matrixmul/solution1/impl/verilog/project.gen/sources_1/bd/bd_0/ipshared/6ce2/hdl/verilog/matrixmul_mul_8s_8s_16_1_1.v:5]
INFO: [Synth 8-6157] synthesizing module 'matrixmul_mac_muladd_8s_8s_16s_16_4_1' [f:/Education/FPGA_Labs/Labs_2/lab1/matrixmul/solution1/impl/verilog/project.gen/sources_1/bd/bd_0/ipshared/6ce2/hdl/verilog/matrixmul_mac_muladd_8s_8s_16s_16_4_1.v:49]
INFO: [Synth 8-6157] synthesizing module 'matrixmul_mac_muladd_8s_8s_16s_16_4_1_DSP48_0' [f:/Education/FPGA_Labs/Labs_2/lab1/matrixmul/solution1/impl/verilog/project.gen/sources_1/bd/bd_0/ipshared/6ce2/hdl/verilog/matrixmul_mac_muladd_8s_8s_16s_16_4_1.v:10]
INFO: [Synth 8-6155] done synthesizing module 'matrixmul_mac_muladd_8s_8s_16s_16_4_1_DSP48_0' (0#1) [f:/Education/FPGA_Labs/Labs_2/lab1/matrixmul/solution1/impl/verilog/project.gen/sources_1/bd/bd_0/ipshared/6ce2/hdl/verilog/matrixmul_mac_muladd_8s_8s_16s_16_4_1.v:10]
INFO: [Synth 8-6155] done synthesizing module 'matrixmul_mac_muladd_8s_8s_16s_16_4_1' (0#1) [f:/Education/FPGA_Labs/Labs_2/lab1/matrixmul/solution1/impl/verilog/project.gen/sources_1/bd/bd_0/ipshared/6ce2/hdl/verilog/matrixmul_mac_muladd_8s_8s_16s_16_4_1.v:49]
INFO: [Synth 8-6157] synthesizing module 'matrixmul_mac_muladd_8s_8s_16ns_16_4_1' [f:/Education/FPGA_Labs/Labs_2/lab1/matrixmul/solution1/impl/verilog/project.gen/sources_1/bd/bd_0/ipshared/6ce2/hdl/verilog/matrixmul_mac_muladd_8s_8s_16ns_16_4_1.v:49]
INFO: [Synth 8-6157] synthesizing module 'matrixmul_mac_muladd_8s_8s_16ns_16_4_1_DSP48_1' [f:/Education/FPGA_Labs/Labs_2/lab1/matrixmul/solution1/impl/verilog/project.gen/sources_1/bd/bd_0/ipshared/6ce2/hdl/verilog/matrixmul_mac_muladd_8s_8s_16ns_16_4_1.v:10]
INFO: [Synth 8-6155] done synthesizing module 'matrixmul_mac_muladd_8s_8s_16ns_16_4_1_DSP48_1' (0#1) [f:/Education/FPGA_Labs/Labs_2/lab1/matrixmul/solution1/impl/verilog/project.gen/sources_1/bd/bd_0/ipshared/6ce2/hdl/verilog/matrixmul_mac_muladd_8s_8s_16ns_16_4_1.v:10]
INFO: [Synth 8-6155] done synthesizing module 'matrixmul_mac_muladd_8s_8s_16ns_16_4_1' (0#1) [f:/Education/FPGA_Labs/Labs_2/lab1/matrixmul/solution1/impl/verilog/project.gen/sources_1/bd/bd_0/ipshared/6ce2/hdl/verilog/matrixmul_mac_muladd_8s_8s_16ns_16_4_1.v:49]
INFO: [Synth 8-6157] synthesizing module 'matrixmul_flow_control_loop_pipe' [f:/Education/FPGA_Labs/Labs_2/lab1/matrixmul/solution1/impl/verilog/project.gen/sources_1/bd/bd_0/ipshared/6ce2/hdl/verilog/matrixmul_flow_control_loop_pipe.v:11]
INFO: [Synth 8-6155] done synthesizing module 'matrixmul_flow_control_loop_pipe' (0#1) [f:/Education/FPGA_Labs/Labs_2/lab1/matrixmul/solution1/impl/verilog/project.gen/sources_1/bd/bd_0/ipshared/6ce2/hdl/verilog/matrixmul_flow_control_loop_pipe.v:11]
INFO: [Synth 8-6155] done synthesizing module 'matrixmul' (0#1) [f:/Education/FPGA_Labs/Labs_2/lab1/matrixmul/solution1/impl/verilog/project.gen/sources_1/bd/bd_0/ipshared/6ce2/hdl/verilog/matrixmul.v:9]
INFO: [Synth 8-6155] done synthesizing module 'bd_0_hls_inst_0' (0#1) [f:/Education/FPGA_Labs/Labs_2/lab1/matrixmul/solution1/impl/verilog/project.gen/sources_1/bd/bd_0/ip/bd_0_hls_inst_0/synth/bd_0_hls_inst_0.v:53]
WARNING: [Synth 8-7129] Port ap_done_int in module matrixmul_flow_control_loop_pipe is either unconnected or has no load
WARNING: [Synth 8-7129] Port rst in module matrixmul_mac_muladd_8s_8s_16ns_16_4_1_DSP48_1 is either unconnected or has no load
WARNING: [Synth 8-7129] Port rst in module matrixmul_mac_muladd_8s_8s_16s_16_4_1_DSP48_0 is either unconnected or has no load
---------------------------------------------------------------------------------
Finished RTL Elaboration : Time (s): cpu = 00:00:05 ; elapsed = 00:00:06 . Memory (MB): peak = 1862.738 ; gain = 507.406
---------------------------------------------------------------------------------
---------------------------------------------------------------------------------
Start Handling Custom Attributes
---------------------------------------------------------------------------------
---------------------------------------------------------------------------------
Finished Handling Custom Attributes : Time (s): cpu = 00:00:05 ; elapsed = 00:00:07 . Memory (MB): peak = 1862.738 ; gain = 507.406
---------------------------------------------------------------------------------
---------------------------------------------------------------------------------
Finished RTL Optimization Phase 1 : Time (s): cpu = 00:00:05 ; elapsed = 00:00:07 . Memory (MB): peak = 1862.738 ; gain = 507.406
---------------------------------------------------------------------------------
Netlist sorting complete. Time (s): cpu = 00:00:00 ; elapsed = 00:00:00.006 . Memory (MB): peak = 1862.738 ; gain = 0.000
INFO: [Project 1-570] Preparing netlist for logic optimization

Processing XDC Constraints
Initializing timing engine
Parsing XDC File [f:/Education/FPGA_Labs/Labs_2/lab1/matrixmul/solution1/impl/verilog/project.gen/sources_1/bd/bd_0/ip/bd_0_hls_inst_0/constraints/matrixmul_ooc.xdc] for cell 'inst'
Finished Parsing XDC File [f:/Education/FPGA_Labs/Labs_2/lab1/matrixmul/solution1/impl/verilog/project.gen/sources_1/bd/bd_0/ip/bd_0_hls_inst_0/constraints/matrixmul_ooc.xdc] for cell 'inst'
Parsing XDC File [F:/Education/FPGA_Labs/Labs_2/lab1/matrixmul/solution1/impl/verilog/project.runs/bd_0_hls_inst_0_synth_1/dont_touch.xdc]
Finished Parsing XDC File [F:/Education/FPGA_Labs/Labs_2/lab1/matrixmul/solution1/impl/verilog/project.runs/bd_0_hls_inst_0_synth_1/dont_touch.xdc]
Completed Processing XDC Constraints

Netlist sorting complete. Time (s): cpu = 00:00:00 ; elapsed = 00:00:00 . Memory (MB): peak = 1927.984 ; gain = 0.000
INFO: [Project 1-111] Unisim Transformation Summary:
No Unisim elements were transformed.

Constraint Validation Runtime : Time (s): cpu = 00:00:00 ; elapsed = 00:00:00.105 . Memory (MB): peak = 1932.156 ; gain = 4.172
INFO: [Designutils 20-5008] Incremental synthesis strategy off
---------------------------------------------------------------------------------
Finished Constraint Validation : Time (s): cpu = 00:00:10 ; elapsed = 00:00:13 . Memory (MB): peak = 1932.156 ; gain = 576.824
---------------------------------------------------------------------------------
---------------------------------------------------------------------------------
Start Loading Part and Timing Information
---------------------------------------------------------------------------------
Loading part: xc7z020clg484-1
---------------------------------------------------------------------------------
Finished Loading Part and Timing Information : Time (s): cpu = 00:00:10 ; elapsed = 00:00:13 . Memory (MB): peak = 1932.156 ; gain = 576.824
---------------------------------------------------------------------------------
---------------------------------------------------------------------------------
Start Applying 'set_property' XDC Constraints
---------------------------------------------------------------------------------
Applied set_property KEEP_HIERARCHY = SOFT for inst. (constraint file  F:/Education/FPGA_Labs/Labs_2/lab1/matrixmul/solution1/impl/verilog/project.runs/bd_0_hls_inst_0_synth_1/dont_touch.xdc, line 9).
---------------------------------------------------------------------------------
Finished applying 'set_property' XDC Constraints : Time (s): cpu = 00:00:10 ; elapsed = 00:00:13 . Memory (MB): peak = 1932.156 ; gain = 576.824
---------------------------------------------------------------------------------
INFO: [Synth 8-4490] FSM extraction disabled for register 'ap_CS_fsm_reg' through user attribute
---------------------------------------------------------------------------------
Finished RTL Optimization Phase 2 : Time (s): cpu = 00:00:10 ; elapsed = 00:00:13 . Memory (MB): peak = 1932.156 ; gain = 576.824
---------------------------------------------------------------------------------
---------------------------------------------------------------------------------
Start RTL Component Statistics 
---------------------------------------------------------------------------------
Detailed RTL Component Info : 
+---Adders : 
	   2 Input    4 Bit       Adders := 2     
	   3 Input    4 Bit       Adders := 3     
	   4 Input    4 Bit       Adders := 1     
	   2 Input    3 Bit       Adders := 1     
	   2 Input    2 Bit       Adders := 2     
+---Registers : 
	               18 Bit    Registers := 2     
	                8 Bit    Registers := 3     
	                4 Bit    Registers := 4     
	                2 Bit    Registers := 9     
	                1 Bit    Registers := 11    
+---Muxes : 
	   2 Input    8 Bit        Muxes := 2     
	   2 Input    4 Bit        Muxes := 4     
	   3 Input    2 Bit        Muxes := 1     
	   2 Input    2 Bit        Muxes := 4     
	   2 Input    1 Bit        Muxes := 11    
---------------------------------------------------------------------------------
Finished RTL Component Statistics 
---------------------------------------------------------------------------------
---------------------------------------------------------------------------------
Start Part Resource Summary
---------------------------------------------------------------------------------
Part Resources:
DSPs: 220 (col length:60)
BRAMs: 280 (col length: RAMB18 60 RAMB36 30)
---------------------------------------------------------------------------------
Finished Part Resource Summary
---------------------------------------------------------------------------------
---------------------------------------------------------------------------------
Start Cross Boundary and Area Optimization
---------------------------------------------------------------------------------
WARNING: [Synth 8-7080] Parallel synthesis criteria is not met
WARNING: [Synth 8-3936] Found unconnected internal register 'mac_muladd_8s_8s_16ns_16_4_1_U3/matrixmul_mac_muladd_8s_8s_16ns_16_4_1_DSP48_1_U/p_reg_reg' and it is trimmed from '44' to '16' bits. [f:/Education/FPGA_Labs/Labs_2/lab1/matrixmul/solution1/impl/verilog/project.gen/sources_1/bd/bd_0/ipshared/6ce2/hdl/verilog/matrixmul_mac_muladd_8s_8s_16ns_16_4_1.v:41]
WARNING: [Synth 8-3936] Found unconnected internal register 'mac_muladd_8s_8s_16s_16_4_1_U2/matrixmul_mac_muladd_8s_8s_16s_16_4_1_DSP48_0_U/p_reg_reg' and it is trimmed from '44' to '16' bits. [f:/Education/FPGA_Labs/Labs_2/lab1/matrixmul/solution1/impl/verilog/project.gen/sources_1/bd/bd_0/ipshared/6ce2/hdl/verilog/matrixmul_mac_muladd_8s_8s_16s_16_4_1.v:41]
WARNING: [Synth 8-3936] Found unconnected internal register 'mac_muladd_8s_8s_16s_16_4_1_U2/matrixmul_mac_muladd_8s_8s_16s_16_4_1_DSP48_0_U/m_reg_reg' and it is trimmed from '43' to '16' bits. [f:/Education/FPGA_Labs/Labs_2/lab1/matrixmul/solution1/impl/verilog/project.gen/sources_1/bd/bd_0/ipshared/6ce2/hdl/verilog/matrixmul_mac_muladd_8s_8s_16s_16_4_1.v:34]
WARNING: [Synth 8-3936] Found unconnected internal register 'mac_muladd_8s_8s_16s_16_4_1_U2/matrixmul_mac_muladd_8s_8s_16s_16_4_1_DSP48_0_U/b_reg_reg' and it is trimmed from '18' to '16' bits. [f:/Education/FPGA_Labs/Labs_2/lab1/matrixmul/solution1/impl/verilog/project.gen/sources_1/bd/bd_0/ipshared/6ce2/hdl/verilog/matrixmul_mac_muladd_8s_8s_16s_16_4_1.v:33]
WARNING: [Synth 8-3936] Found unconnected internal register 'mac_muladd_8s_8s_16ns_16_4_1_U3/matrixmul_mac_muladd_8s_8s_16ns_16_4_1_DSP48_1_U/m_reg_reg' and it is trimmed from '43' to '16' bits. [f:/Education/FPGA_Labs/Labs_2/lab1/matrixmul/solution1/impl/verilog/project.gen/sources_1/bd/bd_0/ipshared/6ce2/hdl/verilog/matrixmul_mac_muladd_8s_8s_16ns_16_4_1.v:34]
WARNING: [Synth 8-3936] Found unconnected internal register 'mac_muladd_8s_8s_16ns_16_4_1_U3/matrixmul_mac_muladd_8s_8s_16ns_16_4_1_DSP48_1_U/b_reg_reg' and it is trimmed from '18' to '16' bits. [f:/Education/FPGA_Labs/Labs_2/lab1/matrixmul/solution1/impl/verilog/project.gen/sources_1/bd/bd_0/ipshared/6ce2/hdl/verilog/matrixmul_mac_muladd_8s_8s_16ns_16_4_1.v:33]
WARNING: [Synth 8-3936] Found unconnected internal register 'mac_muladd_8s_8s_16s_16_4_1_U2/matrixmul_mac_muladd_8s_8s_16s_16_4_1_DSP48_0_U/a_reg_reg' and it is trimmed from '25' to '16' bits. [f:/Education/FPGA_Labs/Labs_2/lab1/matrixmul/solution1/impl/verilog/project.gen/sources_1/bd/bd_0/ipshared/6ce2/hdl/verilog/matrixmul_mac_muladd_8s_8s_16ns_16_4_1.v:33]
DSP Report: Generating DSP mac_muladd_8s_8s_16s_16_4_1_U2/matrixmul_mac_muladd_8s_8s_16s_16_4_1_DSP48_0_U/m_reg_reg, operation Mode is: (A''*B2)'.
DSP Report: register mac_muladd_8s_8s_16s_16_4_1_U2/matrixmul_mac_muladd_8s_8s_16s_16_4_1_DSP48_0_U/b_reg_reg is absorbed into DSP mac_muladd_8s_8s_16s_16_4_1_U2/matrixmul_mac_muladd_8s_8s_16s_16_4_1_DSP48_0_U/m_reg_reg.
DSP Report: register mac_muladd_8s_8s_16s_16_4_1_U2/matrixmul_mac_muladd_8s_8s_16s_16_4_1_DSP48_0_U/m_reg_reg is absorbed into DSP mac_muladd_8s_8s_16s_16_4_1_U2/matrixmul_mac_muladd_8s_8s_16s_16_4_1_DSP48_0_U/m_reg_reg.
DSP Report: register mac_muladd_8s_8s_16s_16_4_1_U2/matrixmul_mac_muladd_8s_8s_16s_16_4_1_DSP48_0_U/m_reg_reg is absorbed into DSP mac_muladd_8s_8s_16s_16_4_1_U2/matrixmul_mac_muladd_8s_8s_16s_16_4_1_DSP48_0_U/m_reg_reg.
DSP Report: register mac_muladd_8s_8s_16s_16_4_1_U2/matrixmul_mac_muladd_8s_8s_16s_16_4_1_DSP48_0_U/m_reg_reg is absorbed into DSP mac_muladd_8s_8s_16s_16_4_1_U2/matrixmul_mac_muladd_8s_8s_16s_16_4_1_DSP48_0_U/m_reg_reg.
DSP Report: operator mac_muladd_8s_8s_16s_16_4_1_U2/matrixmul_mac_muladd_8s_8s_16s_16_4_1_DSP48_0_U/m is absorbed into DSP mac_muladd_8s_8s_16s_16_4_1_U2/matrixmul_mac_muladd_8s_8s_16s_16_4_1_DSP48_0_U/m_reg_reg.
DSP Report: Generating DSP mac_muladd_8s_8s_16s_16_4_1_U2/matrixmul_mac_muladd_8s_8s_16s_16_4_1_DSP48_0_U/p_reg_reg, operation Mode is: (PCIN+A2*B2)'.
DSP Report: register reg_156_reg is absorbed into DSP mac_muladd_8s_8s_16s_16_4_1_U2/matrixmul_mac_muladd_8s_8s_16s_16_4_1_DSP48_0_U/p_reg_reg.
DSP Report: register b_load_reg_529_reg is absorbed into DSP mac_muladd_8s_8s_16s_16_4_1_U2/matrixmul_mac_muladd_8s_8s_16s_16_4_1_DSP48_0_U/p_reg_reg.
DSP Report: register mac_muladd_8s_8s_16s_16_4_1_U2/matrixmul_mac_muladd_8s_8s_16s_16_4_1_DSP48_0_U/p_reg_reg is absorbed into DSP mac_muladd_8s_8s_16s_16_4_1_U2/matrixmul_mac_muladd_8s_8s_16s_16_4_1_DSP48_0_U/p_reg_reg.
DSP Report: operator mac_muladd_8s_8s_16s_16_4_1_U2/matrixmul_mac_muladd_8s_8s_16s_16_4_1_DSP48_0_U/p is absorbed into DSP mac_muladd_8s_8s_16s_16_4_1_U2/matrixmul_mac_muladd_8s_8s_16s_16_4_1_DSP48_0_U/p_reg_reg.
DSP Report: operator mul_8s_8s_16_1_1_U1/tmp_product is absorbed into DSP mac_muladd_8s_8s_16s_16_4_1_U2/matrixmul_mac_muladd_8s_8s_16s_16_4_1_DSP48_0_U/p_reg_reg.
DSP Report: Generating DSP mac_muladd_8s_8s_16ns_16_4_1_U3/matrixmul_mac_muladd_8s_8s_16ns_16_4_1_DSP48_1_U/p_reg_reg, operation Mode is: (PCIN+(A''*B'')')'.
DSP Report: register mac_muladd_8s_8s_16ns_16_4_1_U3/matrixmul_mac_muladd_8s_8s_16ns_16_4_1_DSP48_1_U/p_reg_reg is absorbed into DSP mac_muladd_8s_8s_16ns_16_4_1_U3/matrixmul_mac_muladd_8s_8s_16ns_16_4_1_DSP48_1_U/p_reg_reg.
DSP Report: register mac_muladd_8s_8s_16ns_16_4_1_U3/matrixmul_mac_muladd_8s_8s_16ns_16_4_1_DSP48_1_U/p_reg_reg is absorbed into DSP mac_muladd_8s_8s_16ns_16_4_1_U3/matrixmul_mac_muladd_8s_8s_16ns_16_4_1_DSP48_1_U/p_reg_reg.
DSP Report: register mac_muladd_8s_8s_16ns_16_4_1_U3/matrixmul_mac_muladd_8s_8s_16ns_16_4_1_DSP48_1_U/p_reg_reg is absorbed into DSP mac_muladd_8s_8s_16ns_16_4_1_U3/matrixmul_mac_muladd_8s_8s_16ns_16_4_1_DSP48_1_U/p_reg_reg.
DSP Report: register mac_muladd_8s_8s_16ns_16_4_1_U3/matrixmul_mac_muladd_8s_8s_16ns_16_4_1_DSP48_1_U/p_reg_reg is absorbed into DSP mac_muladd_8s_8s_16ns_16_4_1_U3/matrixmul_mac_muladd_8s_8s_16ns_16_4_1_DSP48_1_U/p_reg_reg.
DSP Report: register mac_muladd_8s_8s_16ns_16_4_1_U3/matrixmul_mac_muladd_8s_8s_16ns_16_4_1_DSP48_1_U/p_reg_reg is absorbed into DSP mac_muladd_8s_8s_16ns_16_4_1_U3/matrixmul_mac_muladd_8s_8s_16ns_16_4_1_DSP48_1_U/p_reg_reg.
DSP Report: register mac_muladd_8s_8s_16ns_16_4_1_U3/matrixmul_mac_muladd_8s_8s_16ns_16_4_1_DSP48_1_U/m_reg_reg is absorbed into DSP mac_muladd_8s_8s_16ns_16_4_1_U3/matrixmul_mac_muladd_8s_8s_16ns_16_4_1_DSP48_1_U/p_reg_reg.
DSP Report: operator mac_muladd_8s_8s_16ns_16_4_1_U3/matrixmul_mac_muladd_8s_8s_16ns_16_4_1_DSP48_1_U/p is absorbed into DSP mac_muladd_8s_8s_16ns_16_4_1_U3/matrixmul_mac_muladd_8s_8s_16ns_16_4_1_DSP48_1_U/p_reg_reg.
DSP Report: operator mac_muladd_8s_8s_16ns_16_4_1_U3/matrixmul_mac_muladd_8s_8s_16ns_16_4_1_DSP48_1_U/m is absorbed into DSP mac_muladd_8s_8s_16ns_16_4_1_U3/matrixmul_mac_muladd_8s_8s_16ns_16_4_1_DSP48_1_U/p_reg_reg.
---------------------------------------------------------------------------------
Finished Cross Boundary and Area Optimization : Time (s): cpu = 00:00:12 ; elapsed = 00:00:15 . Memory (MB): peak = 1932.156 ; gain = 576.824
---------------------------------------------------------------------------------
---------------------------------------------------------------------------------
Start ROM, RAM, DSP, Shift Register and Retiming Reporting
---------------------------------------------------------------------------------

DSP: Preliminary Mapping Report (see note below. The ' indicates corresponding REG is set)
+----------------------------------------------+--------------------+--------+--------+--------+--------+--------+------+------+------+------+-------+------+------+
|Module Name                                   | DSP Mapping        | A Size | B Size | C Size | D Size | P Size | AREG | BREG | CREG | DREG | ADREG | MREG | PREG | 
+----------------------------------------------+--------------------+--------+--------+--------+--------+--------+------+------+------+------+-------+------+------+
|matrixmul_mac_muladd_8s_8s_16s_16_4_1_DSP48_0 | (A''*B2)'          | 9      | 9      | -      | -      | 18     | 2    | 1    | -    | -    | -     | 1    | 0    | 
|matrixmul                                     | (PCIN+A2*B2)'      | 8      | 8      | -      | -      | 16     | 1    | 1    | -    | -    | -     | 0    | 1    | 
|matrixmul                                     | (PCIN+(A''*B'')')' | 9      | 9      | -      | -      | 16     | 2    | 2    | -    | -    | -     | 1    | 1    | 
+----------------------------------------------+--------------------+--------+--------+--------+--------+--------+------+------+------+------+-------+------+------+

Note: The table above is a preliminary report that shows the DSPs inferred at the current stage of the synthesis flow. Some DSP may be reimplemented as non DSP primitives later in the synthesis flow. Multiple instantiated DSPs are reported only once.
---------------------------------------------------------------------------------
Finished ROM, RAM, DSP, Shift Register and Retiming Reporting
---------------------------------------------------------------------------------
---------------------------------------------------------------------------------
Start Applying XDC Timing Constraints
---------------------------------------------------------------------------------
---------------------------------------------------------------------------------
Finished Applying XDC Timing Constraints : Time (s): cpu = 00:00:18 ; elapsed = 00:00:21 . Memory (MB): peak = 1932.156 ; gain = 576.824
---------------------------------------------------------------------------------
---------------------------------------------------------------------------------
Start Timing Optimization
---------------------------------------------------------------------------------
---------------------------------------------------------------------------------
Finished Timing Optimization : Time (s): cpu = 00:00:18 ; elapsed = 00:00:21 . Memory (MB): peak = 1932.156 ; gain = 576.824
---------------------------------------------------------------------------------
---------------------------------------------------------------------------------
Start Technology Mapping
---------------------------------------------------------------------------------
---------------------------------------------------------------------------------
Finished Technology Mapping : Time (s): cpu = 00:00:18 ; elapsed = 00:00:21 . Memory (MB): peak = 1937.711 ; gain = 582.379
---------------------------------------------------------------------------------
---------------------------------------------------------------------------------
Start IO Insertion
---------------------------------------------------------------------------------
---------------------------------------------------------------------------------
Start Flattening Before IO Insertion
---------------------------------------------------------------------------------
---------------------------------------------------------------------------------
Finished Flattening Before IO Insertion
---------------------------------------------------------------------------------
---------------------------------------------------------------------------------
Start Final Netlist Cleanup
---------------------------------------------------------------------------------
---------------------------------------------------------------------------------
Finished Final Netlist Cleanup
---------------------------------------------------------------------------------
---------------------------------------------------------------------------------
Finished IO Insertion : Time (s): cpu = 00:00:21 ; elapsed = 00:00:24 . Memory (MB): peak = 1938.047 ; gain = 582.715
---------------------------------------------------------------------------------
---------------------------------------------------------------------------------
Start Renaming Generated Instances
---------------------------------------------------------------------------------
---------------------------------------------------------------------------------
Finished Renaming Generated Instances : Time (s): cpu = 00:00:21 ; elapsed = 00:00:24 . Memory (MB): peak = 1938.047 ; gain = 582.715
---------------------------------------------------------------------------------
---------------------------------------------------------------------------------
Start Rebuilding User Hierarchy
---------------------------------------------------------------------------------
---------------------------------------------------------------------------------
Finished Rebuilding User Hierarchy : Time (s): cpu = 00:00:21 ; elapsed = 00:00:24 . Memory (MB): peak = 1938.047 ; gain = 582.715
---------------------------------------------------------------------------------
---------------------------------------------------------------------------------
Start Renaming Generated Ports
---------------------------------------------------------------------------------
---------------------------------------------------------------------------------
Finished Renaming Generated Ports : Time (s): cpu = 00:00:21 ; elapsed = 00:00:24 . Memory (MB): peak = 1938.047 ; gain = 582.715
---------------------------------------------------------------------------------
---------------------------------------------------------------------------------
Start Handling Custom Attributes
---------------------------------------------------------------------------------
---------------------------------------------------------------------------------
Finished Handling Custom Attributes : Time (s): cpu = 00:00:21 ; elapsed = 00:00:24 . Memory (MB): peak = 1938.047 ; gain = 582.715
---------------------------------------------------------------------------------
---------------------------------------------------------------------------------
Start Renaming Generated Nets
---------------------------------------------------------------------------------
---------------------------------------------------------------------------------
Finished Renaming Generated Nets : Time (s): cpu = 00:00:21 ; elapsed = 00:00:24 . Memory (MB): peak = 1938.047 ; gain = 582.715
---------------------------------------------------------------------------------
---------------------------------------------------------------------------------
Start Writing Synthesis Report
---------------------------------------------------------------------------------

DSP Final Report (the ' indicates corresponding REG is set)
+----------------------------------------------+--------------------+--------+--------+--------+--------+--------+------+------+------+------+-------+------+------+
|Module Name                                   | DSP Mapping        | A Size | B Size | C Size | D Size | P Size | AREG | BREG | CREG | DREG | ADREG | MREG | PREG | 
+----------------------------------------------+--------------------+--------+--------+--------+--------+--------+------+------+------+------+-------+------+------+
|matrixmul                                     | (PCIN+(A''*B'')')' | 30     | 18     | -      | -      | 16     | 2    | 2    | -    | -    | -     | 1    | 1    | 
|matrixmul_mac_muladd_8s_8s_16s_16_4_1_DSP48_0 | (A''*B')'          | 30     | 18     | -      | -      | 0      | 2    | 1    | -    | -    | -     | 0    | 1    | 
|matrixmul                                     | (PCIN+A'*B')'      | 30     | 18     | -      | -      | 0      | 1    | 1    | -    | -    | -     | 0    | 1    | 
+----------------------------------------------+--------------------+--------+--------+--------+--------+--------+------+------+------+------+-------+------+------+


Report BlackBoxes: 
+-+--------------+----------+
| |BlackBox name |Instances |
+-+--------------+----------+
+-+--------------+----------+

Report Cell Usage: 
+------+--------+------+
|      |Cell    |Count |
+------+--------+------+
|1     |DSP48E1 |     3|
|4     |LUT1    |     1|
|5     |LUT2    |     9|
|6     |LUT3    |    21|
|7     |LUT4    |    17|
|8     |LUT5    |    20|
|9     |LUT6    |     8|
|10    |FDRE    |    38|
|11    |FDSE    |     1|
+------+--------+------+
---------------------------------------------------------------------------------
Finished Writing Synthesis Report : Time (s): cpu = 00:00:21 ; elapsed = 00:00:24 . Memory (MB): peak = 1938.047 ; gain = 582.715
---------------------------------------------------------------------------------
Synthesis finished with 0 errors, 0 critical warnings and 8 warnings.
Synthesis Optimization Runtime : Time (s): cpu = 00:00:15 ; elapsed = 00:00:21 . Memory (MB): peak = 1938.047 ; gain = 513.297
Synthesis Optimization Complete : Time (s): cpu = 00:00:21 ; elapsed = 00:00:24 . Memory (MB): peak = 1938.047 ; gain = 582.715
INFO: [Project 1-571] Translating synthesized netlist
Netlist sorting complete. Time (s): cpu = 00:00:00 ; elapsed = 00:00:00.004 . Memory (MB): peak = 1950.121 ; gain = 0.000
INFO: [Netlist 29-17] Analyzing 3 Unisim elements for replacement
INFO: [Netlist 29-28] Unisim Transformation completed in 0 CPU seconds
INFO: [Project 1-570] Preparing netlist for logic optimization
INFO: [Opt 31-138] Pushed 0 inverter(s) to 0 load pin(s).
Netlist sorting complete. Time (s): cpu = 00:00:00 ; elapsed = 00:00:00.001 . Memory (MB): peak = 1954.832 ; gain = 0.000
INFO: [Project 1-111] Unisim Transformation Summary:
No Unisim elements were transformed.

Synth Design complete | Checksum: 742a4627
INFO: [Common 17-83] Releasing license: Synthesis
36 Infos, 12 Warnings, 0 Critical Warnings and 0 Errors encountered.
synth_design completed successfully
synth_design: Time (s): cpu = 00:00:24 ; elapsed = 00:00:29 . Memory (MB): peak = 1954.832 ; gain = 1006.285
INFO: [Common 17-1381] The checkpoint 'F:/Education/FPGA_Labs/Labs_2/lab1/matrixmul/solution1/impl/verilog/project.runs/bd_0_hls_inst_0_synth_1/bd_0_hls_inst_0.dcp' has been generated.
INFO: [Coretcl 2-1648] Added synthesis output to IP cache for IP bd_0_hls_inst_0, cache-ID = 2db0cee3d561c182
INFO: [Coretcl 2-1174] Renamed 6 cell refs.
INFO: [Common 17-1381] The checkpoint 'F:/Education/FPGA_Labs/Labs_2/lab1/matrixmul/solution1/impl/verilog/project.runs/bd_0_hls_inst_0_synth_1/bd_0_hls_inst_0.dcp' has been generated.
INFO: [runtcl-4] Executing : report_utilization -file bd_0_hls_inst_0_utilization_synth.rpt -pb bd_0_hls_inst_0_utilization_synth.pb
INFO: [Common 17-206] Exiting Vivado at Sun Dec  1 12:54:37 2024...
