

================================================================
== Vitis HLS Report for 'read_data'
================================================================
* Date:           Sun Dec  1 14:18:47 2024

* Version:        2023.1 (Build 3854077 on May  4 2023)
* Project:        lab3
* Solution:       solution7 (Vivado IP Flow Target)
* Product family: zynq
* Target device:  xc7z020-clg484-1


================================================================
== Performance Estimates
================================================================
+ Timing: 
    * Summary: 
    +--------+----------+----------+------------+
    |  Clock |  Target  | Estimated| Uncertainty|
    +--------+----------+----------+------------+
    |ap_clk  |  10.00 ns|  6.082 ns|     2.70 ns|
    +--------+----------+----------+------------+

+ Latency: 
    * Summary: 
    +---------+---------+----------+----------+-----+-----+---------+
    |  Latency (cycles) |  Latency (absolute) |  Interval | Pipeline|
    |   min   |   max   |    min   |    max   | min | max |   Type  |
    +---------+---------+----------+----------+-----+-----+---------+
    |       66|       66|  0.660 us|  0.660 us|   66|   66|       no|
    +---------+---------+----------+----------+-----+-----+---------+

    + Detail: 
        * Instance: 
        N/A

        * Loop: 
        +---------------------------+---------+---------+----------+-----------+-----------+------+----------+
        |                           |  Latency (cycles) | Iteration|  Initiation Interval  | Trip |          |
        |         Loop Name         |   min   |   max   |  Latency |  achieved |   target  | Count| Pipelined|
        +---------------------------+---------+---------+----------+-----------+-----------+------+----------+
        |- RD_Loop_Row_RD_Loop_Col  |       64|       64|         2|          1|          1|    64|       yes|
        +---------------------------+---------+---------+----------+-----------+-----------+------+----------+

============================================================
+ Verbose Summary: Synthesis Manager
============================================================
InlineROM: 1
ExposeGlobal: 0
============================================================
+ Verbose Summary: CDFG Model
============================================================
IsTopModel: 0
ResetActiveHigh: 1
IsCombinational: 2
IsDatapathOnly: 0
HasWiredReturn: 1
HasMFsm: 2
HasVarLatency: 1
IsPipeline: 0
IsRtlPipelined: 0
IsInstanceOverlapped: 0
IsDontTouch: 0
HasImplIP: 0
IsGatedGlobalClock: 0

+ Individual pipeline summary: 
  * Pipeline-0: initiation interval (II) = 1, depth = 2


============================================================
+ Verbose Summary: Schedule
============================================================
* Number of FSM states : 2
* Pipeline : 1
  Pipeline-0 : II = 1, D = 2, States = { 1 2 }
* Dataflow Pipeline: 0

* FSM state transitions: 
1 --> 2 
2 --> 

* FSM state operations: 

State 1 <SV = 0> <Delay = 6.08>
ST_1 : Operation 5 [1/1] (0.00ns)   --->   "%c = alloca i32 1"   --->   Operation 5 'alloca' 'c' <Predicate = true> <Delay = 0.00>
ST_1 : Operation 6 [1/1] (0.00ns)   --->   "%r = alloca i32 1"   --->   Operation 6 'alloca' 'r' <Predicate = true> <Delay = 0.00>
ST_1 : Operation 7 [1/1] (0.00ns)   --->   "%indvar_flatten = alloca i32 1"   --->   Operation 7 'alloca' 'indvar_flatten' <Predicate = true> <Delay = 0.00>
ST_1 : Operation 8 [1/1] (0.00ns)   --->   "%specinterface_ln0 = specinterface void @_ssdm_op_SpecInterface, i16 %input_r, void @empty, i32 0, i32 0, void @empty_0, i32 4294967295, i32 0, void @empty_0, void @empty_0, void @empty_0, i32 0, i32 0, i32 0, i32 0, void @empty_0, void @empty_0, i32 4294967295, i32 0"   --->   Operation 8 'specinterface' 'specinterface_ln0' <Predicate = true> <Delay = 0.00>
ST_1 : Operation 9 [1/1] (1.58ns)   --->   "%store_ln85 = store i7 0, i7 %indvar_flatten" [../xup_high_level_synthesis_design_flow-main/source/lab3/dct.c:85]   --->   Operation 9 'store' 'store_ln85' <Predicate = true> <Delay = 1.58>
ST_1 : Operation 10 [1/1] (1.58ns)   --->   "%store_ln85 = store i4 0, i4 %r" [../xup_high_level_synthesis_design_flow-main/source/lab3/dct.c:85]   --->   Operation 10 'store' 'store_ln85' <Predicate = true> <Delay = 1.58>
ST_1 : Operation 11 [1/1] (1.58ns)   --->   "%store_ln85 = store i4 0, i4 %c" [../xup_high_level_synthesis_design_flow-main/source/lab3/dct.c:85]   --->   Operation 11 'store' 'store_ln85' <Predicate = true> <Delay = 1.58>
ST_1 : Operation 12 [1/1] (0.00ns)   --->   "%br_ln85 = br void %for.inc" [../xup_high_level_synthesis_design_flow-main/source/lab3/dct.c:85]   --->   Operation 12 'br' 'br_ln85' <Predicate = true> <Delay = 0.00>
ST_1 : Operation 13 [1/1] (0.00ns)   --->   "%indvar_flatten_load = load i7 %indvar_flatten" [../xup_high_level_synthesis_design_flow-main/source/lab3/dct.c:85]   --->   Operation 13 'load' 'indvar_flatten_load' <Predicate = true> <Delay = 0.00>
ST_1 : Operation 14 [1/1] (1.87ns)   --->   "%icmp_ln85 = icmp_eq  i7 %indvar_flatten_load, i7 64" [../xup_high_level_synthesis_design_flow-main/source/lab3/dct.c:85]   --->   Operation 14 'icmp' 'icmp_ln85' <Predicate = true> <Delay = 1.87> <CoreInst = "Cmp">   --->   Core 9 'Cmp' <Latency = 0> <II = 1> <Delay = 1.87> <FuncUnit> <Opcode : 'icmp'> <InPorts = 2> <OutPorts = 1>
ST_1 : Operation 15 [1/1] (1.87ns)   --->   "%add_ln85_1 = add i7 %indvar_flatten_load, i7 1" [../xup_high_level_synthesis_design_flow-main/source/lab3/dct.c:85]   --->   Operation 15 'add' 'add_ln85_1' <Predicate = true> <Delay = 1.87> <CoreInst = "Adder">   --->   Core 1 'Adder' <Latency = 0> <II = 1> <Delay = 1.87> <FuncUnit> <Opcode : 'add' 'sub'> <InPorts = 2> <OutPorts = 1>
ST_1 : Operation 16 [1/1] (0.00ns)   --->   "%br_ln85 = br i1 %icmp_ln85, void %for.inc8, void %for.end10" [../xup_high_level_synthesis_design_flow-main/source/lab3/dct.c:85]   --->   Operation 16 'br' 'br_ln85' <Predicate = true> <Delay = 0.00>
ST_1 : Operation 17 [1/1] (0.00ns)   --->   "%c_load = load i4 %c" [../xup_high_level_synthesis_design_flow-main/source/lab3/dct.c:87]   --->   Operation 17 'load' 'c_load' <Predicate = (!icmp_ln85)> <Delay = 0.00>
ST_1 : Operation 18 [1/1] (0.00ns)   --->   "%r_load = load i4 %r" [../xup_high_level_synthesis_design_flow-main/source/lab3/dct.c:85]   --->   Operation 18 'load' 'r_load' <Predicate = (!icmp_ln85)> <Delay = 0.00>
ST_1 : Operation 19 [1/1] (1.73ns)   --->   "%add_ln85 = add i4 %r_load, i4 1" [../xup_high_level_synthesis_design_flow-main/source/lab3/dct.c:85]   --->   Operation 19 'add' 'add_ln85' <Predicate = (!icmp_ln85)> <Delay = 1.73> <CoreInst = "Adder">   --->   Core 1 'Adder' <Latency = 0> <II = 1> <Delay = 1.73> <FuncUnit> <Opcode : 'add' 'sub'> <InPorts = 2> <OutPorts = 1>
ST_1 : Operation 20 [1/1] (1.73ns)   --->   "%icmp_ln87 = icmp_eq  i4 %c_load, i4 8" [../xup_high_level_synthesis_design_flow-main/source/lab3/dct.c:87]   --->   Operation 20 'icmp' 'icmp_ln87' <Predicate = (!icmp_ln85)> <Delay = 1.73> <CoreInst = "Cmp">   --->   Core 9 'Cmp' <Latency = 0> <II = 1> <Delay = 1.73> <FuncUnit> <Opcode : 'icmp'> <InPorts = 2> <OutPorts = 1>
ST_1 : Operation 21 [1/1] (1.02ns)   --->   "%select_ln85 = select i1 %icmp_ln87, i4 0, i4 %c_load" [../xup_high_level_synthesis_design_flow-main/source/lab3/dct.c:85]   --->   Operation 21 'select' 'select_ln85' <Predicate = (!icmp_ln85)> <Delay = 1.02> <CoreInst = "Sel">   --->   Core 73 'Sel' <Latency = 0> <II = 1> <Delay = 1.02> <FuncUnit> <Opcode : 'select'> <InPorts = 3> <OutPorts = 1>
ST_1 : Operation 22 [1/1] (1.02ns)   --->   "%select_ln85_1 = select i1 %icmp_ln87, i4 %add_ln85, i4 %r_load" [../xup_high_level_synthesis_design_flow-main/source/lab3/dct.c:85]   --->   Operation 22 'select' 'select_ln85_1' <Predicate = (!icmp_ln85)> <Delay = 1.02> <CoreInst = "Sel">   --->   Core 73 'Sel' <Latency = 0> <II = 1> <Delay = 1.02> <FuncUnit> <Opcode : 'select'> <InPorts = 3> <OutPorts = 1>
ST_1 : Operation 23 [1/1] (0.00ns)   --->   "%trunc_ln85 = trunc i4 %select_ln85_1" [../xup_high_level_synthesis_design_flow-main/source/lab3/dct.c:85]   --->   Operation 23 'trunc' 'trunc_ln85' <Predicate = (!icmp_ln85)> <Delay = 0.00>
ST_1 : Operation 24 [1/1] (0.00ns)   --->   "%trunc_ln82 = trunc i4 %select_ln85" [../xup_high_level_synthesis_design_flow-main/source/lab3/dct.c:82]   --->   Operation 24 'trunc' 'trunc_ln82' <Predicate = (!icmp_ln85)> <Delay = 0.00>
ST_1 : Operation 25 [1/1] (0.00ns)   --->   "%or_ln = bitconcatenate i6 @_ssdm_op_BitConcatenate.i6.i3.i3, i3 %trunc_ln85, i3 %trunc_ln82" [../xup_high_level_synthesis_design_flow-main/source/lab3/dct.c:88]   --->   Operation 25 'bitconcatenate' 'or_ln' <Predicate = (!icmp_ln85)> <Delay = 0.00>
ST_1 : Operation 26 [1/1] (0.00ns)   --->   "%zext_ln88 = zext i6 %or_ln" [../xup_high_level_synthesis_design_flow-main/source/lab3/dct.c:88]   --->   Operation 26 'zext' 'zext_ln88' <Predicate = (!icmp_ln85)> <Delay = 0.00>
ST_1 : Operation 27 [1/1] (0.00ns)   --->   "%input_r_addr = getelementptr i16 %input_r, i64 0, i64 %zext_ln88" [../xup_high_level_synthesis_design_flow-main/source/lab3/dct.c:88]   --->   Operation 27 'getelementptr' 'input_r_addr' <Predicate = (!icmp_ln85)> <Delay = 0.00>
ST_1 : Operation 28 [2/2] (3.25ns)   --->   "%input_r_load = load i6 %input_r_addr" [../xup_high_level_synthesis_design_flow-main/source/lab3/dct.c:88]   --->   Operation 28 'load' 'input_r_load' <Predicate = (!icmp_ln85)> <Delay = 3.25> <CoreInst = "RAM">   --->   Core 82 'RAM' <Latency = 1> <II = 1> <Delay = 3.25> <Storage> <Opcode : 'load' 'store'> <Ports = 2> <Width = 16> <Depth = 64> <RAM>
ST_1 : Operation 29 [1/1] (1.87ns)   --->   "%switch_ln88 = switch i3 %trunc_ln82, void %arrayidx712.case.7, i3 0, void %arrayidx712.case.0, i3 1, void %arrayidx712.case.1, i3 2, void %arrayidx712.case.2, i3 3, void %arrayidx712.case.3, i3 4, void %arrayidx712.case.4, i3 5, void %arrayidx712.case.5, i3 6, void %arrayidx712.case.6" [../xup_high_level_synthesis_design_flow-main/source/lab3/dct.c:88]   --->   Operation 29 'switch' 'switch_ln88' <Predicate = (!icmp_ln85)> <Delay = 1.87>
ST_1 : Operation 30 [1/1] (1.73ns)   --->   "%add_ln87 = add i4 %select_ln85, i4 1" [../xup_high_level_synthesis_design_flow-main/source/lab3/dct.c:87]   --->   Operation 30 'add' 'add_ln87' <Predicate = (!icmp_ln85)> <Delay = 1.73> <CoreInst = "Adder">   --->   Core 1 'Adder' <Latency = 0> <II = 1> <Delay = 1.73> <FuncUnit> <Opcode : 'add' 'sub'> <InPorts = 2> <OutPorts = 1>
ST_1 : Operation 31 [1/1] (1.58ns)   --->   "%store_ln87 = store i7 %add_ln85_1, i7 %indvar_flatten" [../xup_high_level_synthesis_design_flow-main/source/lab3/dct.c:87]   --->   Operation 31 'store' 'store_ln87' <Predicate = (!icmp_ln85)> <Delay = 1.58>
ST_1 : Operation 32 [1/1] (1.58ns)   --->   "%store_ln87 = store i4 %select_ln85_1, i4 %r" [../xup_high_level_synthesis_design_flow-main/source/lab3/dct.c:87]   --->   Operation 32 'store' 'store_ln87' <Predicate = (!icmp_ln85)> <Delay = 1.58>
ST_1 : Operation 33 [1/1] (1.58ns)   --->   "%store_ln87 = store i4 %add_ln87, i4 %c" [../xup_high_level_synthesis_design_flow-main/source/lab3/dct.c:87]   --->   Operation 33 'store' 'store_ln87' <Predicate = (!icmp_ln85)> <Delay = 1.58>
ST_1 : Operation 34 [1/1] (0.00ns)   --->   "%br_ln87 = br void %for.inc" [../xup_high_level_synthesis_design_flow-main/source/lab3/dct.c:87]   --->   Operation 34 'br' 'br_ln87' <Predicate = (!icmp_ln85)> <Delay = 0.00>
ST_1 : Operation 65 [1/1] (0.00ns)   --->   "%ret_ln90 = ret" [../xup_high_level_synthesis_design_flow-main/source/lab3/dct.c:90]   --->   Operation 65 'ret' 'ret_ln90' <Predicate = (icmp_ln85)> <Delay = 0.00>

State 2 <SV = 1> <Delay = 5.57>
ST_2 : Operation 35 [1/1] (0.00ns)   --->   "%specloopname_ln0 = specloopname void @_ssdm_op_SpecLoopName, void @RD_Loop_Row_RD_Loop_Col_str"   --->   Operation 35 'specloopname' 'specloopname_ln0' <Predicate = true> <Delay = 0.00>
ST_2 : Operation 36 [1/1] (0.00ns)   --->   "%speclooptripcount_ln0 = speclooptripcount void @_ssdm_op_SpecLoopTripCount, i64 64, i64 64, i64 64"   --->   Operation 36 'speclooptripcount' 'speclooptripcount_ln0' <Predicate = true> <Delay = 0.00>
ST_2 : Operation 37 [1/1] (0.00ns)   --->   "%zext_ln85 = zext i4 %select_ln85_1" [../xup_high_level_synthesis_design_flow-main/source/lab3/dct.c:85]   --->   Operation 37 'zext' 'zext_ln85' <Predicate = true> <Delay = 0.00>
ST_2 : Operation 38 [1/1] (0.00ns)   --->   "%specpipeline_ln10 = specpipeline void @_ssdm_op_SpecPipeline, i32 4294967295, i32 0, i32 0, i32 0, void @empty_0" [F:/Education/FPGA_Labs/Labs_2/lab3/lab3/solution7/directives.tcl:10]   --->   Operation 38 'specpipeline' 'specpipeline_ln10' <Predicate = true> <Delay = 0.00>
ST_2 : Operation 39 [1/1] (0.00ns)   --->   "%specloopname_ln87 = specloopname void @_ssdm_op_SpecLoopName, void @empty_5" [../xup_high_level_synthesis_design_flow-main/source/lab3/dct.c:87]   --->   Operation 39 'specloopname' 'specloopname_ln87' <Predicate = true> <Delay = 0.00>
ST_2 : Operation 40 [1/2] (3.25ns)   --->   "%input_r_load = load i6 %input_r_addr" [../xup_high_level_synthesis_design_flow-main/source/lab3/dct.c:88]   --->   Operation 40 'load' 'input_r_load' <Predicate = true> <Delay = 3.25> <CoreInst = "RAM">   --->   Core 82 'RAM' <Latency = 1> <II = 1> <Delay = 3.25> <Storage> <Opcode : 'load' 'store'> <Ports = 2> <Width = 16> <Depth = 64> <RAM>
ST_2 : Operation 41 [1/1] (0.00ns)   --->   "%buf_6_addr = getelementptr i16 %buf_6, i64 0, i64 %zext_ln85" [../xup_high_level_synthesis_design_flow-main/source/lab3/dct.c:85]   --->   Operation 41 'getelementptr' 'buf_6_addr' <Predicate = (trunc_ln82 == 6)> <Delay = 0.00>
ST_2 : Operation 42 [1/1] (2.32ns)   --->   "%store_ln88 = store i16 %input_r_load, i3 %buf_6_addr" [../xup_high_level_synthesis_design_flow-main/source/lab3/dct.c:88]   --->   Operation 42 'store' 'store_ln88' <Predicate = (trunc_ln82 == 6)> <Delay = 2.32> <CoreInst = "RAM">   --->   Core 82 'RAM' <Latency = 1> <II = 1> <Delay = 2.32> <Storage> <Opcode : 'load' 'store'> <Ports = 2> <Width = 16> <Depth = 8> <RAM>
ST_2 : Operation 43 [1/1] (0.00ns)   --->   "%br_ln88 = br void %arrayidx712.exit" [../xup_high_level_synthesis_design_flow-main/source/lab3/dct.c:88]   --->   Operation 43 'br' 'br_ln88' <Predicate = (trunc_ln82 == 6)> <Delay = 0.00>
ST_2 : Operation 44 [1/1] (0.00ns)   --->   "%buf_5_addr = getelementptr i16 %buf_5, i64 0, i64 %zext_ln85" [../xup_high_level_synthesis_design_flow-main/source/lab3/dct.c:85]   --->   Operation 44 'getelementptr' 'buf_5_addr' <Predicate = (trunc_ln82 == 5)> <Delay = 0.00>
ST_2 : Operation 45 [1/1] (2.32ns)   --->   "%store_ln88 = store i16 %input_r_load, i3 %buf_5_addr" [../xup_high_level_synthesis_design_flow-main/source/lab3/dct.c:88]   --->   Operation 45 'store' 'store_ln88' <Predicate = (trunc_ln82 == 5)> <Delay = 2.32> <CoreInst = "RAM">   --->   Core 82 'RAM' <Latency = 1> <II = 1> <Delay = 2.32> <Storage> <Opcode : 'load' 'store'> <Ports = 2> <Width = 16> <Depth = 8> <RAM>
ST_2 : Operation 46 [1/1] (0.00ns)   --->   "%br_ln88 = br void %arrayidx712.exit" [../xup_high_level_synthesis_design_flow-main/source/lab3/dct.c:88]   --->   Operation 46 'br' 'br_ln88' <Predicate = (trunc_ln82 == 5)> <Delay = 0.00>
ST_2 : Operation 47 [1/1] (0.00ns)   --->   "%buf_4_addr = getelementptr i16 %buf_4, i64 0, i64 %zext_ln85" [../xup_high_level_synthesis_design_flow-main/source/lab3/dct.c:85]   --->   Operation 47 'getelementptr' 'buf_4_addr' <Predicate = (trunc_ln82 == 4)> <Delay = 0.00>
ST_2 : Operation 48 [1/1] (2.32ns)   --->   "%store_ln88 = store i16 %input_r_load, i3 %buf_4_addr" [../xup_high_level_synthesis_design_flow-main/source/lab3/dct.c:88]   --->   Operation 48 'store' 'store_ln88' <Predicate = (trunc_ln82 == 4)> <Delay = 2.32> <CoreInst = "RAM">   --->   Core 82 'RAM' <Latency = 1> <II = 1> <Delay = 2.32> <Storage> <Opcode : 'load' 'store'> <Ports = 2> <Width = 16> <Depth = 8> <RAM>
ST_2 : Operation 49 [1/1] (0.00ns)   --->   "%br_ln88 = br void %arrayidx712.exit" [../xup_high_level_synthesis_design_flow-main/source/lab3/dct.c:88]   --->   Operation 49 'br' 'br_ln88' <Predicate = (trunc_ln82 == 4)> <Delay = 0.00>
ST_2 : Operation 50 [1/1] (0.00ns)   --->   "%buf_3_addr = getelementptr i16 %buf_3, i64 0, i64 %zext_ln85" [../xup_high_level_synthesis_design_flow-main/source/lab3/dct.c:85]   --->   Operation 50 'getelementptr' 'buf_3_addr' <Predicate = (trunc_ln82 == 3)> <Delay = 0.00>
ST_2 : Operation 51 [1/1] (2.32ns)   --->   "%store_ln88 = store i16 %input_r_load, i3 %buf_3_addr" [../xup_high_level_synthesis_design_flow-main/source/lab3/dct.c:88]   --->   Operation 51 'store' 'store_ln88' <Predicate = (trunc_ln82 == 3)> <Delay = 2.32> <CoreInst = "RAM">   --->   Core 82 'RAM' <Latency = 1> <II = 1> <Delay = 2.32> <Storage> <Opcode : 'load' 'store'> <Ports = 2> <Width = 16> <Depth = 8> <RAM>
ST_2 : Operation 52 [1/1] (0.00ns)   --->   "%br_ln88 = br void %arrayidx712.exit" [../xup_high_level_synthesis_design_flow-main/source/lab3/dct.c:88]   --->   Operation 52 'br' 'br_ln88' <Predicate = (trunc_ln82 == 3)> <Delay = 0.00>
ST_2 : Operation 53 [1/1] (0.00ns)   --->   "%buf_2_addr = getelementptr i16 %buf_2, i64 0, i64 %zext_ln85" [../xup_high_level_synthesis_design_flow-main/source/lab3/dct.c:85]   --->   Operation 53 'getelementptr' 'buf_2_addr' <Predicate = (trunc_ln82 == 2)> <Delay = 0.00>
ST_2 : Operation 54 [1/1] (2.32ns)   --->   "%store_ln88 = store i16 %input_r_load, i3 %buf_2_addr" [../xup_high_level_synthesis_design_flow-main/source/lab3/dct.c:88]   --->   Operation 54 'store' 'store_ln88' <Predicate = (trunc_ln82 == 2)> <Delay = 2.32> <CoreInst = "RAM">   --->   Core 82 'RAM' <Latency = 1> <II = 1> <Delay = 2.32> <Storage> <Opcode : 'load' 'store'> <Ports = 2> <Width = 16> <Depth = 8> <RAM>
ST_2 : Operation 55 [1/1] (0.00ns)   --->   "%br_ln88 = br void %arrayidx712.exit" [../xup_high_level_synthesis_design_flow-main/source/lab3/dct.c:88]   --->   Operation 55 'br' 'br_ln88' <Predicate = (trunc_ln82 == 2)> <Delay = 0.00>
ST_2 : Operation 56 [1/1] (0.00ns)   --->   "%buf_1_addr = getelementptr i16 %buf_1, i64 0, i64 %zext_ln85" [../xup_high_level_synthesis_design_flow-main/source/lab3/dct.c:85]   --->   Operation 56 'getelementptr' 'buf_1_addr' <Predicate = (trunc_ln82 == 1)> <Delay = 0.00>
ST_2 : Operation 57 [1/1] (2.32ns)   --->   "%store_ln88 = store i16 %input_r_load, i3 %buf_1_addr" [../xup_high_level_synthesis_design_flow-main/source/lab3/dct.c:88]   --->   Operation 57 'store' 'store_ln88' <Predicate = (trunc_ln82 == 1)> <Delay = 2.32> <CoreInst = "RAM">   --->   Core 82 'RAM' <Latency = 1> <II = 1> <Delay = 2.32> <Storage> <Opcode : 'load' 'store'> <Ports = 2> <Width = 16> <Depth = 8> <RAM>
ST_2 : Operation 58 [1/1] (0.00ns)   --->   "%br_ln88 = br void %arrayidx712.exit" [../xup_high_level_synthesis_design_flow-main/source/lab3/dct.c:88]   --->   Operation 58 'br' 'br_ln88' <Predicate = (trunc_ln82 == 1)> <Delay = 0.00>
ST_2 : Operation 59 [1/1] (0.00ns)   --->   "%buf_0_addr = getelementptr i16 %buf_0, i64 0, i64 %zext_ln85" [../xup_high_level_synthesis_design_flow-main/source/lab3/dct.c:85]   --->   Operation 59 'getelementptr' 'buf_0_addr' <Predicate = (trunc_ln82 == 0)> <Delay = 0.00>
ST_2 : Operation 60 [1/1] (2.32ns)   --->   "%store_ln88 = store i16 %input_r_load, i3 %buf_0_addr" [../xup_high_level_synthesis_design_flow-main/source/lab3/dct.c:88]   --->   Operation 60 'store' 'store_ln88' <Predicate = (trunc_ln82 == 0)> <Delay = 2.32> <CoreInst = "RAM">   --->   Core 82 'RAM' <Latency = 1> <II = 1> <Delay = 2.32> <Storage> <Opcode : 'load' 'store'> <Ports = 2> <Width = 16> <Depth = 8> <RAM>
ST_2 : Operation 61 [1/1] (0.00ns)   --->   "%br_ln88 = br void %arrayidx712.exit" [../xup_high_level_synthesis_design_flow-main/source/lab3/dct.c:88]   --->   Operation 61 'br' 'br_ln88' <Predicate = (trunc_ln82 == 0)> <Delay = 0.00>
ST_2 : Operation 62 [1/1] (0.00ns)   --->   "%buf_7_addr = getelementptr i16 %buf_7, i64 0, i64 %zext_ln85" [../xup_high_level_synthesis_design_flow-main/source/lab3/dct.c:85]   --->   Operation 62 'getelementptr' 'buf_7_addr' <Predicate = (trunc_ln82 == 7)> <Delay = 0.00>
ST_2 : Operation 63 [1/1] (2.32ns)   --->   "%store_ln88 = store i16 %input_r_load, i3 %buf_7_addr" [../xup_high_level_synthesis_design_flow-main/source/lab3/dct.c:88]   --->   Operation 63 'store' 'store_ln88' <Predicate = (trunc_ln82 == 7)> <Delay = 2.32> <CoreInst = "RAM">   --->   Core 82 'RAM' <Latency = 1> <II = 1> <Delay = 2.32> <Storage> <Opcode : 'load' 'store'> <Ports = 2> <Width = 16> <Depth = 8> <RAM>
ST_2 : Operation 64 [1/1] (0.00ns)   --->   "%br_ln88 = br void %arrayidx712.exit" [../xup_high_level_synthesis_design_flow-main/source/lab3/dct.c:88]   --->   Operation 64 'br' 'br_ln88' <Predicate = (trunc_ln82 == 7)> <Delay = 0.00>


============================================================
+ Verbose Summary: Timing violations
============================================================
Target clock period: 10.000ns, clock uncertainty: 2.700ns.

 <State 1>: 6.082ns
The critical path consists of the following:
	'alloca' operation ('c') [10]  (0.000 ns)
	'load' operation ('c_load', ../xup_high_level_synthesis_design_flow-main/source/lab3/dct.c:87) on local variable 'c' [24]  (0.000 ns)
	'icmp' operation ('icmp_ln87', ../xup_high_level_synthesis_design_flow-main/source/lab3/dct.c:87) [29]  (1.735 ns)
	'select' operation ('select_ln85', ../xup_high_level_synthesis_design_flow-main/source/lab3/dct.c:85) [30]  (1.024 ns)
	'add' operation ('add_ln87', ../xup_high_level_synthesis_design_flow-main/source/lab3/dct.c:87) [75]  (1.735 ns)
	'store' operation ('store_ln87', ../xup_high_level_synthesis_design_flow-main/source/lab3/dct.c:87) of variable 'add_ln87', ../xup_high_level_synthesis_design_flow-main/source/lab3/dct.c:87 on local variable 'c' [78]  (1.588 ns)

 <State 2>: 5.576ns
The critical path consists of the following:
	'load' operation ('input_r_load', ../xup_high_level_synthesis_design_flow-main/source/lab3/dct.c:88) on array 'input_r' [40]  (3.254 ns)
	'store' operation ('store_ln88', ../xup_high_level_synthesis_design_flow-main/source/lab3/dct.c:88) of variable 'input_r_load', ../xup_high_level_synthesis_design_flow-main/source/lab3/dct.c:88 on array 'buf_2' [60]  (2.322 ns)


============================================================
+ Verbose Summary: Binding
============================================================
N/A
* FSMD analyzer results:
  - Output states:
 - Input state : 
  - Chain level:
	State 1
	State 2


============================================================
+ Verbose Summary: Datapath Resource usage 
============================================================
N/A
