

================================================================
== Vitis HLS Report for 'matrixmul'
================================================================
* Date:           Sun Dec  1 12:48:02 2024

* Version:        2023.1 (Build 3854077 on May  4 2023)
* Project:        matrixmul
* Solution:       solution1 (Vivado IP Flow Target)
* Product family: zynq
* Target device:  xc7z020-clg484-1


================================================================
== Performance Estimates
================================================================
+ Timing: 
    * Summary: 
    +--------+----------+----------+------------+
    |  Clock |  Target  | Estimated| Uncertainty|
    +--------+----------+----------+------------+
    |ap_clk  |  10.00 ns|  6.816 ns|     2.70 ns|
    +--------+----------+----------+------------+

+ Latency: 
    * Summary: 
    +---------+---------+----------+----------+-----+-----+---------+
    |  Latency (cycles) |  Latency (absolute) |  Interval | Pipeline|
    |   min   |   max   |    min   |    max   | min | max |   Type  |
    +---------+---------+----------+----------+-----+-----+---------+
    |       24|       24|  0.240 us|  0.240 us|   25|   25|       no|
    +---------+---------+----------+----------+-----+-----+---------+

    + Detail: 
        * Instance: 
        N/A

        * Loop: 
        +-----------+---------+---------+----------+-----------+-----------+------+----------+
        |           |  Latency (cycles) | Iteration|  Initiation Interval  | Trip |          |
        | Loop Name |   min   |   max   |  Latency |  achieved |   target  | Count| Pipelined|
        +-----------+---------+---------+----------+-----------+-----------+------+----------+
        |- Row_Col  |       22|       22|         7|          2|          1|     9|       yes|
        +-----------+---------+---------+----------+-----------+-----------+------+----------+

============================================================
+ Verbose Summary: Synthesis Manager
============================================================
InlineROM: 1
ExposeGlobal: 0
============================================================
+ Verbose Summary: CDFG Model
============================================================
IsTopModel: 1
ResetActiveHigh: 1
IsCombinational: 0
IsDatapathOnly: 0
HasWiredReturn: 1
HasMFsm: 2
HasVarLatency: 1
IsPipeline: 0
IsRtlPipelined: 0
IsInstanceOverlapped: 0
IsDontTouch: 0
HasImplIP: 0
IsGatedGlobalClock: 0

+ Individual pipeline summary: 
  * Pipeline-0: initiation interval (II) = 2, depth = 7


============================================================
+ Verbose Summary: Schedule
============================================================
* Number of FSM states : 7
* Pipeline : 1
  Pipeline-0 : II = 2, D = 7, States = { 1 2 3 4 5 6 7 }
* Dataflow Pipeline: 0

* FSM state transitions: 
1 --> 2 
2 --> 3 
3 --> 4 
4 --> 5 
5 --> 6 
6 --> 7 
7 --> 

* FSM state operations: 

State 1 <SV = 0> <Delay = 6.61>
ST_1 : Operation 10 [1/1] (0.00ns)   --->   "%j = alloca i32 1"   --->   Operation 10 'alloca' 'j' <Predicate = true> <Delay = 0.00>
ST_1 : Operation 11 [1/1] (0.00ns)   --->   "%i = alloca i32 1"   --->   Operation 11 'alloca' 'i' <Predicate = true> <Delay = 0.00>
ST_1 : Operation 12 [1/1] (0.00ns)   --->   "%indvar_flatten = alloca i32 1"   --->   Operation 12 'alloca' 'indvar_flatten' <Predicate = true> <Delay = 0.00>
ST_1 : Operation 13 [1/1] (0.00ns)   --->   "%spectopmodule_ln31 = spectopmodule void @_ssdm_op_SpecTopModule, void @empty_1" [../xup_high_level_synthesis_design_flow-main/source/lab1/matrixmul.cpp:31]   --->   Operation 13 'spectopmodule' 'spectopmodule_ln31' <Predicate = true> <Delay = 0.00>
ST_1 : Operation 14 [1/1] (0.00ns)   --->   "%specinterface_ln0 = specinterface void @_ssdm_op_SpecInterface, i8 %a, void @empty, i32 0, i32 0, void @empty_0, i32 4294967295, i32 0, void @empty_0, void @empty_0, void @empty_0, i32 0, i32 0, i32 0, i32 0, void @empty_0, void @empty_0, i32 4294967295, i32 0"   --->   Operation 14 'specinterface' 'specinterface_ln0' <Predicate = true> <Delay = 0.00>
ST_1 : Operation 15 [1/1] (0.00ns)   --->   "%specbitsmap_ln0 = specbitsmap void @_ssdm_op_SpecBitsMap, i8 %a"   --->   Operation 15 'specbitsmap' 'specbitsmap_ln0' <Predicate = true> <Delay = 0.00>
ST_1 : Operation 16 [1/1] (0.00ns)   --->   "%specinterface_ln0 = specinterface void @_ssdm_op_SpecInterface, i8 %b, void @empty, i32 0, i32 0, void @empty_0, i32 4294967295, i32 0, void @empty_0, void @empty_0, void @empty_0, i32 0, i32 0, i32 0, i32 0, void @empty_0, void @empty_0, i32 4294967295, i32 0"   --->   Operation 16 'specinterface' 'specinterface_ln0' <Predicate = true> <Delay = 0.00>
ST_1 : Operation 17 [1/1] (0.00ns)   --->   "%specbitsmap_ln0 = specbitsmap void @_ssdm_op_SpecBitsMap, i8 %b"   --->   Operation 17 'specbitsmap' 'specbitsmap_ln0' <Predicate = true> <Delay = 0.00>
ST_1 : Operation 18 [1/1] (0.00ns)   --->   "%specinterface_ln0 = specinterface void @_ssdm_op_SpecInterface, i16 %res, void @empty, i32 0, i32 0, void @empty_0, i32 4294967295, i32 0, void @empty_0, void @empty_0, void @empty_0, i32 0, i32 0, i32 0, i32 0, void @empty_0, void @empty_0, i32 4294967295, i32 0"   --->   Operation 18 'specinterface' 'specinterface_ln0' <Predicate = true> <Delay = 0.00>
ST_1 : Operation 19 [1/1] (0.00ns)   --->   "%specbitsmap_ln0 = specbitsmap void @_ssdm_op_SpecBitsMap, i16 %res"   --->   Operation 19 'specbitsmap' 'specbitsmap_ln0' <Predicate = true> <Delay = 0.00>
ST_1 : Operation 20 [1/1] (1.58ns)   --->   "%store_ln37 = store i4 0, i4 %indvar_flatten" [../xup_high_level_synthesis_design_flow-main/source/lab1/matrixmul.cpp:37]   --->   Operation 20 'store' 'store_ln37' <Predicate = true> <Delay = 1.58>
ST_1 : Operation 21 [1/1] (1.58ns)   --->   "%store_ln37 = store i2 0, i2 %i" [../xup_high_level_synthesis_design_flow-main/source/lab1/matrixmul.cpp:37]   --->   Operation 21 'store' 'store_ln37' <Predicate = true> <Delay = 1.58>
ST_1 : Operation 22 [1/1] (1.58ns)   --->   "%store_ln37 = store i2 0, i2 %j" [../xup_high_level_synthesis_design_flow-main/source/lab1/matrixmul.cpp:37]   --->   Operation 22 'store' 'store_ln37' <Predicate = true> <Delay = 1.58>
ST_1 : Operation 23 [1/1] (0.00ns)   --->   "%br_ln37 = br void %Product" [../xup_high_level_synthesis_design_flow-main/source/lab1/matrixmul.cpp:37]   --->   Operation 23 'br' 'br_ln37' <Predicate = true> <Delay = 0.00>
ST_1 : Operation 24 [1/1] (0.00ns)   --->   "%i_1 = load i2 %i" [../xup_high_level_synthesis_design_flow-main/source/lab1/matrixmul.cpp:37]   --->   Operation 24 'load' 'i_1' <Predicate = true> <Delay = 0.00>
ST_1 : Operation 25 [1/1] (0.00ns)   --->   "%indvar_flatten_load = load i4 %indvar_flatten" [../xup_high_level_synthesis_design_flow-main/source/lab1/matrixmul.cpp:37]   --->   Operation 25 'load' 'indvar_flatten_load' <Predicate = true> <Delay = 0.00>
ST_1 : Operation 26 [1/1] (1.73ns)   --->   "%icmp_ln37 = icmp_eq  i4 %indvar_flatten_load, i4 9" [../xup_high_level_synthesis_design_flow-main/source/lab1/matrixmul.cpp:37]   --->   Operation 26 'icmp' 'icmp_ln37' <Predicate = true> <Delay = 1.73> <CoreInst = "Cmp">   --->   Core 9 'Cmp' <Latency = 0> <II = 1> <Delay = 1.73> <FuncUnit> <Opcode : 'icmp'> <InPorts = 2> <OutPorts = 1>
ST_1 : Operation 27 [1/1] (1.73ns)   --->   "%add_ln37_3 = add i4 %indvar_flatten_load, i4 1" [../xup_high_level_synthesis_design_flow-main/source/lab1/matrixmul.cpp:37]   --->   Operation 27 'add' 'add_ln37_3' <Predicate = true> <Delay = 1.73> <CoreInst = "Adder">   --->   Core 1 'Adder' <Latency = 0> <II = 1> <Delay = 1.73> <FuncUnit> <Opcode : 'add' 'sub'> <InPorts = 2> <OutPorts = 1>
ST_1 : Operation 28 [1/1] (0.00ns)   --->   "%br_ln37 = br i1 %icmp_ln37, void %for.inc29, void %for.end31" [../xup_high_level_synthesis_design_flow-main/source/lab1/matrixmul.cpp:37]   --->   Operation 28 'br' 'br_ln37' <Predicate = true> <Delay = 0.00>
ST_1 : Operation 29 [1/1] (0.00ns)   --->   "%j_load = load i2 %j" [../xup_high_level_synthesis_design_flow-main/source/lab1/matrixmul.cpp:39]   --->   Operation 29 'load' 'j_load' <Predicate = (!icmp_ln37)> <Delay = 0.00>
ST_1 : Operation 30 [1/1] (1.56ns)   --->   "%add_ln37 = add i2 %i_1, i2 1" [../xup_high_level_synthesis_design_flow-main/source/lab1/matrixmul.cpp:37]   --->   Operation 30 'add' 'add_ln37' <Predicate = (!icmp_ln37)> <Delay = 1.56> <CoreInst = "Adder">   --->   Core 1 'Adder' <Latency = 0> <II = 1> <Delay = 1.56> <FuncUnit> <Opcode : 'add' 'sub'> <InPorts = 2> <OutPorts = 1>
ST_1 : Operation 31 [1/1] (1.56ns)   --->   "%icmp_ln39 = icmp_eq  i2 %j_load, i2 3" [../xup_high_level_synthesis_design_flow-main/source/lab1/matrixmul.cpp:39]   --->   Operation 31 'icmp' 'icmp_ln39' <Predicate = (!icmp_ln37)> <Delay = 1.56> <CoreInst = "Cmp">   --->   Core 9 'Cmp' <Latency = 0> <II = 1> <Delay = 1.56> <FuncUnit> <Opcode : 'icmp'> <InPorts = 2> <OutPorts = 1>
ST_1 : Operation 32 [1/1] (0.99ns)   --->   "%select_ln37 = select i1 %icmp_ln39, i2 0, i2 %j_load" [../xup_high_level_synthesis_design_flow-main/source/lab1/matrixmul.cpp:37]   --->   Operation 32 'select' 'select_ln37' <Predicate = (!icmp_ln37)> <Delay = 0.99> <CoreInst = "Sel">   --->   Core 73 'Sel' <Latency = 0> <II = 1> <Delay = 0.99> <FuncUnit> <Opcode : 'select'> <InPorts = 3> <OutPorts = 1>
ST_1 : Operation 33 [1/1] (0.00ns)   --->   "%zext_ln43_5 = zext i2 %select_ln37" [../xup_high_level_synthesis_design_flow-main/source/lab1/matrixmul.cpp:43]   --->   Operation 33 'zext' 'zext_ln43_5' <Predicate = (!icmp_ln37)> <Delay = 0.00>
ST_1 : Operation 34 [1/1] (1.73ns)   --->   "%add_ln43_3 = add i4 %zext_ln43_5, i4 6" [../xup_high_level_synthesis_design_flow-main/source/lab1/matrixmul.cpp:43]   --->   Operation 34 'add' 'add_ln43_3' <Predicate = (!icmp_ln37)> <Delay = 1.73> <CoreInst = "Adder">   --->   Core 1 'Adder' <Latency = 0> <II = 1> <Delay = 1.73> <FuncUnit> <Opcode : 'add' 'sub'> <InPorts = 2> <OutPorts = 1>
ST_1 : Operation 35 [1/1] (0.00ns)   --->   "%zext_ln43_8 = zext i4 %add_ln43_3" [../xup_high_level_synthesis_design_flow-main/source/lab1/matrixmul.cpp:43]   --->   Operation 35 'zext' 'zext_ln43_8' <Predicate = (!icmp_ln37)> <Delay = 0.00>
ST_1 : Operation 36 [1/1] (0.00ns)   --->   "%b_addr_2 = getelementptr i8 %b, i64 0, i64 %zext_ln43_8" [../xup_high_level_synthesis_design_flow-main/source/lab1/matrixmul.cpp:43]   --->   Operation 36 'getelementptr' 'b_addr_2' <Predicate = (!icmp_ln37)> <Delay = 0.00>
ST_1 : Operation 37 [2/2] (2.32ns)   --->   "%b_load_2 = load i4 %b_addr_2" [../xup_high_level_synthesis_design_flow-main/source/lab1/matrixmul.cpp:43]   --->   Operation 37 'load' 'b_load_2' <Predicate = (!icmp_ln37)> <Delay = 2.32> <CoreInst = "RAM">   --->   Core 82 'RAM' <Latency = 1> <II = 1> <Delay = 2.32> <Storage> <Opcode : 'load' 'store'> <Ports = 2> <Width = 8> <Depth = 9> <RAM>
ST_1 : Operation 38 [1/1] (1.58ns)   --->   "%store_ln39 = store i4 %add_ln37_3, i4 %indvar_flatten" [../xup_high_level_synthesis_design_flow-main/source/lab1/matrixmul.cpp:39]   --->   Operation 38 'store' 'store_ln39' <Predicate = (!icmp_ln37)> <Delay = 1.58>

State 2 <SV = 1> <Delay = 6.81>
ST_2 : Operation 39 [1/1] (0.00ns)   --->   "%zext_ln43 = zext i2 %i_1" [../xup_high_level_synthesis_design_flow-main/source/lab1/matrixmul.cpp:43]   --->   Operation 39 'zext' 'zext_ln43' <Predicate = (!icmp_ln39)> <Delay = 0.00>
ST_2 : Operation 40 [1/1] (0.00ns)   --->   "%tmp = bitconcatenate i4 @_ssdm_op_BitConcatenate.i4.i2.i2, i2 %i_1, i2 0" [../xup_high_level_synthesis_design_flow-main/source/lab1/matrixmul.cpp:43]   --->   Operation 40 'bitconcatenate' 'tmp' <Predicate = (!icmp_ln39)> <Delay = 0.00>
ST_2 : Operation 41 [1/1] (1.73ns)   --->   "%sub_ln43 = sub i4 %tmp, i4 %zext_ln43" [../xup_high_level_synthesis_design_flow-main/source/lab1/matrixmul.cpp:43]   --->   Operation 41 'sub' 'sub_ln43' <Predicate = (!icmp_ln39)> <Delay = 1.73> <CoreInst = "Adder">   --->   Core 1 'Adder' <Latency = 0> <II = 1> <Delay = 1.73> <FuncUnit> <Opcode : 'add' 'sub'> <InPorts = 2> <OutPorts = 1>
ST_2 : Operation 42 [1/1] (0.00ns)   --->   "%specpipeline_ln0 = specpipeline void @_ssdm_op_SpecPipeline, i32 4294967295, i32 0, i32 1, i32 0, void @p_str"   --->   Operation 42 'specpipeline' 'specpipeline_ln0' <Predicate = true> <Delay = 0.00>
ST_2 : Operation 43 [1/1] (0.00ns)   --->   "%zext_ln43_1 = zext i2 %add_ln37" [../xup_high_level_synthesis_design_flow-main/source/lab1/matrixmul.cpp:43]   --->   Operation 43 'zext' 'zext_ln43_1' <Predicate = (!icmp_ln37 & icmp_ln39)> <Delay = 0.00>
ST_2 : Operation 44 [1/1] (0.00ns)   --->   "%tmp_1 = bitconcatenate i4 @_ssdm_op_BitConcatenate.i4.i2.i2, i2 %add_ln37, i2 0" [../xup_high_level_synthesis_design_flow-main/source/lab1/matrixmul.cpp:43]   --->   Operation 44 'bitconcatenate' 'tmp_1' <Predicate = (!icmp_ln37 & icmp_ln39)> <Delay = 0.00>
ST_2 : Operation 45 [1/1] (1.73ns)   --->   "%sub_ln43_1 = sub i4 %tmp_1, i4 %zext_ln43_1" [../xup_high_level_synthesis_design_flow-main/source/lab1/matrixmul.cpp:43]   --->   Operation 45 'sub' 'sub_ln43_1' <Predicate = (!icmp_ln37 & icmp_ln39)> <Delay = 1.73> <CoreInst = "Adder">   --->   Core 1 'Adder' <Latency = 0> <II = 1> <Delay = 1.73> <FuncUnit> <Opcode : 'add' 'sub'> <InPorts = 2> <OutPorts = 1>
ST_2 : Operation 46 [1/1] (0.99ns)   --->   "%select_ln37_1 = select i1 %icmp_ln39, i2 %add_ln37, i2 %i_1" [../xup_high_level_synthesis_design_flow-main/source/lab1/matrixmul.cpp:37]   --->   Operation 46 'select' 'select_ln37_1' <Predicate = (!icmp_ln37)> <Delay = 0.99> <CoreInst = "Sel">   --->   Core 73 'Sel' <Latency = 0> <II = 1> <Delay = 0.99> <FuncUnit> <Opcode : 'select'> <InPorts = 3> <OutPorts = 1>
ST_2 : Operation 47 [1/1] (1.02ns)   --->   "%select_ln37_2 = select i1 %icmp_ln39, i4 %sub_ln43_1, i4 %sub_ln43" [../xup_high_level_synthesis_design_flow-main/source/lab1/matrixmul.cpp:37]   --->   Operation 47 'select' 'select_ln37_2' <Predicate = (!icmp_ln37)> <Delay = 1.02> <CoreInst = "Sel">   --->   Core 73 'Sel' <Latency = 0> <II = 1> <Delay = 1.02> <FuncUnit> <Opcode : 'select'> <InPorts = 3> <OutPorts = 1>
ST_2 : Operation 48 [1/1] (1.73ns)   --->   "%add_ln37_1 = add i4 %select_ln37_2, i4 1" [../xup_high_level_synthesis_design_flow-main/source/lab1/matrixmul.cpp:37]   --->   Operation 48 'add' 'add_ln37_1' <Predicate = (!icmp_ln37)> <Delay = 1.73> <CoreInst = "Adder">   --->   Core 1 'Adder' <Latency = 0> <II = 1> <Delay = 1.73> <FuncUnit> <Opcode : 'add' 'sub'> <InPorts = 2> <OutPorts = 1>
ST_2 : Operation 49 [1/1] (0.00ns)   --->   "%zext_ln43_3 = zext i4 %add_ln37_1" [../xup_high_level_synthesis_design_flow-main/source/lab1/matrixmul.cpp:43]   --->   Operation 49 'zext' 'zext_ln43_3' <Predicate = (!icmp_ln37)> <Delay = 0.00>
ST_2 : Operation 50 [1/1] (0.00ns)   --->   "%a_addr_1 = getelementptr i8 %a, i64 0, i64 %zext_ln43_3" [../xup_high_level_synthesis_design_flow-main/source/lab1/matrixmul.cpp:43]   --->   Operation 50 'getelementptr' 'a_addr_1' <Predicate = (!icmp_ln37)> <Delay = 0.00>
ST_2 : Operation 51 [2/2] (2.32ns)   --->   "%a_load_1 = load i4 %a_addr_1" [../xup_high_level_synthesis_design_flow-main/source/lab1/matrixmul.cpp:37]   --->   Operation 51 'load' 'a_load_1' <Predicate = (!icmp_ln37)> <Delay = 2.32> <CoreInst = "RAM">   --->   Core 82 'RAM' <Latency = 1> <II = 1> <Delay = 2.32> <Storage> <Opcode : 'load' 'store'> <Ports = 2> <Width = 8> <Depth = 9> <RAM>
ST_2 : Operation 52 [1/1] (1.73ns)   --->   "%add_ln37_2 = add i4 %select_ln37_2, i4 2" [../xup_high_level_synthesis_design_flow-main/source/lab1/matrixmul.cpp:37]   --->   Operation 52 'add' 'add_ln37_2' <Predicate = (!icmp_ln37)> <Delay = 1.73> <CoreInst = "Adder">   --->   Core 1 'Adder' <Latency = 0> <II = 1> <Delay = 1.73> <FuncUnit> <Opcode : 'add' 'sub'> <InPorts = 2> <OutPorts = 1>
ST_2 : Operation 53 [1/1] (0.00ns)   --->   "%zext_ln43_4 = zext i4 %add_ln37_2" [../xup_high_level_synthesis_design_flow-main/source/lab1/matrixmul.cpp:43]   --->   Operation 53 'zext' 'zext_ln43_4' <Predicate = (!icmp_ln37)> <Delay = 0.00>
ST_2 : Operation 54 [1/1] (0.00ns)   --->   "%a_addr_2 = getelementptr i8 %a, i64 0, i64 %zext_ln43_4" [../xup_high_level_synthesis_design_flow-main/source/lab1/matrixmul.cpp:43]   --->   Operation 54 'getelementptr' 'a_addr_2' <Predicate = (!icmp_ln37)> <Delay = 0.00>
ST_2 : Operation 55 [2/2] (2.32ns)   --->   "%a_load_2 = load i4 %a_addr_2" [../xup_high_level_synthesis_design_flow-main/source/lab1/matrixmul.cpp:37]   --->   Operation 55 'load' 'a_load_2' <Predicate = (!icmp_ln37)> <Delay = 2.32> <CoreInst = "RAM">   --->   Core 82 'RAM' <Latency = 1> <II = 1> <Delay = 2.32> <Storage> <Opcode : 'load' 'store'> <Ports = 2> <Width = 8> <Depth = 9> <RAM>
ST_2 : Operation 56 [1/1] (0.00ns)   --->   "%zext_ln43_6 = zext i2 %select_ln37" [../xup_high_level_synthesis_design_flow-main/source/lab1/matrixmul.cpp:43]   --->   Operation 56 'zext' 'zext_ln43_6' <Predicate = (!icmp_ln37)> <Delay = 0.00>
ST_2 : Operation 57 [1/1] (1.65ns)   --->   "%add_ln43_2 = add i3 %zext_ln43_6, i3 3" [../xup_high_level_synthesis_design_flow-main/source/lab1/matrixmul.cpp:43]   --->   Operation 57 'add' 'add_ln43_2' <Predicate = (!icmp_ln37)> <Delay = 1.65> <CoreInst = "Adder">   --->   Core 1 'Adder' <Latency = 0> <II = 1> <Delay = 1.65> <FuncUnit> <Opcode : 'add' 'sub'> <InPorts = 2> <OutPorts = 1>
ST_2 : Operation 58 [1/1] (0.00ns)   --->   "%zext_ln43_7 = zext i3 %add_ln43_2" [../xup_high_level_synthesis_design_flow-main/source/lab1/matrixmul.cpp:43]   --->   Operation 58 'zext' 'zext_ln43_7' <Predicate = (!icmp_ln37)> <Delay = 0.00>
ST_2 : Operation 59 [1/1] (0.00ns)   --->   "%b_addr_1 = getelementptr i8 %b, i64 0, i64 %zext_ln43_7" [../xup_high_level_synthesis_design_flow-main/source/lab1/matrixmul.cpp:43]   --->   Operation 59 'getelementptr' 'b_addr_1' <Predicate = (!icmp_ln37)> <Delay = 0.00>
ST_2 : Operation 60 [2/2] (2.32ns)   --->   "%b_load_1 = load i4 %b_addr_1" [../xup_high_level_synthesis_design_flow-main/source/lab1/matrixmul.cpp:43]   --->   Operation 60 'load' 'b_load_1' <Predicate = (!icmp_ln37)> <Delay = 2.32> <CoreInst = "RAM">   --->   Core 82 'RAM' <Latency = 1> <II = 1> <Delay = 2.32> <Storage> <Opcode : 'load' 'store'> <Ports = 2> <Width = 8> <Depth = 9> <RAM>
ST_2 : Operation 61 [1/2] (2.32ns)   --->   "%b_load_2 = load i4 %b_addr_2" [../xup_high_level_synthesis_design_flow-main/source/lab1/matrixmul.cpp:43]   --->   Operation 61 'load' 'b_load_2' <Predicate = (!icmp_ln37)> <Delay = 2.32> <CoreInst = "RAM">   --->   Core 82 'RAM' <Latency = 1> <II = 1> <Delay = 2.32> <Storage> <Opcode : 'load' 'store'> <Ports = 2> <Width = 8> <Depth = 9> <RAM>
ST_2 : Operation 62 [1/1] (1.56ns)   --->   "%add_ln39 = add i2 %select_ln37, i2 1" [../xup_high_level_synthesis_design_flow-main/source/lab1/matrixmul.cpp:39]   --->   Operation 62 'add' 'add_ln39' <Predicate = (!icmp_ln37)> <Delay = 1.56> <CoreInst = "Adder">   --->   Core 1 'Adder' <Latency = 0> <II = 1> <Delay = 1.56> <FuncUnit> <Opcode : 'add' 'sub'> <InPorts = 2> <OutPorts = 1>
ST_2 : Operation 63 [1/1] (1.58ns)   --->   "%store_ln39 = store i2 %select_ln37_1, i2 %i" [../xup_high_level_synthesis_design_flow-main/source/lab1/matrixmul.cpp:39]   --->   Operation 63 'store' 'store_ln39' <Predicate = (!icmp_ln37)> <Delay = 1.58>
ST_2 : Operation 64 [1/1] (1.58ns)   --->   "%store_ln39 = store i2 %add_ln39, i2 %j" [../xup_high_level_synthesis_design_flow-main/source/lab1/matrixmul.cpp:39]   --->   Operation 64 'store' 'store_ln39' <Predicate = (!icmp_ln37)> <Delay = 1.58>

State 3 <SV = 2> <Delay = 3.37>
ST_3 : Operation 65 [1/1] (0.00ns)   --->   "%zext_ln41 = zext i2 %select_ln37_1" [../xup_high_level_synthesis_design_flow-main/source/lab1/matrixmul.cpp:41]   --->   Operation 65 'zext' 'zext_ln41' <Predicate = true> <Delay = 0.00>
ST_3 : Operation 66 [1/1] (0.00ns)   --->   "%tmp_2 = bitconcatenate i4 @_ssdm_op_BitConcatenate.i4.i2.i2, i2 %select_ln37_1, i2 0" [../xup_high_level_synthesis_design_flow-main/source/lab1/matrixmul.cpp:41]   --->   Operation 66 'bitconcatenate' 'tmp_2' <Predicate = true> <Delay = 0.00>
ST_3 : Operation 67 [1/1] (0.00ns) (grouped into TernaryAdder)   --->   "%sub_ln41 = sub i4 %tmp_2, i4 %zext_ln41" [../xup_high_level_synthesis_design_flow-main/source/lab1/matrixmul.cpp:41]   --->   Operation 67 'sub' 'sub_ln41' <Predicate = true> <Delay = 0.00> <CoreInst = "TAddSub">   --->   Core 10 'TAddSub' <Latency = 0> <II = 1> <Delay = 1.65> <IPBlock> <Opcode : '<invalid operator> ' 'add' 'sub'> <InPorts = 3> <OutPorts = 1> <Sync> <CReg>
ST_3 : Operation 68 [1/1] (0.00ns)   --->   "%zext_ln43_2 = zext i4 %select_ln37_2" [../xup_high_level_synthesis_design_flow-main/source/lab1/matrixmul.cpp:43]   --->   Operation 68 'zext' 'zext_ln43_2' <Predicate = true> <Delay = 0.00>
ST_3 : Operation 69 [1/1] (0.00ns)   --->   "%a_addr = getelementptr i8 %a, i64 0, i64 %zext_ln43_2" [../xup_high_level_synthesis_design_flow-main/source/lab1/matrixmul.cpp:43]   --->   Operation 69 'getelementptr' 'a_addr' <Predicate = true> <Delay = 0.00>
ST_3 : Operation 70 [2/2] (2.32ns)   --->   "%a_load = load i4 %a_addr" [../xup_high_level_synthesis_design_flow-main/source/lab1/matrixmul.cpp:37]   --->   Operation 70 'load' 'a_load' <Predicate = true> <Delay = 2.32> <CoreInst = "RAM">   --->   Core 82 'RAM' <Latency = 1> <II = 1> <Delay = 2.32> <Storage> <Opcode : 'load' 'store'> <Ports = 2> <Width = 8> <Depth = 9> <RAM>
ST_3 : Operation 71 [1/2] (2.32ns)   --->   "%a_load_1 = load i4 %a_addr_1" [../xup_high_level_synthesis_design_flow-main/source/lab1/matrixmul.cpp:37]   --->   Operation 71 'load' 'a_load_1' <Predicate = true> <Delay = 2.32> <CoreInst = "RAM">   --->   Core 82 'RAM' <Latency = 1> <II = 1> <Delay = 2.32> <Storage> <Opcode : 'load' 'store'> <Ports = 2> <Width = 8> <Depth = 9> <RAM>
ST_3 : Operation 72 [1/2] (2.32ns)   --->   "%a_load_2 = load i4 %a_addr_2" [../xup_high_level_synthesis_design_flow-main/source/lab1/matrixmul.cpp:37]   --->   Operation 72 'load' 'a_load_2' <Predicate = true> <Delay = 2.32> <CoreInst = "RAM">   --->   Core 82 'RAM' <Latency = 1> <II = 1> <Delay = 2.32> <Storage> <Opcode : 'load' 'store'> <Ports = 2> <Width = 8> <Depth = 9> <RAM>
ST_3 : Operation 73 [1/1] (0.00ns)   --->   "%sext_ln37_2 = sext i8 %a_load_2" [../xup_high_level_synthesis_design_flow-main/source/lab1/matrixmul.cpp:37]   --->   Operation 73 'sext' 'sext_ln37_2' <Predicate = true> <Delay = 0.00>
ST_3 : Operation 74 [1/1] (0.00ns)   --->   "%j_cast = zext i2 %select_ln37" [../xup_high_level_synthesis_design_flow-main/source/lab1/matrixmul.cpp:37]   --->   Operation 74 'zext' 'j_cast' <Predicate = true> <Delay = 0.00>
ST_3 : Operation 75 [1/1] (0.00ns)   --->   "%b_addr = getelementptr i8 %b, i64 0, i64 %j_cast" [../xup_high_level_synthesis_design_flow-main/source/lab1/matrixmul.cpp:43]   --->   Operation 75 'getelementptr' 'b_addr' <Predicate = true> <Delay = 0.00>
ST_3 : Operation 76 [1/1] (3.31ns) (root node of TernaryAdder)   --->   "%add_ln41 = add i4 %sub_ln41, i4 %zext_ln43_5" [../xup_high_level_synthesis_design_flow-main/source/lab1/matrixmul.cpp:41]   --->   Operation 76 'add' 'add_ln41' <Predicate = true> <Delay = 3.31> <CoreInst = "TAddSub">   --->   Core 10 'TAddSub' <Latency = 0> <II = 1> <Delay = 1.65> <IPBlock> <Opcode : '<invalid operator> ' 'add' 'sub'> <InPorts = 3> <OutPorts = 1> <Sync> <CReg>
ST_3 : Operation 77 [2/2] (2.32ns)   --->   "%b_load = load i4 %b_addr" [../xup_high_level_synthesis_design_flow-main/source/lab1/matrixmul.cpp:43]   --->   Operation 77 'load' 'b_load' <Predicate = true> <Delay = 2.32> <CoreInst = "RAM">   --->   Core 82 'RAM' <Latency = 1> <II = 1> <Delay = 2.32> <Storage> <Opcode : 'load' 'store'> <Ports = 2> <Width = 8> <Depth = 9> <RAM>
ST_3 : Operation 78 [1/2] (2.32ns)   --->   "%b_load_1 = load i4 %b_addr_1" [../xup_high_level_synthesis_design_flow-main/source/lab1/matrixmul.cpp:43]   --->   Operation 78 'load' 'b_load_1' <Predicate = true> <Delay = 2.32> <CoreInst = "RAM">   --->   Core 82 'RAM' <Latency = 1> <II = 1> <Delay = 2.32> <Storage> <Opcode : 'load' 'store'> <Ports = 2> <Width = 8> <Depth = 9> <RAM>
ST_3 : Operation 79 [1/1] (0.00ns)   --->   "%sext_ln43_2 = sext i8 %b_load_2" [../xup_high_level_synthesis_design_flow-main/source/lab1/matrixmul.cpp:43]   --->   Operation 79 'sext' 'sext_ln43_2' <Predicate = true> <Delay = 0.00>
ST_3 : Operation 80 [3/3] (1.05ns) (grouped into DSP with root node add_ln43)   --->   "%mul_ln43_2 = mul i16 %sext_ln43_2, i16 %sext_ln37_2" [../xup_high_level_synthesis_design_flow-main/source/lab1/matrixmul.cpp:43]   --->   Operation 80 'mul' 'mul_ln43_2' <Predicate = true> <Delay = 1.05> <CoreInst = "DSP48">   --->   Core 119 'DSP48' <Latency = 3> <II = 1> <Delay = 2.15> <IPBlock> <Opcode : '<invalid operator> ' 'mul' 'add' 'sub' 'select'> <InPorts = 0> <OutPorts = 1> <Sync> <CReg>

State 4 <SV = 3> <Delay = 2.32>
ST_4 : Operation 81 [1/2] (2.32ns)   --->   "%a_load = load i4 %a_addr" [../xup_high_level_synthesis_design_flow-main/source/lab1/matrixmul.cpp:37]   --->   Operation 81 'load' 'a_load' <Predicate = true> <Delay = 2.32> <CoreInst = "RAM">   --->   Core 82 'RAM' <Latency = 1> <II = 1> <Delay = 2.32> <Storage> <Opcode : 'load' 'store'> <Ports = 2> <Width = 8> <Depth = 9> <RAM>
ST_4 : Operation 82 [1/1] (0.00ns)   --->   "%sext_ln37_1 = sext i8 %a_load_1" [../xup_high_level_synthesis_design_flow-main/source/lab1/matrixmul.cpp:37]   --->   Operation 82 'sext' 'sext_ln37_1' <Predicate = true> <Delay = 0.00>
ST_4 : Operation 83 [1/2] (2.32ns)   --->   "%b_load = load i4 %b_addr" [../xup_high_level_synthesis_design_flow-main/source/lab1/matrixmul.cpp:43]   --->   Operation 83 'load' 'b_load' <Predicate = true> <Delay = 2.32> <CoreInst = "RAM">   --->   Core 82 'RAM' <Latency = 1> <II = 1> <Delay = 2.32> <Storage> <Opcode : 'load' 'store'> <Ports = 2> <Width = 8> <Depth = 9> <RAM>
ST_4 : Operation 84 [1/1] (0.00ns)   --->   "%sext_ln43_1 = sext i8 %b_load_1" [../xup_high_level_synthesis_design_flow-main/source/lab1/matrixmul.cpp:43]   --->   Operation 84 'sext' 'sext_ln43_1' <Predicate = true> <Delay = 0.00>
ST_4 : Operation 85 [3/3] (1.05ns) (grouped into DSP with root node add_ln43_1)   --->   "%mul_ln43_1 = mul i16 %sext_ln43_1, i16 %sext_ln37_1" [../xup_high_level_synthesis_design_flow-main/source/lab1/matrixmul.cpp:43]   --->   Operation 85 'mul' 'mul_ln43_1' <Predicate = true> <Delay = 1.05> <CoreInst = "DSP48">   --->   Core 119 'DSP48' <Latency = 3> <II = 1> <Delay = 2.15> <IPBlock> <Opcode : '<invalid operator> ' 'mul' 'add' 'sub' 'select'> <InPorts = 0> <OutPorts = 1> <Sync> <CReg>
ST_4 : Operation 86 [2/3] (1.05ns) (grouped into DSP with root node add_ln43)   --->   "%mul_ln43_2 = mul i16 %sext_ln43_2, i16 %sext_ln37_2" [../xup_high_level_synthesis_design_flow-main/source/lab1/matrixmul.cpp:43]   --->   Operation 86 'mul' 'mul_ln43_2' <Predicate = true> <Delay = 1.05> <CoreInst = "DSP48">   --->   Core 119 'DSP48' <Latency = 3> <II = 1> <Delay = 2.15> <IPBlock> <Opcode : '<invalid operator> ' 'mul' 'add' 'sub' 'select'> <InPorts = 0> <OutPorts = 1> <Sync> <CReg>

State 5 <SV = 4> <Delay = 6.27>
ST_5 : Operation 87 [1/1] (0.00ns)   --->   "%sext_ln37 = sext i8 %a_load" [../xup_high_level_synthesis_design_flow-main/source/lab1/matrixmul.cpp:37]   --->   Operation 87 'sext' 'sext_ln37' <Predicate = true> <Delay = 0.00>
ST_5 : Operation 88 [1/1] (0.00ns)   --->   "%sext_ln43 = sext i8 %b_load" [../xup_high_level_synthesis_design_flow-main/source/lab1/matrixmul.cpp:43]   --->   Operation 88 'sext' 'sext_ln43' <Predicate = true> <Delay = 0.00>
ST_5 : Operation 89 [1/1] (4.17ns)   --->   "%mul_ln43 = mul i16 %sext_ln43, i16 %sext_ln37" [../xup_high_level_synthesis_design_flow-main/source/lab1/matrixmul.cpp:43]   --->   Operation 89 'mul' 'mul_ln43' <Predicate = true> <Delay = 4.17> <CoreInst = "Multiplier">   --->   Core 3 'Multiplier' <Latency = 0> <II = 1> <Delay = 4.17> <FuncUnit> <Opcode : 'mul'> <InPorts = 2> <OutPorts = 1>
ST_5 : Operation 90 [2/3] (1.05ns) (grouped into DSP with root node add_ln43_1)   --->   "%mul_ln43_1 = mul i16 %sext_ln43_1, i16 %sext_ln37_1" [../xup_high_level_synthesis_design_flow-main/source/lab1/matrixmul.cpp:43]   --->   Operation 90 'mul' 'mul_ln43_1' <Predicate = true> <Delay = 1.05> <CoreInst = "DSP48">   --->   Core 119 'DSP48' <Latency = 3> <II = 1> <Delay = 2.15> <IPBlock> <Opcode : '<invalid operator> ' 'mul' 'add' 'sub' 'select'> <InPorts = 0> <OutPorts = 1> <Sync> <CReg>
ST_5 : Operation 91 [1/3] (0.00ns) (grouped into DSP with root node add_ln43)   --->   "%mul_ln43_2 = mul i16 %sext_ln43_2, i16 %sext_ln37_2" [../xup_high_level_synthesis_design_flow-main/source/lab1/matrixmul.cpp:43]   --->   Operation 91 'mul' 'mul_ln43_2' <Predicate = true> <Delay = 0.00> <CoreInst = "DSP48">   --->   Core 119 'DSP48' <Latency = 3> <II = 1> <Delay = 2.15> <IPBlock> <Opcode : '<invalid operator> ' 'mul' 'add' 'sub' 'select'> <InPorts = 0> <OutPorts = 1> <Sync> <CReg>
ST_5 : Operation 92 [2/2] (2.10ns) (root node of the DSP)   --->   "%add_ln43 = add i16 %mul_ln43, i16 %mul_ln43_2" [../xup_high_level_synthesis_design_flow-main/source/lab1/matrixmul.cpp:43]   --->   Operation 92 'add' 'add_ln43' <Predicate = true> <Delay = 2.10> <CoreInst = "DSP48">   --->   Core 119 'DSP48' <Latency = 3> <II = 1> <Delay = 2.15> <IPBlock> <Opcode : '<invalid operator> ' 'mul' 'add' 'sub' 'select'> <InPorts = 0> <OutPorts = 1> <Sync> <CReg>
ST_5 : Operation 105 [1/1] (0.00ns)   --->   "%ret_ln47 = ret" [../xup_high_level_synthesis_design_flow-main/source/lab1/matrixmul.cpp:47]   --->   Operation 105 'ret' 'ret_ln47' <Predicate = (icmp_ln37)> <Delay = 0.00>

State 6 <SV = 5> <Delay = 4.20>
ST_6 : Operation 93 [1/3] (0.00ns) (grouped into DSP with root node add_ln43_1)   --->   "%mul_ln43_1 = mul i16 %sext_ln43_1, i16 %sext_ln37_1" [../xup_high_level_synthesis_design_flow-main/source/lab1/matrixmul.cpp:43]   --->   Operation 93 'mul' 'mul_ln43_1' <Predicate = true> <Delay = 0.00> <CoreInst = "DSP48">   --->   Core 119 'DSP48' <Latency = 3> <II = 1> <Delay = 2.15> <IPBlock> <Opcode : '<invalid operator> ' 'mul' 'add' 'sub' 'select'> <InPorts = 0> <OutPorts = 1> <Sync> <CReg>
ST_6 : Operation 94 [1/2] (2.10ns) (root node of the DSP)   --->   "%add_ln43 = add i16 %mul_ln43, i16 %mul_ln43_2" [../xup_high_level_synthesis_design_flow-main/source/lab1/matrixmul.cpp:43]   --->   Operation 94 'add' 'add_ln43' <Predicate = true> <Delay = 2.10> <CoreInst = "DSP48">   --->   Core 119 'DSP48' <Latency = 3> <II = 1> <Delay = 2.15> <IPBlock> <Opcode : '<invalid operator> ' 'mul' 'add' 'sub' 'select'> <InPorts = 0> <OutPorts = 1> <Sync> <CReg>
ST_6 : Operation 95 [2/2] (2.10ns) (root node of the DSP)   --->   "%add_ln43_1 = add i16 %add_ln43, i16 %mul_ln43_1" [../xup_high_level_synthesis_design_flow-main/source/lab1/matrixmul.cpp:43]   --->   Operation 95 'add' 'add_ln43_1' <Predicate = true> <Delay = 2.10> <CoreInst = "DSP48">   --->   Core 119 'DSP48' <Latency = 3> <II = 1> <Delay = 2.15> <IPBlock> <Opcode : '<invalid operator> ' 'mul' 'add' 'sub' 'select'> <InPorts = 0> <OutPorts = 1> <Sync> <CReg>

State 7 <SV = 6> <Delay = 4.42>
ST_7 : Operation 96 [1/1] (0.00ns)   --->   "%specloopname_ln0 = specloopname void @_ssdm_op_SpecLoopName, void @Row_Col_str"   --->   Operation 96 'specloopname' 'specloopname_ln0' <Predicate = true> <Delay = 0.00>
ST_7 : Operation 97 [1/1] (0.00ns)   --->   "%speclooptripcount_ln0 = speclooptripcount void @_ssdm_op_SpecLoopTripCount, i64 9, i64 9, i64 9"   --->   Operation 97 'speclooptripcount' 'speclooptripcount_ln0' <Predicate = true> <Delay = 0.00>
ST_7 : Operation 98 [1/1] (0.00ns)   --->   "%specpipeline_ln0 = specpipeline void @_ssdm_op_SpecPipeline, i32 4294967295, i32 0, i32 1, i32 0, void @p_str"   --->   Operation 98 'specpipeline' 'specpipeline_ln0' <Predicate = true> <Delay = 0.00>
ST_7 : Operation 99 [1/1] (0.00ns)   --->   "%zext_ln41_1 = zext i4 %add_ln41" [../xup_high_level_synthesis_design_flow-main/source/lab1/matrixmul.cpp:41]   --->   Operation 99 'zext' 'zext_ln41_1' <Predicate = true> <Delay = 0.00>
ST_7 : Operation 100 [1/1] (0.00ns)   --->   "%res_addr = getelementptr i16 %res, i64 0, i64 %zext_ln41_1" [../xup_high_level_synthesis_design_flow-main/source/lab1/matrixmul.cpp:41]   --->   Operation 100 'getelementptr' 'res_addr' <Predicate = true> <Delay = 0.00>
ST_7 : Operation 101 [1/1] (0.00ns)   --->   "%specloopname_ln39 = specloopname void @_ssdm_op_SpecLoopName, void @empty_2" [../xup_high_level_synthesis_design_flow-main/source/lab1/matrixmul.cpp:39]   --->   Operation 101 'specloopname' 'specloopname_ln39' <Predicate = true> <Delay = 0.00>
ST_7 : Operation 102 [1/2] (2.10ns) (root node of the DSP)   --->   "%add_ln43_1 = add i16 %add_ln43, i16 %mul_ln43_1" [../xup_high_level_synthesis_design_flow-main/source/lab1/matrixmul.cpp:43]   --->   Operation 102 'add' 'add_ln43_1' <Predicate = true> <Delay = 2.10> <CoreInst = "DSP48">   --->   Core 119 'DSP48' <Latency = 3> <II = 1> <Delay = 2.15> <IPBlock> <Opcode : '<invalid operator> ' 'mul' 'add' 'sub' 'select'> <InPorts = 0> <OutPorts = 1> <Sync> <CReg>
ST_7 : Operation 103 [1/1] (2.32ns)   --->   "%store_ln43 = store i16 %add_ln43_1, i4 %res_addr" [../xup_high_level_synthesis_design_flow-main/source/lab1/matrixmul.cpp:43]   --->   Operation 103 'store' 'store_ln43' <Predicate = true> <Delay = 2.32> <CoreInst = "RAM">   --->   Core 82 'RAM' <Latency = 1> <II = 1> <Delay = 2.32> <Storage> <Opcode : 'load' 'store'> <Ports = 2> <Width = 16> <Depth = 9> <RAM>
ST_7 : Operation 104 [1/1] (0.00ns)   --->   "%br_ln39 = br void %Product" [../xup_high_level_synthesis_design_flow-main/source/lab1/matrixmul.cpp:39]   --->   Operation 104 'br' 'br_ln39' <Predicate = true> <Delay = 0.00>


============================================================
+ Verbose Summary: Timing violations
============================================================
Target clock period: 10.000ns, clock uncertainty: 2.700ns.

 <State 1>: 6.615ns
The critical path consists of the following:
	'alloca' operation ('j') [4]  (0.000 ns)
	'load' operation ('j_load', ../xup_high_level_synthesis_design_flow-main/source/lab1/matrixmul.cpp:39) on local variable 'j' [29]  (0.000 ns)
	'icmp' operation ('icmp_ln39', ../xup_high_level_synthesis_design_flow-main/source/lab1/matrixmul.cpp:39) [33]  (1.565 ns)
	'select' operation ('select_ln37', ../xup_high_level_synthesis_design_flow-main/source/lab1/matrixmul.cpp:37) [34]  (0.993 ns)
	'add' operation ('add_ln43_3', ../xup_high_level_synthesis_design_flow-main/source/lab1/matrixmul.cpp:43) [65]  (1.735 ns)
	'getelementptr' operation ('b_addr_2', ../xup_high_level_synthesis_design_flow-main/source/lab1/matrixmul.cpp:43) [67]  (0.000 ns)
	'load' operation ('b_load_2', ../xup_high_level_synthesis_design_flow-main/source/lab1/matrixmul.cpp:43) on array 'b' [78]  (2.322 ns)

 <State 2>: 6.816ns
The critical path consists of the following:
	'sub' operation ('sub_ln43', ../xup_high_level_synthesis_design_flow-main/source/lab1/matrixmul.cpp:43) [23]  (1.735 ns)
	'select' operation ('select_ln37_2', ../xup_high_level_synthesis_design_flow-main/source/lab1/matrixmul.cpp:37) [42]  (1.024 ns)
	'add' operation ('add_ln37_1', ../xup_high_level_synthesis_design_flow-main/source/lab1/matrixmul.cpp:37) [47]  (1.735 ns)
	'getelementptr' operation ('a_addr_1', ../xup_high_level_synthesis_design_flow-main/source/lab1/matrixmul.cpp:43) [49]  (0.000 ns)
	'load' operation ('a_load_1', ../xup_high_level_synthesis_design_flow-main/source/lab1/matrixmul.cpp:37) on array 'a' [50]  (2.322 ns)

 <State 3>: 3.372ns
The critical path consists of the following:
	'load' operation ('a_load_2', ../xup_high_level_synthesis_design_flow-main/source/lab1/matrixmul.cpp:37) on array 'a' [55]  (2.322 ns)
	'mul' operation of DSP[81] ('mul_ln43_2', ../xup_high_level_synthesis_design_flow-main/source/lab1/matrixmul.cpp:43) [80]  (1.050 ns)

 <State 4>: 2.322ns
The critical path consists of the following:
	'load' operation ('a_load', ../xup_high_level_synthesis_design_flow-main/source/lab1/matrixmul.cpp:37) on array 'a' [45]  (2.322 ns)

 <State 5>: 6.270ns
The critical path consists of the following:
	'mul' operation ('mul_ln43', ../xup_high_level_synthesis_design_flow-main/source/lab1/matrixmul.cpp:43) [74]  (4.170 ns)
	'add' operation of DSP[81] ('add_ln43', ../xup_high_level_synthesis_design_flow-main/source/lab1/matrixmul.cpp:43) [81]  (2.100 ns)

 <State 6>: 4.200ns
The critical path consists of the following:
	'add' operation of DSP[81] ('add_ln43', ../xup_high_level_synthesis_design_flow-main/source/lab1/matrixmul.cpp:43) [81]  (2.100 ns)
	'add' operation of DSP[82] ('add_ln43_1', ../xup_high_level_synthesis_design_flow-main/source/lab1/matrixmul.cpp:43) [82]  (2.100 ns)

 <State 7>: 4.422ns
The critical path consists of the following:
	'add' operation of DSP[82] ('add_ln43_1', ../xup_high_level_synthesis_design_flow-main/source/lab1/matrixmul.cpp:43) [82]  (2.100 ns)
	'store' operation ('store_ln43', ../xup_high_level_synthesis_design_flow-main/source/lab1/matrixmul.cpp:43) of variable 'add_ln43_1', ../xup_high_level_synthesis_design_flow-main/source/lab1/matrixmul.cpp:43 on array 'res' [83]  (2.322 ns)


============================================================
+ Verbose Summary: Binding
============================================================
N/A
* FSMD analyzer results:
  - Output states:
 - Input state : 
  - Chain level:
	State 1
	State 2
	State 3
	State 4
	State 5
	State 6
	State 7


============================================================
+ Verbose Summary: Datapath Resource usage 
============================================================
N/A
