

================================================================
== Vitis HLS Report for 'matrixmul'
================================================================
* Date:           Sun Dec  1 12:48:02 2024

* Version:        2023.1 (Build 3854077 on May  4 2023)
* Project:        matrixmul
* Solution:       solution1 (Vivado IP Flow Target)
* Product family: zynq
* Target device:  xc7z020-clg484-1


================================================================
== Performance Estimates
================================================================
+ Timing: 
    * Summary: 
    +--------+----------+----------+------------+
    |  Clock |  Target  | Estimated| Uncertainty|
    +--------+----------+----------+------------+
    |ap_clk  |  10.00 ns|  6.816 ns|     2.70 ns|
    +--------+----------+----------+------------+

+ Latency: 
    * Summary: 
    +---------+---------+----------+----------+-----+-----+---------+
    |  Latency (cycles) |  Latency (absolute) |  Interval | Pipeline|
    |   min   |   max   |    min   |    max   | min | max |   Type  |
    +---------+---------+----------+----------+-----+-----+---------+
    |       24|       24|  0.240 us|  0.240 us|   25|   25|       no|
    +---------+---------+----------+----------+-----+-----+---------+

    + Detail: 
        * Instance: 
        N/A

        * Loop: 
        +-----------+---------+---------+----------+-----------+-----------+------+----------+
        |           |  Latency (cycles) | Iteration|  Initiation Interval  | Trip |          |
        | Loop Name |   min   |   max   |  Latency |  achieved |   target  | Count| Pipelined|
        +-----------+---------+---------+----------+-----------+-----------+------+----------+
        |- Row_Col  |       22|       22|         7|          2|          1|     9|       yes|
        +-----------+---------+---------+----------+-----------+-----------+------+----------+

============================================================
+ Verbose Summary: Synthesis Manager
============================================================
InlineROM: 1
ExposeGlobal: 0
============================================================
+ Verbose Summary: CDFG Model
============================================================
IsTopModel: 1
ResetActiveHigh: 1
IsCombinational: 0
IsDatapathOnly: 0
HasWiredReturn: 1
HasMFsm: 2
HasVarLatency: 1
IsPipeline: 0
IsRtlPipelined: 0
IsInstanceOverlapped: 0
IsDontTouch: 0
HasImplIP: 0
IsGatedGlobalClock: 0

+ Individual pipeline summary: 
  * Pipeline-0: initiation interval (II) = 2, depth = 7


============================================================
+ Verbose Summary: Schedule
============================================================
* Number of FSM states : 7
* Pipeline : 1
  Pipeline-0 : II = 2, D = 7, States = { 1 2 3 4 5 6 7 }
* Dataflow Pipeline: 0

* FSM state transitions: 
1 --> 2 
2 --> 3 
3 --> 4 
4 --> 5 
5 --> 6 
6 --> 7 
7 --> 

* FSM state operations: 

State 1 <SV = 0> <Delay = 6.61>
ST_1 : Operation 10 [1/1] (0.00ns)   --->   "%j = alloca i32 1"   --->   Operation 10 'alloca' 'j' <Predicate = true> <Delay = 0.00>
ST_1 : Operation 11 [1/1] (0.00ns)   --->   "%i = alloca i32 1"   --->   Operation 11 'alloca' 'i' <Predicate = true> <Delay = 0.00>
ST_1 : Operation 12 [1/1] (0.00ns)   --->   "%indvar_flatten = alloca i32 1"   --->   Operation 12 'alloca' 'indvar_flatten' <Predicate = true> <Delay = 0.00>
ST_1 : Operation 13 [1/1] (0.00ns)   --->   "%spectopmodule_ln31 = spectopmodule void @_ssdm_op_SpecTopModule, void @empty_1" [../xup_high_level_synthesis_design_flow-main/source/lab1/matrixmul.cpp:31]   --->   Operation 13 'spectopmodule' 'spectopmodule_ln31' <Predicate = true> <Delay = 0.00>
ST_1 : Operation 14 [1/1] (0.00ns)   --->   "%specinterface_ln0 = specinterface void @_ssdm_op_SpecInterface, i8 %a, void @empty, i32 0, i32 0, void @empty_0, i32 4294967295, i32 0, void @empty_0, void @empty_0, void @empty_0, i32 0, i32 0, i32 0, i32 0, void @empty_0, void @empty_0, i32 4294967295, i32 0"   --->   Operation 14 'specinterface' 'specinterface_ln0' <Predicate = true> <Delay = 0.00>
ST_1 : Operation 15 [1/1] (0.00ns)   --->   "%specbitsmap_ln0 = specbitsmap void @_ssdm_op_SpecBitsMap, i8 %a"   --->   Operation 15 'specbitsmap' 'specbitsmap_ln0' <Predicate = true> <Delay = 0.00>
ST_1 : Operation 16 [1/1] (0.00ns)   --->   "%specinterface_ln0 = specinterface void @_ssdm_op_SpecInterface, i8 %b, void @empty, i32 0, i32 0, void @empty_0, i32 4294967295, i32 0, void @empty_0, void @empty_0, void @empty_0, i32 0, i32 0, i32 0, i32 0, void @empty_0, void @empty_0, i32 4294967295, i32 0"   --->   Operation 16 'specinterface' 'specinterface_ln0' <Predicate = true> <Delay = 0.00>
ST_1 : Operation 17 [1/1] (0.00ns)   --->   "%specbitsmap_ln0 = specbitsmap void @_ssdm_op_SpecBitsMap, i8 %b"   --->   Operation 17 'specbitsmap' 'specbitsmap_ln0' <Predicate = true> <Delay = 0.00>
ST_1 : Operation 18 [1/1] (0.00ns)   --->   "%specinterface_ln0 = specinterface void @_ssdm_op_SpecInterface, i16 %res, void @empty, i32 0, i32 0, void @empty_0, i32 4294967295, i32 0, void @empty_0, void @empty_0, void @empty_0, i32 0, i32 0, i32 0, i32 0, void @empty_0, void @empty_0, i32 4294967295, i32 0"   --->   Operation 18 'specinterface' 'specinterface_ln0' <Predicate = true> <Delay = 0.00>
ST_1 : Operation 19 [1/1] (0.00ns)   --->   "%specbitsmap_ln0 = specbitsmap void @_ssdm_op_SpecBitsMap, i16 %res"   --->   Operation 19 'specbitsmap' 'specbitsmap_ln0' <Predicate = true> <Delay = 0.00>
ST_1 : Operation 20 [1/1] (1.58ns)   --->   "%store_ln37 = store i4 0, i4 %indvar_flatten" [../xup_high_level_synthesis_design_flow-main/source/lab1/matrixmul.cpp:37]   --->   Operation 20 'store' 'store_ln37' <Predicate = true> <Delay = 1.58>
ST_1 : Operation 21 [1/1] (1.58ns)   --->   "%store_ln37 = store i2 0, i2 %i" [../xup_high_level_synthesis_design_flow-main/source/lab1/matrixmul.cpp:37]   --->   Operation 21 'store' 'store_ln37' <Predicate = true> <Delay = 1.58>
ST_1 : Operation 22 [1/1] (1.58ns)   --->   "%store_ln37 = store i2 0, i2 %j" [../xup_high_level_synthesis_design_flow-main/source/lab1/matrixmul.cpp:37]   --->   Operation 22 'store' 'store_ln37' <Predicate = true> <Delay = 1.58>
ST_1 : Operation 23 [1/1] (0.00ns)   --->   "%br_ln37 = br void %Product" [../xup_high_level_synthesis_design_flow-main/source/lab1/matrixmul.cpp:37]   --->   Operation 23 'br' 'br_ln37' <Predicate = true> <Delay = 0.00>
ST_1 : Operation 24 [1/1] (0.00ns)   --->   "%i_1 = load i2 %i" [../xup_high_level_synthesis_design_flow-main/source/lab1/matrixmul.cpp:37]   --->   Operation 24 'load' 'i_1' <Predicate = true> <Delay = 0.00>
ST_1 : Operation 25 [1/1] (0.00ns)   --->   "%indvar_flatten_load = load i4 %indvar_flatten" [../xup_high_level_synthesis_design_flow-main/source/lab1/matrixmul.cpp:37]   --->   Operation 25 'load' 'indvar_flatten_load' <Predicate = true> <Delay = 0.00>
ST_1 : Operation 26 [1/1] (1.73ns)   --->   "%icmp_ln37 = icmp_eq  i4 %indvar_flatten_load, i4 9" [../xup_high_level_synthesis_design_flow-main/source/lab1/matrixmul.cpp:37]   --->   Operation 26 'icmp' 'icmp_ln37' <Predicate = true> <Delay = 1.73> <CoreInst = "Cmp">   --->   Core 9 'Cmp' <Latency = 0> <II = 1> <Delay = 1.73> <FuncUnit> <Opcode : 'icmp'> <InPorts = 2> <OutPorts = 1>
ST_1 : Operation 27 [1/1] (1.73ns)   --->   "%add_ln37_3 = add i4 %indvar_flatten_load, i4 1" [../xup_high_level_synthesis_design_flow-main/source/lab1/matrixmul.cpp:37]   --->   Operation 27 'add' 'add_ln37_3' <Predicate = true> <Delay = 1.73> <CoreInst = "Adder">   --->   Core 1 'Adder' <Latency = 0> <II = 1> <Delay = 1.73> <FuncUnit> <Opcode : 'add' 'sub'> <InPorts = 2> <OutPorts = 1>
ST_1 : Operation 28 [1/1] (0.00ns)   --->   "%br_ln37 = br i1 %icmp_ln37, void %for.inc29, void %for.end31" [../xup_high_level_synthesis_design_flow-main/source/lab1/matrixmul.cpp:37]   --->   Operation 28 'br' 'br_ln37' <Predicate = true> <Delay = 0.00>
ST_1 : Operation 29 [1/1] (0.00ns)   --->   "%j_load = load i2 %j" [../xup_high_level_synthesis_design_flow-main/source/lab1/matrixmul.cpp:39]   --->   Operation 29 'load' 'j_load' <Predicate = (!icmp_ln37)> <Delay = 0.00>
ST_1 : Operation 30 [1/1] (1.56ns)   --->   "%add_ln37 = add i2 %i_1, i2 1" [../xup_high_level_synthesis_design_flow-main/source/lab1/matrixmul.cpp:37]   --->   Operation 30 'add' 'add_ln37' <Predicate = (!icmp_ln37)> <Delay = 1.56> <CoreInst = "Adder">   --->   Core 1 'Adder' <Latency = 0> <II = 1> <Delay = 1.56> <FuncUnit> <Opcode : 'add' 'sub'> <InPorts = 2> <OutPorts = 1>
ST_1 : Operation 31 [1/1] (1.56ns)   --->   "%icmp_ln39 = icmp_eq  i2 %j_load, i2 3" [../xup_high_level_synthesis_design_flow-main/source/lab1/matrixmul.cpp:39]   --->   Operation 31 'icmp' 'icmp_ln39' <Predicate = (!icmp_ln37)> <Delay = 1.56> <CoreInst = "Cmp">   --->   Core 9 'Cmp' <Latency = 0> <II = 1> <Delay = 1.56> <FuncUnit> <Opcode : 'icmp'> <InPorts = 2> <OutPorts = 1>
ST_1 : Operation 32 [1/1] (0.99ns)   --->   "%select_ln37 = select i1 %icmp_ln39, i2 0, i2 %j_load" [../xup_high_level_synthesis_design_flow-main/source/lab1/matrixmul.cpp:37]   --->   Operation 32 'select' 'select_ln37' <Predicate = (!icmp_ln37)> <Delay = 0.99> <CoreInst = "Sel">   --->   Core 73 'Sel' <Latency = 0> <II = 1> <Delay = 0.99> <FuncUnit> <Opcode : 'select'> <InPorts = 3> <OutPorts = 1>
ST_1 : Operation 33 [1/1] (0.00ns)   --->   "%zext_ln43_5 = zext i2 %select_ln37" [../xup_high_level_synthesis_design_flow-main/source/lab1/matrixmul.cpp:43]   --->   Operation 33 'zext' 'zext_ln43_5' <Predicate = (!icmp_ln37)> <Delay = 0.00>
ST_1 : Operation 34 [1/1] (1.73ns)   --->   "%add_ln43_3 = add i4 %zext_ln43_5, i4 6" [../xup_high_level_synthesis_design_flow-main/source/lab1/matrixmul.cpp:43]   --->   Operation 34 'add' 'add_ln43_3' <Predicate = (!icmp_ln37)> <Delay = 1.73> <CoreInst = "Adder">   --->   Core 1 'Adder' <Latency = 0> <II = 1> <Delay = 1.73> <FuncUnit> <Opcode : 'add' 'sub'> <InPorts = 2> <OutPorts = 1>
ST_1 : Operation 35 [1/1] (0.00ns)   --->   "%zext_ln43_8 = zext i4 %add_ln43_3" [../xup_high_level_synthesis_design_flow-main/source/lab1/matrixmul.cpp:43]   --->   Operation 35 'zext' 'zext_ln43_8' <Predicate = (!icmp_ln37)> <Delay = 0.00>
ST_1 : Operation 36 [1/1] (0.00ns)   --->   "%b_addr_2 = getelementptr i8 %b, i64 0, i64 %zext_ln43_8" [../xup_high_level_synthesis_design_flow-main/source/lab1/matrixmul.cpp:43]   --->   Operation 36 'getelementptr' 'b_addr_2' <Predicate = (!icmp_ln37)> <Delay = 0.00>
ST_1 : Operation 37 [2/2] (2.32ns)   --->   "%b_load_2 = load i4 %b_addr_2" [../xup_high_level_synthesis_design_flow-main/source/lab1/matrixmul.cpp:43]   --->   Operation 37 'load' 'b_load_2' <Predicate = (!icmp_ln37)> <Delay = 2.32> <CoreInst = "RAM">   --->   Core 82 'RAM' <Latency = 1> <II = 1> <Delay = 2.32> <Storage> <Opcode : 'load' 'store'> <Ports = 2> <Width = 8> <Depth = 9> <RAM>
ST_1 : Operation 38 [1/1] (1.58ns)   --->   "%store_ln39 = store i4 %add_ln37_3, i4 %indvar_flatten" [../xup_high_level_synthesis_design_flow-main/source/lab1/matrixmul.cpp:39]   --->   Operation 38 'store' 'store_ln39' <Predicate = (!icmp_ln37)> <Delay = 1.58>

State 2 <SV = 1> <Delay = 6.81>
ST_2 : Operation 39 [1/1] (0.00ns)   --->   "%zext_ln43 = zext i2 %i_1" [../xup_high_level_synthesis_design_flow-main/source/lab1/matrixmul.cpp:43]   --->   Operation 39 'zext' 'zext_ln43' <Predicate = (!icmp_ln39)> <Delay = 0.00>
ST_2 : Operation 40 [1/1] (0.00ns)   --->   "%tmp = bitconcatenate i4 @_ssdm_op_BitConcatenate.i4.i2.i2, i2 %i_1, i2 0" [../xup_high_level_synthesis_design_flow-main/source/lab1/matrixmul.cpp:43]   --->   Operation 40 'bitconcatenate' 'tmp' <Predicate = (!icmp_ln39)> <Delay = 0.00>
ST_2 : Operation 41 [1/1] (1.73ns)   --->   "%sub_ln43 = sub i4 %tmp, i4 %zext_ln43" [../xup_high_level_synthesis_design_flow-main/source/lab1/matrixmul.cpp:43]   --->   Operation 41 'sub' 'sub_ln43' <Predicate = (!icmp_ln39)> <Delay = 1.73> <CoreInst = "Adder">   --->   Core 1 'Adder' <Latency = 0> <II = 1> <Delay = 1.73> <FuncUnit> <Opcode : 'add' 'sub'> <InPorts = 2> <OutPorts = 1>
ST_2 : Operation 42 [1/1] (0.00ns)   --->   "%specpipeline_ln0 = specpipeline void @_ssdm_op_SpecPipeline, i32 4294967295, i32 0, i32 1, i32 0, void @p_str"   --->   Operation 42 'specpipeline' 'specpipeline_ln0' <Predicate = true> <Delay = 0.00>
ST_2 : Operation 43 [1/1] (0.00ns)   --->   "%zext_ln43_1 = zext i2 %add_ln37" [../xup_high_level_synthesis_design_flow-main/source/lab1/matrixmul.cpp:43]   --->   Operation 43 'zext' 'zext_ln43_1' <Predicate = (!icmp_ln37 & icmp_ln39)> <Delay = 0.00>
ST_2 : Operation 44 [1/1] (0.00ns)   --->   "%tmp_1 = bitconcatenate i4 @_ssdm_op_BitConcatenate.i4.i2.i2, i2 %add_ln37, i2 0" [../xup_high_level_synthesis_design_flow-main/source/lab1/matrixmul.cpp:43]   --->   Operation 44 'bitconcatenate' 'tmp_1' <Predicate = (!icmp_ln37 & icmp_ln39)> <Delay = 0.00>
ST_2 : Operation 45 [1/1] (1.73ns)   --->   "%sub_ln43_1 = sub i4 %tmp_1, i4 %zext_ln43_1" [../xup_high_level_synthesis_design_flow-main/source/lab1/matrixmul.cpp:43]   --->   Operation 45 'sub' 'sub_ln43_1' <Predicate = (!icmp_ln37 & icmp_ln39)> <Delay = 1.73> <CoreInst = "Adder">   --->   Core 1 'Adder' <Latency = 0> <II = 1> <Delay = 1.73> <FuncUnit> <Opcode : 'add' 'sub'> <InPorts = 2> <OutPorts = 1>
ST_2 : Operation 46 [1/1] (0.99ns)   --->   "%select_ln37_1 = select i1 %icmp_ln39, i2 %add_ln37, i2 %i_1" [../xup_high_level_synthesis_design_flow-main/source/lab1/matrixmul.cpp:37]   --->   Operation 46 'select' 'select_ln37_1' <Predicate = (!icmp_ln37)> <Delay = 0.99> <CoreInst = "Sel">   --->   Core 73 'Sel' <Latency = 0> <II = 1> <Delay = 0.99> <FuncUnit> <Opcode : 'select'> <InPorts = 3> <OutPorts = 1>
ST_2 : Operation 47 [1/1] (1.02ns)   --->   "%select_ln37_2 = select i1 %icmp_ln39, i4 %sub_ln43_1, i4 %sub_ln43" [../xup_high_level_synthesis_design_flow-main/source/lab1/matrixmul.cpp:37]   --->   Operation 47 'select' 'select_ln37_2' <Predicate = (!icmp_ln37)> <Delay = 1.02> <CoreInst = "Sel">   --->   Core 73 'Sel' <Latency = 0> <II = 1> <Delay = 1.02> <FuncUnit> <Opcode : 'select'> <InPorts = 3> <OutPorts = 1>
ST_2 : Operation 48 [1/1] (1.73ns)   --->   "%add_ln37_1 = add i4 %select_ln37_2, i4 1" [../xup_high_level_synthesis_design_flow-main/source/lab1/matrixmul.cpp:37]   --->   Operation 48 'add' 'add_ln37_1' <Predicate = (!icmp_ln37)> <Delay = 1.73> <CoreInst = "Adder">   --->   Core 1 'Adder' <Latency = 0> <II = 1> <Delay = 1.73> <FuncUnit> <Opcode : 'add' 'sub'> <InPorts = 2> <OutPorts = 1>
ST_2 : Operation 49 [1/1] (0.00ns)   --->   "%zext_ln43_3 = zext i4 %add_ln37_1" [../xup_high_level_synthesis_design_flow-main/source/lab1/matrixmul.cpp:43]   --->   Operation 49 'zext' 'zext_ln43_3' <Predicate = (!icmp_ln37)> <Delay = 0.00>
ST_2 : Operation 50 [1/1] (0.00ns)   --->   "%a_addr_1 = getelementptr i8 %a, i64 0, i64 %zext_ln43_3" [../xup_high_level_synthesis_design_flow-main/source/lab1/matrixmul.cpp:43]   --->   Operation 50 'getelementptr' 'a_addr_1' <Predicate = (!icmp_ln37)> <Delay = 0.00>
ST_2 : Operation 51 [2/2] (2.32ns)   --->   "%a_load_1 = load i4 %a_addr_1" [../xup_high_level_synthesis_design_flow-main/source/lab1/matrixmul.cpp:37]   --->   Operation 51 'load' 'a_load_1' <Predicate = (!icmp_ln37)> <Delay = 2.32> <CoreInst = "RAM">   --->   Core 82 'RAM' <Latency = 1> <II = 1> <Delay = 2.32> <Storage> <Opcode : 'load' 'store'> <Ports = 2> <Width = 8> <Depth = 9> <RAM>
ST_2 : Operation 52 [1/1] (1.73ns)   --->   "%add_ln37_2 = add i4 %select_ln37_2, i4 2" [../xup_high_level_synthesis_design_flow-main/source/lab1/matrixmul.cpp:37]   --->   Operation 52 'add' 'add_ln37_2' <Predicate = (!icmp_ln37)> <Delay = 1.73> <CoreInst = "Adder">   --->   Core 1 'Adder' <Latency = 0> <II = 1> <Delay = 1.73> <FuncUnit> <Opcode : 'add' 'sub'> <InPorts = 2> <OutPorts = 1>
ST_2 : Operation 53 [1/1] (0.00ns)   --->   "%zext_ln43_4 = zext i4 %add_ln37_2" [../xup_high_level_synthesis_design_flow-main/source/lab1/matrixmul.cpp:43]   --->   Operation 53 'zext' 'zext_ln43_4' <Predicate = (!icmp_ln37)> <Delay = 0.00>
ST_2 : Operation 54 [1/1] (0.00ns)   --->   "%a_addr_2 = getelementptr i8 %a, i64 0, i64 %zext_ln43_4" [../xup_high_level_synthesis_design_flow-main/source/lab1/matrixmul.cpp:43]   --->   Operation 54 'getelementptr' 'a_addr_2' <Predicate = (!icmp_ln37)> <Delay = 0.00>
ST_2 : Operation 55 [2/2] (2.32ns)   --->   "%a_load_2 = load i4 %a_addr_2" [../xup_high_level_synthesis_design_flow-main/source/lab1/matrixmul.cpp:37]   --->   Operation 55 'load' 'a_load_2' <Predicate = (!icmp_ln37)> <Delay = 2.32> <CoreInst = "RAM">   --->   Core 82 'RAM' <Latency = 1> <II = 1> <Delay = 2.32> <Storage> <Opcode : 'load' 'store'> <Ports = 2> <Width = 8> <Depth = 9> <RAM>
ST_2 : Operation 56 [1/1] (0.00ns)   --->   "%zext_ln43_6 = zext i2 %select_ln37" [../xup_high_level_synthesis_design_flow-main/source/lab1/matrixmul.cpp:43]   --->   Operation 56 'zext' 'zext_ln43_6' <Predicate = (!icmp_ln37)> <Delay = 0.00>
ST_2 : Operation 57 [1/1] (1.65ns)   --->   "%add_ln43_2 = add i3 %zext_ln43_6, i3 3" [../xup_high_level_synthesis_design_flow-main/source/lab1/matrixmul.cpp:43]   --->   Operation 57 'add' 'add_ln43_2' <Predicate = (!icmp_ln37)> <Delay = 1.65> <CoreInst = "Adder">   --->   Core 1 'Adder' <Latency = 0> <II = 1> <Delay = 1.65> <FuncUnit> <Opcode : 'add' 'sub'> <InPorts = 2> <OutPorts = 1>
ST_2 : Operation 58 [1/1] (0.00ns)   --->   "%zext_ln43_7 = zext i3 %add_ln43_2" [../xup_high_level_synthesis_design_flow-main/source/lab1/matrixmul.cpp:43]   --->   Operation 58 'zext' 'zext_ln43_7' <Predicate = (!icmp_ln37)> <Delay = 0.00>
ST_2 : Operation 59 [1/1] (0.00ns)   --->   "%b_addr_1 = getelementptr i8 %b, i64 0, i64 %zext_ln43_7" [../xup_high_level_synthesis_design_flow-main/source/lab1/matrixmul.cpp:43]   --->   Operation 59 'getelementptr' 'b_addr_1' <Predicate = (!icmp_ln37)> <Delay = 0.00>
ST_2 : Operation 60 [2/2] (2.32ns)   --->   "%b_load_1 = load i4 %b_addr_1" [../xup_high_level_synthesis_design_flow-main/source/lab1/matrixmul.cpp:43]   --->   Operation 60 'load' 'b_load_1' <Predicate = (!icmp_ln37)> <Delay = 2.32> <CoreInst = "RAM">   --->   Core 82 'RAM' <Latency = 1> <II = 1> <Delay = 2.32> <Storage> <Opcode : 'load' 'store'> <Ports = 2> <Width = 8> <Depth = 9> <RAM>
ST_2 : Operation 61 [1/2] (2.32ns)   --->   "%b_load_2 = load i4 %b_addr_2" [../xup_high_level_synthesis_design_flow-main/source/lab1/matrixmul.cpp:43]   --->   Operation 61 'load' 'b_load_2' <Predicate = (!icmp_ln37)> <Delay = 2.32> <CoreInst = "RAM">   --->   Core 82 'RAM' <Latency = 1> <II = 1> <Delay = 2.32> <Storage> <Opcode : 'load' 'store'> <Ports = 2> <Width = 8> <Depth = 9> <RAM>
ST_2 : Operation 62 [1/1] (1.56ns)   --->   "%add_ln39 = add i2 %select_ln37, i2 1" [../xup_high_level_synthesis_design_flow-main/source/lab1/matrixmul.cpp:39]   --->   Operation 62 'add' 'add_ln39' <Predicate = (!icmp_ln37)> <Delay = 1.56> <CoreInst = "Adder">   --->   Core 1 'Adder' <Latency = 0> <II = 1> <Delay = 1.56> <FuncUnit> <Opcode : 'add' 'sub'> <InPorts = 2> <OutPorts = 1>
ST_2 : Operation 63 [1/1] (1.58ns)   --->   "%store_ln39 = store i2 %select_ln37_1, i2 %i" [../xup_high_level_synthesis_design_flow-main/source/lab1/matrixmul.cpp:39]   --->   Operation 63 'store' 'store_ln39' <Predicate = (!icmp_ln37)> <Delay = 1.58>
ST_2 : Operation 64 [1/1] (1.58ns)   --->   "%store_ln39 = store i2 %add_ln39, i2 %j" [../xup_high_level_synthesis_design_flow-main/source/lab1/matrixmul.cpp:39]   --->   Operation 64 'store' 'store_ln39' <Predicate = (!icmp_ln37)> <Delay = 1.58>

State 3 <SV = 2> <Delay = 3.37>
ST_3 : Operation 65 [1/1] (0.00ns)   --->   "%zext_ln41 = zext i2 %select_ln37_1" [../xup_high_level_synthesis_design_flow-main/source/lab1/matrixmul.cpp:41]   --->   Operation 65 'zext' 'zext_ln41' <Predicate = true> <Delay = 0.00>
ST_3 : Operation 66 [1/1] (0.00ns)   --->   "%tmp_2 = bitconcatenate i4 @_ssdm_op_BitConcatenate.i4.i2.i2, i2 %select_ln37_1, i2 0" [../xup_high_level_synthesis_design_flow-main/source/lab1/matrixmul.cpp:41]   --->   Operation 66 'bitconcatenate' 'tmp_2' <Predicate = true> <Delay = 0.00>
ST_3 : Operation 67 [1/1] (0.00ns) (grouped into TernaryAdder)   --->   "%sub_ln41 = sub i4 %tmp_2, i4 %zext_ln41" [../xup_high_level_synthesis_design_flow-main/source/lab1/matrixmul.cpp:41]   --->   Operation 67 'sub' 'sub_ln41' <Predicate = true> <Delay = 0.00> <CoreInst = "TAddSub">   --->   Core 10 'TAddSub' <Latency = 0> <II = 1> <Delay = 1.65> <IPBlock> <Opcode : '<invalid operator> ' 'add' 'sub'> <InPorts = 3> <OutPorts = 1> <Sync> <CReg>
ST_3 : Operation 68 [1/1] (0.00ns)   --->   "%zext_ln43_2 = zext i4 %select_ln37_2" [../xup_high_level_synthesis_design_flow-main/source/lab1/matrixmul.cpp:43]   --->   Operation 68 'zext' 'zext_ln43_2' <Predicate = true> <Delay = 0.00>
ST_3 : Operation 69 [1/1] (0.00ns)   --->   "%a_addr = getelementptr i8 %a, i64 0, i64 %zext_ln43_2" [../xup_high_level_synthesis_design_flow-main/source/lab1/matrixmul.cpp:43]   --->   Operation 69 'getelementptr' 'a_addr' <Predicate = true> <Delay = 0.00>
ST_3 : Operation 70 [2/2] (2.32ns)   --->   "%a_load = load i4 %a_addr" [../xup_high_level_synthesis_design_flow-main/source/lab1/matrixmul.cpp:37]   --->   Operation 70 'load' 'a_load' <Predicate = true> <Delay = 2.32> <CoreInst = "RAM">   --->   Core 82 'RAM' <Latency = 1> <II = 1> <Delay = 2.32> <Storage> <Opcode : 'load' 'store'> <Ports = 2> <Width = 8> <Depth = 9> <RAM>
ST_3 : Operation 71 [1/2] (2.32ns)   --->   "%a_load_1 = load i4 %a_addr_1" [../xup_high_level_synthesis_design_flow-main/source/lab1/matrixmul.cpp:37]   --->   Operation 71 'load' 'a_load_1' <Predicate = true> <Delay = 2.32> <CoreInst = "RAM">   --->   Core 82 'RAM' <Latency = 1> <II = 1> <Delay = 2.32> <Storage> <Opcode : 'load' 'store'> <Ports = 2> <Width = 8> <Depth = 9> <RAM>
ST_3 : Operation 72 [1/2] (2.32ns)   --->   "%a_load_2 = load i4 %a_addr_2" [../xup_high_level_synthesis_design_flow-main/source/lab1/matrixmul.cpp:37]   --->   Operation 72 'load' 'a_load_2' <Predicate = true> <Delay = 2.32> <CoreInst = "RAM">   --->   Core 82 'RAM' <Latency = 1> <II = 1> <Delay = 2.32> <Storage> <Opcode : 'load' 'store'> <Ports = 2> <Width = 8> <Depth = 9> <RAM>
ST_3 : Operation 73 [1/1] (0.00ns)   --->   "%sext_ln37_2 = sext i8 %a_load_2" [../xup_high_level_synthesis_design_flow-main/source/lab1/matrixmul.cpp:37]   --->   Operation 73 'sext' 'sext_ln37_2' <Predicate = true> <Delay = 0.00>
ST_3 : Operation 74 [1/1] (0.00ns)   --->   "%j_cast = zext i2 %select_ln37" [../xup_high_level_synthesis_design_flow-main/source/lab1/matrixmul.cpp:37]   --->   Operation 74 'zext' 'j_cast' <Predicate = true> <Delay = 0.00>
ST_3 : Operation 75 [1/1] (0.00ns)   --->   "%b_addr = getelementptr i8 %b, i64 0, i64 %j_cast" [../xup_high_level_synthesis_design_flow-main/source/lab1/matrixmul.cpp:43]   --->   Operation 75 'getelementptr' 'b_addr' <Predicate = true> <Delay = 0.00>
ST_3 : Operation 76 [1/1] (3.31ns) (root node of TernaryAdder)   --->   "%add_ln41 = add i4 %sub_ln41, i4 %zext_ln43_5" [../xup_high_level_synthesis_design_flow-main/source/lab1/matrixmul.cpp:41]   --->   Operation 76 'add' 'add_ln41' <Predicate = true> <Delay = 3.31> <CoreInst = "TAddSub">   --->   Core 10 'TAddSub' <Latency = 0> <II = 1> <Delay = 1.65> <IPBlock> <Opcode : '<invalid operator> ' 'add' 'sub'> <InPorts = 3> <OutPorts = 1> <Sync> <CReg>
ST_3 : Operation 77 [2/2] (2.32ns)   --->   "%b_load = load i4 %b_addr" [../xup_high_level_synthesis_design_flow-main/source/lab1/matrixmul.cpp:43]   --->   Operation 77 'load' 'b_load' <Predicate = true> <Delay = 2.32> <CoreInst = "RAM">   --->   Core 82 'RAM' <Latency = 1> <II = 1> <Delay = 2.32> <Storage> <Opcode : 'load' 'store'> <Ports = 2> <Width = 8> <Depth = 9> <RAM>
ST_3 : Operation 78 [1/2] (2.32ns)   --->   "%b_load_1 = load i4 %b_addr_1" [../xup_high_level_synthesis_design_flow-main/source/lab1/matrixmul.cpp:43]   --->   Operation 78 'load' 'b_load_1' <Predicate = true> <Delay = 2.32> <CoreInst = "RAM">   --->   Core 82 'RAM' <Latency = 1> <II = 1> <Delay = 2.32> <Storage> <Opcode : 'load' 'store'> <Ports = 2> <Width = 8> <Depth = 9> <RAM>
ST_3 : Operation 79 [1/1] (0.00ns)   --->   "%sext_ln43_2 = sext i8 %b_load_2" [../xup_high_level_synthesis_design_flow-main/source/lab1/matrixmul.cpp:43]   --->   Operation 79 'sext' 'sext_ln43_2' <Predicate = true> <Delay = 0.00>
ST_3 : Operation 80 [3/3] (1.05ns) (grouped into DSP with root node add_ln43)   --->   "%mul_ln43_2 = mul i16 %sext_ln43_2, i16 %sext_ln37_2" [../xup_high_level_synthesis_design_flow-main/source/lab1/matrixmul.cpp:43]   --->   Operation 80 'mul' 'mul_ln43_2' <Predicate = true> <Delay = 1.05> <CoreInst = "DSP48">   --->   Core 119 'DSP48' <Latency = 3> <II = 1> <Delay = 2.15> <IPBlock> <Opcode : '<invalid operator> ' 'mul' 'add' 'sub' 'select'> <InPorts = 0> <OutPorts = 1> <Sync> <CReg>

State 4 <SV = 3> <Delay = 2.32>
ST_4 : Operation 81 [1/2] (2.32ns)   --->   "%a_load = load i4 %a_addr" [../xup_high_level_synthesis_design_flow-main/source/lab1/matrixmul.cpp:37]   --->   Operation 81 'load' 'a_load' <Predicate = true> <Delay = 2.32> <CoreInst = "RAM">   --->   Core 82 'RAM' <Latency = 1> <II = 1> <Delay = 2.32> <Storage> <Opcode : 'load' 'store'> <Ports = 2> <Width = 8> <Depth = 9> <RAM>
ST_4 : Operation 82 [1/1] (0.00ns)   --->   "%sext_ln37_1 = sext i8 %a_load_1" [../xup_high_level_synthesis_design_flow-main/source/lab1/matrixmul.cpp:37]   --->   Operation 82 'sext' 'sext_ln37_1' <Predicate = true> <Delay = 0.00>
ST_4 : Operation 83 [1/2] (2.32ns)   --->   "%b_load = load i4 %b_addr" [../xup_high_level_synthesis_design_flow-main/source/lab1/matrixmul.cpp:43]   --->   Operation 83 'load' 'b_load' <Predicate = true> <Delay = 2.32> <CoreInst = "RAM">   --->   Core 82 'RAM' <Latency = 1> <II = 1> <Delay = 2.32> <Storage> <Opcode : 'load' 'store'> <Ports = 2> <Width = 8> <Depth = 9> <RAM>
ST_4 : Operation 84 [1/1] (0.00ns)   --->   "%sext_ln43_1 = sext i8 %b_load_1" [../xup_high_level_synthesis_design_flow-main/source/lab1/matrixmul.cpp:43]   --->   Operation 84 'sext' 'sext_ln43_1' <Predicate = true> <Delay = 0.00>
ST_4 : Operation 85 [3/3] (1.05ns) (grouped into DSP with root node add_ln43_1)   --->   "%mul_ln43_1 = mul i16 %sext_ln43_1, i16 %sext_ln37_1" [../xup_high_level_synthesis_design_flow-main/source/lab1/matrixmul.cpp:43]   --->   Operation 85 'mul' 'mul_ln43_1' <Predicate = true> <Delay = 1.05> <CoreInst = "DSP48">   --->   Core 119 'DSP48' <Latency = 3> <II = 1> <Delay = 2.15> <IPBlock> <Opcode : '<invalid operator> ' 'mul' 'add' 'sub' 'select'> <InPorts = 0> <OutPorts = 1> <Sync> <CReg>
ST_4 : Operation 86 [2/3] (1.05ns) (grouped into DSP with root node add_ln43)   --->   "%mul_ln43_2 = mul i16 %sext_ln43_2, i16 %sext_ln37_2" [../xup_high_level_synthesis_design_flow-main/source/lab1/matrixmul.cpp:43]   --->   Operation 86 'mul' 'mul_ln43_2' <Predicate = true> <Delay = 1.05> <CoreInst = "DSP48">   --->   Core 119 'DSP48' <Latency = 3> <II = 1> <Delay = 2.15> <IPBlock> <Opcode : '<invalid operator> ' 'mul' 'add' 'sub' 'select'> <InPorts = 0> <OutPorts = 1> <Sync> <CReg>

State 5 <SV = 4> <Delay = 6.27>
ST_5 : Operation 87 [1/1] (0.00ns)   --->   "%sext_ln37 = sext i8 %a_load" [../xup_high_level_synthesis_design_flow-main/source/lab1/matrixmul.cpp:37]   --->   Operation 87 'sext' 'sext_ln37' <Predicate = true> <Delay = 0.00>
ST_5 : Operation 88 [1/1] (0.00ns)   --->   "%sext_ln43 = sext i8 %b_load" [../xup_high_level_synthesis_design_flow-main/source/lab1/matrixmul.cpp:43]   --->   Operation 88 'sext' 'sext_ln43' <Predicate = true> <Delay = 0.00>
ST_5 : Operation 89 [1/1] (4.17ns)   --->   "%mul_ln43 = mul i16 %sext_ln43, i16 %sext_ln37" [../xup_high_level_synthesis_design_flow-main/source/lab1/matrixmul.cpp:43]   --->   Operation 89 'mul' 'mul_ln43' <Predicate = true> <Delay = 4.17> <CoreInst = "Multiplier">   --->   Core 3 'Multiplier' <Latency = 0> <II = 1> <Delay = 4.17> <FuncUnit> <Opcode : 'mul'> <InPorts = 2> <OutPorts = 1>
ST_5 : Operation 90 [2/3] (1.05ns) (grouped into DSP with root node add_ln43_1)   --->   "%mul_ln43_1 = mul i16 %sext_ln43_1, i16 %sext_ln37_1" [../xup_high_level_synthesis_design_flow-main/source/lab1/matrixmul.cpp:43]   --->   Operation 90 'mul' 'mul_ln43_1' <Predicate = true> <Delay = 1.05> <CoreInst = "DSP48">   --->   Core 119 'DSP48' <Latency = 3> <II = 1> <Delay = 2.15> <IPBlock> <Opcode : '<invalid operator> ' 'mul' 'add' 'sub' 'select'> <InPorts = 0> <OutPorts = 1> <Sync> <CReg>
ST_5 : Operation 91 [1/3] (0.00ns) (grouped into DSP with root node add_ln43)   --->   "%mul_ln43_2 = mul i16 %sext_ln43_2, i16 %sext_ln37_2" [../xup_high_level_synthesis_design_flow-main/source/lab1/matrixmul.cpp:43]   --->   Operation 91 'mul' 'mul_ln43_2' <Predicate = true> <Delay = 0.00> <CoreInst = "DSP48">   --->   Core 119 'DSP48' <Latency = 3> <II = 1> <Delay = 2.15> <IPBlock> <Opcode : '<invalid operator> ' 'mul' 'add' 'sub' 'select'> <InPorts = 0> <OutPorts = 1> <Sync> <CReg>
ST_5 : Operation 92 [2/2] (2.10ns) (root node of the DSP)   --->   "%add_ln43 = add i16 %mul_ln43, i16 %mul_ln43_2" [../xup_high_level_synthesis_design_flow-main/source/lab1/matrixmul.cpp:43]   --->   Operation 92 'add' 'add_ln43' <Predicate = true> <Delay = 2.10> <CoreInst = "DSP48">   --->   Core 119 'DSP48' <Latency = 3> <II = 1> <Delay = 2.15> <IPBlock> <Opcode : '<invalid operator> ' 'mul' 'add' 'sub' 'select'> <InPorts = 0> <OutPorts = 1> <Sync> <CReg>
ST_5 : Operation 105 [1/1] (0.00ns)   --->   "%ret_ln47 = ret" [../xup_high_level_synthesis_design_flow-main/source/lab1/matrixmul.cpp:47]   --->   Operation 105 'ret' 'ret_ln47' <Predicate = (icmp_ln37)> <Delay = 0.00>

State 6 <SV = 5> <Delay = 4.20>
ST_6 : Operation 93 [1/3] (0.00ns) (grouped into DSP with root node add_ln43_1)   --->   "%mul_ln43_1 = mul i16 %sext_ln43_1, i16 %sext_ln37_1" [../xup_high_level_synthesis_design_flow-main/source/lab1/matrixmul.cpp:43]   --->   Operation 93 'mul' 'mul_ln43_1' <Predicate = true> <Delay = 0.00> <CoreInst = "DSP48">   --->   Core 119 'DSP48' <Latency = 3> <II = 1> <Delay = 2.15> <IPBlock> <Opcode : '<invalid operator> ' 'mul' 'add' 'sub' 'select'> <InPorts = 0> <OutPorts = 1> <Sync> <CReg>
ST_6 : Operation 94 [1/2] (2.10ns) (root node of the DSP)   --->   "%add_ln43 = add i16 %mul_ln43, i16 %mul_ln43_2" [../xup_high_level_synthesis_design_flow-main/source/lab1/matrixmul.cpp:43]   --->   Operation 94 'add' 'add_ln43' <Predicate = true> <Delay = 2.10> <CoreInst = "DSP48">   --->   Core 119 'DSP48' <Latency = 3> <II = 1> <Delay = 2.15> <IPBlock> <Opcode : '<invalid operator> ' 'mul' 'add' 'sub' 'select'> <InPorts = 0> <OutPorts = 1> <Sync> <CReg>
ST_6 : Operation 95 [2/2] (2.10ns) (root node of the DSP)   --->   "%add_ln43_1 = add i16 %add_ln43, i16 %mul_ln43_1" [../xup_high_level_synthesis_design_flow-main/source/lab1/matrixmul.cpp:43]   --->   Operation 95 'add' 'add_ln43_1' <Predicate = true> <Delay = 2.10> <CoreInst = "DSP48">   --->   Core 119 'DSP48' <Latency = 3> <II = 1> <Delay = 2.15> <IPBlock> <Opcode : '<invalid operator> ' 'mul' 'add' 'sub' 'select'> <InPorts = 0> <OutPorts = 1> <Sync> <CReg>

State 7 <SV = 6> <Delay = 4.42>
ST_7 : Operation 96 [1/1] (0.00ns)   --->   "%specloopname_ln0 = specloopname void @_ssdm_op_SpecLoopName, void @Row_Col_str"   --->   Operation 96 'specloopname' 'specloopname_ln0' <Predicate = true> <Delay = 0.00>
ST_7 : Operation 97 [1/1] (0.00ns)   --->   "%speclooptripcount_ln0 = speclooptripcount void @_ssdm_op_SpecLoopTripCount, i64 9, i64 9, i64 9"   --->   Operation 97 'speclooptripcount' 'speclooptripcount_ln0' <Predicate = true> <Delay = 0.00>
ST_7 : Operation 98 [1/1] (0.00ns)   --->   "%specpipeline_ln0 = specpipeline void @_ssdm_op_SpecPipeline, i32 4294967295, i32 0, i32 1, i32 0, void @p_str"   --->   Operation 98 'specpipeline' 'specpipeline_ln0' <Predicate = true> <Delay = 0.00>
ST_7 : Operation 99 [1/1] (0.00ns)   --->   "%zext_ln41_1 = zext i4 %add_ln41" [../xup_high_level_synthesis_design_flow-main/source/lab1/matrixmul.cpp:41]   --->   Operation 99 'zext' 'zext_ln41_1' <Predicate = true> <Delay = 0.00>
ST_7 : Operation 100 [1/1] (0.00ns)   --->   "%res_addr = getelementptr i16 %res, i64 0, i64 %zext_ln41_1" [../xup_high_level_synthesis_design_flow-main/source/lab1/matrixmul.cpp:41]   --->   Operation 100 'getelementptr' 'res_addr' <Predicate = true> <Delay = 0.00>
ST_7 : Operation 101 [1/1] (0.00ns)   --->   "%specloopname_ln39 = specloopname void @_ssdm_op_SpecLoopName, void @empty_2" [../xup_high_level_synthesis_design_flow-main/source/lab1/matrixmul.cpp:39]   --->   Operation 101 'specloopname' 'specloopname_ln39' <Predicate = true> <Delay = 0.00>
ST_7 : Operation 102 [1/2] (2.10ns) (root node of the DSP)   --->   "%add_ln43_1 = add i16 %add_ln43, i16 %mul_ln43_1" [../xup_high_level_synthesis_design_flow-main/source/lab1/matrixmul.cpp:43]   --->   Operation 102 'add' 'add_ln43_1' <Predicate = true> <Delay = 2.10> <CoreInst = "DSP48">   --->   Core 119 'DSP48' <Latency = 3> <II = 1> <Delay = 2.15> <IPBlock> <Opcode : '<invalid operator> ' 'mul' 'add' 'sub' 'select'> <InPorts = 0> <OutPorts = 1> <Sync> <CReg>
ST_7 : Operation 103 [1/1] (2.32ns)   --->   "%store_ln43 = store i16 %add_ln43_1, i4 %res_addr" [../xup_high_level_synthesis_design_flow-main/source/lab1/matrixmul.cpp:43]   --->   Operation 103 'store' 'store_ln43' <Predicate = true> <Delay = 2.32> <CoreInst = "RAM">   --->   Core 82 'RAM' <Latency = 1> <II = 1> <Delay = 2.32> <Storage> <Opcode : 'load' 'store'> <Ports = 2> <Width = 16> <Depth = 9> <RAM>
ST_7 : Operation 104 [1/1] (0.00ns)   --->   "%br_ln39 = br void %Product" [../xup_high_level_synthesis_design_flow-main/source/lab1/matrixmul.cpp:39]   --->   Operation 104 'br' 'br_ln39' <Predicate = true> <Delay = 0.00>


============================================================
+ Verbose Summary: Binding
============================================================
STG Binding: 
---------------- STG Properties BEGIN ----------------
- Is combinational: 0
- Is one-state seq: 0
- Is datapath-only: 0
- Is pipelined: 0
- Is top level: 1
Port [ Return ] is wired: 1; IO mode=ap_ctrl_hs:ce=0
Port [ a]:  wired=1; compound=1; hidden=0; nouse=0; global=0; static=0; extern=0; dir=0; type=1; pingpong=0; private_global=0; MemPort=[11]; IO mode=ap_memory:ce=0
Port [ b]:  wired=1; compound=1; hidden=0; nouse=0; global=0; static=0; extern=0; dir=0; type=1; pingpong=0; private_global=0; MemPort=[11]; IO mode=ap_memory:ce=0
Port [ res]:  wired=1; compound=1; hidden=0; nouse=0; global=0; static=0; extern=0; dir=1; type=1; pingpong=0; private_global=0; MemPort=[03]; IO mode=ap_memory:ce=0
---------------- STG Properties END ------------------

---------------- Datapath Model BEGIN ----------------

<LifeTime>
<method=bitvector/>
j                     (alloca           ) [ 01100000]
i                     (alloca           ) [ 01100000]
indvar_flatten        (alloca           ) [ 01000000]
spectopmodule_ln31    (spectopmodule    ) [ 00000000]
specinterface_ln0     (specinterface    ) [ 00000000]
specbitsmap_ln0       (specbitsmap      ) [ 00000000]
specinterface_ln0     (specinterface    ) [ 00000000]
specbitsmap_ln0       (specbitsmap      ) [ 00000000]
specinterface_ln0     (specinterface    ) [ 00000000]
specbitsmap_ln0       (specbitsmap      ) [ 00000000]
store_ln37            (store            ) [ 00000000]
store_ln37            (store            ) [ 00000000]
store_ln37            (store            ) [ 00000000]
br_ln37               (br               ) [ 00000000]
i_1                   (load             ) [ 00100000]
indvar_flatten_load   (load             ) [ 00000000]
icmp_ln37             (icmp             ) [ 01111100]
add_ln37_3            (add              ) [ 00000000]
br_ln37               (br               ) [ 00000000]
j_load                (load             ) [ 00000000]
add_ln37              (add              ) [ 00100000]
icmp_ln39             (icmp             ) [ 00100000]
select_ln37           (select           ) [ 01110000]
zext_ln43_5           (zext             ) [ 01110000]
add_ln43_3            (add              ) [ 00000000]
zext_ln43_8           (zext             ) [ 00000000]
b_addr_2              (getelementptr    ) [ 00100000]
store_ln39            (store            ) [ 00000000]
zext_ln43             (zext             ) [ 00000000]
tmp                   (bitconcatenate   ) [ 00000000]
sub_ln43              (sub              ) [ 00000000]
specpipeline_ln0      (specpipeline     ) [ 00000000]
zext_ln43_1           (zext             ) [ 00000000]
tmp_1                 (bitconcatenate   ) [ 00000000]
sub_ln43_1            (sub              ) [ 00000000]
select_ln37_1         (select           ) [ 01010000]
select_ln37_2         (select           ) [ 01010000]
add_ln37_1            (add              ) [ 00000000]
zext_ln43_3           (zext             ) [ 00000000]
a_addr_1              (getelementptr    ) [ 01010000]
add_ln37_2            (add              ) [ 00000000]
zext_ln43_4           (zext             ) [ 00000000]
a_addr_2              (getelementptr    ) [ 01010000]
zext_ln43_6           (zext             ) [ 00000000]
add_ln43_2            (add              ) [ 00000000]
zext_ln43_7           (zext             ) [ 00000000]
b_addr_1              (getelementptr    ) [ 01010000]
b_load_2              (load             ) [ 01010000]
add_ln39              (add              ) [ 00000000]
store_ln39            (store            ) [ 00000000]
store_ln39            (store            ) [ 00000000]
zext_ln41             (zext             ) [ 00000000]
tmp_2                 (bitconcatenate   ) [ 00000000]
sub_ln41              (sub              ) [ 00000000]
zext_ln43_2           (zext             ) [ 00000000]
a_addr                (getelementptr    ) [ 00101000]
a_load_1              (load             ) [ 00101000]
a_load_2              (load             ) [ 00000000]
sext_ln37_2           (sext             ) [ 01101100]
j_cast                (zext             ) [ 00000000]
b_addr                (getelementptr    ) [ 00101000]
add_ln41              (add              ) [ 01101111]
b_load_1              (load             ) [ 00101000]
sext_ln43_2           (sext             ) [ 01101100]
a_load                (load             ) [ 01000100]
sext_ln37_1           (sext             ) [ 01100110]
b_load                (load             ) [ 01000100]
sext_ln43_1           (sext             ) [ 01100110]
sext_ln37             (sext             ) [ 00000000]
sext_ln43             (sext             ) [ 00000000]
mul_ln43              (mul              ) [ 00100010]
mul_ln43_2            (mul              ) [ 00100010]
mul_ln43_1            (mul              ) [ 01000001]
add_ln43              (add              ) [ 01000001]
specloopname_ln0      (specloopname     ) [ 00000000]
speclooptripcount_ln0 (speclooptripcount) [ 00000000]
specpipeline_ln0      (specpipeline     ) [ 00000000]
zext_ln41_1           (zext             ) [ 00000000]
res_addr              (getelementptr    ) [ 00000000]
specloopname_ln39     (specloopname     ) [ 00000000]
add_ln43_1            (add              ) [ 00000000]
store_ln43            (store            ) [ 00000000]
br_ln39               (br               ) [ 00000000]
ret_ln47              (ret              ) [ 00000000]
</LifeTime>

<model>

<comp_list>
<comp id="0" class="1000" name="a">
<pin_list>
<pin id="1" dir="1" index="0" bw="1" slack="0"/>
</pin_list>
<bind>
<StgValue><ssdm name="a"/><MemPortTyVec>1 1 </MemPortTyVec>
</StgValue>
</bind>
</comp>

<comp id="2" class="1000" name="b">
<pin_list>
<pin id="3" dir="1" index="0" bw="1" slack="0"/>
</pin_list>
<bind>
<StgValue><ssdm name="b"/><MemPortTyVec>1 1 </MemPortTyVec>
</StgValue>
</bind>
</comp>

<comp id="4" class="1000" name="res">
<pin_list>
<pin id="5" dir="1" index="0" bw="1" slack="0"/>
</pin_list>
<bind>
<StgValue><ssdm name="res"/><MemPortTyVec>0 3 </MemPortTyVec>
</StgValue>
</bind>
</comp>

<comp id="6" class="1001" name="const_6">
<pin_list>
<pin id="7" dir="1" index="0" bw="1" slack="0"/>
</pin_list>
<bind>
<StgValue><ssdm name=""/></StgValue>
</bind>
</comp>

<comp id="8" class="1001" name="const_8">
<pin_list>
<pin id="9" dir="1" index="0" bw="1" slack="2147483647"/>
</pin_list>
<bind>
<StgValue><ssdm name="_ssdm_op_SpecTopModule"/></StgValue>
</bind>
</comp>

<comp id="10" class="1001" name="const_10">
<pin_list>
<pin id="11" dir="1" index="0" bw="1" slack="2147483647"/>
</pin_list>
<bind>
<StgValue><ssdm name="empty_1"/></StgValue>
</bind>
</comp>

<comp id="12" class="1001" name="const_12">
<pin_list>
<pin id="13" dir="1" index="0" bw="1" slack="2147483647"/>
</pin_list>
<bind>
<StgValue><ssdm name="_ssdm_op_SpecInterface"/></StgValue>
</bind>
</comp>

<comp id="14" class="1001" name="const_14">
<pin_list>
<pin id="15" dir="1" index="0" bw="1" slack="2147483647"/>
</pin_list>
<bind>
<StgValue><ssdm name="empty"/></StgValue>
</bind>
</comp>

<comp id="16" class="1001" name="const_16">
<pin_list>
<pin id="17" dir="1" index="0" bw="1" slack="2147483647"/>
</pin_list>
<bind>
<StgValue><ssdm name=""/></StgValue>
</bind>
</comp>

<comp id="18" class="1001" name="const_18">
<pin_list>
<pin id="19" dir="1" index="0" bw="1" slack="2147483647"/>
</pin_list>
<bind>
<StgValue><ssdm name="empty_0"/></StgValue>
</bind>
</comp>

<comp id="20" class="1001" name="const_20">
<pin_list>
<pin id="21" dir="1" index="0" bw="1" slack="2147483647"/>
</pin_list>
<bind>
<StgValue><ssdm name=""/></StgValue>
</bind>
</comp>

<comp id="22" class="1001" name="const_22">
<pin_list>
<pin id="23" dir="1" index="0" bw="1" slack="2147483647"/>
</pin_list>
<bind>
<StgValue><ssdm name="_ssdm_op_SpecBitsMap"/></StgValue>
</bind>
</comp>

<comp id="24" class="1001" name="const_24">
<pin_list>
<pin id="25" dir="1" index="0" bw="1" slack="0"/>
</pin_list>
<bind>
<StgValue><ssdm name=""/></StgValue>
</bind>
</comp>

<comp id="26" class="1001" name="const_26">
<pin_list>
<pin id="27" dir="1" index="0" bw="1" slack="0"/>
</pin_list>
<bind>
<StgValue><ssdm name=""/></StgValue>
</bind>
</comp>

<comp id="28" class="1001" name="const_28">
<pin_list>
<pin id="29" dir="1" index="0" bw="1" slack="0"/>
</pin_list>
<bind>
<StgValue><ssdm name=""/></StgValue>
</bind>
</comp>

<comp id="30" class="1001" name="const_30">
<pin_list>
<pin id="31" dir="1" index="0" bw="1" slack="0"/>
</pin_list>
<bind>
<StgValue><ssdm name=""/></StgValue>
</bind>
</comp>

<comp id="32" class="1001" name="const_32">
<pin_list>
<pin id="33" dir="1" index="0" bw="1" slack="0"/>
</pin_list>
<bind>
<StgValue><ssdm name=""/></StgValue>
</bind>
</comp>

<comp id="34" class="1001" name="const_34">
<pin_list>
<pin id="35" dir="1" index="0" bw="1" slack="0"/>
</pin_list>
<bind>
<StgValue><ssdm name=""/></StgValue>
</bind>
</comp>

<comp id="36" class="1001" name="const_36">
<pin_list>
<pin id="37" dir="1" index="0" bw="1" slack="0"/>
</pin_list>
<bind>
<StgValue><ssdm name=""/></StgValue>
</bind>
</comp>

<comp id="38" class="1001" name="const_38">
<pin_list>
<pin id="39" dir="1" index="0" bw="1" slack="0"/>
</pin_list>
<bind>
<StgValue><ssdm name=""/></StgValue>
</bind>
</comp>

<comp id="40" class="1001" name="const_40">
<pin_list>
<pin id="41" dir="1" index="0" bw="1" slack="0"/>
</pin_list>
<bind>
<StgValue><ssdm name="_ssdm_op_BitConcatenate.i4.i2.i2"/></StgValue>
</bind>
</comp>

<comp id="42" class="1001" name="const_42">
<pin_list>
<pin id="43" dir="1" index="0" bw="1" slack="2147483647"/>
</pin_list>
<bind>
<StgValue><ssdm name="_ssdm_op_SpecPipeline"/></StgValue>
</bind>
</comp>

<comp id="44" class="1001" name="const_44">
<pin_list>
<pin id="45" dir="1" index="0" bw="1" slack="2147483647"/>
</pin_list>
<bind>
<StgValue><ssdm name="p_str"/></StgValue>
</bind>
</comp>

<comp id="46" class="1001" name="const_46">
<pin_list>
<pin id="47" dir="1" index="0" bw="1" slack="0"/>
</pin_list>
<bind>
<StgValue><ssdm name=""/></StgValue>
</bind>
</comp>

<comp id="48" class="1001" name="const_48">
<pin_list>
<pin id="49" dir="1" index="0" bw="1" slack="0"/>
</pin_list>
<bind>
<StgValue><ssdm name=""/></StgValue>
</bind>
</comp>

<comp id="50" class="1001" name="const_50">
<pin_list>
<pin id="51" dir="1" index="0" bw="1" slack="2147483647"/>
</pin_list>
<bind>
<StgValue><ssdm name="_ssdm_op_SpecLoopName"/></StgValue>
</bind>
</comp>

<comp id="52" class="1001" name="const_52">
<pin_list>
<pin id="53" dir="1" index="0" bw="1" slack="2147483647"/>
</pin_list>
<bind>
<StgValue><ssdm name="Row_Col_str"/></StgValue>
</bind>
</comp>

<comp id="54" class="1001" name="const_54">
<pin_list>
<pin id="55" dir="1" index="0" bw="1" slack="2147483647"/>
</pin_list>
<bind>
<StgValue><ssdm name="_ssdm_op_SpecLoopTripCount"/></StgValue>
</bind>
</comp>

<comp id="56" class="1001" name="const_56">
<pin_list>
<pin id="57" dir="1" index="0" bw="1" slack="2147483647"/>
</pin_list>
<bind>
<StgValue><ssdm name=""/></StgValue>
</bind>
</comp>

<comp id="58" class="1001" name="const_58">
<pin_list>
<pin id="59" dir="1" index="0" bw="1" slack="2147483647"/>
</pin_list>
<bind>
<StgValue><ssdm name="empty_2"/></StgValue>
</bind>
</comp>

<comp id="60" class="1004" name="j_fu_60">
<pin_list>
<pin id="61" dir="0" index="0" bw="1" slack="0"/>
<pin id="62" dir="1" index="1" bw="2" slack="0"/>
</pin_list>
<bind>
<opcode="alloca(26) " fcode="alloca"/>
<opset="j/1 "/>
</bind>
</comp>

<comp id="64" class="1004" name="i_fu_64">
<pin_list>
<pin id="65" dir="0" index="0" bw="1" slack="0"/>
<pin id="66" dir="1" index="1" bw="2" slack="0"/>
</pin_list>
<bind>
<opcode="alloca(26) " fcode="alloca"/>
<opset="i/1 "/>
</bind>
</comp>

<comp id="68" class="1004" name="indvar_flatten_fu_68">
<pin_list>
<pin id="69" dir="0" index="0" bw="1" slack="0"/>
<pin id="70" dir="1" index="1" bw="4" slack="0"/>
</pin_list>
<bind>
<opcode="alloca(26) " fcode="alloca"/>
<opset="indvar_flatten/1 "/>
</bind>
</comp>

<comp id="72" class="1004" name="b_addr_2_gep_fu_72">
<pin_list>
<pin id="73" dir="0" index="0" bw="8" slack="0"/>
<pin id="74" dir="0" index="1" bw="1" slack="0"/>
<pin id="75" dir="0" index="2" bw="4" slack="0"/>
<pin id="76" dir="1" index="3" bw="4" slack="0"/>
</pin_list>
<bind>
<opcode="getelementptr(29) " fcode="getelementptr"/>
<opset="b_addr_2/1 "/>
</bind>
</comp>

<comp id="79" class="1004" name="grp_access_fu_79">
<pin_list>
<pin id="80" dir="0" index="0" bw="4" slack="0"/>
<pin id="81" dir="0" index="1" bw="8" slack="2147483647"/>
<pin id="82" dir="0" index="2" bw="0" slack="0"/>
<pin id="84" dir="0" index="4" bw="4" slack="2147483647"/>
<pin id="85" dir="0" index="5" bw="8" slack="2147483647"/>
<pin id="86" dir="0" index="6" bw="0" slack="2147483647"/>
<pin id="83" dir="1" index="3" bw="8" slack="1"/>
<pin id="87" dir="1" index="7" bw="8" slack="1"/>
</pin_list>
<bind>
<opcode="load(27) " fcode="load"/>
<opset="b_load_2/1 b_load_1/2 b_load/3 "/>
</bind>
</comp>

<comp id="89" class="1004" name="a_addr_1_gep_fu_89">
<pin_list>
<pin id="90" dir="0" index="0" bw="8" slack="0"/>
<pin id="91" dir="0" index="1" bw="1" slack="0"/>
<pin id="92" dir="0" index="2" bw="4" slack="0"/>
<pin id="93" dir="1" index="3" bw="4" slack="0"/>
</pin_list>
<bind>
<opcode="getelementptr(29) " fcode="getelementptr"/>
<opset="a_addr_1/2 "/>
</bind>
</comp>

<comp id="96" class="1004" name="grp_access_fu_96">
<pin_list>
<pin id="97" dir="0" index="0" bw="4" slack="0"/>
<pin id="98" dir="0" index="1" bw="8" slack="2147483647"/>
<pin id="99" dir="0" index="2" bw="0" slack="0"/>
<pin id="101" dir="0" index="4" bw="4" slack="2147483647"/>
<pin id="102" dir="0" index="5" bw="8" slack="2147483647"/>
<pin id="103" dir="0" index="6" bw="0" slack="2147483647"/>
<pin id="100" dir="1" index="3" bw="8" slack="0"/>
<pin id="104" dir="1" index="7" bw="8" slack="1"/>
</pin_list>
<bind>
<opcode="load(27) " fcode="load"/>
<opset="a_load_1/2 a_load_2/2 a_load/3 "/>
</bind>
</comp>

<comp id="106" class="1004" name="a_addr_2_gep_fu_106">
<pin_list>
<pin id="107" dir="0" index="0" bw="8" slack="0"/>
<pin id="108" dir="0" index="1" bw="1" slack="0"/>
<pin id="109" dir="0" index="2" bw="4" slack="0"/>
<pin id="110" dir="1" index="3" bw="4" slack="0"/>
</pin_list>
<bind>
<opcode="getelementptr(29) " fcode="getelementptr"/>
<opset="a_addr_2/2 "/>
</bind>
</comp>

<comp id="114" class="1004" name="b_addr_1_gep_fu_114">
<pin_list>
<pin id="115" dir="0" index="0" bw="8" slack="0"/>
<pin id="116" dir="0" index="1" bw="1" slack="0"/>
<pin id="117" dir="0" index="2" bw="3" slack="0"/>
<pin id="118" dir="1" index="3" bw="4" slack="0"/>
</pin_list>
<bind>
<opcode="getelementptr(29) " fcode="getelementptr"/>
<opset="b_addr_1/2 "/>
</bind>
</comp>

<comp id="122" class="1004" name="a_addr_gep_fu_122">
<pin_list>
<pin id="123" dir="0" index="0" bw="8" slack="0"/>
<pin id="124" dir="0" index="1" bw="1" slack="0"/>
<pin id="125" dir="0" index="2" bw="4" slack="0"/>
<pin id="126" dir="1" index="3" bw="4" slack="0"/>
</pin_list>
<bind>
<opcode="getelementptr(29) " fcode="getelementptr"/>
<opset="a_addr/3 "/>
</bind>
</comp>

<comp id="130" class="1004" name="b_addr_gep_fu_130">
<pin_list>
<pin id="131" dir="0" index="0" bw="8" slack="0"/>
<pin id="132" dir="0" index="1" bw="1" slack="0"/>
<pin id="133" dir="0" index="2" bw="2" slack="0"/>
<pin id="134" dir="1" index="3" bw="4" slack="0"/>
</pin_list>
<bind>
<opcode="getelementptr(29) " fcode="getelementptr"/>
<opset="b_addr/3 "/>
</bind>
</comp>

<comp id="138" class="1004" name="res_addr_gep_fu_138">
<pin_list>
<pin id="139" dir="0" index="0" bw="16" slack="0"/>
<pin id="140" dir="0" index="1" bw="1" slack="0"/>
<pin id="141" dir="0" index="2" bw="4" slack="0"/>
<pin id="142" dir="1" index="3" bw="4" slack="0"/>
</pin_list>
<bind>
<opcode="getelementptr(29) " fcode="getelementptr"/>
<opset="res_addr/7 "/>
</bind>
</comp>

<comp id="145" class="1004" name="store_ln43_access_fu_145">
<pin_list>
<pin id="146" dir="0" index="0" bw="4" slack="0"/>
<pin id="147" dir="0" index="1" bw="16" slack="0"/>
<pin id="148" dir="0" index="2" bw="0" slack="2147483647"/>
<pin id="149" dir="1" index="3" bw="16" slack="2147483647"/>
</pin_list>
<bind>
<opcode="store(28) " fcode="store"/>
<opset="store_ln43/7 "/>
</bind>
</comp>

<comp id="151" class="1005" name="reg_151">
<pin_list>
<pin id="152" dir="0" index="0" bw="8" slack="1"/>
<pin id="153" dir="1" index="1" bw="8" slack="1"/>
</pin_list>
<bind>
<opset="b_load_2 b_load_1 "/>
</bind>
</comp>

<comp id="156" class="1005" name="reg_156">
<pin_list>
<pin id="157" dir="0" index="0" bw="8" slack="1"/>
<pin id="158" dir="1" index="1" bw="8" slack="1"/>
</pin_list>
<bind>
<opset="a_load_1 a_load "/>
</bind>
</comp>

<comp id="161" class="1004" name="store_ln37_store_fu_161">
<pin_list>
<pin id="162" dir="0" index="0" bw="1" slack="0"/>
<pin id="163" dir="0" index="1" bw="4" slack="0"/>
<pin id="164" dir="1" index="2" bw="0" slack="2147483647"/>
</pin_list>
<bind>
<opcode="store(28) " fcode="store"/>
<opset="store_ln37/1 "/>
</bind>
</comp>

<comp id="166" class="1004" name="store_ln37_store_fu_166">
<pin_list>
<pin id="167" dir="0" index="0" bw="1" slack="0"/>
<pin id="168" dir="0" index="1" bw="2" slack="0"/>
<pin id="169" dir="1" index="2" bw="0" slack="2147483647"/>
</pin_list>
<bind>
<opcode="store(28) " fcode="store"/>
<opset="store_ln37/1 "/>
</bind>
</comp>

<comp id="171" class="1004" name="store_ln37_store_fu_171">
<pin_list>
<pin id="172" dir="0" index="0" bw="1" slack="0"/>
<pin id="173" dir="0" index="1" bw="2" slack="0"/>
<pin id="174" dir="1" index="2" bw="0" slack="2147483647"/>
</pin_list>
<bind>
<opcode="store(28) " fcode="store"/>
<opset="store_ln37/1 "/>
</bind>
</comp>

<comp id="176" class="1004" name="i_1_load_fu_176">
<pin_list>
<pin id="177" dir="0" index="0" bw="2" slack="0"/>
<pin id="178" dir="1" index="1" bw="2" slack="0"/>
</pin_list>
<bind>
<opcode="load(27) " fcode="load"/>
<opset="i_1/1 "/>
</bind>
</comp>

<comp id="179" class="1004" name="indvar_flatten_load_load_fu_179">
<pin_list>
<pin id="180" dir="0" index="0" bw="4" slack="0"/>
<pin id="181" dir="1" index="1" bw="4" slack="0"/>
</pin_list>
<bind>
<opcode="load(27) " fcode="load"/>
<opset="indvar_flatten_load/1 "/>
</bind>
</comp>

<comp id="182" class="1004" name="icmp_ln37_fu_182">
<pin_list>
<pin id="183" dir="0" index="0" bw="4" slack="0"/>
<pin id="184" dir="0" index="1" bw="4" slack="0"/>
<pin id="185" dir="1" index="2" bw="1" slack="1"/>
</pin_list>
<bind>
<opcode="icmp(45) " fcode="icmp"/>
<opset="icmp_ln37/1 "/>
</bind>
</comp>

<comp id="188" class="1004" name="add_ln37_3_fu_188">
<pin_list>
<pin id="189" dir="0" index="0" bw="4" slack="0"/>
<pin id="190" dir="0" index="1" bw="1" slack="0"/>
<pin id="191" dir="1" index="2" bw="4" slack="0"/>
</pin_list>
<bind>
<opcode="add(8) " fcode="add"/>
<opset="add_ln37_3/1 "/>
</bind>
</comp>

<comp id="194" class="1004" name="j_load_load_fu_194">
<pin_list>
<pin id="195" dir="0" index="0" bw="2" slack="0"/>
<pin id="196" dir="1" index="1" bw="2" slack="0"/>
</pin_list>
<bind>
<opcode="load(27) " fcode="load"/>
<opset="j_load/1 "/>
</bind>
</comp>

<comp id="197" class="1004" name="add_ln37_fu_197">
<pin_list>
<pin id="198" dir="0" index="0" bw="2" slack="0"/>
<pin id="199" dir="0" index="1" bw="1" slack="0"/>
<pin id="200" dir="1" index="2" bw="2" slack="1"/>
</pin_list>
<bind>
<opcode="add(8) " fcode="add"/>
<opset="add_ln37/1 "/>
</bind>
</comp>

<comp id="203" class="1004" name="icmp_ln39_fu_203">
<pin_list>
<pin id="204" dir="0" index="0" bw="2" slack="0"/>
<pin id="205" dir="0" index="1" bw="1" slack="0"/>
<pin id="206" dir="1" index="2" bw="1" slack="0"/>
</pin_list>
<bind>
<opcode="icmp(45) " fcode="icmp"/>
<opset="icmp_ln39/1 "/>
</bind>
</comp>

<comp id="209" class="1004" name="select_ln37_fu_209">
<pin_list>
<pin id="210" dir="0" index="0" bw="1" slack="0"/>
<pin id="211" dir="0" index="1" bw="1" slack="0"/>
<pin id="212" dir="0" index="2" bw="2" slack="0"/>
<pin id="213" dir="1" index="3" bw="2" slack="0"/>
</pin_list>
<bind>
<opcode="select(49) " fcode="select"/>
<opset="select_ln37/1 "/>
</bind>
</comp>

<comp id="217" class="1004" name="zext_ln43_5_fu_217">
<pin_list>
<pin id="218" dir="0" index="0" bw="2" slack="0"/>
<pin id="219" dir="1" index="1" bw="4" slack="0"/>
</pin_list>
<bind>
<opcode="zext(34) " fcode="zext"/>
<opset="zext_ln43_5/1 "/>
</bind>
</comp>

<comp id="221" class="1004" name="add_ln43_3_fu_221">
<pin_list>
<pin id="222" dir="0" index="0" bw="2" slack="0"/>
<pin id="223" dir="0" index="1" bw="4" slack="0"/>
<pin id="224" dir="1" index="2" bw="4" slack="0"/>
</pin_list>
<bind>
<opcode="add(8) " fcode="add"/>
<opset="add_ln43_3/1 "/>
</bind>
</comp>

<comp id="227" class="1004" name="zext_ln43_8_fu_227">
<pin_list>
<pin id="228" dir="0" index="0" bw="4" slack="0"/>
<pin id="229" dir="1" index="1" bw="64" slack="0"/>
</pin_list>
<bind>
<opcode="zext(34) " fcode="zext"/>
<opset="zext_ln43_8/1 "/>
</bind>
</comp>

<comp id="232" class="1004" name="store_ln39_store_fu_232">
<pin_list>
<pin id="233" dir="0" index="0" bw="4" slack="0"/>
<pin id="234" dir="0" index="1" bw="4" slack="0"/>
<pin id="235" dir="1" index="2" bw="0" slack="2147483647"/>
</pin_list>
<bind>
<opcode="store(28) " fcode="store"/>
<opset="store_ln39/1 "/>
</bind>
</comp>

<comp id="237" class="1004" name="zext_ln43_fu_237">
<pin_list>
<pin id="238" dir="0" index="0" bw="2" slack="1"/>
<pin id="239" dir="1" index="1" bw="4" slack="0"/>
</pin_list>
<bind>
<opcode="zext(34) " fcode="zext"/>
<opset="zext_ln43/2 "/>
</bind>
</comp>

<comp id="240" class="1004" name="tmp_fu_240">
<pin_list>
<pin id="241" dir="0" index="0" bw="4" slack="0"/>
<pin id="242" dir="0" index="1" bw="2" slack="1"/>
<pin id="243" dir="0" index="2" bw="1" slack="0"/>
<pin id="244" dir="1" index="3" bw="4" slack="0"/>
</pin_list>
<bind>
<opcode="bitconcatenate(1004) " fcode="bitconcatenate"/>
<opset="tmp/2 "/>
</bind>
</comp>

<comp id="247" class="1004" name="sub_ln43_fu_247">
<pin_list>
<pin id="248" dir="0" index="0" bw="4" slack="0"/>
<pin id="249" dir="0" index="1" bw="2" slack="0"/>
<pin id="250" dir="1" index="2" bw="4" slack="0"/>
</pin_list>
<bind>
<opcode="sub(10) " fcode="sub"/>
<opset="sub_ln43/2 "/>
</bind>
</comp>

<comp id="253" class="1004" name="zext_ln43_1_fu_253">
<pin_list>
<pin id="254" dir="0" index="0" bw="2" slack="1"/>
<pin id="255" dir="1" index="1" bw="4" slack="0"/>
</pin_list>
<bind>
<opcode="zext(34) " fcode="zext"/>
<opset="zext_ln43_1/2 "/>
</bind>
</comp>

<comp id="256" class="1004" name="tmp_1_fu_256">
<pin_list>
<pin id="257" dir="0" index="0" bw="4" slack="0"/>
<pin id="258" dir="0" index="1" bw="2" slack="1"/>
<pin id="259" dir="0" index="2" bw="1" slack="0"/>
<pin id="260" dir="1" index="3" bw="4" slack="0"/>
</pin_list>
<bind>
<opcode="bitconcatenate(1004) " fcode="bitconcatenate"/>
<opset="tmp_1/2 "/>
</bind>
</comp>

<comp id="263" class="1004" name="sub_ln43_1_fu_263">
<pin_list>
<pin id="264" dir="0" index="0" bw="4" slack="0"/>
<pin id="265" dir="0" index="1" bw="2" slack="0"/>
<pin id="266" dir="1" index="2" bw="4" slack="0"/>
</pin_list>
<bind>
<opcode="sub(10) " fcode="sub"/>
<opset="sub_ln43_1/2 "/>
</bind>
</comp>

<comp id="269" class="1004" name="select_ln37_1_fu_269">
<pin_list>
<pin id="270" dir="0" index="0" bw="1" slack="1"/>
<pin id="271" dir="0" index="1" bw="2" slack="1"/>
<pin id="272" dir="0" index="2" bw="2" slack="1"/>
<pin id="273" dir="1" index="3" bw="2" slack="0"/>
</pin_list>
<bind>
<opcode="select(49) " fcode="select"/>
<opset="select_ln37_1/2 "/>
</bind>
</comp>

<comp id="274" class="1004" name="select_ln37_2_fu_274">
<pin_list>
<pin id="275" dir="0" index="0" bw="1" slack="1"/>
<pin id="276" dir="0" index="1" bw="4" slack="0"/>
<pin id="277" dir="0" index="2" bw="4" slack="0"/>
<pin id="278" dir="1" index="3" bw="4" slack="0"/>
</pin_list>
<bind>
<opcode="select(49) " fcode="select"/>
<opset="select_ln37_2/2 "/>
</bind>
</comp>

<comp id="281" class="1004" name="add_ln37_1_fu_281">
<pin_list>
<pin id="282" dir="0" index="0" bw="4" slack="0"/>
<pin id="283" dir="0" index="1" bw="1" slack="0"/>
<pin id="284" dir="1" index="2" bw="4" slack="0"/>
</pin_list>
<bind>
<opcode="add(8) " fcode="add"/>
<opset="add_ln37_1/2 "/>
</bind>
</comp>

<comp id="287" class="1004" name="zext_ln43_3_fu_287">
<pin_list>
<pin id="288" dir="0" index="0" bw="4" slack="0"/>
<pin id="289" dir="1" index="1" bw="64" slack="0"/>
</pin_list>
<bind>
<opcode="zext(34) " fcode="zext"/>
<opset="zext_ln43_3/2 "/>
</bind>
</comp>

<comp id="292" class="1004" name="add_ln37_2_fu_292">
<pin_list>
<pin id="293" dir="0" index="0" bw="4" slack="0"/>
<pin id="294" dir="0" index="1" bw="3" slack="0"/>
<pin id="295" dir="1" index="2" bw="4" slack="0"/>
</pin_list>
<bind>
<opcode="add(8) " fcode="add"/>
<opset="add_ln37_2/2 "/>
</bind>
</comp>

<comp id="298" class="1004" name="zext_ln43_4_fu_298">
<pin_list>
<pin id="299" dir="0" index="0" bw="4" slack="0"/>
<pin id="300" dir="1" index="1" bw="64" slack="0"/>
</pin_list>
<bind>
<opcode="zext(34) " fcode="zext"/>
<opset="zext_ln43_4/2 "/>
</bind>
</comp>

<comp id="303" class="1004" name="zext_ln43_6_fu_303">
<pin_list>
<pin id="304" dir="0" index="0" bw="2" slack="1"/>
<pin id="305" dir="1" index="1" bw="3" slack="0"/>
</pin_list>
<bind>
<opcode="zext(34) " fcode="zext"/>
<opset="zext_ln43_6/2 "/>
</bind>
</comp>

<comp id="306" class="1004" name="add_ln43_2_fu_306">
<pin_list>
<pin id="307" dir="0" index="0" bw="2" slack="0"/>
<pin id="308" dir="0" index="1" bw="3" slack="0"/>
<pin id="309" dir="1" index="2" bw="3" slack="0"/>
</pin_list>
<bind>
<opcode="add(8) " fcode="add"/>
<opset="add_ln43_2/2 "/>
</bind>
</comp>

<comp id="312" class="1004" name="zext_ln43_7_fu_312">
<pin_list>
<pin id="313" dir="0" index="0" bw="3" slack="0"/>
<pin id="314" dir="1" index="1" bw="64" slack="0"/>
</pin_list>
<bind>
<opcode="zext(34) " fcode="zext"/>
<opset="zext_ln43_7/2 "/>
</bind>
</comp>

<comp id="317" class="1004" name="add_ln39_fu_317">
<pin_list>
<pin id="318" dir="0" index="0" bw="2" slack="1"/>
<pin id="319" dir="0" index="1" bw="1" slack="0"/>
<pin id="320" dir="1" index="2" bw="2" slack="0"/>
</pin_list>
<bind>
<opcode="add(8) " fcode="add"/>
<opset="add_ln39/2 "/>
</bind>
</comp>

<comp id="322" class="1004" name="store_ln39_store_fu_322">
<pin_list>
<pin id="323" dir="0" index="0" bw="2" slack="0"/>
<pin id="324" dir="0" index="1" bw="2" slack="1"/>
<pin id="325" dir="1" index="2" bw="0" slack="2147483647"/>
</pin_list>
<bind>
<opcode="store(28) " fcode="store"/>
<opset="store_ln39/2 "/>
</bind>
</comp>

<comp id="327" class="1004" name="store_ln39_store_fu_327">
<pin_list>
<pin id="328" dir="0" index="0" bw="2" slack="0"/>
<pin id="329" dir="0" index="1" bw="2" slack="1"/>
<pin id="330" dir="1" index="2" bw="0" slack="2147483647"/>
</pin_list>
<bind>
<opcode="store(28) " fcode="store"/>
<opset="store_ln39/2 "/>
</bind>
</comp>

<comp id="332" class="1004" name="zext_ln41_fu_332">
<pin_list>
<pin id="333" dir="0" index="0" bw="2" slack="1"/>
<pin id="334" dir="1" index="1" bw="4" slack="0"/>
</pin_list>
<bind>
<opcode="zext(34) " fcode="zext"/>
<opset="zext_ln41/3 "/>
</bind>
</comp>

<comp id="335" class="1004" name="tmp_2_fu_335">
<pin_list>
<pin id="336" dir="0" index="0" bw="4" slack="0"/>
<pin id="337" dir="0" index="1" bw="2" slack="1"/>
<pin id="338" dir="0" index="2" bw="1" slack="0"/>
<pin id="339" dir="1" index="3" bw="4" slack="0"/>
</pin_list>
<bind>
<opcode="bitconcatenate(1004) " fcode="bitconcatenate"/>
<opset="tmp_2/3 "/>
</bind>
</comp>

<comp id="342" class="1004" name="sub_ln41_fu_342">
<pin_list>
<pin id="343" dir="0" index="0" bw="4" slack="0"/>
<pin id="344" dir="0" index="1" bw="2" slack="0"/>
<pin id="345" dir="1" index="2" bw="4" slack="0"/>
</pin_list>
<bind>
<opcode="sub(10) " fcode="sub"/>
<opset="sub_ln41/3 "/>
</bind>
</comp>

<comp id="348" class="1004" name="zext_ln43_2_fu_348">
<pin_list>
<pin id="349" dir="0" index="0" bw="4" slack="1"/>
<pin id="350" dir="1" index="1" bw="64" slack="0"/>
</pin_list>
<bind>
<opcode="zext(34) " fcode="zext"/>
<opset="zext_ln43_2/3 "/>
</bind>
</comp>

<comp id="352" class="1004" name="sext_ln37_2_fu_352">
<pin_list>
<pin id="353" dir="0" index="0" bw="8" slack="0"/>
<pin id="354" dir="1" index="1" bw="16" slack="0"/>
</pin_list>
<bind>
<opcode="sext(35) " fcode="sext"/>
<opset="sext_ln37_2/3 "/>
</bind>
</comp>

<comp id="356" class="1004" name="j_cast_fu_356">
<pin_list>
<pin id="357" dir="0" index="0" bw="2" slack="2"/>
<pin id="358" dir="1" index="1" bw="64" slack="0"/>
</pin_list>
<bind>
<opcode="zext(34) " fcode="zext"/>
<opset="j_cast/3 "/>
</bind>
</comp>

<comp id="360" class="1004" name="add_ln41_fu_360">
<pin_list>
<pin id="361" dir="0" index="0" bw="4" slack="0"/>
<pin id="362" dir="0" index="1" bw="2" slack="2"/>
<pin id="363" dir="1" index="2" bw="4" slack="4"/>
</pin_list>
<bind>
<opcode="add(8) " fcode="add"/>
<opset="add_ln41/3 "/>
</bind>
</comp>

<comp id="365" class="1004" name="sext_ln43_2_fu_365">
<pin_list>
<pin id="366" dir="0" index="0" bw="8" slack="1"/>
<pin id="367" dir="1" index="1" bw="16" slack="0"/>
</pin_list>
<bind>
<opcode="sext(35) " fcode="sext"/>
<opset="sext_ln43_2/3 "/>
</bind>
</comp>

<comp id="369" class="1004" name="sext_ln37_1_fu_369">
<pin_list>
<pin id="370" dir="0" index="0" bw="8" slack="1"/>
<pin id="371" dir="1" index="1" bw="16" slack="0"/>
</pin_list>
<bind>
<opcode="sext(35) " fcode="sext"/>
<opset="sext_ln37_1/4 "/>
</bind>
</comp>

<comp id="373" class="1004" name="sext_ln43_1_fu_373">
<pin_list>
<pin id="374" dir="0" index="0" bw="8" slack="1"/>
<pin id="375" dir="1" index="1" bw="16" slack="0"/>
</pin_list>
<bind>
<opcode="sext(35) " fcode="sext"/>
<opset="sext_ln43_1/4 "/>
</bind>
</comp>

<comp id="377" class="1004" name="sext_ln37_fu_377">
<pin_list>
<pin id="378" dir="0" index="0" bw="8" slack="1"/>
<pin id="379" dir="1" index="1" bw="16" slack="0"/>
</pin_list>
<bind>
<opcode="sext(35) " fcode="sext"/>
<opset="sext_ln37/5 "/>
</bind>
</comp>

<comp id="381" class="1004" name="sext_ln43_fu_381">
<pin_list>
<pin id="382" dir="0" index="0" bw="8" slack="1"/>
<pin id="383" dir="1" index="1" bw="16" slack="0"/>
</pin_list>
<bind>
<opcode="sext(35) " fcode="sext"/>
<opset="sext_ln43/5 "/>
</bind>
</comp>

<comp id="384" class="1004" name="mul_ln43_fu_384">
<pin_list>
<pin id="385" dir="0" index="0" bw="8" slack="0"/>
<pin id="386" dir="0" index="1" bw="8" slack="0"/>
<pin id="387" dir="1" index="2" bw="16" slack="0"/>
</pin_list>
<bind>
<opcode="mul(12) " fcode="mul"/>
<opset="mul_ln43/5 "/>
</bind>
</comp>

<comp id="390" class="1004" name="zext_ln41_1_fu_390">
<pin_list>
<pin id="391" dir="0" index="0" bw="4" slack="4"/>
<pin id="392" dir="1" index="1" bw="64" slack="0"/>
</pin_list>
<bind>
<opcode="zext(34) " fcode="zext"/>
<opset="zext_ln41_1/7 "/>
</bind>
</comp>

<comp id="394" class="1007" name="grp_fu_394">
<pin_list>
<pin id="395" dir="0" index="0" bw="8" slack="0"/>
<pin id="396" dir="0" index="1" bw="8" slack="0"/>
<pin id="397" dir="0" index="2" bw="16" slack="0"/>
<pin id="398" dir="1" index="3" bw="16" slack="0"/>
</pin_list>
<bind>
<opcode="muladd(1172) " fcode="muladd"/>
<opset="mul_ln43_2/3 add_ln43/5 "/>
</bind>
</comp>

<comp id="402" class="1007" name="grp_fu_402">
<pin_list>
<pin id="403" dir="0" index="0" bw="8" slack="0"/>
<pin id="404" dir="0" index="1" bw="8" slack="0"/>
<pin id="405" dir="0" index="2" bw="16" slack="0"/>
<pin id="406" dir="1" index="3" bw="16" slack="0"/>
</pin_list>
<bind>
<opcode="muladd(1172) " fcode="muladd"/>
<opset="mul_ln43_1/4 add_ln43_1/6 "/>
</bind>
</comp>

<comp id="411" class="1005" name="j_reg_411">
<pin_list>
<pin id="412" dir="0" index="0" bw="2" slack="0"/>
<pin id="413" dir="1" index="1" bw="2" slack="0"/>
</pin_list>
<bind>
<opset="j "/>
</bind>
</comp>

<comp id="418" class="1005" name="i_reg_418">
<pin_list>
<pin id="419" dir="0" index="0" bw="2" slack="0"/>
<pin id="420" dir="1" index="1" bw="2" slack="0"/>
</pin_list>
<bind>
<opset="i "/>
</bind>
</comp>

<comp id="425" class="1005" name="indvar_flatten_reg_425">
<pin_list>
<pin id="426" dir="0" index="0" bw="4" slack="0"/>
<pin id="427" dir="1" index="1" bw="4" slack="0"/>
</pin_list>
<bind>
<opset="indvar_flatten "/>
</bind>
</comp>

<comp id="432" class="1005" name="i_1_reg_432">
<pin_list>
<pin id="433" dir="0" index="0" bw="2" slack="1"/>
<pin id="434" dir="1" index="1" bw="2" slack="1"/>
</pin_list>
<bind>
<opset="i_1 "/>
</bind>
</comp>

<comp id="439" class="1005" name="icmp_ln37_reg_439">
<pin_list>
<pin id="440" dir="0" index="0" bw="1" slack="1"/>
<pin id="441" dir="1" index="1" bw="1" slack="2147483647"/>
</pin_list>
<bind>
<opset="icmp_ln37 "/>
</bind>
</comp>

<comp id="443" class="1005" name="add_ln37_reg_443">
<pin_list>
<pin id="444" dir="0" index="0" bw="2" slack="1"/>
<pin id="445" dir="1" index="1" bw="2" slack="1"/>
</pin_list>
<bind>
<opset="add_ln37 "/>
</bind>
</comp>

<comp id="450" class="1005" name="icmp_ln39_reg_450">
<pin_list>
<pin id="451" dir="0" index="0" bw="1" slack="1"/>
<pin id="452" dir="1" index="1" bw="1" slack="1"/>
</pin_list>
<bind>
<opset="icmp_ln39 "/>
</bind>
</comp>

<comp id="456" class="1005" name="select_ln37_reg_456">
<pin_list>
<pin id="457" dir="0" index="0" bw="2" slack="1"/>
<pin id="458" dir="1" index="1" bw="2" slack="1"/>
</pin_list>
<bind>
<opset="select_ln37 "/>
</bind>
</comp>

<comp id="463" class="1005" name="zext_ln43_5_reg_463">
<pin_list>
<pin id="464" dir="0" index="0" bw="4" slack="2"/>
<pin id="465" dir="1" index="1" bw="4" slack="2"/>
</pin_list>
<bind>
<opset="zext_ln43_5 "/>
</bind>
</comp>

<comp id="468" class="1005" name="b_addr_2_reg_468">
<pin_list>
<pin id="469" dir="0" index="0" bw="4" slack="1"/>
<pin id="470" dir="1" index="1" bw="4" slack="1"/>
</pin_list>
<bind>
<opset="b_addr_2 "/>
</bind>
</comp>

<comp id="473" class="1005" name="select_ln37_1_reg_473">
<pin_list>
<pin id="474" dir="0" index="0" bw="2" slack="1"/>
<pin id="475" dir="1" index="1" bw="2" slack="1"/>
</pin_list>
<bind>
<opset="select_ln37_1 "/>
</bind>
</comp>

<comp id="479" class="1005" name="select_ln37_2_reg_479">
<pin_list>
<pin id="480" dir="0" index="0" bw="4" slack="1"/>
<pin id="481" dir="1" index="1" bw="4" slack="1"/>
</pin_list>
<bind>
<opset="select_ln37_2 "/>
</bind>
</comp>

<comp id="484" class="1005" name="a_addr_1_reg_484">
<pin_list>
<pin id="485" dir="0" index="0" bw="4" slack="1"/>
<pin id="486" dir="1" index="1" bw="4" slack="1"/>
</pin_list>
<bind>
<opset="a_addr_1 "/>
</bind>
</comp>

<comp id="489" class="1005" name="a_addr_2_reg_489">
<pin_list>
<pin id="490" dir="0" index="0" bw="4" slack="1"/>
<pin id="491" dir="1" index="1" bw="4" slack="1"/>
</pin_list>
<bind>
<opset="a_addr_2 "/>
</bind>
</comp>

<comp id="494" class="1005" name="b_addr_1_reg_494">
<pin_list>
<pin id="495" dir="0" index="0" bw="4" slack="1"/>
<pin id="496" dir="1" index="1" bw="4" slack="1"/>
</pin_list>
<bind>
<opset="b_addr_1 "/>
</bind>
</comp>

<comp id="499" class="1005" name="a_addr_reg_499">
<pin_list>
<pin id="500" dir="0" index="0" bw="4" slack="1"/>
<pin id="501" dir="1" index="1" bw="4" slack="1"/>
</pin_list>
<bind>
<opset="a_addr "/>
</bind>
</comp>

<comp id="504" class="1005" name="sext_ln37_2_reg_504">
<pin_list>
<pin id="505" dir="0" index="0" bw="16" slack="1"/>
<pin id="506" dir="1" index="1" bw="16" slack="1"/>
</pin_list>
<bind>
<opset="sext_ln37_2 "/>
</bind>
</comp>

<comp id="509" class="1005" name="b_addr_reg_509">
<pin_list>
<pin id="510" dir="0" index="0" bw="4" slack="1"/>
<pin id="511" dir="1" index="1" bw="4" slack="1"/>
</pin_list>
<bind>
<opset="b_addr "/>
</bind>
</comp>

<comp id="514" class="1005" name="add_ln41_reg_514">
<pin_list>
<pin id="515" dir="0" index="0" bw="4" slack="4"/>
<pin id="516" dir="1" index="1" bw="4" slack="4"/>
</pin_list>
<bind>
<opset="add_ln41 "/>
</bind>
</comp>

<comp id="519" class="1005" name="sext_ln43_2_reg_519">
<pin_list>
<pin id="520" dir="0" index="0" bw="16" slack="1"/>
<pin id="521" dir="1" index="1" bw="16" slack="1"/>
</pin_list>
<bind>
<opset="sext_ln43_2 "/>
</bind>
</comp>

<comp id="524" class="1005" name="sext_ln37_1_reg_524">
<pin_list>
<pin id="525" dir="0" index="0" bw="16" slack="1"/>
<pin id="526" dir="1" index="1" bw="16" slack="1"/>
</pin_list>
<bind>
<opset="sext_ln37_1 "/>
</bind>
</comp>

<comp id="529" class="1005" name="b_load_reg_529">
<pin_list>
<pin id="530" dir="0" index="0" bw="8" slack="1"/>
<pin id="531" dir="1" index="1" bw="8" slack="1"/>
</pin_list>
<bind>
<opset="b_load "/>
</bind>
</comp>

<comp id="534" class="1005" name="sext_ln43_1_reg_534">
<pin_list>
<pin id="535" dir="0" index="0" bw="16" slack="1"/>
<pin id="536" dir="1" index="1" bw="16" slack="1"/>
</pin_list>
<bind>
<opset="sext_ln43_1 "/>
</bind>
</comp>

<comp id="539" class="1005" name="mul_ln43_reg_539">
<pin_list>
<pin id="540" dir="0" index="0" bw="16" slack="1"/>
<pin id="541" dir="1" index="1" bw="16" slack="1"/>
</pin_list>
<bind>
<opset="mul_ln43 "/>
</bind>
</comp>

<comp id="544" class="1005" name="add_ln43_reg_544">
<pin_list>
<pin id="545" dir="0" index="0" bw="16" slack="1"/>
<pin id="546" dir="1" index="1" bw="16" slack="1"/>
</pin_list>
<bind>
<opset="add_ln43 "/>
</bind>
</comp>

</comp_list>

<net_list>
<net id="63"><net_src comp="6" pin="0"/><net_sink comp="60" pin=0"/></net>

<net id="67"><net_src comp="6" pin="0"/><net_sink comp="64" pin=0"/></net>

<net id="71"><net_src comp="6" pin="0"/><net_sink comp="68" pin=0"/></net>

<net id="77"><net_src comp="2" pin="0"/><net_sink comp="72" pin=0"/></net>

<net id="78"><net_src comp="38" pin="0"/><net_sink comp="72" pin=1"/></net>

<net id="88"><net_src comp="72" pin="3"/><net_sink comp="79" pin=2"/></net>

<net id="94"><net_src comp="0" pin="0"/><net_sink comp="89" pin=0"/></net>

<net id="95"><net_src comp="38" pin="0"/><net_sink comp="89" pin=1"/></net>

<net id="105"><net_src comp="89" pin="3"/><net_sink comp="96" pin=2"/></net>

<net id="111"><net_src comp="0" pin="0"/><net_sink comp="106" pin=0"/></net>

<net id="112"><net_src comp="38" pin="0"/><net_sink comp="106" pin=1"/></net>

<net id="113"><net_src comp="106" pin="3"/><net_sink comp="96" pin=0"/></net>

<net id="119"><net_src comp="2" pin="0"/><net_sink comp="114" pin=0"/></net>

<net id="120"><net_src comp="38" pin="0"/><net_sink comp="114" pin=1"/></net>

<net id="121"><net_src comp="114" pin="3"/><net_sink comp="79" pin=0"/></net>

<net id="127"><net_src comp="0" pin="0"/><net_sink comp="122" pin=0"/></net>

<net id="128"><net_src comp="38" pin="0"/><net_sink comp="122" pin=1"/></net>

<net id="129"><net_src comp="122" pin="3"/><net_sink comp="96" pin=0"/></net>

<net id="135"><net_src comp="2" pin="0"/><net_sink comp="130" pin=0"/></net>

<net id="136"><net_src comp="38" pin="0"/><net_sink comp="130" pin=1"/></net>

<net id="137"><net_src comp="130" pin="3"/><net_sink comp="79" pin=0"/></net>

<net id="143"><net_src comp="4" pin="0"/><net_sink comp="138" pin=0"/></net>

<net id="144"><net_src comp="38" pin="0"/><net_sink comp="138" pin=1"/></net>

<net id="150"><net_src comp="138" pin="3"/><net_sink comp="145" pin=0"/></net>

<net id="154"><net_src comp="79" pin="7"/><net_sink comp="151" pin=0"/></net>

<net id="155"><net_src comp="79" pin="3"/><net_sink comp="151" pin=0"/></net>

<net id="159"><net_src comp="96" pin="7"/><net_sink comp="156" pin=0"/></net>

<net id="160"><net_src comp="96" pin="3"/><net_sink comp="156" pin=0"/></net>

<net id="165"><net_src comp="24" pin="0"/><net_sink comp="161" pin=0"/></net>

<net id="170"><net_src comp="26" pin="0"/><net_sink comp="166" pin=0"/></net>

<net id="175"><net_src comp="26" pin="0"/><net_sink comp="171" pin=0"/></net>

<net id="186"><net_src comp="179" pin="1"/><net_sink comp="182" pin=0"/></net>

<net id="187"><net_src comp="28" pin="0"/><net_sink comp="182" pin=1"/></net>

<net id="192"><net_src comp="179" pin="1"/><net_sink comp="188" pin=0"/></net>

<net id="193"><net_src comp="30" pin="0"/><net_sink comp="188" pin=1"/></net>

<net id="201"><net_src comp="176" pin="1"/><net_sink comp="197" pin=0"/></net>

<net id="202"><net_src comp="32" pin="0"/><net_sink comp="197" pin=1"/></net>

<net id="207"><net_src comp="194" pin="1"/><net_sink comp="203" pin=0"/></net>

<net id="208"><net_src comp="34" pin="0"/><net_sink comp="203" pin=1"/></net>

<net id="214"><net_src comp="203" pin="2"/><net_sink comp="209" pin=0"/></net>

<net id="215"><net_src comp="26" pin="0"/><net_sink comp="209" pin=1"/></net>

<net id="216"><net_src comp="194" pin="1"/><net_sink comp="209" pin=2"/></net>

<net id="220"><net_src comp="209" pin="3"/><net_sink comp="217" pin=0"/></net>

<net id="225"><net_src comp="217" pin="1"/><net_sink comp="221" pin=0"/></net>

<net id="226"><net_src comp="36" pin="0"/><net_sink comp="221" pin=1"/></net>

<net id="230"><net_src comp="221" pin="2"/><net_sink comp="227" pin=0"/></net>

<net id="231"><net_src comp="227" pin="1"/><net_sink comp="72" pin=2"/></net>

<net id="236"><net_src comp="188" pin="2"/><net_sink comp="232" pin=0"/></net>

<net id="245"><net_src comp="40" pin="0"/><net_sink comp="240" pin=0"/></net>

<net id="246"><net_src comp="26" pin="0"/><net_sink comp="240" pin=2"/></net>

<net id="251"><net_src comp="240" pin="3"/><net_sink comp="247" pin=0"/></net>

<net id="252"><net_src comp="237" pin="1"/><net_sink comp="247" pin=1"/></net>

<net id="261"><net_src comp="40" pin="0"/><net_sink comp="256" pin=0"/></net>

<net id="262"><net_src comp="26" pin="0"/><net_sink comp="256" pin=2"/></net>

<net id="267"><net_src comp="256" pin="3"/><net_sink comp="263" pin=0"/></net>

<net id="268"><net_src comp="253" pin="1"/><net_sink comp="263" pin=1"/></net>

<net id="279"><net_src comp="263" pin="2"/><net_sink comp="274" pin=1"/></net>

<net id="280"><net_src comp="247" pin="2"/><net_sink comp="274" pin=2"/></net>

<net id="285"><net_src comp="274" pin="3"/><net_sink comp="281" pin=0"/></net>

<net id="286"><net_src comp="30" pin="0"/><net_sink comp="281" pin=1"/></net>

<net id="290"><net_src comp="281" pin="2"/><net_sink comp="287" pin=0"/></net>

<net id="291"><net_src comp="287" pin="1"/><net_sink comp="89" pin=2"/></net>

<net id="296"><net_src comp="274" pin="3"/><net_sink comp="292" pin=0"/></net>

<net id="297"><net_src comp="46" pin="0"/><net_sink comp="292" pin=1"/></net>

<net id="301"><net_src comp="292" pin="2"/><net_sink comp="298" pin=0"/></net>

<net id="302"><net_src comp="298" pin="1"/><net_sink comp="106" pin=2"/></net>

<net id="310"><net_src comp="303" pin="1"/><net_sink comp="306" pin=0"/></net>

<net id="311"><net_src comp="48" pin="0"/><net_sink comp="306" pin=1"/></net>

<net id="315"><net_src comp="306" pin="2"/><net_sink comp="312" pin=0"/></net>

<net id="316"><net_src comp="312" pin="1"/><net_sink comp="114" pin=2"/></net>

<net id="321"><net_src comp="32" pin="0"/><net_sink comp="317" pin=1"/></net>

<net id="326"><net_src comp="269" pin="3"/><net_sink comp="322" pin=0"/></net>

<net id="331"><net_src comp="317" pin="2"/><net_sink comp="327" pin=0"/></net>

<net id="340"><net_src comp="40" pin="0"/><net_sink comp="335" pin=0"/></net>

<net id="341"><net_src comp="26" pin="0"/><net_sink comp="335" pin=2"/></net>

<net id="346"><net_src comp="335" pin="3"/><net_sink comp="342" pin=0"/></net>

<net id="347"><net_src comp="332" pin="1"/><net_sink comp="342" pin=1"/></net>

<net id="351"><net_src comp="348" pin="1"/><net_sink comp="122" pin=2"/></net>

<net id="355"><net_src comp="96" pin="3"/><net_sink comp="352" pin=0"/></net>

<net id="359"><net_src comp="356" pin="1"/><net_sink comp="130" pin=2"/></net>

<net id="364"><net_src comp="342" pin="2"/><net_sink comp="360" pin=0"/></net>

<net id="368"><net_src comp="151" pin="1"/><net_sink comp="365" pin=0"/></net>

<net id="372"><net_src comp="156" pin="1"/><net_sink comp="369" pin=0"/></net>

<net id="376"><net_src comp="151" pin="1"/><net_sink comp="373" pin=0"/></net>

<net id="380"><net_src comp="156" pin="1"/><net_sink comp="377" pin=0"/></net>

<net id="388"><net_src comp="381" pin="1"/><net_sink comp="384" pin=0"/></net>

<net id="389"><net_src comp="377" pin="1"/><net_sink comp="384" pin=1"/></net>

<net id="393"><net_src comp="390" pin="1"/><net_sink comp="138" pin=2"/></net>

<net id="399"><net_src comp="365" pin="1"/><net_sink comp="394" pin=0"/></net>

<net id="400"><net_src comp="352" pin="1"/><net_sink comp="394" pin=1"/></net>

<net id="401"><net_src comp="384" pin="2"/><net_sink comp="394" pin=2"/></net>

<net id="407"><net_src comp="373" pin="1"/><net_sink comp="402" pin=0"/></net>

<net id="408"><net_src comp="369" pin="1"/><net_sink comp="402" pin=1"/></net>

<net id="409"><net_src comp="394" pin="3"/><net_sink comp="402" pin=2"/></net>

<net id="410"><net_src comp="402" pin="3"/><net_sink comp="145" pin=1"/></net>

<net id="414"><net_src comp="60" pin="1"/><net_sink comp="411" pin=0"/></net>

<net id="415"><net_src comp="411" pin="1"/><net_sink comp="171" pin=1"/></net>

<net id="416"><net_src comp="411" pin="1"/><net_sink comp="194" pin=0"/></net>

<net id="417"><net_src comp="411" pin="1"/><net_sink comp="327" pin=1"/></net>

<net id="421"><net_src comp="64" pin="1"/><net_sink comp="418" pin=0"/></net>

<net id="422"><net_src comp="418" pin="1"/><net_sink comp="166" pin=1"/></net>

<net id="423"><net_src comp="418" pin="1"/><net_sink comp="176" pin=0"/></net>

<net id="424"><net_src comp="418" pin="1"/><net_sink comp="322" pin=1"/></net>

<net id="428"><net_src comp="68" pin="1"/><net_sink comp="425" pin=0"/></net>

<net id="429"><net_src comp="425" pin="1"/><net_sink comp="161" pin=1"/></net>

<net id="430"><net_src comp="425" pin="1"/><net_sink comp="179" pin=0"/></net>

<net id="431"><net_src comp="425" pin="1"/><net_sink comp="232" pin=1"/></net>

<net id="435"><net_src comp="176" pin="1"/><net_sink comp="432" pin=0"/></net>

<net id="436"><net_src comp="432" pin="1"/><net_sink comp="237" pin=0"/></net>

<net id="437"><net_src comp="432" pin="1"/><net_sink comp="240" pin=1"/></net>

<net id="438"><net_src comp="432" pin="1"/><net_sink comp="269" pin=2"/></net>

<net id="442"><net_src comp="182" pin="2"/><net_sink comp="439" pin=0"/></net>

<net id="446"><net_src comp="197" pin="2"/><net_sink comp="443" pin=0"/></net>

<net id="447"><net_src comp="443" pin="1"/><net_sink comp="253" pin=0"/></net>

<net id="448"><net_src comp="443" pin="1"/><net_sink comp="256" pin=1"/></net>

<net id="449"><net_src comp="443" pin="1"/><net_sink comp="269" pin=1"/></net>

<net id="453"><net_src comp="203" pin="2"/><net_sink comp="450" pin=0"/></net>

<net id="454"><net_src comp="450" pin="1"/><net_sink comp="269" pin=0"/></net>

<net id="455"><net_src comp="450" pin="1"/><net_sink comp="274" pin=0"/></net>

<net id="459"><net_src comp="209" pin="3"/><net_sink comp="456" pin=0"/></net>

<net id="460"><net_src comp="456" pin="1"/><net_sink comp="303" pin=0"/></net>

<net id="461"><net_src comp="456" pin="1"/><net_sink comp="317" pin=0"/></net>

<net id="462"><net_src comp="456" pin="1"/><net_sink comp="356" pin=0"/></net>

<net id="466"><net_src comp="217" pin="1"/><net_sink comp="463" pin=0"/></net>

<net id="467"><net_src comp="463" pin="1"/><net_sink comp="360" pin=1"/></net>

<net id="471"><net_src comp="72" pin="3"/><net_sink comp="468" pin=0"/></net>

<net id="472"><net_src comp="468" pin="1"/><net_sink comp="79" pin=2"/></net>

<net id="476"><net_src comp="269" pin="3"/><net_sink comp="473" pin=0"/></net>

<net id="477"><net_src comp="473" pin="1"/><net_sink comp="332" pin=0"/></net>

<net id="478"><net_src comp="473" pin="1"/><net_sink comp="335" pin=1"/></net>

<net id="482"><net_src comp="274" pin="3"/><net_sink comp="479" pin=0"/></net>

<net id="483"><net_src comp="479" pin="1"/><net_sink comp="348" pin=0"/></net>

<net id="487"><net_src comp="89" pin="3"/><net_sink comp="484" pin=0"/></net>

<net id="488"><net_src comp="484" pin="1"/><net_sink comp="96" pin=2"/></net>

<net id="492"><net_src comp="106" pin="3"/><net_sink comp="489" pin=0"/></net>

<net id="493"><net_src comp="489" pin="1"/><net_sink comp="96" pin=0"/></net>

<net id="497"><net_src comp="114" pin="3"/><net_sink comp="494" pin=0"/></net>

<net id="498"><net_src comp="494" pin="1"/><net_sink comp="79" pin=0"/></net>

<net id="502"><net_src comp="122" pin="3"/><net_sink comp="499" pin=0"/></net>

<net id="503"><net_src comp="499" pin="1"/><net_sink comp="96" pin=0"/></net>

<net id="507"><net_src comp="352" pin="1"/><net_sink comp="504" pin=0"/></net>

<net id="508"><net_src comp="504" pin="1"/><net_sink comp="394" pin=1"/></net>

<net id="512"><net_src comp="130" pin="3"/><net_sink comp="509" pin=0"/></net>

<net id="513"><net_src comp="509" pin="1"/><net_sink comp="79" pin=0"/></net>

<net id="517"><net_src comp="360" pin="2"/><net_sink comp="514" pin=0"/></net>

<net id="518"><net_src comp="514" pin="1"/><net_sink comp="390" pin=0"/></net>

<net id="522"><net_src comp="365" pin="1"/><net_sink comp="519" pin=0"/></net>

<net id="523"><net_src comp="519" pin="1"/><net_sink comp="394" pin=0"/></net>

<net id="527"><net_src comp="369" pin="1"/><net_sink comp="524" pin=0"/></net>

<net id="528"><net_src comp="524" pin="1"/><net_sink comp="402" pin=1"/></net>

<net id="532"><net_src comp="79" pin="3"/><net_sink comp="529" pin=0"/></net>

<net id="533"><net_src comp="529" pin="1"/><net_sink comp="381" pin=0"/></net>

<net id="537"><net_src comp="373" pin="1"/><net_sink comp="534" pin=0"/></net>

<net id="538"><net_src comp="534" pin="1"/><net_sink comp="402" pin=0"/></net>

<net id="542"><net_src comp="384" pin="2"/><net_sink comp="539" pin=0"/></net>

<net id="543"><net_src comp="539" pin="1"/><net_sink comp="394" pin=0"/></net>

<net id="547"><net_src comp="394" pin="3"/><net_sink comp="544" pin=0"/></net>

<net id="548"><net_src comp="544" pin="1"/><net_sink comp="402" pin=0"/></net>

</net_list>

</model> 
---------------- Datapath Model END ------------------

* FSMD analyzer results:
  - Output states:
	Port: res | {7 }
 - Input state : 
	Port: matrixmul : a | {2 3 4 }
	Port: matrixmul : b | {1 2 3 4 }
  - Chain level:
	State 1
		store_ln37 : 1
		store_ln37 : 1
		store_ln37 : 1
		i_1 : 1
		indvar_flatten_load : 1
		icmp_ln37 : 2
		add_ln37_3 : 2
		br_ln37 : 3
		j_load : 1
		add_ln37 : 2
		icmp_ln39 : 2
		select_ln37 : 3
		zext_ln43_5 : 4
		add_ln43_3 : 5
		zext_ln43_8 : 6
		b_addr_2 : 7
		b_load_2 : 8
		store_ln39 : 3
	State 2
		sub_ln43 : 1
		sub_ln43_1 : 1
		select_ln37_2 : 2
		add_ln37_1 : 3
		zext_ln43_3 : 4
		a_addr_1 : 5
		a_load_1 : 6
		add_ln37_2 : 3
		zext_ln43_4 : 4
		a_addr_2 : 5
		a_load_2 : 6
		add_ln43_2 : 1
		zext_ln43_7 : 2
		b_addr_1 : 3
		b_load_1 : 4
		store_ln39 : 1
		store_ln39 : 1
	State 3
		sub_ln41 : 1
		a_addr : 1
		a_load : 2
		sext_ln37_2 : 1
		b_addr : 1
		add_ln41 : 2
		b_load : 2
		mul_ln43_2 : 2
	State 4
		mul_ln43_1 : 1
	State 5
		mul_ln43 : 1
		add_ln43 : 2
	State 6
		add_ln43_1 : 1
	State 7
		res_addr : 1
		store_ln43 : 2


============================================================
+ Verbose Summary: Datapath Resource usage 
============================================================

* Functional unit list:
|----------|----------------------|---------|---------|---------|
| Operation|    Functional Unit   |   DSP   |    FF   |   LUT   |
|----------|----------------------|---------|---------|---------|
|          |   add_ln37_3_fu_188  |    0    |    0    |    13   |
|          |    add_ln37_fu_197   |    0    |    0    |    10   |
|          |   add_ln43_3_fu_221  |    0    |    0    |    13   |
|    add   |   add_ln37_1_fu_281  |    0    |    0    |    13   |
|          |   add_ln37_2_fu_292  |    0    |    0    |    13   |
|          |   add_ln43_2_fu_306  |    0    |    0    |    11   |
|          |    add_ln39_fu_317   |    0    |    0    |    10   |
|          |    add_ln41_fu_360   |    0    |    0    |    7    |
|----------|----------------------|---------|---------|---------|
|    mul   |    mul_ln43_fu_384   |    0    |    0    |    41   |
|----------|----------------------|---------|---------|---------|
|          |    sub_ln43_fu_247   |    0    |    0    |    13   |
|    sub   |   sub_ln43_1_fu_263  |    0    |    0    |    13   |
|          |    sub_ln41_fu_342   |    0    |    0    |    7    |
|----------|----------------------|---------|---------|---------|
|   icmp   |   icmp_ln37_fu_182   |    0    |    0    |    13   |
|          |   icmp_ln39_fu_203   |    0    |    0    |    10   |
|----------|----------------------|---------|---------|---------|
|          |  select_ln37_fu_209  |    0    |    0    |    2    |
|  select  | select_ln37_1_fu_269 |    0    |    0    |    2    |
|          | select_ln37_2_fu_274 |    0    |    0    |    4    |
|----------|----------------------|---------|---------|---------|
|  muladd  |      grp_fu_394      |    1    |    0    |    0    |
|          |      grp_fu_402      |    1    |    0    |    0    |
|----------|----------------------|---------|---------|---------|
|          |  zext_ln43_5_fu_217  |    0    |    0    |    0    |
|          |  zext_ln43_8_fu_227  |    0    |    0    |    0    |
|          |   zext_ln43_fu_237   |    0    |    0    |    0    |
|          |  zext_ln43_1_fu_253  |    0    |    0    |    0    |
|          |  zext_ln43_3_fu_287  |    0    |    0    |    0    |
|   zext   |  zext_ln43_4_fu_298  |    0    |    0    |    0    |
|          |  zext_ln43_6_fu_303  |    0    |    0    |    0    |
|          |  zext_ln43_7_fu_312  |    0    |    0    |    0    |
|          |   zext_ln41_fu_332   |    0    |    0    |    0    |
|          |  zext_ln43_2_fu_348  |    0    |    0    |    0    |
|          |     j_cast_fu_356    |    0    |    0    |    0    |
|          |  zext_ln41_1_fu_390  |    0    |    0    |    0    |
|----------|----------------------|---------|---------|---------|
|          |      tmp_fu_240      |    0    |    0    |    0    |
|bitconcatenate|     tmp_1_fu_256     |    0    |    0    |    0    |
|          |     tmp_2_fu_335     |    0    |    0    |    0    |
|----------|----------------------|---------|---------|---------|
|          |  sext_ln37_2_fu_352  |    0    |    0    |    0    |
|          |  sext_ln43_2_fu_365  |    0    |    0    |    0    |
|   sext   |  sext_ln37_1_fu_369  |    0    |    0    |    0    |
|          |  sext_ln43_1_fu_373  |    0    |    0    |    0    |
|          |   sext_ln37_fu_377   |    0    |    0    |    0    |
|          |   sext_ln43_fu_381   |    0    |    0    |    0    |
|----------|----------------------|---------|---------|---------|
|   Total  |                      |    2    |    0    |   195   |
|----------|----------------------|---------|---------|---------|

Memories:
N/A

* Register list:
+----------------------+--------+
|                      |   FF   |
+----------------------+--------+
|   a_addr_1_reg_484   |    4   |
|   a_addr_2_reg_489   |    4   |
|    a_addr_reg_499    |    4   |
|   add_ln37_reg_443   |    2   |
|   add_ln41_reg_514   |    4   |
|   add_ln43_reg_544   |   16   |
|   b_addr_1_reg_494   |    4   |
|   b_addr_2_reg_468   |    4   |
|    b_addr_reg_509    |    4   |
|    b_load_reg_529    |    8   |
|      i_1_reg_432     |    2   |
|       i_reg_418      |    2   |
|   icmp_ln37_reg_439  |    1   |
|   icmp_ln39_reg_450  |    1   |
|indvar_flatten_reg_425|    4   |
|       j_reg_411      |    2   |
|   mul_ln43_reg_539   |   16   |
|        reg_151       |    8   |
|        reg_156       |    8   |
| select_ln37_1_reg_473|    2   |
| select_ln37_2_reg_479|    4   |
|  select_ln37_reg_456 |    2   |
|  sext_ln37_1_reg_524 |   16   |
|  sext_ln37_2_reg_504 |   16   |
|  sext_ln43_1_reg_534 |   16   |
|  sext_ln43_2_reg_519 |   16   |
|  zext_ln43_5_reg_463 |    4   |
+----------------------+--------+
|         Total        |   174  |
+----------------------+--------+

* Multiplexer (MUX) list: 
|------------------|------|------|------|--------||---------||---------|
|       Comp       |  Pin | Size |  BW  | S x BW ||  Delay  ||   LUT   |
|------------------|------|------|------|--------||---------||---------|
| grp_access_fu_79 |  p0  |   4  |   4  |   16   ||    20   |
| grp_access_fu_79 |  p2  |   2  |   0  |    0   ||    9    |
| grp_access_fu_96 |  p0  |   4  |   4  |   16   ||    20   |
| grp_access_fu_96 |  p2  |   2  |   0  |    0   ||    9    |
|      reg_151     |  p0  |   2  |   8  |   16   ||    9    |
|      reg_156     |  p0  |   2  |   8  |   16   ||    9    |
|    grp_fu_394    |  p0  |   3  |   8  |   24   ||    14   |
|    grp_fu_394    |  p1  |   2  |   8  |   16   ||    9    |
|    grp_fu_402    |  p0  |   3  |   8  |   24   ||    14   |
|    grp_fu_402    |  p1  |   2  |   8  |   16   ||    9    |
|------------------|------|------|------|--------||---------||---------|
|       Total      |      |      |      |   144  || 16.5958 ||   122   |
|------------------|------|------|------|--------||---------||---------|



* Summary:
+-----------+--------+--------+--------+--------+
|           |   DSP  |  Delay |   FF   |   LUT  |
+-----------+--------+--------+--------+--------+
|  Function |    2   |    -   |    0   |   195  |
|   Memory  |    -   |    -   |    -   |    -   |
|Multiplexer|    -   |   16   |    -   |   122  |
|  Register |    -   |    -   |   174  |    -   |
+-----------+--------+--------+--------+--------+
|   Total   |    2   |   16   |   174  |   317  |
+-----------+--------+--------+--------+--------+
