

================================================================
== Synthesis Summary Report of 'dct'
================================================================
+ General Information: 
    * Date:           Sun Dec  1 13:48:27 2024
    * Version:        2023.1 (Build 3854077 on May  4 2023)
    * Project:        lab3
    * Solution:       solution2 (Vivado IP Flow Target)
    * Product family: zynq
    * Target device:  xc7z020-clg484-1
    

+ Performance & Resource Estimates: 
    
    PS: '+' for module; 'o' for loop; '*' for dataflow
    +--------------------------+------+------+---------+-----------+----------+---------+------+----------+--------+---------+-----------+----------+-----+
    |          Modules         | Issue|      | Latency |  Latency  | Iteration|         | Trip |          |        |         |           |          |     |
    |          & Loops         | Type | Slack| (cycles)|    (ns)   |  Latency | Interval| Count| Pipelined|  BRAM  |   DSP   |     FF    |    LUT   | URAM|
    +--------------------------+------+------+---------+-----------+----------+---------+------+----------+--------+---------+-----------+----------+-----+
    |+ dct                     |     -|  0.79|     5990|  5.990e+04|         -|     5991|     -|        no|  5 (1%)|  2 (~0%)|  289 (~0%)|  972 (1%)|    -|
    | o RD_Loop_Row            |     -|  7.30|      144|  1.440e+03|        18|        -|     8|        no|       -|        -|          -|         -|    -|
    |  o RD_Loop_Col           |     -|  7.30|       16|    160.000|         2|        -|     8|        no|       -|        -|          -|         -|    -|
    | o Row_DCT_Loop           |     -|  7.30|     2704|  2.704e+04|       338|        -|     8|        no|       -|        -|          -|         -|    -|
    |  o DCT_Outer_Loop        |     -|  7.30|      336|  3.360e+03|        42|        -|     8|        no|       -|        -|          -|         -|    -|
    |   o DCT_Inner_Loop       |     -|  7.30|       40|    400.000|         5|        -|     8|        no|       -|        -|          -|         -|    -|
    | o Xpose_Row_Outer_Loop   |     -|  7.30|      144|  1.440e+03|        18|        -|     8|        no|       -|        -|          -|         -|    -|
    |  o Xpose_Row_Inner_Loop  |     -|  7.30|       16|    160.000|         2|        -|     8|        no|       -|        -|          -|         -|    -|
    | o Col_DCT_Loop           |     -|  7.30|     2704|  2.704e+04|       338|        -|     8|        no|       -|        -|          -|         -|    -|
    |  o DCT_Outer_Loop        |     -|  7.30|      336|  3.360e+03|        42|        -|     8|        no|       -|        -|          -|         -|    -|
    |   o DCT_Inner_Loop       |     -|  7.30|       40|    400.000|         5|        -|     8|        no|       -|        -|          -|         -|    -|
    | o Xpose_Col_Outer_Loop   |     -|  7.30|      144|  1.440e+03|        18|        -|     8|        no|       -|        -|          -|         -|    -|
    |  o Xpose_Col_Inner_Loop  |     -|  7.30|       16|    160.000|         2|        -|     8|        no|       -|        -|          -|         -|    -|
    | o WR_Loop_Row            |     -|  7.30|      144|  1.440e+03|        18|        -|     8|        no|       -|        -|          -|         -|    -|
    |  o WR_Loop_Col           |     -|  7.30|       16|    160.000|         2|        -|     8|        no|       -|        -|          -|         -|    -|
    +--------------------------+------+------+---------+-----------+----------+---------+------+----------+--------+---------+-----------+----------+-----+


================================================================
== HW Interfaces
================================================================
* AP_MEMORY
+-------------------+-----------+----------+
| Port              | Direction | Bitwidth |
+-------------------+-----------+----------+
| input_r_address0  | out       | 6        |
| input_r_q0        | in        | 16       |
| output_r_address0 | out       | 6        |
| output_r_d0       | out       | 16       |
+-------------------+-----------+----------+

* TOP LEVEL CONTROL
+-----------+------------+-----------------------------------+
| Interface | Type       | Ports                             |
+-----------+------------+-----------------------------------+
| ap_clk    | clock      | ap_clk                            |
| ap_rst    | reset      | ap_rst                            |
| ap_ctrl   | ap_ctrl_hs | ap_done ap_idle ap_ready ap_start |
+-----------+------------+-----------------------------------+


================================================================
== SW I/O Information
================================================================
* Top Function Arguments
+----------+-----------+----------+
| Argument | Direction | Datatype |
+----------+-----------+----------+
| input    | in        | short*   |
| output   | out       | short*   |
+----------+-----------+----------+

* SW-to-HW Mapping
+----------+-------------------+---------+----------+
| Argument | HW Interface      | HW Type | HW Usage |
+----------+-------------------+---------+----------+
| input    | input_r_address0  | port    | offset   |
| input    | input_r_ce0       | port    |          |
| input    | input_r_q0        | port    |          |
| output   | output_r_address0 | port    | offset   |
| output   | output_r_ce0      | port    |          |
| output   | output_r_we0      | port    |          |
| output   | output_r_d0       | port    |          |
+----------+-------------------+---------+----------+


================================================================
== Bind Op Report
================================================================
+------------------------------------+-----+--------+------------+-----+--------+---------+
| Name                               | DSP | Pragma | Variable   | Op  | Impl   | Latency |
+------------------------------------+-----+--------+------------+-----+--------+---------+
| + dct                              | 2   |        |            |     |        |         |
|   add_ln85_fu_399_p2               | -   |        | add_ln85   | add | fabric | 0       |
|   add_ln88_fu_414_p2               | -   |        | add_ln88   | add | fabric | 0       |
|   add_ln87_fu_430_p2               | -   |        | add_ln87   | add | fabric | 0       |
|   add_ln58_fu_477_p2               | -   |        | add_ln58   | add | fabric | 0       |
|   add_ln45_2_fu_504_p2             | -   |        | add_ln45_2 | add | fabric | 0       |
|   add_ln39_fu_520_p2               | -   |        | add_ln39   | add | fabric | 0       |
|   add_ln42_fu_534_p2               | -   |        | add_ln42   | add | fabric | 0       |
|   add_ln43_fu_544_p2               | -   |        | add_ln43   | add | fabric | 0       |
|   add_ln41_fu_560_p2               | -   |        | add_ln41   | add | fabric | 0       |
|   mac_muladd_16s_15s_32s_32_4_1_U1 | 1   |        | mul_ln43   | mul | dsp48  | 3       |
|   mac_muladd_16s_15s_32s_32_4_1_U1 | 1   |        | tmp_1      | add | dsp48  | 3       |
|   add_ln45_fu_570_p2               | -   |        | add_ln45   | add | fabric | 0       |
|   add_ln63_fu_620_p2               | -   |        | add_ln63   | add | fabric | 0       |
|   add_ln66_fu_647_p2               | -   |        | add_ln66   | add | fabric | 0       |
|   add_ln66_1_fu_657_p2             | -   |        | add_ln66_1 | add | fabric | 0       |
|   add_ln65_fu_673_p2               | -   |        | add_ln65   | add | fabric | 0       |
|   add_ln69_fu_704_p2               | -   |        | add_ln69   | add | fabric | 0       |
|   add_ln45_3_fu_731_p2             | -   |        | add_ln45_3 | add | fabric | 0       |
|   add_ln39_1_fu_747_p2             | -   |        | add_ln39_1 | add | fabric | 0       |
|   add_ln42_1_fu_761_p2             | -   |        | add_ln42_1 | add | fabric | 0       |
|   add_ln43_2_fu_771_p2             | -   |        | add_ln43_2 | add | fabric | 0       |
|   add_ln41_1_fu_787_p2             | -   |        | add_ln41_1 | add | fabric | 0       |
|   mac_muladd_16s_15s_32s_32_4_1_U2 | 1   |        | mul_ln43_1 | mul | dsp48  | 3       |
|   mac_muladd_16s_15s_32s_32_4_1_U2 | 1   |        | tmp_12     | add | dsp48  | 3       |
|   add_ln45_1_fu_797_p2             | -   |        | add_ln45_1 | add | fabric | 0       |
|   add_ln74_fu_847_p2               | -   |        | add_ln74   | add | fabric | 0       |
|   add_ln77_fu_874_p2               | -   |        | add_ln77   | add | fabric | 0       |
|   add_ln77_1_fu_884_p2             | -   |        | add_ln77_1 | add | fabric | 0       |
|   add_ln76_fu_900_p2               | -   |        | add_ln76   | add | fabric | 0       |
|   add_ln97_fu_931_p2               | -   |        | add_ln97   | add | fabric | 0       |
|   add_ln100_fu_941_p2              | -   |        | add_ln100  | add | fabric | 0       |
|   add_ln99_fu_957_p2               | -   |        | add_ln99   | add | fabric | 0       |
+------------------------------------+-----+--------+------------+-----+--------+---------+


================================================================
== Bind Storage Report
================================================================
+---------------------+------+------+--------+-----------------+---------+------+---------+
| Name                | BRAM | URAM | Pragma | Variable        | Storage | Impl | Latency |
+---------------------+------+------+--------+-----------------+---------+------+---------+
| + dct               | 5    | 0    |        |                 |         |      |         |
|   row_outbuf_U      | 1    | -    |        | row_outbuf      | ram_1p  | auto | 1       |
|   col_outbuf_U      | 1    | -    |        | col_outbuf      | ram_1p  | auto | 1       |
|   col_inbuf_U       | 1    | -    |        | col_inbuf       | ram_1p  | auto | 1       |
|   buf_2d_in_U       | 1    | -    |        | buf_2d_in       | ram_1p  | auto | 1       |
|   buf_2d_out_U      | 1    | -    |        | buf_2d_out      | ram_1p  | auto | 1       |
|   dct_coeff_table_U | -    | -    |        | dct_coeff_table | rom_1p  | auto | 1       |
+---------------------+------+------+--------+-----------------+---------+------+---------+


================================================================
== Pragma Report
================================================================
* Valid Pragma Syntax
+----------+---------+------------------------------------------------+
| Type     | Options | Location                                       |
+----------+---------+------------------------------------------------+
| pipeline | off     | lab3/solution2/directives.tcl:8 in dct_1d      |
| pipeline | off     | lab3/solution2/directives.tcl:19 in dct_1d     |
| pipeline | off     | lab3/solution2/directives.tcl:9 in dct_2d      |
| pipeline | off     | lab3/solution2/directives.tcl:10 in dct_2d     |
| pipeline | off     | lab3/solution2/directives.tcl:11 in dct_2d     |
| pipeline | off     | lab3/solution2/directives.tcl:12 in dct_2d     |
| pipeline | off     | lab3/solution2/directives.tcl:13 in dct_2d     |
| pipeline | off     | lab3/solution2/directives.tcl:14 in dct_2d     |
| pipeline | off     | lab3/solution2/directives.tcl:15 in read_data  |
| pipeline | off     | lab3/solution2/directives.tcl:16 in read_data  |
| pipeline | off     | lab3/solution2/directives.tcl:17 in write_data |
| pipeline | off     | lab3/solution2/directives.tcl:18 in write_data |
+----------+---------+------------------------------------------------+


