Copyright 1986-2022 Xilinx, Inc. All Rights Reserved. Copyright 2022-2023 Advanced Micro Devices, Inc. All Rights Reserved.
---------------------------------------------------------------------------------------------------------------------------------------------
| Tool Version : Vivado v.2023.1 (win64) Build 3865809 Sun May  7 15:05:29 MDT 2023
| Date         : Sun Dec  1 12:55:24 2024
| Host         : DESKTOP-2ENERJB running 64-bit major release  (build 9200)
| Command      : report_timing -max_paths 10 -file ./report/matrixmul_timing_paths_synth.rpt
| Design       : bd_0_wrapper
| Device       : 7z020-clg484
| Speed File   : -1  PRODUCTION 1.12 2019-11-22
| Design State : Synthesized
---------------------------------------------------------------------------------------------------------------------------------------------

Timing Report

Slack (MET) :             6.803ns  (required time - arrival time)
  Source:                 bd_0_i/hls_inst/inst/icmp_ln37_reg_439_reg[0]/C
                            (rising edge-triggered cell FDRE clocked by ap_clk  {rise@0.000ns fall@5.000ns period=10.000ns})
  Destination:            bd_0_i/hls_inst/inst/mac_muladd_8s_8s_16ns_16_4_1_U3/matrixmul_mac_muladd_8s_8s_16ns_16_4_1_DSP48_1_U/p_reg_reg/CEA1
                            (rising edge-triggered cell DSP48E1 clocked by ap_clk  {rise@0.000ns fall@5.000ns period=10.000ns})
  Path Group:             ap_clk
  Path Type:              Setup (Max at Slow Process Corner)
  Requirement:            10.000ns  (ap_clk rise@10.000ns - ap_clk rise@0.000ns)
  Data Path Delay:        2.616ns  (logic 0.813ns (31.081%)  route 1.803ns (68.919%))
  Logic Levels:           1  (LUT6=1)
  Clock Path Skew:        -0.049ns (DCD - SCD + CPR)
    Destination Clock Delay (DCD):    0.924ns = ( 10.924 - 10.000 ) 
    Source Clock Delay      (SCD):    0.973ns
    Clock Pessimism Removal (CPR):    0.000ns
  Clock Uncertainty:      0.035ns  ((TSJ^2 + TIJ^2)^1/2 + DJ) / 2 + PE
    Total System Jitter     (TSJ):    0.071ns
    Total Input Jitter      (TIJ):    0.000ns
    Discrete Jitter          (DJ):    0.000ns
    Phase Error              (PE):    0.000ns

    Location             Delay type                Incr(ns)  Path(ns)    Netlist Resource(s)
  -------------------------------------------------------------------    -------------------
                         (clock ap_clk rise edge)     0.000     0.000 r  
                                                      0.000     0.000 r  ap_clk (IN)
                         net (fo=41, unset)           0.973     0.973    bd_0_i/hls_inst/inst/ap_clk
                         FDRE                                         r  bd_0_i/hls_inst/inst/icmp_ln37_reg_439_reg[0]/C
  -------------------------------------------------------------------    -------------------
                         FDRE (Prop_fdre_C_Q)         0.518     1.491 f  bd_0_i/hls_inst/inst/icmp_ln37_reg_439_reg[0]/Q
                         net (fo=8, unplaced)         1.003     2.494    bd_0_i/hls_inst/inst/mac_muladd_8s_8s_16ns_16_4_1_U3/matrixmul_mac_muladd_8s_8s_16ns_16_4_1_DSP48_1_U/icmp_ln37_reg_439
                         LUT6 (Prop_lut6_I0_O)        0.295     2.789 r  bd_0_i/hls_inst/inst/mac_muladd_8s_8s_16ns_16_4_1_U3/matrixmul_mac_muladd_8s_8s_16ns_16_4_1_DSP48_1_U/p_reg_reg_i_1/O
                         net (fo=2, unplaced)         0.800     3.589    bd_0_i/hls_inst/inst/mac_muladd_8s_8s_16ns_16_4_1_U3/matrixmul_mac_muladd_8s_8s_16ns_16_4_1_DSP48_1_U/icmp_ln37_reg_439_reg[0]
                         DSP48E1                                      r  bd_0_i/hls_inst/inst/mac_muladd_8s_8s_16ns_16_4_1_U3/matrixmul_mac_muladd_8s_8s_16ns_16_4_1_DSP48_1_U/p_reg_reg/CEA1
  -------------------------------------------------------------------    -------------------

                         (clock ap_clk rise edge)    10.000    10.000 r  
                                                      0.000    10.000 r  ap_clk (IN)
                         net (fo=41, unset)           0.924    10.924    bd_0_i/hls_inst/inst/mac_muladd_8s_8s_16ns_16_4_1_U3/matrixmul_mac_muladd_8s_8s_16ns_16_4_1_DSP48_1_U/ap_clk
                         DSP48E1                                      r  bd_0_i/hls_inst/inst/mac_muladd_8s_8s_16ns_16_4_1_U3/matrixmul_mac_muladd_8s_8s_16ns_16_4_1_DSP48_1_U/p_reg_reg/CLK
                         clock pessimism              0.000    10.924    
                         clock uncertainty           -0.035    10.889    
                         DSP48E1 (Setup_dsp48e1_CLK_CEA1)
                                                     -0.497    10.392    bd_0_i/hls_inst/inst/mac_muladd_8s_8s_16ns_16_4_1_U3/matrixmul_mac_muladd_8s_8s_16ns_16_4_1_DSP48_1_U/p_reg_reg
  -------------------------------------------------------------------
                         required time                         10.392    
                         arrival time                          -3.589    
  -------------------------------------------------------------------
                         slack                                  6.803    

Slack (MET) :             6.803ns  (required time - arrival time)
  Source:                 bd_0_i/hls_inst/inst/icmp_ln37_reg_439_reg[0]/C
                            (rising edge-triggered cell FDRE clocked by ap_clk  {rise@0.000ns fall@5.000ns period=10.000ns})
  Destination:            bd_0_i/hls_inst/inst/mac_muladd_8s_8s_16s_16_4_1_U2/matrixmul_mac_muladd_8s_8s_16s_16_4_1_DSP48_0_U/m_reg_reg/CEA1
                            (rising edge-triggered cell DSP48E1 clocked by ap_clk  {rise@0.000ns fall@5.000ns period=10.000ns})
  Path Group:             ap_clk
  Path Type:              Setup (Max at Slow Process Corner)
  Requirement:            10.000ns  (ap_clk rise@10.000ns - ap_clk rise@0.000ns)
  Data Path Delay:        2.616ns  (logic 0.813ns (31.081%)  route 1.803ns (68.919%))
  Logic Levels:           1  (LUT6=1)
  Clock Path Skew:        -0.049ns (DCD - SCD + CPR)
    Destination Clock Delay (DCD):    0.924ns = ( 10.924 - 10.000 ) 
    Source Clock Delay      (SCD):    0.973ns
    Clock Pessimism Removal (CPR):    0.000ns
  Clock Uncertainty:      0.035ns  ((TSJ^2 + TIJ^2)^1/2 + DJ) / 2 + PE
    Total System Jitter     (TSJ):    0.071ns
    Total Input Jitter      (TIJ):    0.000ns
    Discrete Jitter          (DJ):    0.000ns
    Phase Error              (PE):    0.000ns

    Location             Delay type                Incr(ns)  Path(ns)    Netlist Resource(s)
  -------------------------------------------------------------------    -------------------
                         (clock ap_clk rise edge)     0.000     0.000 r  
                                                      0.000     0.000 r  ap_clk (IN)
                         net (fo=41, unset)           0.973     0.973    bd_0_i/hls_inst/inst/ap_clk
                         FDRE                                         r  bd_0_i/hls_inst/inst/icmp_ln37_reg_439_reg[0]/C
  -------------------------------------------------------------------    -------------------
                         FDRE (Prop_fdre_C_Q)         0.518     1.491 f  bd_0_i/hls_inst/inst/icmp_ln37_reg_439_reg[0]/Q
                         net (fo=8, unplaced)         1.003     2.494    bd_0_i/hls_inst/inst/mac_muladd_8s_8s_16ns_16_4_1_U3/matrixmul_mac_muladd_8s_8s_16ns_16_4_1_DSP48_1_U/icmp_ln37_reg_439
                         LUT6 (Prop_lut6_I0_O)        0.295     2.789 r  bd_0_i/hls_inst/inst/mac_muladd_8s_8s_16ns_16_4_1_U3/matrixmul_mac_muladd_8s_8s_16ns_16_4_1_DSP48_1_U/p_reg_reg_i_1/O
                         net (fo=2, unplaced)         0.800     3.589    bd_0_i/hls_inst/inst/mac_muladd_8s_8s_16s_16_4_1_U2/matrixmul_mac_muladd_8s_8s_16s_16_4_1_DSP48_0_U/m_reg_reg_0
                         DSP48E1                                      r  bd_0_i/hls_inst/inst/mac_muladd_8s_8s_16s_16_4_1_U2/matrixmul_mac_muladd_8s_8s_16s_16_4_1_DSP48_0_U/m_reg_reg/CEA1
  -------------------------------------------------------------------    -------------------

                         (clock ap_clk rise edge)    10.000    10.000 r  
                                                      0.000    10.000 r  ap_clk (IN)
                         net (fo=41, unset)           0.924    10.924    bd_0_i/hls_inst/inst/mac_muladd_8s_8s_16s_16_4_1_U2/matrixmul_mac_muladd_8s_8s_16s_16_4_1_DSP48_0_U/ap_clk
                         DSP48E1                                      r  bd_0_i/hls_inst/inst/mac_muladd_8s_8s_16s_16_4_1_U2/matrixmul_mac_muladd_8s_8s_16s_16_4_1_DSP48_0_U/m_reg_reg/CLK
                         clock pessimism              0.000    10.924    
                         clock uncertainty           -0.035    10.889    
                         DSP48E1 (Setup_dsp48e1_CLK_CEA1)
                                                     -0.497    10.392    bd_0_i/hls_inst/inst/mac_muladd_8s_8s_16s_16_4_1_U2/matrixmul_mac_muladd_8s_8s_16s_16_4_1_DSP48_0_U/m_reg_reg
  -------------------------------------------------------------------
                         required time                         10.392    
                         arrival time                          -3.589    
  -------------------------------------------------------------------
                         slack                                  6.803    

Slack (MET) :             6.984ns  (required time - arrival time)
  Source:                 bd_0_i/hls_inst/inst/ap_CS_fsm_reg[1]/C
                            (rising edge-triggered cell FDRE clocked by ap_clk  {rise@0.000ns fall@5.000ns period=10.000ns})
  Destination:            bd_0_i/hls_inst/inst/mac_muladd_8s_8s_16ns_16_4_1_U3/matrixmul_mac_muladd_8s_8s_16ns_16_4_1_DSP48_1_U/p_reg_reg/CEB1
                            (rising edge-triggered cell DSP48E1 clocked by ap_clk  {rise@0.000ns fall@5.000ns period=10.000ns})
  Path Group:             ap_clk
  Path Type:              Setup (Max at Slow Process Corner)
  Requirement:            10.000ns  (ap_clk rise@10.000ns - ap_clk rise@0.000ns)
  Data Path Delay:        2.418ns  (logic 0.813ns (33.627%)  route 1.605ns (66.373%))
  Logic Levels:           1  (LUT3=1)
  Clock Path Skew:        -0.049ns (DCD - SCD + CPR)
    Destination Clock Delay (DCD):    0.924ns = ( 10.924 - 10.000 ) 
    Source Clock Delay      (SCD):    0.973ns
    Clock Pessimism Removal (CPR):    0.000ns
  Clock Uncertainty:      0.035ns  ((TSJ^2 + TIJ^2)^1/2 + DJ) / 2 + PE
    Total System Jitter     (TSJ):    0.071ns
    Total Input Jitter      (TIJ):    0.000ns
    Discrete Jitter          (DJ):    0.000ns
    Phase Error              (PE):    0.000ns

    Location             Delay type                Incr(ns)  Path(ns)    Netlist Resource(s)
  -------------------------------------------------------------------    -------------------
                         (clock ap_clk rise edge)     0.000     0.000 r  
                                                      0.000     0.000 r  ap_clk (IN)
                         net (fo=41, unset)           0.973     0.973    bd_0_i/hls_inst/inst/ap_clk
                         FDRE                                         r  bd_0_i/hls_inst/inst/ap_CS_fsm_reg[1]/C
  -------------------------------------------------------------------    -------------------
                         FDRE (Prop_fdre_C_Q)         0.518     1.491 r  bd_0_i/hls_inst/inst/ap_CS_fsm_reg[1]/Q
                         net (fo=24, unplaced)        0.805     2.296    bd_0_i/hls_inst/inst/mac_muladd_8s_8s_16ns_16_4_1_U3/matrixmul_mac_muladd_8s_8s_16ns_16_4_1_DSP48_1_U/Q[1]
                         LUT3 (Prop_lut3_I0_O)        0.295     2.591 r  bd_0_i/hls_inst/inst/mac_muladd_8s_8s_16ns_16_4_1_U3/matrixmul_mac_muladd_8s_8s_16ns_16_4_1_DSP48_1_U/p_reg_reg_i_2/O
                         net (fo=2, unplaced)         0.800     3.391    bd_0_i/hls_inst/inst/mac_muladd_8s_8s_16ns_16_4_1_U3/matrixmul_mac_muladd_8s_8s_16ns_16_4_1_DSP48_1_U/reg_156
                         DSP48E1                                      r  bd_0_i/hls_inst/inst/mac_muladd_8s_8s_16ns_16_4_1_U3/matrixmul_mac_muladd_8s_8s_16ns_16_4_1_DSP48_1_U/p_reg_reg/CEB1
  -------------------------------------------------------------------    -------------------

                         (clock ap_clk rise edge)    10.000    10.000 r  
                                                      0.000    10.000 r  ap_clk (IN)
                         net (fo=41, unset)           0.924    10.924    bd_0_i/hls_inst/inst/mac_muladd_8s_8s_16ns_16_4_1_U3/matrixmul_mac_muladd_8s_8s_16ns_16_4_1_DSP48_1_U/ap_clk
                         DSP48E1                                      r  bd_0_i/hls_inst/inst/mac_muladd_8s_8s_16ns_16_4_1_U3/matrixmul_mac_muladd_8s_8s_16ns_16_4_1_DSP48_1_U/p_reg_reg/CLK
                         clock pessimism              0.000    10.924    
                         clock uncertainty           -0.035    10.889    
                         DSP48E1 (Setup_dsp48e1_CLK_CEB1)
                                                     -0.514    10.375    bd_0_i/hls_inst/inst/mac_muladd_8s_8s_16ns_16_4_1_U3/matrixmul_mac_muladd_8s_8s_16ns_16_4_1_DSP48_1_U/p_reg_reg
  -------------------------------------------------------------------
                         required time                         10.375    
                         arrival time                          -3.391    
  -------------------------------------------------------------------
                         slack                                  6.984    

Slack (MET) :             6.984ns  (required time - arrival time)
  Source:                 bd_0_i/hls_inst/inst/ap_CS_fsm_reg[1]/C
                            (rising edge-triggered cell FDRE clocked by ap_clk  {rise@0.000ns fall@5.000ns period=10.000ns})
  Destination:            bd_0_i/hls_inst/inst/mac_muladd_8s_8s_16s_16_4_1_U2/matrixmul_mac_muladd_8s_8s_16s_16_4_1_DSP48_0_U/p_reg_reg/CEB2
                            (rising edge-triggered cell DSP48E1 clocked by ap_clk  {rise@0.000ns fall@5.000ns period=10.000ns})
  Path Group:             ap_clk
  Path Type:              Setup (Max at Slow Process Corner)
  Requirement:            10.000ns  (ap_clk rise@10.000ns - ap_clk rise@0.000ns)
  Data Path Delay:        2.418ns  (logic 0.813ns (33.627%)  route 1.605ns (66.373%))
  Logic Levels:           1  (LUT3=1)
  Clock Path Skew:        -0.049ns (DCD - SCD + CPR)
    Destination Clock Delay (DCD):    0.924ns = ( 10.924 - 10.000 ) 
    Source Clock Delay      (SCD):    0.973ns
    Clock Pessimism Removal (CPR):    0.000ns
  Clock Uncertainty:      0.035ns  ((TSJ^2 + TIJ^2)^1/2 + DJ) / 2 + PE
    Total System Jitter     (TSJ):    0.071ns
    Total Input Jitter      (TIJ):    0.000ns
    Discrete Jitter          (DJ):    0.000ns
    Phase Error              (PE):    0.000ns

    Location             Delay type                Incr(ns)  Path(ns)    Netlist Resource(s)
  -------------------------------------------------------------------    -------------------
                         (clock ap_clk rise edge)     0.000     0.000 r  
                                                      0.000     0.000 r  ap_clk (IN)
                         net (fo=41, unset)           0.973     0.973    bd_0_i/hls_inst/inst/ap_clk
                         FDRE                                         r  bd_0_i/hls_inst/inst/ap_CS_fsm_reg[1]/C
  -------------------------------------------------------------------    -------------------
                         FDRE (Prop_fdre_C_Q)         0.518     1.491 r  bd_0_i/hls_inst/inst/ap_CS_fsm_reg[1]/Q
                         net (fo=24, unplaced)        0.805     2.296    bd_0_i/hls_inst/inst/mac_muladd_8s_8s_16ns_16_4_1_U3/matrixmul_mac_muladd_8s_8s_16ns_16_4_1_DSP48_1_U/Q[1]
                         LUT3 (Prop_lut3_I0_O)        0.295     2.591 r  bd_0_i/hls_inst/inst/mac_muladd_8s_8s_16ns_16_4_1_U3/matrixmul_mac_muladd_8s_8s_16ns_16_4_1_DSP48_1_U/p_reg_reg_i_2/O
                         net (fo=2, unplaced)         0.800     3.391    bd_0_i/hls_inst/inst/mac_muladd_8s_8s_16s_16_4_1_U2/matrixmul_mac_muladd_8s_8s_16s_16_4_1_DSP48_0_U/reg_156
                         DSP48E1                                      r  bd_0_i/hls_inst/inst/mac_muladd_8s_8s_16s_16_4_1_U2/matrixmul_mac_muladd_8s_8s_16s_16_4_1_DSP48_0_U/p_reg_reg/CEB2
  -------------------------------------------------------------------    -------------------

                         (clock ap_clk rise edge)    10.000    10.000 r  
                                                      0.000    10.000 r  ap_clk (IN)
                         net (fo=41, unset)           0.924    10.924    bd_0_i/hls_inst/inst/mac_muladd_8s_8s_16s_16_4_1_U2/matrixmul_mac_muladd_8s_8s_16s_16_4_1_DSP48_0_U/ap_clk
                         DSP48E1                                      r  bd_0_i/hls_inst/inst/mac_muladd_8s_8s_16s_16_4_1_U2/matrixmul_mac_muladd_8s_8s_16s_16_4_1_DSP48_0_U/p_reg_reg/CLK
                         clock pessimism              0.000    10.924    
                         clock uncertainty           -0.035    10.889    
                         DSP48E1 (Setup_dsp48e1_CLK_CEB2)
                                                     -0.514    10.375    bd_0_i/hls_inst/inst/mac_muladd_8s_8s_16s_16_4_1_U2/matrixmul_mac_muladd_8s_8s_16s_16_4_1_DSP48_0_U/p_reg_reg
  -------------------------------------------------------------------
                         required time                         10.375    
                         arrival time                          -3.391    
  -------------------------------------------------------------------
                         slack                                  6.984    

Slack (MET) :             7.039ns  (required time - arrival time)
  Source:                 bd_0_i/hls_inst/inst/flow_control_loop_pipe_U/ap_loop_init_reg/C
                            (rising edge-triggered cell FDRE clocked by ap_clk  {rise@0.000ns fall@5.000ns period=10.000ns})
  Destination:            bd_0_i/hls_inst/inst/add_ln37_reg_443_reg[0]/CE
                            (rising edge-triggered cell FDRE clocked by ap_clk  {rise@0.000ns fall@5.000ns period=10.000ns})
  Path Group:             ap_clk
  Path Type:              Setup (Max at Slow Process Corner)
  Requirement:            10.000ns  (ap_clk rise@10.000ns - ap_clk rise@0.000ns)
  Data Path Delay:        2.708ns  (logic 0.937ns (34.601%)  route 1.771ns (65.399%))
  Logic Levels:           2  (LUT3=1 LUT6=1)
  Clock Path Skew:        -0.049ns (DCD - SCD + CPR)
    Destination Clock Delay (DCD):    0.924ns = ( 10.924 - 10.000 ) 
    Source Clock Delay      (SCD):    0.973ns
    Clock Pessimism Removal (CPR):    0.000ns
  Clock Uncertainty:      0.035ns  ((TSJ^2 + TIJ^2)^1/2 + DJ) / 2 + PE
    Total System Jitter     (TSJ):    0.071ns
    Total Input Jitter      (TIJ):    0.000ns
    Discrete Jitter          (DJ):    0.000ns
    Phase Error              (PE):    0.000ns

    Location             Delay type                Incr(ns)  Path(ns)    Netlist Resource(s)
  -------------------------------------------------------------------    -------------------
                         (clock ap_clk rise edge)     0.000     0.000 r  
                                                      0.000     0.000 r  ap_clk (IN)
                         net (fo=41, unset)           0.973     0.973    bd_0_i/hls_inst/inst/flow_control_loop_pipe_U/ap_clk
                         FDRE                                         r  bd_0_i/hls_inst/inst/flow_control_loop_pipe_U/ap_loop_init_reg/C
  -------------------------------------------------------------------    -------------------
                         FDRE (Prop_fdre_C_Q)         0.518     1.491 r  bd_0_i/hls_inst/inst/flow_control_loop_pipe_U/ap_loop_init_reg/Q
                         net (fo=12, unplaced)        0.789     2.280    bd_0_i/hls_inst/inst/flow_control_loop_pipe_U/ap_loop_init
                         LUT3 (Prop_lut3_I0_O)        0.295     2.575 f  bd_0_i/hls_inst/inst/flow_control_loop_pipe_U/indvar_flatten_fu_68[3]_i_3/O
                         net (fo=6, unplaced)         0.481     3.056    bd_0_i/hls_inst/inst/flow_control_loop_pipe_U/indvar_flatten_fu_68[3]_i_3_n_2
                         LUT6 (Prop_lut6_I3_O)        0.124     3.180 r  bd_0_i/hls_inst/inst/flow_control_loop_pipe_U/icmp_ln39_reg_450[0]_i_1/O
                         net (fo=5, unplaced)         0.501     3.681    bd_0_i/hls_inst/inst/add_ln37_reg_4430
                         FDRE                                         r  bd_0_i/hls_inst/inst/add_ln37_reg_443_reg[0]/CE
  -------------------------------------------------------------------    -------------------

                         (clock ap_clk rise edge)    10.000    10.000 r  
                                                      0.000    10.000 r  ap_clk (IN)
                         net (fo=41, unset)           0.924    10.924    bd_0_i/hls_inst/inst/ap_clk
                         FDRE                                         r  bd_0_i/hls_inst/inst/add_ln37_reg_443_reg[0]/C
                         clock pessimism              0.000    10.924    
                         clock uncertainty           -0.035    10.889    
                         FDRE (Setup_fdre_C_CE)      -0.169    10.720    bd_0_i/hls_inst/inst/add_ln37_reg_443_reg[0]
  -------------------------------------------------------------------
                         required time                         10.720    
                         arrival time                          -3.681    
  -------------------------------------------------------------------
                         slack                                  7.039    

Slack (MET) :             7.039ns  (required time - arrival time)
  Source:                 bd_0_i/hls_inst/inst/flow_control_loop_pipe_U/ap_loop_init_reg/C
                            (rising edge-triggered cell FDRE clocked by ap_clk  {rise@0.000ns fall@5.000ns period=10.000ns})
  Destination:            bd_0_i/hls_inst/inst/add_ln37_reg_443_reg[1]/CE
                            (rising edge-triggered cell FDRE clocked by ap_clk  {rise@0.000ns fall@5.000ns period=10.000ns})
  Path Group:             ap_clk
  Path Type:              Setup (Max at Slow Process Corner)
  Requirement:            10.000ns  (ap_clk rise@10.000ns - ap_clk rise@0.000ns)
  Data Path Delay:        2.708ns  (logic 0.937ns (34.601%)  route 1.771ns (65.399%))
  Logic Levels:           2  (LUT3=1 LUT6=1)
  Clock Path Skew:        -0.049ns (DCD - SCD + CPR)
    Destination Clock Delay (DCD):    0.924ns = ( 10.924 - 10.000 ) 
    Source Clock Delay      (SCD):    0.973ns
    Clock Pessimism Removal (CPR):    0.000ns
  Clock Uncertainty:      0.035ns  ((TSJ^2 + TIJ^2)^1/2 + DJ) / 2 + PE
    Total System Jitter     (TSJ):    0.071ns
    Total Input Jitter      (TIJ):    0.000ns
    Discrete Jitter          (DJ):    0.000ns
    Phase Error              (PE):    0.000ns

    Location             Delay type                Incr(ns)  Path(ns)    Netlist Resource(s)
  -------------------------------------------------------------------    -------------------
                         (clock ap_clk rise edge)     0.000     0.000 r  
                                                      0.000     0.000 r  ap_clk (IN)
                         net (fo=41, unset)           0.973     0.973    bd_0_i/hls_inst/inst/flow_control_loop_pipe_U/ap_clk
                         FDRE                                         r  bd_0_i/hls_inst/inst/flow_control_loop_pipe_U/ap_loop_init_reg/C
  -------------------------------------------------------------------    -------------------
                         FDRE (Prop_fdre_C_Q)         0.518     1.491 r  bd_0_i/hls_inst/inst/flow_control_loop_pipe_U/ap_loop_init_reg/Q
                         net (fo=12, unplaced)        0.789     2.280    bd_0_i/hls_inst/inst/flow_control_loop_pipe_U/ap_loop_init
                         LUT3 (Prop_lut3_I0_O)        0.295     2.575 f  bd_0_i/hls_inst/inst/flow_control_loop_pipe_U/indvar_flatten_fu_68[3]_i_3/O
                         net (fo=6, unplaced)         0.481     3.056    bd_0_i/hls_inst/inst/flow_control_loop_pipe_U/indvar_flatten_fu_68[3]_i_3_n_2
                         LUT6 (Prop_lut6_I3_O)        0.124     3.180 r  bd_0_i/hls_inst/inst/flow_control_loop_pipe_U/icmp_ln39_reg_450[0]_i_1/O
                         net (fo=5, unplaced)         0.501     3.681    bd_0_i/hls_inst/inst/add_ln37_reg_4430
                         FDRE                                         r  bd_0_i/hls_inst/inst/add_ln37_reg_443_reg[1]/CE
  -------------------------------------------------------------------    -------------------

                         (clock ap_clk rise edge)    10.000    10.000 r  
                                                      0.000    10.000 r  ap_clk (IN)
                         net (fo=41, unset)           0.924    10.924    bd_0_i/hls_inst/inst/ap_clk
                         FDRE                                         r  bd_0_i/hls_inst/inst/add_ln37_reg_443_reg[1]/C
                         clock pessimism              0.000    10.924    
                         clock uncertainty           -0.035    10.889    
                         FDRE (Setup_fdre_C_CE)      -0.169    10.720    bd_0_i/hls_inst/inst/add_ln37_reg_443_reg[1]
  -------------------------------------------------------------------
                         required time                         10.720    
                         arrival time                          -3.681    
  -------------------------------------------------------------------
                         slack                                  7.039    

Slack (MET) :             7.039ns  (required time - arrival time)
  Source:                 bd_0_i/hls_inst/inst/flow_control_loop_pipe_U/ap_loop_init_reg/C
                            (rising edge-triggered cell FDRE clocked by ap_clk  {rise@0.000ns fall@5.000ns period=10.000ns})
  Destination:            bd_0_i/hls_inst/inst/icmp_ln39_reg_450_reg[0]/CE
                            (rising edge-triggered cell FDRE clocked by ap_clk  {rise@0.000ns fall@5.000ns period=10.000ns})
  Path Group:             ap_clk
  Path Type:              Setup (Max at Slow Process Corner)
  Requirement:            10.000ns  (ap_clk rise@10.000ns - ap_clk rise@0.000ns)
  Data Path Delay:        2.708ns  (logic 0.937ns (34.601%)  route 1.771ns (65.399%))
  Logic Levels:           2  (LUT3=1 LUT6=1)
  Clock Path Skew:        -0.049ns (DCD - SCD + CPR)
    Destination Clock Delay (DCD):    0.924ns = ( 10.924 - 10.000 ) 
    Source Clock Delay      (SCD):    0.973ns
    Clock Pessimism Removal (CPR):    0.000ns
  Clock Uncertainty:      0.035ns  ((TSJ^2 + TIJ^2)^1/2 + DJ) / 2 + PE
    Total System Jitter     (TSJ):    0.071ns
    Total Input Jitter      (TIJ):    0.000ns
    Discrete Jitter          (DJ):    0.000ns
    Phase Error              (PE):    0.000ns

    Location             Delay type                Incr(ns)  Path(ns)    Netlist Resource(s)
  -------------------------------------------------------------------    -------------------
                         (clock ap_clk rise edge)     0.000     0.000 r  
                                                      0.000     0.000 r  ap_clk (IN)
                         net (fo=41, unset)           0.973     0.973    bd_0_i/hls_inst/inst/flow_control_loop_pipe_U/ap_clk
                         FDRE                                         r  bd_0_i/hls_inst/inst/flow_control_loop_pipe_U/ap_loop_init_reg/C
  -------------------------------------------------------------------    -------------------
                         FDRE (Prop_fdre_C_Q)         0.518     1.491 r  bd_0_i/hls_inst/inst/flow_control_loop_pipe_U/ap_loop_init_reg/Q
                         net (fo=12, unplaced)        0.789     2.280    bd_0_i/hls_inst/inst/flow_control_loop_pipe_U/ap_loop_init
                         LUT3 (Prop_lut3_I0_O)        0.295     2.575 f  bd_0_i/hls_inst/inst/flow_control_loop_pipe_U/indvar_flatten_fu_68[3]_i_3/O
                         net (fo=6, unplaced)         0.481     3.056    bd_0_i/hls_inst/inst/flow_control_loop_pipe_U/indvar_flatten_fu_68[3]_i_3_n_2
                         LUT6 (Prop_lut6_I3_O)        0.124     3.180 r  bd_0_i/hls_inst/inst/flow_control_loop_pipe_U/icmp_ln39_reg_450[0]_i_1/O
                         net (fo=5, unplaced)         0.501     3.681    bd_0_i/hls_inst/inst/add_ln37_reg_4430
                         FDRE                                         r  bd_0_i/hls_inst/inst/icmp_ln39_reg_450_reg[0]/CE
  -------------------------------------------------------------------    -------------------

                         (clock ap_clk rise edge)    10.000    10.000 r  
                                                      0.000    10.000 r  ap_clk (IN)
                         net (fo=41, unset)           0.924    10.924    bd_0_i/hls_inst/inst/ap_clk
                         FDRE                                         r  bd_0_i/hls_inst/inst/icmp_ln39_reg_450_reg[0]/C
                         clock pessimism              0.000    10.924    
                         clock uncertainty           -0.035    10.889    
                         FDRE (Setup_fdre_C_CE)      -0.169    10.720    bd_0_i/hls_inst/inst/icmp_ln39_reg_450_reg[0]
  -------------------------------------------------------------------
                         required time                         10.720    
                         arrival time                          -3.681    
  -------------------------------------------------------------------
                         slack                                  7.039    

Slack (MET) :             7.039ns  (required time - arrival time)
  Source:                 bd_0_i/hls_inst/inst/flow_control_loop_pipe_U/ap_loop_init_reg/C
                            (rising edge-triggered cell FDRE clocked by ap_clk  {rise@0.000ns fall@5.000ns period=10.000ns})
  Destination:            bd_0_i/hls_inst/inst/select_ln37_reg_456_reg[0]/CE
                            (rising edge-triggered cell FDRE clocked by ap_clk  {rise@0.000ns fall@5.000ns period=10.000ns})
  Path Group:             ap_clk
  Path Type:              Setup (Max at Slow Process Corner)
  Requirement:            10.000ns  (ap_clk rise@10.000ns - ap_clk rise@0.000ns)
  Data Path Delay:        2.708ns  (logic 0.937ns (34.601%)  route 1.771ns (65.399%))
  Logic Levels:           2  (LUT3=1 LUT6=1)
  Clock Path Skew:        -0.049ns (DCD - SCD + CPR)
    Destination Clock Delay (DCD):    0.924ns = ( 10.924 - 10.000 ) 
    Source Clock Delay      (SCD):    0.973ns
    Clock Pessimism Removal (CPR):    0.000ns
  Clock Uncertainty:      0.035ns  ((TSJ^2 + TIJ^2)^1/2 + DJ) / 2 + PE
    Total System Jitter     (TSJ):    0.071ns
    Total Input Jitter      (TIJ):    0.000ns
    Discrete Jitter          (DJ):    0.000ns
    Phase Error              (PE):    0.000ns

    Location             Delay type                Incr(ns)  Path(ns)    Netlist Resource(s)
  -------------------------------------------------------------------    -------------------
                         (clock ap_clk rise edge)     0.000     0.000 r  
                                                      0.000     0.000 r  ap_clk (IN)
                         net (fo=41, unset)           0.973     0.973    bd_0_i/hls_inst/inst/flow_control_loop_pipe_U/ap_clk
                         FDRE                                         r  bd_0_i/hls_inst/inst/flow_control_loop_pipe_U/ap_loop_init_reg/C
  -------------------------------------------------------------------    -------------------
                         FDRE (Prop_fdre_C_Q)         0.518     1.491 r  bd_0_i/hls_inst/inst/flow_control_loop_pipe_U/ap_loop_init_reg/Q
                         net (fo=12, unplaced)        0.789     2.280    bd_0_i/hls_inst/inst/flow_control_loop_pipe_U/ap_loop_init
                         LUT3 (Prop_lut3_I0_O)        0.295     2.575 f  bd_0_i/hls_inst/inst/flow_control_loop_pipe_U/indvar_flatten_fu_68[3]_i_3/O
                         net (fo=6, unplaced)         0.481     3.056    bd_0_i/hls_inst/inst/flow_control_loop_pipe_U/indvar_flatten_fu_68[3]_i_3_n_2
                         LUT6 (Prop_lut6_I3_O)        0.124     3.180 r  bd_0_i/hls_inst/inst/flow_control_loop_pipe_U/icmp_ln39_reg_450[0]_i_1/O
                         net (fo=5, unplaced)         0.501     3.681    bd_0_i/hls_inst/inst/add_ln37_reg_4430
                         FDRE                                         r  bd_0_i/hls_inst/inst/select_ln37_reg_456_reg[0]/CE
  -------------------------------------------------------------------    -------------------

                         (clock ap_clk rise edge)    10.000    10.000 r  
                                                      0.000    10.000 r  ap_clk (IN)
                         net (fo=41, unset)           0.924    10.924    bd_0_i/hls_inst/inst/ap_clk
                         FDRE                                         r  bd_0_i/hls_inst/inst/select_ln37_reg_456_reg[0]/C
                         clock pessimism              0.000    10.924    
                         clock uncertainty           -0.035    10.889    
                         FDRE (Setup_fdre_C_CE)      -0.169    10.720    bd_0_i/hls_inst/inst/select_ln37_reg_456_reg[0]
  -------------------------------------------------------------------
                         required time                         10.720    
                         arrival time                          -3.681    
  -------------------------------------------------------------------
                         slack                                  7.039    

Slack (MET) :             7.039ns  (required time - arrival time)
  Source:                 bd_0_i/hls_inst/inst/flow_control_loop_pipe_U/ap_loop_init_reg/C
                            (rising edge-triggered cell FDRE clocked by ap_clk  {rise@0.000ns fall@5.000ns period=10.000ns})
  Destination:            bd_0_i/hls_inst/inst/select_ln37_reg_456_reg[1]/CE
                            (rising edge-triggered cell FDRE clocked by ap_clk  {rise@0.000ns fall@5.000ns period=10.000ns})
  Path Group:             ap_clk
  Path Type:              Setup (Max at Slow Process Corner)
  Requirement:            10.000ns  (ap_clk rise@10.000ns - ap_clk rise@0.000ns)
  Data Path Delay:        2.708ns  (logic 0.937ns (34.601%)  route 1.771ns (65.399%))
  Logic Levels:           2  (LUT3=1 LUT6=1)
  Clock Path Skew:        -0.049ns (DCD - SCD + CPR)
    Destination Clock Delay (DCD):    0.924ns = ( 10.924 - 10.000 ) 
    Source Clock Delay      (SCD):    0.973ns
    Clock Pessimism Removal (CPR):    0.000ns
  Clock Uncertainty:      0.035ns  ((TSJ^2 + TIJ^2)^1/2 + DJ) / 2 + PE
    Total System Jitter     (TSJ):    0.071ns
    Total Input Jitter      (TIJ):    0.000ns
    Discrete Jitter          (DJ):    0.000ns
    Phase Error              (PE):    0.000ns

    Location             Delay type                Incr(ns)  Path(ns)    Netlist Resource(s)
  -------------------------------------------------------------------    -------------------
                         (clock ap_clk rise edge)     0.000     0.000 r  
                                                      0.000     0.000 r  ap_clk (IN)
                         net (fo=41, unset)           0.973     0.973    bd_0_i/hls_inst/inst/flow_control_loop_pipe_U/ap_clk
                         FDRE                                         r  bd_0_i/hls_inst/inst/flow_control_loop_pipe_U/ap_loop_init_reg/C
  -------------------------------------------------------------------    -------------------
                         FDRE (Prop_fdre_C_Q)         0.518     1.491 r  bd_0_i/hls_inst/inst/flow_control_loop_pipe_U/ap_loop_init_reg/Q
                         net (fo=12, unplaced)        0.789     2.280    bd_0_i/hls_inst/inst/flow_control_loop_pipe_U/ap_loop_init
                         LUT3 (Prop_lut3_I0_O)        0.295     2.575 f  bd_0_i/hls_inst/inst/flow_control_loop_pipe_U/indvar_flatten_fu_68[3]_i_3/O
                         net (fo=6, unplaced)         0.481     3.056    bd_0_i/hls_inst/inst/flow_control_loop_pipe_U/indvar_flatten_fu_68[3]_i_3_n_2
                         LUT6 (Prop_lut6_I3_O)        0.124     3.180 r  bd_0_i/hls_inst/inst/flow_control_loop_pipe_U/icmp_ln39_reg_450[0]_i_1/O
                         net (fo=5, unplaced)         0.501     3.681    bd_0_i/hls_inst/inst/add_ln37_reg_4430
                         FDRE                                         r  bd_0_i/hls_inst/inst/select_ln37_reg_456_reg[1]/CE
  -------------------------------------------------------------------    -------------------

                         (clock ap_clk rise edge)    10.000    10.000 r  
                                                      0.000    10.000 r  ap_clk (IN)
                         net (fo=41, unset)           0.924    10.924    bd_0_i/hls_inst/inst/ap_clk
                         FDRE                                         r  bd_0_i/hls_inst/inst/select_ln37_reg_456_reg[1]/C
                         clock pessimism              0.000    10.924    
                         clock uncertainty           -0.035    10.889    
                         FDRE (Setup_fdre_C_CE)      -0.169    10.720    bd_0_i/hls_inst/inst/select_ln37_reg_456_reg[1]
  -------------------------------------------------------------------
                         required time                         10.720    
                         arrival time                          -3.681    
  -------------------------------------------------------------------
                         slack                                  7.039    

Slack (MET) :             7.137ns  (required time - arrival time)
  Source:                 bd_0_i/hls_inst/inst/ap_enable_reg_pp0_iter1_reg/C
                            (rising edge-triggered cell FDRE clocked by ap_clk  {rise@0.000ns fall@5.000ns period=10.000ns})
  Destination:            bd_0_i/hls_inst/inst/mac_muladd_8s_8s_16ns_16_4_1_U3/matrixmul_mac_muladd_8s_8s_16ns_16_4_1_DSP48_1_U/p_reg_reg/A[0]
                            (rising edge-triggered cell DSP48E1 clocked by ap_clk  {rise@0.000ns fall@5.000ns period=10.000ns})
  Path Group:             ap_clk
  Path Type:              Setup (Max at Slow Process Corner)
  Requirement:            10.000ns  (ap_clk rise@10.000ns - ap_clk rise@0.000ns)
  Data Path Delay:        2.417ns  (logic 0.813ns (33.641%)  route 1.604ns (66.359%))
  Logic Levels:           1  (LUT4=1)
  Clock Path Skew:        -0.049ns (DCD - SCD + CPR)
    Destination Clock Delay (DCD):    0.924ns = ( 10.924 - 10.000 ) 
    Source Clock Delay      (SCD):    0.973ns
    Clock Pessimism Removal (CPR):    0.000ns
  Clock Uncertainty:      0.035ns  ((TSJ^2 + TIJ^2)^1/2 + DJ) / 2 + PE
    Total System Jitter     (TSJ):    0.071ns
    Total Input Jitter      (TIJ):    0.000ns
    Discrete Jitter          (DJ):    0.000ns
    Phase Error              (PE):    0.000ns

    Location             Delay type                Incr(ns)  Path(ns)    Netlist Resource(s)
  -------------------------------------------------------------------    -------------------
                         (clock ap_clk rise edge)     0.000     0.000 r  
                                                      0.000     0.000 r  ap_clk (IN)
                         net (fo=41, unset)           0.973     0.973    bd_0_i/hls_inst/inst/ap_clk
                         FDRE                                         r  bd_0_i/hls_inst/inst/ap_enable_reg_pp0_iter1_reg/C
  -------------------------------------------------------------------    -------------------
                         FDRE (Prop_fdre_C_Q)         0.518     1.491 r  bd_0_i/hls_inst/inst/ap_enable_reg_pp0_iter1_reg/Q
                         net (fo=23, unplaced)        0.804     2.295    bd_0_i/hls_inst/inst/mac_muladd_8s_8s_16ns_16_4_1_U3/matrixmul_mac_muladd_8s_8s_16ns_16_4_1_DSP48_1_U/ap_enable_reg_pp0_iter1
                         LUT4 (Prop_lut4_I1_O)        0.295     2.590 r  bd_0_i/hls_inst/inst/mac_muladd_8s_8s_16ns_16_4_1_U3/matrixmul_mac_muladd_8s_8s_16ns_16_4_1_DSP48_1_U/p_reg_reg_i_18/O
                         net (fo=2, unplaced)         0.800     3.390    bd_0_i/hls_inst/inst/mac_muladd_8s_8s_16ns_16_4_1_U3/matrixmul_mac_muladd_8s_8s_16ns_16_4_1_DSP48_1_U/A[0]
                         DSP48E1                                      r  bd_0_i/hls_inst/inst/mac_muladd_8s_8s_16ns_16_4_1_U3/matrixmul_mac_muladd_8s_8s_16ns_16_4_1_DSP48_1_U/p_reg_reg/A[0]
  -------------------------------------------------------------------    -------------------

                         (clock ap_clk rise edge)    10.000    10.000 r  
                                                      0.000    10.000 r  ap_clk (IN)
                         net (fo=41, unset)           0.924    10.924    bd_0_i/hls_inst/inst/mac_muladd_8s_8s_16ns_16_4_1_U3/matrixmul_mac_muladd_8s_8s_16ns_16_4_1_DSP48_1_U/ap_clk
                         DSP48E1                                      r  bd_0_i/hls_inst/inst/mac_muladd_8s_8s_16ns_16_4_1_U3/matrixmul_mac_muladd_8s_8s_16ns_16_4_1_DSP48_1_U/p_reg_reg/CLK
                         clock pessimism              0.000    10.924    
                         clock uncertainty           -0.035    10.889    
                         DSP48E1 (Setup_dsp48e1_CLK_A[0])
                                                     -0.362    10.527    bd_0_i/hls_inst/inst/mac_muladd_8s_8s_16ns_16_4_1_U3/matrixmul_mac_muladd_8s_8s_16ns_16_4_1_DSP48_1_U/p_reg_reg
  -------------------------------------------------------------------
                         required time                         10.527    
                         arrival time                          -3.390    
  -------------------------------------------------------------------
                         slack                                  7.137    




