Copyright 1986-2022 Xilinx, Inc. All Rights Reserved. Copyright 2022-2023 Advanced Micro Devices, Inc. All Rights Reserved.
---------------------------------------------------------------------------------------------------------------------------------------------
| Tool Version : Vivado v.2023.1 (win64) Build 3865809 Sun May  7 15:05:29 MDT 2023
| Date         : Sun Dec  1 12:56:27 2024
| Host         : DESKTOP-2ENERJB running 64-bit major release  (build 9200)
| Command      : report_timing -max_paths 10 -file ./report/matrixmul_timing_paths_routed.rpt
| Design       : bd_0_wrapper
| Device       : 7z020-clg484
| Speed File   : -1  PRODUCTION 1.12 2019-11-22
| Design State : Routed
---------------------------------------------------------------------------------------------------------------------------------------------

Timing Report

Slack (MET) :             5.630ns  (required time - arrival time)
  Source:                 bd_0_i/hls_inst/inst/ap_CS_fsm_reg[0]/C
                            (rising edge-triggered cell FDSE clocked by ap_clk  {rise@0.000ns fall@5.000ns period=10.000ns})
  Destination:            bd_0_i/hls_inst/inst/indvar_flatten_fu_68_reg[0]/CE
                            (rising edge-triggered cell FDRE clocked by ap_clk  {rise@0.000ns fall@5.000ns period=10.000ns})
  Path Group:             ap_clk
  Path Type:              Setup (Max at Slow Process Corner)
  Requirement:            10.000ns  (ap_clk rise@10.000ns - ap_clk rise@0.000ns)
  Data Path Delay:        4.081ns  (logic 0.766ns (18.771%)  route 3.315ns (81.229%))
  Logic Levels:           2  (LUT2=1 LUT6=1)
  Clock Path Skew:        -0.049ns (DCD - SCD + CPR)
    Destination Clock Delay (DCD):    0.924ns = ( 10.924 - 10.000 ) 
    Source Clock Delay      (SCD):    0.973ns
    Clock Pessimism Removal (CPR):    0.000ns
  Clock Uncertainty:      0.035ns  ((TSJ^2 + TIJ^2)^1/2 + DJ) / 2 + PE
    Total System Jitter     (TSJ):    0.071ns
    Total Input Jitter      (TIJ):    0.000ns
    Discrete Jitter          (DJ):    0.000ns
    Phase Error              (PE):    0.000ns

    Location             Delay type                Incr(ns)  Path(ns)    Netlist Resource(s)
  -------------------------------------------------------------------    -------------------
                         (clock ap_clk rise edge)     0.000     0.000 r  
                                                      0.000     0.000 r  ap_clk (IN)
                         net (fo=41, unset)           0.973     0.973    bd_0_i/hls_inst/inst/ap_clk
    SLICE_X34Y76         FDSE                                         r  bd_0_i/hls_inst/inst/ap_CS_fsm_reg[0]/C
  -------------------------------------------------------------------    -------------------
    SLICE_X34Y76         FDSE (Prop_fdse_C_Q)         0.518     1.491 r  bd_0_i/hls_inst/inst/ap_CS_fsm_reg[0]/Q
                         net (fo=44, routed)          1.759     3.250    bd_0_i/hls_inst/inst/flow_control_loop_pipe_U/ap_loop_init_reg_0[0]
    SLICE_X33Y76         LUT2 (Prop_lut2_I1_O)        0.124     3.374 r  bd_0_i/hls_inst/inst/flow_control_loop_pipe_U/b_ce1_INST_0/O
                         net (fo=1, routed)           0.968     4.342    bd_0_i/hls_inst/inst/flow_control_loop_pipe_U/b_ce1
    SLICE_X33Y73         LUT6 (Prop_lut6_I4_O)        0.124     4.466 r  bd_0_i/hls_inst/inst/flow_control_loop_pipe_U/indvar_flatten_fu_68[3]_i_1/O
                         net (fo=4, routed)           0.587     5.054    bd_0_i/hls_inst/inst/indvar_flatten_fu_68
    SLICE_X33Y73         FDRE                                         r  bd_0_i/hls_inst/inst/indvar_flatten_fu_68_reg[0]/CE
  -------------------------------------------------------------------    -------------------

                         (clock ap_clk rise edge)    10.000    10.000 r  
                                                      0.000    10.000 r  ap_clk (IN)
                         net (fo=41, unset)           0.924    10.924    bd_0_i/hls_inst/inst/ap_clk
    SLICE_X33Y73         FDRE                                         r  bd_0_i/hls_inst/inst/indvar_flatten_fu_68_reg[0]/C
                         clock pessimism              0.000    10.924    
                         clock uncertainty           -0.035    10.889    
    SLICE_X33Y73         FDRE (Setup_fdre_C_CE)      -0.205    10.684    bd_0_i/hls_inst/inst/indvar_flatten_fu_68_reg[0]
  -------------------------------------------------------------------
                         required time                         10.684    
                         arrival time                          -5.054    
  -------------------------------------------------------------------
                         slack                                  5.630    

Slack (MET) :             5.630ns  (required time - arrival time)
  Source:                 bd_0_i/hls_inst/inst/ap_CS_fsm_reg[0]/C
                            (rising edge-triggered cell FDSE clocked by ap_clk  {rise@0.000ns fall@5.000ns period=10.000ns})
  Destination:            bd_0_i/hls_inst/inst/indvar_flatten_fu_68_reg[1]/CE
                            (rising edge-triggered cell FDRE clocked by ap_clk  {rise@0.000ns fall@5.000ns period=10.000ns})
  Path Group:             ap_clk
  Path Type:              Setup (Max at Slow Process Corner)
  Requirement:            10.000ns  (ap_clk rise@10.000ns - ap_clk rise@0.000ns)
  Data Path Delay:        4.081ns  (logic 0.766ns (18.771%)  route 3.315ns (81.229%))
  Logic Levels:           2  (LUT2=1 LUT6=1)
  Clock Path Skew:        -0.049ns (DCD - SCD + CPR)
    Destination Clock Delay (DCD):    0.924ns = ( 10.924 - 10.000 ) 
    Source Clock Delay      (SCD):    0.973ns
    Clock Pessimism Removal (CPR):    0.000ns
  Clock Uncertainty:      0.035ns  ((TSJ^2 + TIJ^2)^1/2 + DJ) / 2 + PE
    Total System Jitter     (TSJ):    0.071ns
    Total Input Jitter      (TIJ):    0.000ns
    Discrete Jitter          (DJ):    0.000ns
    Phase Error              (PE):    0.000ns

    Location             Delay type                Incr(ns)  Path(ns)    Netlist Resource(s)
  -------------------------------------------------------------------    -------------------
                         (clock ap_clk rise edge)     0.000     0.000 r  
                                                      0.000     0.000 r  ap_clk (IN)
                         net (fo=41, unset)           0.973     0.973    bd_0_i/hls_inst/inst/ap_clk
    SLICE_X34Y76         FDSE                                         r  bd_0_i/hls_inst/inst/ap_CS_fsm_reg[0]/C
  -------------------------------------------------------------------    -------------------
    SLICE_X34Y76         FDSE (Prop_fdse_C_Q)         0.518     1.491 r  bd_0_i/hls_inst/inst/ap_CS_fsm_reg[0]/Q
                         net (fo=44, routed)          1.759     3.250    bd_0_i/hls_inst/inst/flow_control_loop_pipe_U/ap_loop_init_reg_0[0]
    SLICE_X33Y76         LUT2 (Prop_lut2_I1_O)        0.124     3.374 r  bd_0_i/hls_inst/inst/flow_control_loop_pipe_U/b_ce1_INST_0/O
                         net (fo=1, routed)           0.968     4.342    bd_0_i/hls_inst/inst/flow_control_loop_pipe_U/b_ce1
    SLICE_X33Y73         LUT6 (Prop_lut6_I4_O)        0.124     4.466 r  bd_0_i/hls_inst/inst/flow_control_loop_pipe_U/indvar_flatten_fu_68[3]_i_1/O
                         net (fo=4, routed)           0.587     5.054    bd_0_i/hls_inst/inst/indvar_flatten_fu_68
    SLICE_X33Y73         FDRE                                         r  bd_0_i/hls_inst/inst/indvar_flatten_fu_68_reg[1]/CE
  -------------------------------------------------------------------    -------------------

                         (clock ap_clk rise edge)    10.000    10.000 r  
                                                      0.000    10.000 r  ap_clk (IN)
                         net (fo=41, unset)           0.924    10.924    bd_0_i/hls_inst/inst/ap_clk
    SLICE_X33Y73         FDRE                                         r  bd_0_i/hls_inst/inst/indvar_flatten_fu_68_reg[1]/C
                         clock pessimism              0.000    10.924    
                         clock uncertainty           -0.035    10.889    
    SLICE_X33Y73         FDRE (Setup_fdre_C_CE)      -0.205    10.684    bd_0_i/hls_inst/inst/indvar_flatten_fu_68_reg[1]
  -------------------------------------------------------------------
                         required time                         10.684    
                         arrival time                          -5.054    
  -------------------------------------------------------------------
                         slack                                  5.630    

Slack (MET) :             5.630ns  (required time - arrival time)
  Source:                 bd_0_i/hls_inst/inst/ap_CS_fsm_reg[0]/C
                            (rising edge-triggered cell FDSE clocked by ap_clk  {rise@0.000ns fall@5.000ns period=10.000ns})
  Destination:            bd_0_i/hls_inst/inst/indvar_flatten_fu_68_reg[2]/CE
                            (rising edge-triggered cell FDRE clocked by ap_clk  {rise@0.000ns fall@5.000ns period=10.000ns})
  Path Group:             ap_clk
  Path Type:              Setup (Max at Slow Process Corner)
  Requirement:            10.000ns  (ap_clk rise@10.000ns - ap_clk rise@0.000ns)
  Data Path Delay:        4.081ns  (logic 0.766ns (18.771%)  route 3.315ns (81.229%))
  Logic Levels:           2  (LUT2=1 LUT6=1)
  Clock Path Skew:        -0.049ns (DCD - SCD + CPR)
    Destination Clock Delay (DCD):    0.924ns = ( 10.924 - 10.000 ) 
    Source Clock Delay      (SCD):    0.973ns
    Clock Pessimism Removal (CPR):    0.000ns
  Clock Uncertainty:      0.035ns  ((TSJ^2 + TIJ^2)^1/2 + DJ) / 2 + PE
    Total System Jitter     (TSJ):    0.071ns
    Total Input Jitter      (TIJ):    0.000ns
    Discrete Jitter          (DJ):    0.000ns
    Phase Error              (PE):    0.000ns

    Location             Delay type                Incr(ns)  Path(ns)    Netlist Resource(s)
  -------------------------------------------------------------------    -------------------
                         (clock ap_clk rise edge)     0.000     0.000 r  
                                                      0.000     0.000 r  ap_clk (IN)
                         net (fo=41, unset)           0.973     0.973    bd_0_i/hls_inst/inst/ap_clk
    SLICE_X34Y76         FDSE                                         r  bd_0_i/hls_inst/inst/ap_CS_fsm_reg[0]/C
  -------------------------------------------------------------------    -------------------
    SLICE_X34Y76         FDSE (Prop_fdse_C_Q)         0.518     1.491 r  bd_0_i/hls_inst/inst/ap_CS_fsm_reg[0]/Q
                         net (fo=44, routed)          1.759     3.250    bd_0_i/hls_inst/inst/flow_control_loop_pipe_U/ap_loop_init_reg_0[0]
    SLICE_X33Y76         LUT2 (Prop_lut2_I1_O)        0.124     3.374 r  bd_0_i/hls_inst/inst/flow_control_loop_pipe_U/b_ce1_INST_0/O
                         net (fo=1, routed)           0.968     4.342    bd_0_i/hls_inst/inst/flow_control_loop_pipe_U/b_ce1
    SLICE_X33Y73         LUT6 (Prop_lut6_I4_O)        0.124     4.466 r  bd_0_i/hls_inst/inst/flow_control_loop_pipe_U/indvar_flatten_fu_68[3]_i_1/O
                         net (fo=4, routed)           0.587     5.054    bd_0_i/hls_inst/inst/indvar_flatten_fu_68
    SLICE_X33Y73         FDRE                                         r  bd_0_i/hls_inst/inst/indvar_flatten_fu_68_reg[2]/CE
  -------------------------------------------------------------------    -------------------

                         (clock ap_clk rise edge)    10.000    10.000 r  
                                                      0.000    10.000 r  ap_clk (IN)
                         net (fo=41, unset)           0.924    10.924    bd_0_i/hls_inst/inst/ap_clk
    SLICE_X33Y73         FDRE                                         r  bd_0_i/hls_inst/inst/indvar_flatten_fu_68_reg[2]/C
                         clock pessimism              0.000    10.924    
                         clock uncertainty           -0.035    10.889    
    SLICE_X33Y73         FDRE (Setup_fdre_C_CE)      -0.205    10.684    bd_0_i/hls_inst/inst/indvar_flatten_fu_68_reg[2]
  -------------------------------------------------------------------
                         required time                         10.684    
                         arrival time                          -5.054    
  -------------------------------------------------------------------
                         slack                                  5.630    

Slack (MET) :             5.630ns  (required time - arrival time)
  Source:                 bd_0_i/hls_inst/inst/ap_CS_fsm_reg[0]/C
                            (rising edge-triggered cell FDSE clocked by ap_clk  {rise@0.000ns fall@5.000ns period=10.000ns})
  Destination:            bd_0_i/hls_inst/inst/indvar_flatten_fu_68_reg[3]/CE
                            (rising edge-triggered cell FDRE clocked by ap_clk  {rise@0.000ns fall@5.000ns period=10.000ns})
  Path Group:             ap_clk
  Path Type:              Setup (Max at Slow Process Corner)
  Requirement:            10.000ns  (ap_clk rise@10.000ns - ap_clk rise@0.000ns)
  Data Path Delay:        4.081ns  (logic 0.766ns (18.771%)  route 3.315ns (81.229%))
  Logic Levels:           2  (LUT2=1 LUT6=1)
  Clock Path Skew:        -0.049ns (DCD - SCD + CPR)
    Destination Clock Delay (DCD):    0.924ns = ( 10.924 - 10.000 ) 
    Source Clock Delay      (SCD):    0.973ns
    Clock Pessimism Removal (CPR):    0.000ns
  Clock Uncertainty:      0.035ns  ((TSJ^2 + TIJ^2)^1/2 + DJ) / 2 + PE
    Total System Jitter     (TSJ):    0.071ns
    Total Input Jitter      (TIJ):    0.000ns
    Discrete Jitter          (DJ):    0.000ns
    Phase Error              (PE):    0.000ns

    Location             Delay type                Incr(ns)  Path(ns)    Netlist Resource(s)
  -------------------------------------------------------------------    -------------------
                         (clock ap_clk rise edge)     0.000     0.000 r  
                                                      0.000     0.000 r  ap_clk (IN)
                         net (fo=41, unset)           0.973     0.973    bd_0_i/hls_inst/inst/ap_clk
    SLICE_X34Y76         FDSE                                         r  bd_0_i/hls_inst/inst/ap_CS_fsm_reg[0]/C
  -------------------------------------------------------------------    -------------------
    SLICE_X34Y76         FDSE (Prop_fdse_C_Q)         0.518     1.491 r  bd_0_i/hls_inst/inst/ap_CS_fsm_reg[0]/Q
                         net (fo=44, routed)          1.759     3.250    bd_0_i/hls_inst/inst/flow_control_loop_pipe_U/ap_loop_init_reg_0[0]
    SLICE_X33Y76         LUT2 (Prop_lut2_I1_O)        0.124     3.374 r  bd_0_i/hls_inst/inst/flow_control_loop_pipe_U/b_ce1_INST_0/O
                         net (fo=1, routed)           0.968     4.342    bd_0_i/hls_inst/inst/flow_control_loop_pipe_U/b_ce1
    SLICE_X33Y73         LUT6 (Prop_lut6_I4_O)        0.124     4.466 r  bd_0_i/hls_inst/inst/flow_control_loop_pipe_U/indvar_flatten_fu_68[3]_i_1/O
                         net (fo=4, routed)           0.587     5.054    bd_0_i/hls_inst/inst/indvar_flatten_fu_68
    SLICE_X33Y73         FDRE                                         r  bd_0_i/hls_inst/inst/indvar_flatten_fu_68_reg[3]/CE
  -------------------------------------------------------------------    -------------------

                         (clock ap_clk rise edge)    10.000    10.000 r  
                                                      0.000    10.000 r  ap_clk (IN)
                         net (fo=41, unset)           0.924    10.924    bd_0_i/hls_inst/inst/ap_clk
    SLICE_X33Y73         FDRE                                         r  bd_0_i/hls_inst/inst/indvar_flatten_fu_68_reg[3]/C
                         clock pessimism              0.000    10.924    
                         clock uncertainty           -0.035    10.889    
    SLICE_X33Y73         FDRE (Setup_fdre_C_CE)      -0.205    10.684    bd_0_i/hls_inst/inst/indvar_flatten_fu_68_reg[3]
  -------------------------------------------------------------------
                         required time                         10.684    
                         arrival time                          -5.054    
  -------------------------------------------------------------------
                         slack                                  5.630    

Slack (MET) :             6.348ns  (required time - arrival time)
  Source:                 bd_0_i/hls_inst/inst/ap_CS_fsm_reg[1]/C
                            (rising edge-triggered cell FDRE clocked by ap_clk  {rise@0.000ns fall@5.000ns period=10.000ns})
  Destination:            bd_0_i/hls_inst/inst/mac_muladd_8s_8s_16s_16_4_1_U2/matrixmul_mac_muladd_8s_8s_16s_16_4_1_DSP48_0_U/p_reg_reg/B[10]
                            (rising edge-triggered cell DSP48E1 clocked by ap_clk  {rise@0.000ns fall@5.000ns period=10.000ns})
  Path Group:             ap_clk
  Path Type:              Setup (Max at Slow Process Corner)
  Requirement:            10.000ns  (ap_clk rise@10.000ns - ap_clk rise@0.000ns)
  Data Path Delay:        2.894ns  (logic 0.668ns (23.083%)  route 2.226ns (76.917%))
  Logic Levels:           1  (LUT3=1)
  Clock Path Skew:        -0.049ns (DCD - SCD + CPR)
    Destination Clock Delay (DCD):    0.924ns = ( 10.924 - 10.000 ) 
    Source Clock Delay      (SCD):    0.973ns
    Clock Pessimism Removal (CPR):    0.000ns
  Clock Uncertainty:      0.035ns  ((TSJ^2 + TIJ^2)^1/2 + DJ) / 2 + PE
    Total System Jitter     (TSJ):    0.071ns
    Total Input Jitter      (TIJ):    0.000ns
    Discrete Jitter          (DJ):    0.000ns
    Phase Error              (PE):    0.000ns

    Location             Delay type                Incr(ns)  Path(ns)    Netlist Resource(s)
  -------------------------------------------------------------------    -------------------
                         (clock ap_clk rise edge)     0.000     0.000 r  
                                                      0.000     0.000 r  ap_clk (IN)
                         net (fo=41, unset)           0.973     0.973    bd_0_i/hls_inst/inst/ap_clk
    SLICE_X34Y76         FDRE                                         r  bd_0_i/hls_inst/inst/ap_CS_fsm_reg[1]/C
  -------------------------------------------------------------------    -------------------
    SLICE_X34Y76         FDRE (Prop_fdre_C_Q)         0.518     1.491 r  bd_0_i/hls_inst/inst/ap_CS_fsm_reg[1]/Q
                         net (fo=24, routed)          1.003     2.494    bd_0_i/hls_inst/inst/mac_muladd_8s_8s_16ns_16_4_1_U3/matrixmul_mac_muladd_8s_8s_16ns_16_4_1_DSP48_1_U/Q[1]
    SLICE_X36Y75         LUT3 (Prop_lut3_I1_O)        0.150     2.644 r  bd_0_i/hls_inst/inst/mac_muladd_8s_8s_16ns_16_4_1_U3/matrixmul_mac_muladd_8s_8s_16ns_16_4_1_DSP48_1_U/p_reg_reg_i_3/O
                         net (fo=22, routed)          1.223     3.867    bd_0_i/hls_inst/inst/mac_muladd_8s_8s_16s_16_4_1_U2/matrixmul_mac_muladd_8s_8s_16s_16_4_1_DSP48_0_U/B[7]
    DSP48_X2Y29          DSP48E1                                      r  bd_0_i/hls_inst/inst/mac_muladd_8s_8s_16s_16_4_1_U2/matrixmul_mac_muladd_8s_8s_16s_16_4_1_DSP48_0_U/p_reg_reg/B[10]
  -------------------------------------------------------------------    -------------------

                         (clock ap_clk rise edge)    10.000    10.000 r  
                                                      0.000    10.000 r  ap_clk (IN)
                         net (fo=41, unset)           0.924    10.924    bd_0_i/hls_inst/inst/mac_muladd_8s_8s_16s_16_4_1_U2/matrixmul_mac_muladd_8s_8s_16s_16_4_1_DSP48_0_U/ap_clk
    DSP48_X2Y29          DSP48E1                                      r  bd_0_i/hls_inst/inst/mac_muladd_8s_8s_16s_16_4_1_U2/matrixmul_mac_muladd_8s_8s_16s_16_4_1_DSP48_0_U/p_reg_reg/CLK
                         clock pessimism              0.000    10.924    
                         clock uncertainty           -0.035    10.889    
    DSP48_X2Y29          DSP48E1 (Setup_dsp48e1_CLK_B[10])
                                                     -0.674    10.215    bd_0_i/hls_inst/inst/mac_muladd_8s_8s_16s_16_4_1_U2/matrixmul_mac_muladd_8s_8s_16s_16_4_1_DSP48_0_U/p_reg_reg
  -------------------------------------------------------------------
                         required time                         10.215    
                         arrival time                          -3.867    
  -------------------------------------------------------------------
                         slack                                  6.348    

Slack (MET) :             6.348ns  (required time - arrival time)
  Source:                 bd_0_i/hls_inst/inst/ap_CS_fsm_reg[1]/C
                            (rising edge-triggered cell FDRE clocked by ap_clk  {rise@0.000ns fall@5.000ns period=10.000ns})
  Destination:            bd_0_i/hls_inst/inst/mac_muladd_8s_8s_16s_16_4_1_U2/matrixmul_mac_muladd_8s_8s_16s_16_4_1_DSP48_0_U/p_reg_reg/B[9]
                            (rising edge-triggered cell DSP48E1 clocked by ap_clk  {rise@0.000ns fall@5.000ns period=10.000ns})
  Path Group:             ap_clk
  Path Type:              Setup (Max at Slow Process Corner)
  Requirement:            10.000ns  (ap_clk rise@10.000ns - ap_clk rise@0.000ns)
  Data Path Delay:        2.894ns  (logic 0.668ns (23.083%)  route 2.226ns (76.917%))
  Logic Levels:           1  (LUT3=1)
  Clock Path Skew:        -0.049ns (DCD - SCD + CPR)
    Destination Clock Delay (DCD):    0.924ns = ( 10.924 - 10.000 ) 
    Source Clock Delay      (SCD):    0.973ns
    Clock Pessimism Removal (CPR):    0.000ns
  Clock Uncertainty:      0.035ns  ((TSJ^2 + TIJ^2)^1/2 + DJ) / 2 + PE
    Total System Jitter     (TSJ):    0.071ns
    Total Input Jitter      (TIJ):    0.000ns
    Discrete Jitter          (DJ):    0.000ns
    Phase Error              (PE):    0.000ns

    Location             Delay type                Incr(ns)  Path(ns)    Netlist Resource(s)
  -------------------------------------------------------------------    -------------------
                         (clock ap_clk rise edge)     0.000     0.000 r  
                                                      0.000     0.000 r  ap_clk (IN)
                         net (fo=41, unset)           0.973     0.973    bd_0_i/hls_inst/inst/ap_clk
    SLICE_X34Y76         FDRE                                         r  bd_0_i/hls_inst/inst/ap_CS_fsm_reg[1]/C
  -------------------------------------------------------------------    -------------------
    SLICE_X34Y76         FDRE (Prop_fdre_C_Q)         0.518     1.491 r  bd_0_i/hls_inst/inst/ap_CS_fsm_reg[1]/Q
                         net (fo=24, routed)          1.003     2.494    bd_0_i/hls_inst/inst/mac_muladd_8s_8s_16ns_16_4_1_U3/matrixmul_mac_muladd_8s_8s_16ns_16_4_1_DSP48_1_U/Q[1]
    SLICE_X36Y75         LUT3 (Prop_lut3_I1_O)        0.150     2.644 r  bd_0_i/hls_inst/inst/mac_muladd_8s_8s_16ns_16_4_1_U3/matrixmul_mac_muladd_8s_8s_16ns_16_4_1_DSP48_1_U/p_reg_reg_i_3/O
                         net (fo=22, routed)          1.223     3.867    bd_0_i/hls_inst/inst/mac_muladd_8s_8s_16s_16_4_1_U2/matrixmul_mac_muladd_8s_8s_16s_16_4_1_DSP48_0_U/B[7]
    DSP48_X2Y29          DSP48E1                                      r  bd_0_i/hls_inst/inst/mac_muladd_8s_8s_16s_16_4_1_U2/matrixmul_mac_muladd_8s_8s_16s_16_4_1_DSP48_0_U/p_reg_reg/B[9]
  -------------------------------------------------------------------    -------------------

                         (clock ap_clk rise edge)    10.000    10.000 r  
                                                      0.000    10.000 r  ap_clk (IN)
                         net (fo=41, unset)           0.924    10.924    bd_0_i/hls_inst/inst/mac_muladd_8s_8s_16s_16_4_1_U2/matrixmul_mac_muladd_8s_8s_16s_16_4_1_DSP48_0_U/ap_clk
    DSP48_X2Y29          DSP48E1                                      r  bd_0_i/hls_inst/inst/mac_muladd_8s_8s_16s_16_4_1_U2/matrixmul_mac_muladd_8s_8s_16s_16_4_1_DSP48_0_U/p_reg_reg/CLK
                         clock pessimism              0.000    10.924    
                         clock uncertainty           -0.035    10.889    
    DSP48_X2Y29          DSP48E1 (Setup_dsp48e1_CLK_B[9])
                                                     -0.674    10.215    bd_0_i/hls_inst/inst/mac_muladd_8s_8s_16s_16_4_1_U2/matrixmul_mac_muladd_8s_8s_16s_16_4_1_DSP48_0_U/p_reg_reg
  -------------------------------------------------------------------
                         required time                         10.215    
                         arrival time                          -3.867    
  -------------------------------------------------------------------
                         slack                                  6.348    

Slack (MET) :             6.355ns  (required time - arrival time)
  Source:                 bd_0_i/hls_inst/inst/ap_CS_fsm_reg[0]/C
                            (rising edge-triggered cell FDSE clocked by ap_clk  {rise@0.000ns fall@5.000ns period=10.000ns})
  Destination:            bd_0_i/hls_inst/inst/ap_enable_reg_pp0_iter1_reg/D
                            (rising edge-triggered cell FDRE clocked by ap_clk  {rise@0.000ns fall@5.000ns period=10.000ns})
  Path Group:             ap_clk
  Path Type:              Setup (Max at Slow Process Corner)
  Requirement:            10.000ns  (ap_clk rise@10.000ns - ap_clk rise@0.000ns)
  Data Path Delay:        3.590ns  (logic 0.998ns (27.803%)  route 2.592ns (72.197%))
  Logic Levels:           2  (LUT3=1 LUT5=1)
  Clock Path Skew:        -0.049ns (DCD - SCD + CPR)
    Destination Clock Delay (DCD):    0.924ns = ( 10.924 - 10.000 ) 
    Source Clock Delay      (SCD):    0.973ns
    Clock Pessimism Removal (CPR):    0.000ns
  Clock Uncertainty:      0.035ns  ((TSJ^2 + TIJ^2)^1/2 + DJ) / 2 + PE
    Total System Jitter     (TSJ):    0.071ns
    Total Input Jitter      (TIJ):    0.000ns
    Discrete Jitter          (DJ):    0.000ns
    Phase Error              (PE):    0.000ns

    Location             Delay type                Incr(ns)  Path(ns)    Netlist Resource(s)
  -------------------------------------------------------------------    -------------------
                         (clock ap_clk rise edge)     0.000     0.000 r  
                                                      0.000     0.000 r  ap_clk (IN)
                         net (fo=41, unset)           0.973     0.973    bd_0_i/hls_inst/inst/ap_clk
    SLICE_X34Y76         FDSE                                         r  bd_0_i/hls_inst/inst/ap_CS_fsm_reg[0]/C
  -------------------------------------------------------------------    -------------------
    SLICE_X34Y76         FDSE (Prop_fdse_C_Q)         0.518     1.491 r  bd_0_i/hls_inst/inst/ap_CS_fsm_reg[0]/Q
                         net (fo=44, routed)          1.759     3.250    bd_0_i/hls_inst/inst/flow_control_loop_pipe_U/ap_loop_init_reg_0[0]
    SLICE_X33Y76         LUT3 (Prop_lut3_I1_O)        0.153     3.403 r  bd_0_i/hls_inst/inst/flow_control_loop_pipe_U/ap_enable_reg_pp0_iter0_reg_i_1/O
                         net (fo=4, routed)           0.832     4.236    bd_0_i/hls_inst/inst/ap_enable_reg_pp0_iter0
    SLICE_X35Y76         LUT5 (Prop_lut5_I3_O)        0.327     4.563 r  bd_0_i/hls_inst/inst/ap_enable_reg_pp0_iter1_i_1/O
                         net (fo=1, routed)           0.000     4.563    bd_0_i/hls_inst/inst/ap_enable_reg_pp0_iter1_i_1_n_2
    SLICE_X35Y76         FDRE                                         r  bd_0_i/hls_inst/inst/ap_enable_reg_pp0_iter1_reg/D
  -------------------------------------------------------------------    -------------------

                         (clock ap_clk rise edge)    10.000    10.000 r  
                                                      0.000    10.000 r  ap_clk (IN)
                         net (fo=41, unset)           0.924    10.924    bd_0_i/hls_inst/inst/ap_clk
    SLICE_X35Y76         FDRE                                         r  bd_0_i/hls_inst/inst/ap_enable_reg_pp0_iter1_reg/C
                         clock pessimism              0.000    10.924    
                         clock uncertainty           -0.035    10.889    
    SLICE_X35Y76         FDRE (Setup_fdre_C_D)        0.029    10.918    bd_0_i/hls_inst/inst/ap_enable_reg_pp0_iter1_reg
  -------------------------------------------------------------------
                         required time                         10.918    
                         arrival time                          -4.563    
  -------------------------------------------------------------------
                         slack                                  6.355    

Slack (MET) :             6.409ns  (required time - arrival time)
  Source:                 bd_0_i/hls_inst/inst/ap_CS_fsm_reg[1]/C
                            (rising edge-triggered cell FDRE clocked by ap_clk  {rise@0.000ns fall@5.000ns period=10.000ns})
  Destination:            bd_0_i/hls_inst/inst/mac_muladd_8s_8s_16s_16_4_1_U2/matrixmul_mac_muladd_8s_8s_16s_16_4_1_DSP48_0_U/p_reg_reg/B[7]
                            (rising edge-triggered cell DSP48E1 clocked by ap_clk  {rise@0.000ns fall@5.000ns period=10.000ns})
  Path Group:             ap_clk
  Path Type:              Setup (Max at Slow Process Corner)
  Requirement:            10.000ns  (ap_clk rise@10.000ns - ap_clk rise@0.000ns)
  Data Path Delay:        2.833ns  (logic 0.668ns (23.579%)  route 2.165ns (76.421%))
  Logic Levels:           1  (LUT3=1)
  Clock Path Skew:        -0.049ns (DCD - SCD + CPR)
    Destination Clock Delay (DCD):    0.924ns = ( 10.924 - 10.000 ) 
    Source Clock Delay      (SCD):    0.973ns
    Clock Pessimism Removal (CPR):    0.000ns
  Clock Uncertainty:      0.035ns  ((TSJ^2 + TIJ^2)^1/2 + DJ) / 2 + PE
    Total System Jitter     (TSJ):    0.071ns
    Total Input Jitter      (TIJ):    0.000ns
    Discrete Jitter          (DJ):    0.000ns
    Phase Error              (PE):    0.000ns

    Location             Delay type                Incr(ns)  Path(ns)    Netlist Resource(s)
  -------------------------------------------------------------------    -------------------
                         (clock ap_clk rise edge)     0.000     0.000 r  
                                                      0.000     0.000 r  ap_clk (IN)
                         net (fo=41, unset)           0.973     0.973    bd_0_i/hls_inst/inst/ap_clk
    SLICE_X34Y76         FDRE                                         r  bd_0_i/hls_inst/inst/ap_CS_fsm_reg[1]/C
  -------------------------------------------------------------------    -------------------
    SLICE_X34Y76         FDRE (Prop_fdre_C_Q)         0.518     1.491 r  bd_0_i/hls_inst/inst/ap_CS_fsm_reg[1]/Q
                         net (fo=24, routed)          1.003     2.494    bd_0_i/hls_inst/inst/mac_muladd_8s_8s_16ns_16_4_1_U3/matrixmul_mac_muladd_8s_8s_16ns_16_4_1_DSP48_1_U/Q[1]
    SLICE_X36Y75         LUT3 (Prop_lut3_I1_O)        0.150     2.644 r  bd_0_i/hls_inst/inst/mac_muladd_8s_8s_16ns_16_4_1_U3/matrixmul_mac_muladd_8s_8s_16ns_16_4_1_DSP48_1_U/p_reg_reg_i_3/O
                         net (fo=22, routed)          1.162     3.806    bd_0_i/hls_inst/inst/mac_muladd_8s_8s_16s_16_4_1_U2/matrixmul_mac_muladd_8s_8s_16s_16_4_1_DSP48_0_U/B[7]
    DSP48_X2Y29          DSP48E1                                      r  bd_0_i/hls_inst/inst/mac_muladd_8s_8s_16s_16_4_1_U2/matrixmul_mac_muladd_8s_8s_16s_16_4_1_DSP48_0_U/p_reg_reg/B[7]
  -------------------------------------------------------------------    -------------------

                         (clock ap_clk rise edge)    10.000    10.000 r  
                                                      0.000    10.000 r  ap_clk (IN)
                         net (fo=41, unset)           0.924    10.924    bd_0_i/hls_inst/inst/mac_muladd_8s_8s_16s_16_4_1_U2/matrixmul_mac_muladd_8s_8s_16s_16_4_1_DSP48_0_U/ap_clk
    DSP48_X2Y29          DSP48E1                                      r  bd_0_i/hls_inst/inst/mac_muladd_8s_8s_16s_16_4_1_U2/matrixmul_mac_muladd_8s_8s_16s_16_4_1_DSP48_0_U/p_reg_reg/CLK
                         clock pessimism              0.000    10.924    
                         clock uncertainty           -0.035    10.889    
    DSP48_X2Y29          DSP48E1 (Setup_dsp48e1_CLK_B[7])
                                                     -0.674    10.215    bd_0_i/hls_inst/inst/mac_muladd_8s_8s_16s_16_4_1_U2/matrixmul_mac_muladd_8s_8s_16s_16_4_1_DSP48_0_U/p_reg_reg
  -------------------------------------------------------------------
                         required time                         10.215    
                         arrival time                          -3.806    
  -------------------------------------------------------------------
                         slack                                  6.409    

Slack (MET) :             6.411ns  (required time - arrival time)
  Source:                 bd_0_i/hls_inst/inst/ap_CS_fsm_reg[0]/C
                            (rising edge-triggered cell FDSE clocked by ap_clk  {rise@0.000ns fall@5.000ns period=10.000ns})
  Destination:            bd_0_i/hls_inst/inst/mac_muladd_8s_8s_16ns_16_4_1_U3/matrixmul_mac_muladd_8s_8s_16ns_16_4_1_DSP48_1_U/p_reg_reg/A[11]
                            (rising edge-triggered cell DSP48E1 clocked by ap_clk  {rise@0.000ns fall@5.000ns period=10.000ns})
  Path Group:             ap_clk
  Path Type:              Setup (Max at Slow Process Corner)
  Requirement:            10.000ns  (ap_clk rise@10.000ns - ap_clk rise@0.000ns)
  Data Path Delay:        3.143ns  (logic 0.642ns (20.424%)  route 2.501ns (79.576%))
  Logic Levels:           1  (LUT4=1)
  Clock Path Skew:        -0.049ns (DCD - SCD + CPR)
    Destination Clock Delay (DCD):    0.924ns = ( 10.924 - 10.000 ) 
    Source Clock Delay      (SCD):    0.973ns
    Clock Pessimism Removal (CPR):    0.000ns
  Clock Uncertainty:      0.035ns  ((TSJ^2 + TIJ^2)^1/2 + DJ) / 2 + PE
    Total System Jitter     (TSJ):    0.071ns
    Total Input Jitter      (TIJ):    0.000ns
    Discrete Jitter          (DJ):    0.000ns
    Phase Error              (PE):    0.000ns

    Location             Delay type                Incr(ns)  Path(ns)    Netlist Resource(s)
  -------------------------------------------------------------------    -------------------
                         (clock ap_clk rise edge)     0.000     0.000 r  
                                                      0.000     0.000 r  ap_clk (IN)
                         net (fo=41, unset)           0.973     0.973    bd_0_i/hls_inst/inst/ap_clk
    SLICE_X34Y76         FDSE                                         r  bd_0_i/hls_inst/inst/ap_CS_fsm_reg[0]/C
  -------------------------------------------------------------------    -------------------
    SLICE_X34Y76         FDSE (Prop_fdse_C_Q)         0.518     1.491 r  bd_0_i/hls_inst/inst/ap_CS_fsm_reg[0]/Q
                         net (fo=44, routed)          1.242     2.733    bd_0_i/hls_inst/inst/mac_muladd_8s_8s_16ns_16_4_1_U3/matrixmul_mac_muladd_8s_8s_16ns_16_4_1_DSP48_1_U/Q[0]
    SLICE_X35Y74         LUT4 (Prop_lut4_I2_O)        0.124     2.857 r  bd_0_i/hls_inst/inst/mac_muladd_8s_8s_16ns_16_4_1_U3/matrixmul_mac_muladd_8s_8s_16ns_16_4_1_DSP48_1_U/p_reg_reg_i_11/O
                         net (fo=46, routed)          1.260     4.116    bd_0_i/hls_inst/inst/mac_muladd_8s_8s_16ns_16_4_1_U3/matrixmul_mac_muladd_8s_8s_16ns_16_4_1_DSP48_1_U/A[7]
    DSP48_X2Y30          DSP48E1                                      r  bd_0_i/hls_inst/inst/mac_muladd_8s_8s_16ns_16_4_1_U3/matrixmul_mac_muladd_8s_8s_16ns_16_4_1_DSP48_1_U/p_reg_reg/A[11]
  -------------------------------------------------------------------    -------------------

                         (clock ap_clk rise edge)    10.000    10.000 r  
                                                      0.000    10.000 r  ap_clk (IN)
                         net (fo=41, unset)           0.924    10.924    bd_0_i/hls_inst/inst/mac_muladd_8s_8s_16ns_16_4_1_U3/matrixmul_mac_muladd_8s_8s_16ns_16_4_1_DSP48_1_U/ap_clk
    DSP48_X2Y30          DSP48E1                                      r  bd_0_i/hls_inst/inst/mac_muladd_8s_8s_16ns_16_4_1_U3/matrixmul_mac_muladd_8s_8s_16ns_16_4_1_DSP48_1_U/p_reg_reg/CLK
                         clock pessimism              0.000    10.924    
                         clock uncertainty           -0.035    10.889    
    DSP48_X2Y30          DSP48E1 (Setup_dsp48e1_CLK_A[11])
                                                     -0.362    10.527    bd_0_i/hls_inst/inst/mac_muladd_8s_8s_16ns_16_4_1_U3/matrixmul_mac_muladd_8s_8s_16ns_16_4_1_DSP48_1_U/p_reg_reg
  -------------------------------------------------------------------
                         required time                         10.527    
                         arrival time                          -4.116    
  -------------------------------------------------------------------
                         slack                                  6.411    

Slack (MET) :             6.447ns  (required time - arrival time)
  Source:                 bd_0_i/hls_inst/inst/ap_CS_fsm_reg[0]/C
                            (rising edge-triggered cell FDSE clocked by ap_clk  {rise@0.000ns fall@5.000ns period=10.000ns})
  Destination:            bd_0_i/hls_inst/inst/indvar_flatten_fu_68_reg[2]/D
                            (rising edge-triggered cell FDRE clocked by ap_clk  {rise@0.000ns fall@5.000ns period=10.000ns})
  Path Group:             ap_clk
  Path Type:              Setup (Max at Slow Process Corner)
  Requirement:            10.000ns  (ap_clk rise@10.000ns - ap_clk rise@0.000ns)
  Data Path Delay:        3.183ns  (logic 0.792ns (24.884%)  route 2.391ns (75.116%))
  Logic Levels:           2  (LUT3=1 LUT4=1)
  Clock Path Skew:        -0.049ns (DCD - SCD + CPR)
    Destination Clock Delay (DCD):    0.924ns = ( 10.924 - 10.000 ) 
    Source Clock Delay      (SCD):    0.973ns
    Clock Pessimism Removal (CPR):    0.000ns
  Clock Uncertainty:      0.035ns  ((TSJ^2 + TIJ^2)^1/2 + DJ) / 2 + PE
    Total System Jitter     (TSJ):    0.071ns
    Total Input Jitter      (TIJ):    0.000ns
    Discrete Jitter          (DJ):    0.000ns
    Phase Error              (PE):    0.000ns

    Location             Delay type                Incr(ns)  Path(ns)    Netlist Resource(s)
  -------------------------------------------------------------------    -------------------
                         (clock ap_clk rise edge)     0.000     0.000 r  
                                                      0.000     0.000 r  ap_clk (IN)
                         net (fo=41, unset)           0.973     0.973    bd_0_i/hls_inst/inst/ap_clk
    SLICE_X34Y76         FDSE                                         r  bd_0_i/hls_inst/inst/ap_CS_fsm_reg[0]/C
  -------------------------------------------------------------------    -------------------
    SLICE_X34Y76         FDSE (Prop_fdse_C_Q)         0.518     1.491 f  bd_0_i/hls_inst/inst/ap_CS_fsm_reg[0]/Q
                         net (fo=44, routed)          1.033     2.524    bd_0_i/hls_inst/inst/flow_control_loop_pipe_U/ap_loop_init_reg_0[0]
    SLICE_X35Y73         LUT3 (Prop_lut3_I1_O)        0.124     2.648 r  bd_0_i/hls_inst/inst/flow_control_loop_pipe_U/indvar_flatten_fu_68[3]_i_3/O
                         net (fo=6, routed)           0.732     3.380    bd_0_i/hls_inst/inst/flow_control_loop_pipe_U/indvar_flatten_fu_68[3]_i_3_n_2
    SLICE_X34Y73         LUT4 (Prop_lut4_I1_O)        0.150     3.530 r  bd_0_i/hls_inst/inst/flow_control_loop_pipe_U/indvar_flatten_fu_68[2]_i_1/O
                         net (fo=1, routed)           0.625     4.156    bd_0_i/hls_inst/inst/flow_control_loop_pipe_U_n_5
    SLICE_X33Y73         FDRE                                         r  bd_0_i/hls_inst/inst/indvar_flatten_fu_68_reg[2]/D
  -------------------------------------------------------------------    -------------------

                         (clock ap_clk rise edge)    10.000    10.000 r  
                                                      0.000    10.000 r  ap_clk (IN)
                         net (fo=41, unset)           0.924    10.924    bd_0_i/hls_inst/inst/ap_clk
    SLICE_X33Y73         FDRE                                         r  bd_0_i/hls_inst/inst/indvar_flatten_fu_68_reg[2]/C
                         clock pessimism              0.000    10.924    
                         clock uncertainty           -0.035    10.889    
    SLICE_X33Y73         FDRE (Setup_fdre_C_D)       -0.286    10.603    bd_0_i/hls_inst/inst/indvar_flatten_fu_68_reg[2]
  -------------------------------------------------------------------
                         required time                         10.603    
                         arrival time                          -4.156    
  -------------------------------------------------------------------
                         slack                                  6.447    




