
*** Running vivado
    with args -log design_1_fir_1_2.vds -m64 -product Vivado -mode batch -messageDb vivado.pb -notrace -source design_1_fir_1_2.tcl



****** Vivado v2023.1 (64-bit)
  **** SW Build 3865809 on Sun May  7 15:05:29 MDT 2023
  **** IP Build 3864474 on Sun May  7 20:36:21 MDT 2023
  **** SharedData Build 3865790 on Sun May 07 13:33:03 MDT 2023
    ** Copyright 1986-2022 Xilinx, Inc. All Rights Reserved.
    ** Copyright 2022-2023 Advanced Micro Devices, Inc. All Rights Reserved.

source design_1_fir_1_2.tcl -notrace
create_project: Time (s): cpu = 00:00:05 ; elapsed = 00:00:05 . Memory (MB): peak = 913.062 ; gain = 160.406
INFO: [IP_Flow 19-234] Refreshing IP repositories
INFO: [IP_Flow 19-1700] Loaded user IP repository 'f:/Education/FPGA_Labs/Labs_2/lab4/audio_codec_ctrl_v1.0'.
INFO: [IP_Flow 19-1700] Loaded user IP repository 'f:/Education/FPGA_Labs/Labs_2/lab4/fir/iz_solution1/impl'.
INFO: [IP_Flow 19-2313] Loaded Vivado IP repository 'F:/Xilinx/Vitis/Vivado/2023.1/data/ip'.
INFO: [IP_Flow 19-6924] IPCACHE: Running cache check for IP inst: design_1_fir_1_2
INFO: [IP_Flow 19-6922] IPCACHE: Exporting cached entry a1ecbb0b92d77f25 to dir: F:/Education/FPGA_Labs/Labs_2/lab4/audio_new/audio_new.runs/design_1_fir_1_2_synth_1
INFO: [IP_Flow 19-6928] IPCACHE: copied cached file f:/Education/FPGA_Labs/Labs_2/lab4/audio_new/audio_new.cache/ip/2023.1/a/1/a1ecbb0b92d77f25/design_1_fir_0_4.dcp to F:/Education/FPGA_Labs/Labs_2/lab4/audio_new/audio_new.runs/design_1_fir_1_2_synth_1/design_1_fir_1_2.dcp.
INFO: [IP_Flow 19-6928] IPCACHE: copied cached file f:/Education/FPGA_Labs/Labs_2/lab4/audio_new/audio_new.cache/ip/2023.1/a/1/a1ecbb0b92d77f25/design_1_fir_0_4_sim_netlist.v to F:/Education/FPGA_Labs/Labs_2/lab4/audio_new/audio_new.runs/design_1_fir_1_2_synth_1/design_1_fir_1_2_sim_netlist.v.
INFO: [IP_Flow 19-6928] IPCACHE: copied cached file f:/Education/FPGA_Labs/Labs_2/lab4/audio_new/audio_new.cache/ip/2023.1/a/1/a1ecbb0b92d77f25/design_1_fir_0_4_sim_netlist.vhdl to F:/Education/FPGA_Labs/Labs_2/lab4/audio_new/audio_new.runs/design_1_fir_1_2_synth_1/design_1_fir_1_2_sim_netlist.vhdl.
INFO: [IP_Flow 19-6928] IPCACHE: copied cached file f:/Education/FPGA_Labs/Labs_2/lab4/audio_new/audio_new.cache/ip/2023.1/a/1/a1ecbb0b92d77f25/design_1_fir_0_4_stub.v to F:/Education/FPGA_Labs/Labs_2/lab4/audio_new/audio_new.runs/design_1_fir_1_2_synth_1/design_1_fir_1_2_stub.v.
INFO: [IP_Flow 19-6928] IPCACHE: copied cached file f:/Education/FPGA_Labs/Labs_2/lab4/audio_new/audio_new.cache/ip/2023.1/a/1/a1ecbb0b92d77f25/design_1_fir_0_4_stub.vhdl to F:/Education/FPGA_Labs/Labs_2/lab4/audio_new/audio_new.runs/design_1_fir_1_2_synth_1/design_1_fir_1_2_stub.vhdl.
INFO: [IP_Flow 19-4838] Using cached IP synthesis design for IP design_1_fir_1_2, cache-ID = a1ecbb0b92d77f25.
INFO: [Common 17-206] Exiting Vivado at Sun Dec  8 18:19:01 2024...
