0 -32768 378
1 0 73
2 0 -27
3 0 -170
4 0 -298
5 0 -352
6 0 -302
7 0 -168
8 0 -14
9 0 80
10 0 64
11 0 -53
12 0 -186
13 0 -216
14 0 -40
15 0 356
16 0 867
17 0 1283
18 0 1366
19 0 954
20 0 51
21 0 -1132
22 0 -2227
23 0 -2829
24 0 -2647
25 0 -1633
26 0 -25
27 0 1712
28 0 3042
29 0 -29229
30 0 3042
31 0 1712
32 0 -25
33 0 -1633
34 0 -2647
35 0 -2829
36 0 -2227
37 0 -1132
38 0 51
39 0 954
40 0 1366
41 0 1283
42 0 867
43 0 356
44 0 -40
45 0 -216
46 0 -186
47 0 -53
48 0 64
49 0 80
50 0 -14
51 0 -168
52 0 -302
53 0 -352
54 0 -298
55 0 -170
56 0 -27
57 0 73
58 0 378
59 0 0
60 0 0
61 0 0
62 0 0
63 0 0
64 0 0
65 0 0
66 0 0
67 0 0

F:\Education\FPGA_Labs\Labs_2\lab4\fir\solution1\sim\verilog>set PATH= 

F:\Education\FPGA_Labs\Labs_2\lab4\fir\solution1\sim\verilog>call F:/Xilinx/Vitis/Vivado/2023.1/bin/xelab xil_defaultlib.apatb_fir_top glbl -Oenable_linking_all_libraries  -prj fir.prj -L smartconnect_v1_0 -L axi_protocol_checker_v1_1_12 -L axi_protocol_checker_v1_1_13 -L axis_protocol_checker_v1_1_11 -L axis_protocol_checker_v1_1_12 -L xil_defaultlib -L unisims_ver -L xpm  -L floating_point_v7_1_15 -L floating_point_v7_0_20 --lib "ieee_proposed=./ieee_proposed" -s fir  
Vivado Simulator v2023.1
Copyright 1986-2022 Xilinx, Inc. All Rights Reserved.
Copyright 2022-2023 Advanced Micro Devices, Inc. All Rights Reserved.
Running: F:/Xilinx/Vitis/Vivado/2023.1/bin/unwrapped/win64.o/xelab.exe xil_defaultlib.apatb_fir_top glbl -Oenable_linking_all_libraries -prj fir.prj -L smartconnect_v1_0 -L axi_protocol_checker_v1_1_12 -L axi_protocol_checker_v1_1_13 -L axis_protocol_checker_v1_1_11 -L axis_protocol_checker_v1_1_12 -L xil_defaultlib -L unisims_ver -L xpm -L floating_point_v7_1_15 -L floating_point_v7_0_20 --lib ieee_proposed=./ieee_proposed -s fir 
Multi-threading is on. Using 10 slave threads.
INFO: [VRFC 10-2263] Analyzing SystemVerilog file "F:/Education/FPGA_Labs/Labs_2/lab4/fir/solution1/sim/verilog/glbl.v" into library work
INFO: [VRFC 10-311] analyzing module glbl
INFO: [VRFC 10-2263] Analyzing SystemVerilog file "F:/Education/FPGA_Labs/Labs_2/lab4/fir/solution1/sim/verilog/fir.autotb.v" into library xil_defaultlib
INFO: [VRFC 10-311] analyzing module apatb_fir_top
INFO: [VRFC 10-2263] Analyzing SystemVerilog file "F:/Education/FPGA_Labs/Labs_2/lab4/fir/solution1/sim/verilog/fir.v" into library xil_defaultlib
INFO: [VRFC 10-311] analyzing module fir
INFO: [VRFC 10-2263] Analyzing SystemVerilog file "F:/Education/FPGA_Labs/Labs_2/lab4/fir/solution1/sim/verilog/fir_fir_Pipeline_loop.v" into library xil_defaultlib
INFO: [VRFC 10-311] analyzing module fir_fir_Pipeline_loop
INFO: [VRFC 10-2263] Analyzing SystemVerilog file "F:/Education/FPGA_Labs/Labs_2/lab4/fir/solution1/sim/verilog/fir_fir_Pipeline_loop_c_ROM_AUTO_1R.v" into library xil_defaultlib
INFO: [VRFC 10-311] analyzing module fir_fir_Pipeline_loop_c_ROM_AUTO_1R
INFO: [VRFC 10-2263] Analyzing SystemVerilog file "F:/Education/FPGA_Labs/Labs_2/lab4/fir/solution1/sim/verilog/fir_flow_control_loop_pipe_sequential_init.v" into library xil_defaultlib
INFO: [VRFC 10-311] analyzing module fir_flow_control_loop_pipe_sequential_init
INFO: [VRFC 10-2263] Analyzing SystemVerilog file "F:/Education/FPGA_Labs/Labs_2/lab4/fir/solution1/sim/verilog/fir_mac_muladd_16s_10s_31s_31_4_1.v" into library xil_defaultlib
INFO: [VRFC 10-311] analyzing module fir_mac_muladd_16s_10s_31s_31_4_1_DSP48_1
INFO: [VRFC 10-311] analyzing module fir_mac_muladd_16s_10s_31s_31_4_1
INFO: [VRFC 10-2263] Analyzing SystemVerilog file "F:/Education/FPGA_Labs/Labs_2/lab4/fir/solution1/sim/verilog/fir_mac_muladd_16s_16s_37s_37_4_1.v" into library xil_defaultlib
INFO: [VRFC 10-311] analyzing module fir_mac_muladd_16s_16s_37s_37_4_1_DSP48_0
INFO: [VRFC 10-311] analyzing module fir_mac_muladd_16s_16s_37s_37_4_1
INFO: [VRFC 10-2263] Analyzing SystemVerilog file "F:/Education/FPGA_Labs/Labs_2/lab4/fir/solution1/sim/verilog/fir_mul_16s_10s_25_1_1.v" into library xil_defaultlib
INFO: [VRFC 10-311] analyzing module fir_mul_16s_10s_25_1_1
INFO: [VRFC 10-2263] Analyzing SystemVerilog file "F:/Education/FPGA_Labs/Labs_2/lab4/fir/solution1/sim/verilog/fir_shift_reg_RAM_AUTO_1R1W.v" into library xil_defaultlib
INFO: [VRFC 10-311] analyzing module fir_shift_reg_RAM_AUTO_1R1W
INFO: [VRFC 10-2263] Analyzing SystemVerilog file "F:/Education/FPGA_Labs/Labs_2/lab4/fir/solution1/sim/verilog/dataflow_monitor.sv" into library xil_defaultlib
INFO: [VRFC 10-311] analyzing module dataflow_monitor
Starting static elaboration
Pass Through NonSizing Optimizer
Completed static elaboration
Starting simulation data flow analysis
Completed simulation data flow analysis
Time Resolution for simulation is 1ps
Compiling package xil_defaultlib.$unit_dataflow_monitor_sv
Compiling module xil_defaultlib.fir_shift_reg_RAM_AUTO_1R1W
Compiling module xil_defaultlib.fir_fir_Pipeline_loop_c_ROM_AUTO...
Compiling module xil_defaultlib.fir_mac_muladd_16s_16s_37s_37_4_...
Compiling module xil_defaultlib.fir_mac_muladd_16s_16s_37s_37_4_...
Compiling module xil_defaultlib.fir_flow_control_loop_pipe_seque...
Compiling module xil_defaultlib.fir_fir_Pipeline_loop
Compiling module xil_defaultlib.fir_mul_16s_10s_25_1_1(NUM_STAGE...
Compiling module xil_defaultlib.fir_mac_muladd_16s_10s_31s_31_4_...
Compiling module xil_defaultlib.fir_mac_muladd_16s_10s_31s_31_4_...
Compiling module xil_defaultlib.fir
Compiling module xil_defaultlib.nodf_module_intf
Compiling module xil_defaultlib.upc_loop_intf(FSM_WIDTH=1)
Compiling module xil_defaultlib.dataflow_monitor_1
Compiling module xil_defaultlib.apatb_fir_top
Compiling module work.glbl
Built simulation snapshot fir

****** xsim v2023.1 (64-bit)
  **** SW Build 3865809 on Sun May  7 15:05:29 MDT 2023
  **** IP Build 3864474 on Sun May  7 20:36:21 MDT 2023
  **** SharedData Build 3865790 on Sun May 07 13:33:03 MDT 2023
    ** Copyright 1986-2022 Xilinx, Inc. All Rights Reserved.
    ** Copyright 2022-2023 Advanced Micro Devices, Inc. All Rights Reserved.

source xsim.dir/fir/xsim_script.tcl
# xsim {fir} -autoloadwcfg -tclbatch {fir.tcl}
Time resolution is 1 ps
source fir.tcl
## run all
////////////////////////////////////////////////////////////////////////////////////
// Inter-Transaction Progress: Completed Transaction / Total Transaction
// Intra-Transaction Progress: Measured Latency / Latency Estimation * 100%
//
// RTL Simulation : "Inter-Transaction Progress" ["Intra-Transaction Progress"] @ "Simulation Time"
////////////////////////////////////////////////////////////////////////////////////
// RTL Simulation : 0 / 68 [0.00%] @ "125000"
// RTL Simulation : 1 / 68 [100.00%] @ "805000"
// RTL Simulation : 2 / 68 [100.00%] @ "1475000"
// RTL Simulation : 3 / 68 [100.00%] @ "2145000"
// RTL Simulation : 4 / 68 [100.00%] @ "2815000"
// RTL Simulation : 5 / 68 [100.00%] @ "3485000"
// RTL Simulation : 6 / 68 [100.00%] @ "4155000"
// RTL Simulation : 7 / 68 [100.00%] @ "4825000"
// RTL Simulation : 8 / 68 [100.00%] @ "5495000"
// RTL Simulation : 9 / 68 [100.00%] @ "6165000"
// RTL Simulation : 10 / 68 [100.00%] @ "6835000"
// RTL Simulation : 11 / 68 [100.00%] @ "7505000"
// RTL Simulation : 12 / 68 [100.00%] @ "8175000"
// RTL Simulation : 13 / 68 [100.00%] @ "8845000"
// RTL Simulation : 14 / 68 [100.00%] @ "9515000"
// RTL Simulation : 15 / 68 [100.00%] @ "10185000"
// RTL Simulation : 16 / 68 [100.00%] @ "10855000"
// RTL Simulation : 17 / 68 [100.00%] @ "11525000"
// RTL Simulation : 18 / 68 [100.00%] @ "12195000"
// RTL Simulation : 19 / 68 [100.00%] @ "12865000"
// RTL Simulation : 20 / 68 [100.00%] @ "13535000"
// RTL Simulation : 21 / 68 [100.00%] @ "14205000"
// RTL Simulation : 22 / 68 [100.00%] @ "14875000"
// RTL Simulation : 23 / 68 [100.00%] @ "15545000"
// RTL Simulation : 24 / 68 [100.00%] @ "16215000"
// RTL Simulation : 25 / 68 [100.00%] @ "16885000"
// RTL Simulation : 26 / 68 [100.00%] @ "17555000"
// RTL Simulation : 27 / 68 [100.00%] @ "18225000"
// RTL Simulation : 28 / 68 [100.00%] @ "18895000"
// RTL Simulation : 29 / 68 [100.00%] @ "19565000"
// RTL Simulation : 30 / 68 [100.00%] @ "20235000"
// RTL Simulation : 31 / 68 [100.00%] @ "20905000"
// RTL Simulation : 32 / 68 [100.00%] @ "21575000"
// RTL Simulation : 33 / 68 [100.00%] @ "22245000"
// RTL Simulation : 34 / 68 [100.00%] @ "22915000"
// RTL Simulation : 35 / 68 [100.00%] @ "23585000"
// RTL Simulation : 36 / 68 [100.00%] @ "24255000"
// RTL Simulation : 37 / 68 [100.00%] @ "24925000"
// RTL Simulation : 38 / 68 [100.00%] @ "25595000"
// RTL Simulation : 39 / 68 [100.00%] @ "26265000"
// RTL Simulation : 40 / 68 [100.00%] @ "26935000"
// RTL Simulation : 41 / 68 [100.00%] @ "27605000"
// RTL Simulation : 42 / 68 [100.00%] @ "28275000"
// RTL Simulation : 43 / 68 [100.00%] @ "28945000"
// RTL Simulation : 44 / 68 [100.00%] @ "29615000"
// RTL Simulation : 45 / 68 [100.00%] @ "30285000"
// RTL Simulation : 46 / 68 [100.00%] @ "30955000"
// RTL Simulation : 47 / 68 [100.00%] @ "31625000"
// RTL Simulation : 48 / 68 [100.00%] @ "32295000"
// RTL Simulation : 49 / 68 [100.00%] @ "32965000"
// RTL Simulation : 50 / 68 [100.00%] @ "33635000"
// RTL Simulation : 51 / 68 [100.00%] @ "34305000"
// RTL Simulation : 52 / 68 [100.00%] @ "34975000"
// RTL Simulation : 53 / 68 [100.00%] @ "35645000"
// RTL Simulation : 54 / 68 [100.00%] @ "36315000"
// RTL Simulation : 55 / 68 [100.00%] @ "36985000"
// RTL Simulation : 56 / 68 [100.00%] @ "37655000"
// RTL Simulation : 57 / 68 [100.00%] @ "38325000"
// RTL Simulation : 58 / 68 [100.00%] @ "38995000"
// RTL Simulation : 59 / 68 [100.00%] @ "39665000"
// RTL Simulation : 60 / 68 [100.00%] @ "40335000"
// RTL Simulation : 61 / 68 [100.00%] @ "41005000"
// RTL Simulation : 62 / 68 [100.00%] @ "41675000"
// RTL Simulation : 63 / 68 [100.00%] @ "42345000"
// RTL Simulation : 64 / 68 [100.00%] @ "43015000"
// RTL Simulation : 65 / 68 [100.00%] @ "43685000"
// RTL Simulation : 66 / 68 [100.00%] @ "44355000"
// RTL Simulation : 67 / 68 [100.00%] @ "45025000"
// RTL Simulation : 68 / 68 [100.00%] @ "45695000"
////////////////////////////////////////////////////////////////////////////////////
$finish called at time : 45755 ns : File "F:/Education/FPGA_Labs/Labs_2/lab4/fir/solution1/sim/verilog/fir.autotb.v" Line 283
## quit
INFO: [Common 17-206] Exiting xsim at Sun Dec  1 15:24:39 2024...
0 -32768 378
1 0 73
2 0 -27
3 0 -170
4 0 -298
5 0 -352
6 0 -302
7 0 -168
8 0 -14
9 0 80
10 0 64
11 0 -53
12 0 -186
13 0 -216
14 0 -40
15 0 356
16 0 867
17 0 1283
18 0 1366
19 0 954
20 0 51
21 0 -1132
22 0 -2227
23 0 -2829
24 0 -2647
25 0 -1633
26 0 -25
27 0 1712
28 0 3042
29 0 -29229
30 0 3042
31 0 1712
32 0 -25
33 0 -1633
34 0 -2647
35 0 -2829
36 0 -2227
37 0 -1132
38 0 51
39 0 954
40 0 1366
41 0 1283
42 0 867
43 0 356
44 0 -40
45 0 -216
46 0 -186
47 0 -53
48 0 64
49 0 80
50 0 -14
51 0 -168
52 0 -302
53 0 -352
54 0 -298
55 0 -170
56 0 -27
57 0 73
58 0 378
59 0 0
60 0 0
61 0 0
62 0 0
63 0 0
64 0 0
65 0 0
66 0 0
67 0 0
