    *** *** *** *** 
    Results are good 
    *** *** *** *** 

F:\Education\FPGA_Labs\Labs_2\lab3\lab3\solution3\sim\verilog>set PATH= 

F:\Education\FPGA_Labs\Labs_2\lab3\lab3\solution3\sim\verilog>call F:/Xilinx/Vitis/Vivado/2023.1/bin/xelab xil_defaultlib.apatb_dct_top glbl -Oenable_linking_all_libraries  -prj dct.prj -L smartconnect_v1_0 -L axi_protocol_checker_v1_1_12 -L axi_protocol_checker_v1_1_13 -L axis_protocol_checker_v1_1_11 -L axis_protocol_checker_v1_1_12 -L xil_defaultlib -L unisims_ver -L xpm  -L floating_point_v7_1_15 -L floating_point_v7_0_20 --lib "ieee_proposed=./ieee_proposed" -s dct  
Vivado Simulator v2023.1
Copyright 1986-2022 Xilinx, Inc. All Rights Reserved.
Copyright 2022-2023 Advanced Micro Devices, Inc. All Rights Reserved.
Running: F:/Xilinx/Vitis/Vivado/2023.1/bin/unwrapped/win64.o/xelab.exe xil_defaultlib.apatb_dct_top glbl -Oenable_linking_all_libraries -prj dct.prj -L smartconnect_v1_0 -L axi_protocol_checker_v1_1_12 -L axi_protocol_checker_v1_1_13 -L axis_protocol_checker_v1_1_11 -L axis_protocol_checker_v1_1_12 -L xil_defaultlib -L unisims_ver -L xpm -L floating_point_v7_1_15 -L floating_point_v7_0_20 --lib ieee_proposed=./ieee_proposed -s dct 
Multi-threading is on. Using 10 slave threads.
INFO: [VRFC 10-2263] Analyzing SystemVerilog file "F:/Education/FPGA_Labs/Labs_2/lab3/lab3/solution3/sim/verilog/glbl.v" into library work
INFO: [VRFC 10-311] analyzing module glbl
INFO: [VRFC 10-2263] Analyzing SystemVerilog file "F:/Education/FPGA_Labs/Labs_2/lab3/lab3/solution3/sim/verilog/AESL_automem_input_r.v" into library xil_defaultlib
INFO: [VRFC 10-311] analyzing module AESL_automem_input_r
INFO: [VRFC 10-2263] Analyzing SystemVerilog file "F:/Education/FPGA_Labs/Labs_2/lab3/lab3/solution3/sim/verilog/AESL_automem_output_r.v" into library xil_defaultlib
INFO: [VRFC 10-311] analyzing module AESL_automem_output_r
INFO: [VRFC 10-2263] Analyzing SystemVerilog file "F:/Education/FPGA_Labs/Labs_2/lab3/lab3/solution3/sim/verilog/dct.autotb.v" into library xil_defaultlib
INFO: [VRFC 10-311] analyzing module apatb_dct_top
INFO: [VRFC 10-2263] Analyzing SystemVerilog file "F:/Education/FPGA_Labs/Labs_2/lab3/lab3/solution3/sim/verilog/dct.v" into library xil_defaultlib
INFO: [VRFC 10-311] analyzing module dct
INFO: [VRFC 10-2263] Analyzing SystemVerilog file "F:/Education/FPGA_Labs/Labs_2/lab3/lab3/solution3/sim/verilog/dct_dct_coeff_table_ROM_AUTO_1R.v" into library xil_defaultlib
INFO: [VRFC 10-311] analyzing module dct_dct_coeff_table_ROM_AUTO_1R
INFO: [VRFC 10-2263] Analyzing SystemVerilog file "F:/Education/FPGA_Labs/Labs_2/lab3/lab3/solution3/sim/verilog/dct_dct_Pipeline_DCT_Inner_Loop.v" into library xil_defaultlib
INFO: [VRFC 10-311] analyzing module dct_dct_Pipeline_DCT_Inner_Loop
INFO: [VRFC 10-2263] Analyzing SystemVerilog file "F:/Education/FPGA_Labs/Labs_2/lab3/lab3/solution3/sim/verilog/dct_dct_Pipeline_DCT_Inner_Loop1.v" into library xil_defaultlib
INFO: [VRFC 10-311] analyzing module dct_dct_Pipeline_DCT_Inner_Loop1
INFO: [VRFC 10-2263] Analyzing SystemVerilog file "F:/Education/FPGA_Labs/Labs_2/lab3/lab3/solution3/sim/verilog/dct_dct_Pipeline_RD_Loop_Row_RD_Loop_Col.v" into library xil_defaultlib
INFO: [VRFC 10-311] analyzing module dct_dct_Pipeline_RD_Loop_Row_RD_Loop_Col
INFO: [VRFC 10-2263] Analyzing SystemVerilog file "F:/Education/FPGA_Labs/Labs_2/lab3/lab3/solution3/sim/verilog/dct_dct_Pipeline_WR_Loop_Row_WR_Loop_Col.v" into library xil_defaultlib
INFO: [VRFC 10-311] analyzing module dct_dct_Pipeline_WR_Loop_Row_WR_Loop_Col
INFO: [VRFC 10-2263] Analyzing SystemVerilog file "F:/Education/FPGA_Labs/Labs_2/lab3/lab3/solution3/sim/verilog/dct_dct_Pipeline_Xpose_Col_Outer_Loop_Xpose_Col_Inner_Loop.v" into library xil_defaultlib
INFO: [VRFC 10-311] analyzing module dct_dct_Pipeline_Xpose_Col_Outer_Loop_Xpose_Col_Inner_Loop
INFO: [VRFC 10-2263] Analyzing SystemVerilog file "F:/Education/FPGA_Labs/Labs_2/lab3/lab3/solution3/sim/verilog/dct_dct_Pipeline_Xpose_Row_Outer_Loop_Xpose_Row_Inner_Loop.v" into library xil_defaultlib
INFO: [VRFC 10-311] analyzing module dct_dct_Pipeline_Xpose_Row_Outer_Loop_Xpose_Row_Inner_Loop
INFO: [VRFC 10-2263] Analyzing SystemVerilog file "F:/Education/FPGA_Labs/Labs_2/lab3/lab3/solution3/sim/verilog/dct_flow_control_loop_pipe_sequential_init.v" into library xil_defaultlib
INFO: [VRFC 10-311] analyzing module dct_flow_control_loop_pipe_sequential_init
INFO: [VRFC 10-2263] Analyzing SystemVerilog file "F:/Education/FPGA_Labs/Labs_2/lab3/lab3/solution3/sim/verilog/dct_mac_muladd_16s_15s_32s_32_4_1.v" into library xil_defaultlib
INFO: [VRFC 10-311] analyzing module dct_mac_muladd_16s_15s_32s_32_4_1_DSP48_0
INFO: [VRFC 10-311] analyzing module dct_mac_muladd_16s_15s_32s_32_4_1
INFO: [VRFC 10-2263] Analyzing SystemVerilog file "F:/Education/FPGA_Labs/Labs_2/lab3/lab3/solution3/sim/verilog/dct_row_outbuf_RAM_AUTO_1R1W.v" into library xil_defaultlib
INFO: [VRFC 10-311] analyzing module dct_row_outbuf_RAM_AUTO_1R1W
INFO: [VRFC 10-2263] Analyzing SystemVerilog file "F:/Education/FPGA_Labs/Labs_2/lab3/lab3/solution3/sim/verilog/dataflow_monitor.sv" into library xil_defaultlib
INFO: [VRFC 10-311] analyzing module dataflow_monitor
Starting static elaboration
Pass Through NonSizing Optimizer
Completed static elaboration
Starting simulation data flow analysis
Completed simulation data flow analysis
Time Resolution for simulation is 1ps
Compiling package xil_defaultlib.$unit_dataflow_monitor_sv
Compiling module xil_defaultlib.dct_dct_coeff_table_ROM_AUTO_1R
Compiling module xil_defaultlib.dct_row_outbuf_RAM_AUTO_1R1W
Compiling module xil_defaultlib.dct_flow_control_loop_pipe_seque...
Compiling module xil_defaultlib.dct_dct_Pipeline_RD_Loop_Row_RD_...
Compiling module xil_defaultlib.dct_dct_Pipeline_Xpose_Row_Outer...
Compiling module xil_defaultlib.dct_mac_muladd_16s_15s_32s_32_4_...
Compiling module xil_defaultlib.dct_mac_muladd_16s_15s_32s_32_4_...
Compiling module xil_defaultlib.dct_dct_Pipeline_DCT_Inner_Loop
Compiling module xil_defaultlib.dct_dct_Pipeline_Xpose_Col_Outer...
Compiling module xil_defaultlib.dct_dct_Pipeline_DCT_Inner_Loop1
Compiling module xil_defaultlib.dct_dct_Pipeline_WR_Loop_Row_WR_...
Compiling module xil_defaultlib.dct
Compiling module xil_defaultlib.AESL_automem_input_r
Compiling module xil_defaultlib.AESL_automem_output_r
Compiling module xil_defaultlib.nodf_module_intf
Compiling module xil_defaultlib.seq_loop_intf(FSM_WIDTH=14)
Compiling module xil_defaultlib.upc_loop_intf(FSM_WIDTH=1)
Compiling module xil_defaultlib.dataflow_monitor_1
Compiling module xil_defaultlib.apatb_dct_top
Compiling module work.glbl
Built simulation snapshot dct

****** xsim v2023.1 (64-bit)
  **** SW Build 3865809 on Sun May  7 15:05:29 MDT 2023
  **** IP Build 3864474 on Sun May  7 20:36:21 MDT 2023
  **** SharedData Build 3865790 on Sun May 07 13:33:03 MDT 2023
    ** Copyright 1986-2022 Xilinx, Inc. All Rights Reserved.
    ** Copyright 2022-2023 Advanced Micro Devices, Inc. All Rights Reserved.

source xsim.dir/dct/xsim_script.tcl
# xsim {dct} -autoloadwcfg -tclbatch {dct.tcl}
Time resolution is 1 ps
source dct.tcl
## run all
////////////////////////////////////////////////////////////////////////////////////
// Inter-Transaction Progress: Completed Transaction / Total Transaction
// Intra-Transaction Progress: Measured Latency / Latency Estimation * 100%
//
// RTL Simulation : "Inter-Transaction Progress" ["Intra-Transaction Progress"] @ "Simulation Time"
////////////////////////////////////////////////////////////////////////////////////
// RTL Simulation : 0 / 1 [0.00%] @ "125000"
// RTL Simulation : 1 / 1 [100.00%] @ "22005000"
////////////////////////////////////////////////////////////////////////////////////
$finish called at time : 22065 ns : File "F:/Education/FPGA_Labs/Labs_2/lab3/lab3/solution3/sim/verilog/dct.autotb.v" Line 268
## quit
INFO: [Common 17-206] Exiting xsim at Sun Dec  1 13:58:14 2024...
    *** *** *** *** 
    Results are good 
    *** *** *** *** 
