

================================================================
== Vitis HLS Report for 'dct_1d'
================================================================
* Date:           Sun Dec  1 14:08:50 2024

* Version:        2023.1 (Build 3854077 on May  4 2023)
* Project:        lab3
* Solution:       solution4 (Vivado IP Flow Target)
* Product family: zynq
* Target device:  xc7z020-clg484-1


================================================================
== Performance Estimates
================================================================
+ Timing: 
    * Summary: 
    +--------+----------+----------+------------+
    |  Clock |  Target  | Estimated| Uncertainty|
    +--------+----------+----------+------------+
    |ap_clk  |  10.00 ns|  5.580 ns|     2.70 ns|
    +--------+----------+----------+------------+

+ Latency: 
    * Summary: 
    +---------+---------+----------+----------+-----+-----+---------+
    |  Latency (cycles) |  Latency (absolute) |  Interval | Pipeline|
    |   min   |   max   |    min   |    max   | min | max |   Type  |
    +---------+---------+----------+----------+-----+-----+---------+
    |       21|       21|  0.210 us|  0.210 us|   21|   21|       no|
    +---------+---------+----------+----------+-----+-----+---------+

    + Detail: 
        * Instance: 
        +-------------------------------------------+--------------------------------+---------+---------+----------+----------+-----+-----+---------+
        |                                           |                                |  Latency (cycles) |  Latency (absolute) |  Interval | Pipeline|
        |                  Instance                 |             Module             |   min   |   max   |    min   |    max   | min | max |   Type  |
        +-------------------------------------------+--------------------------------+---------+---------+----------+----------+-----+-----+---------+
        |grp_dct_1d_Pipeline_DCT_Outer_Loop_fu_133  |dct_1d_Pipeline_DCT_Outer_Loop  |       16|       16|  0.160 us|  0.160 us|   16|   16|       no|
        +-------------------------------------------+--------------------------------+---------+---------+----------+----------+-----+-----+---------+

        * Loop: 
        N/A



================================================================
== Utilization Estimates
================================================================
* Summary: 
+-----------------+---------+-----+--------+-------+-----+
|       Name      | BRAM_18K| DSP |   FF   |  LUT  | URAM|
+-----------------+---------+-----+--------+-------+-----+
|DSP              |        -|    -|       -|      -|    -|
|Expression       |        -|    -|       0|     42|    -|
|FIFO             |        -|    -|       -|      -|    -|
|Instance         |        0|    8|     676|    238|    -|
|Memory           |        -|    -|       -|      -|    -|
|Multiplexer      |        -|    -|       -|     87|    -|
|Register         |        -|    -|     141|      -|    -|
+-----------------+---------+-----+--------+-------+-----+
|Total            |        0|    8|     817|    367|    0|
+-----------------+---------+-----+--------+-------+-----+
|Available        |      280|  220|  106400|  53200|    0|
+-----------------+---------+-----+--------+-------+-----+
|Utilization (%)  |        0|    3|      ~0|     ~0|    0|
+-----------------+---------+-----+--------+-------+-----+

+ Detail: 
    * Instance: 
    +-------------------------------------------+--------------------------------+---------+----+-----+-----+-----+
    |                  Instance                 |             Module             | BRAM_18K| DSP|  FF | LUT | URAM|
    +-------------------------------------------+--------------------------------+---------+----+-----+-----+-----+
    |grp_dct_1d_Pipeline_DCT_Outer_Loop_fu_133  |dct_1d_Pipeline_DCT_Outer_Loop  |        0|   8|  676|  238|    0|
    +-------------------------------------------+--------------------------------+---------+----+-----+-----+-----+
    |Total                                      |                                |        0|   8|  676|  238|    0|
    +-------------------------------------------+--------------------------------+---------+----+-----+-----+-----+

    * DSP: 
    N/A

    * Memory: 
    N/A

    * FIFO: 
    N/A

    * Expression: 
    +-----------------+----------+----+---+----+------------+------------+
    |  Variable Name  | Operation| DSP| FF| LUT| Bitwidth P0| Bitwidth P1|
    +-----------------+----------+----+---+----+------------+------------+
    |tmp_2_fu_179_p2  |        or|   0|  0|   6|           6|           1|
    |tmp_3_fu_190_p2  |        or|   0|  0|   6|           6|           2|
    |tmp_4_fu_200_p2  |        or|   0|  0|   6|           6|           2|
    |tmp_5_fu_210_p2  |        or|   0|  0|   6|           6|           3|
    |tmp_6_fu_220_p2  |        or|   0|  0|   6|           6|           3|
    |tmp_7_fu_230_p2  |        or|   0|  0|   6|           6|           3|
    |tmp_8_fu_240_p2  |        or|   0|  0|   6|           6|           3|
    +-----------------+----------+----+---+----+------------+------------+
    |Total            |          |   0|  0|  42|          42|          17|
    +-----------------+----------+----+---+----+------------+------------+

    * Multiplexer: 
    +--------------+----+-----------+-----+-----------+
    |     Name     | LUT| Input Size| Bits| Total Bits|
    +--------------+----+-----------+-----+-----------+
    |ap_NS_fsm     |  37|          7|    1|          7|
    |src_address0  |  25|          5|    6|         30|
    |src_address1  |  25|          5|    6|         30|
    +--------------+----+-----------+-----+-----------+
    |Total         |  87|         17|   13|         67|
    +--------------+----+-----------+-----+-----------+

    * Register: 
    +--------------------------------------------------------+----+----+-----+-----------+
    |                          Name                          | FF | LUT| Bits| Const Bits|
    +--------------------------------------------------------+----+----+-----+-----------+
    |ap_CS_fsm                                               |   6|   0|    6|          0|
    |grp_dct_1d_Pipeline_DCT_Outer_Loop_fu_133_ap_start_reg  |   1|   0|    1|          0|
    |src_load_1_reg_294                                      |  16|   0|   16|          0|
    |src_load_2_reg_309                                      |  16|   0|   16|          0|
    |src_load_3_reg_314                                      |  16|   0|   16|          0|
    |src_load_4_reg_329                                      |  16|   0|   16|          0|
    |src_load_5_reg_334                                      |  16|   0|   16|          0|
    |src_load_6_reg_344                                      |  16|   0|   16|          0|
    |src_load_7_reg_349                                      |  16|   0|   16|          0|
    |src_load_reg_289                                        |  16|   0|   16|          0|
    |tmp_1_reg_259                                           |   3|   0|    6|          3|
    |tmp_reg_339                                             |   3|   0|    6|          3|
    +--------------------------------------------------------+----+----+-----+-----------+
    |Total                                                   | 141|   0|  147|          6|
    +--------------------------------------------------------+----+----+-----+-----------+



================================================================
== Interface
================================================================
* Summary: 
+--------------+-----+-----+------------+--------------+--------------+
|   RTL Ports  | Dir | Bits|  Protocol  | Source Object|    C Type    |
+--------------+-----+-----+------------+--------------+--------------+
|ap_clk        |   in|    1|  ap_ctrl_hs|        dct_1d|  return value|
|ap_rst        |   in|    1|  ap_ctrl_hs|        dct_1d|  return value|
|ap_start      |   in|    1|  ap_ctrl_hs|        dct_1d|  return value|
|ap_done       |  out|    1|  ap_ctrl_hs|        dct_1d|  return value|
|ap_idle       |  out|    1|  ap_ctrl_hs|        dct_1d|  return value|
|ap_ready      |  out|    1|  ap_ctrl_hs|        dct_1d|  return value|
|src_address0  |  out|    6|   ap_memory|           src|         array|
|src_ce0       |  out|    1|   ap_memory|           src|         array|
|src_q0        |   in|   16|   ap_memory|           src|         array|
|src_address1  |  out|    6|   ap_memory|           src|         array|
|src_ce1       |  out|    1|   ap_memory|           src|         array|
|src_q1        |   in|   16|   ap_memory|           src|         array|
|src_offset    |   in|    3|     ap_none|    src_offset|        scalar|
|dst_address0  |  out|    6|   ap_memory|           dst|         array|
|dst_ce0       |  out|    1|   ap_memory|           dst|         array|
|dst_we0       |  out|    1|   ap_memory|           dst|         array|
|dst_d0        |  out|   16|   ap_memory|           dst|         array|
|dst_offset    |   in|    3|     ap_none|    dst_offset|        scalar|
+--------------+-----+-----+------------+--------------+--------------+

