NOTE: Using modified tcl85t.dll from https://gitenterprise.xilinx.com/ACT/vitis_hls_tcl
INFO: [HLS 200-10] Running 'F:/Xilinx/Vitis/Vitis_HLS/2023.1/bin/unwrapped/win64.o/vitis_hls.exe'
INFO: [HLS 200-10] For user 'Даниил' on host 'desktop-2enerjb' (Windows NT_amd64 version 6.2) on Sun Dec 01 14:18:42 +0300 2024
INFO: [HLS 200-10] In directory 'F:/Education/FPGA_Labs/Labs_2/lab3'
Sourcing Tcl script 'F:/Education/FPGA_Labs/Labs_2/lab3/lab3/solution7/csynth.tcl'
INFO: [HLS 200-1510] Running: source F:/Education/FPGA_Labs/Labs_2/lab3/lab3/solution7/csynth.tcl
INFO: [HLS 200-1510] Running: open_project lab3 
INFO: [HLS 200-10] Opening project 'F:/Education/FPGA_Labs/Labs_2/lab3/lab3'.
INFO: [HLS 200-1510] Running: set_top dct 
INFO: [HLS 200-1510] Running: add_files ../xup_high_level_synthesis_design_flow-main/source/lab3/dct.c 
INFO: [HLS 200-10] Adding design file '../xup_high_level_synthesis_design_flow-main/source/lab3/dct.c' to the project
INFO: [HLS 200-1510] Running: add_files -tb ../xup_high_level_synthesis_design_flow-main/source/lab3/dct_test.c -cflags -Wno-unknown-pragmas 
INFO: [HLS 200-10] Adding test bench file '../xup_high_level_synthesis_design_flow-main/source/lab3/dct_test.c' to the project
INFO: [HLS 200-1510] Running: add_files -tb ../xup_high_level_synthesis_design_flow-main/source/lab3/in.dat -cflags -Wno-unknown-pragmas 
INFO: [HLS 200-10] Adding test bench file '../xup_high_level_synthesis_design_flow-main/source/lab3/in.dat' to the project
INFO: [HLS 200-1510] Running: add_files -tb ../xup_high_level_synthesis_design_flow-main/source/lab3/out.golden.dat -cflags -Wno-unknown-pragmas 
INFO: [HLS 200-10] Adding test bench file '../xup_high_level_synthesis_design_flow-main/source/lab3/out.golden.dat' to the project
INFO: [HLS 200-1510] Running: open_solution solution7 -flow_target vivado 
INFO: [HLS 200-10] Opening solution 'F:/Education/FPGA_Labs/Labs_2/lab3/lab3/solution7'.
INFO: [SYN 201-201] Setting up clock 'default' with a period of 10ns.
INFO: [HLS 200-1611] Setting target device to 'xc7z020-clg484-1'
INFO: [HLS 200-1505] Using flow_target 'vivado'
Resolution: For help on HLS 200-1505 see www.xilinx.com/cgi-bin/docs/rdoc?v=2023.1;t=hls+guidance;d=200-1505.html
INFO: [HLS 200-1464] Running solution command: config_cosim -tool=xsim
INFO: [HLS 200-1510] Running: set_part xc7z020clg484-1 
INFO: [HLS 200-1510] Running: create_clock -period 10 -name default 
INFO: [HLS 200-1510] Running: config_cosim -tool xsim 
INFO: [HLS 200-1510] Running: source ./lab3/solution7/directives.tcl
INFO: [HLS 200-1510] Running: set_directive_top -name dct dct 
INFO: [HLS 200-1510] Running: set_directive_pipeline dct_2d/Xpose_Row_Inner_Loop 
INFO: [HLS 200-1510] Running: set_directive_pipeline dct_2d/Xpose_Col_Inner_Loop 
INFO: [HLS 200-1510] Running: set_directive_pipeline read_data/RD_Loop_Col 
INFO: [HLS 200-1510] Running: set_directive_pipeline write_data/WR_Loop_Col 
INFO: [HLS 200-1510] Running: set_directive_pipeline dct_1d/DCT_Outer_Loop 
INFO: [HLS 200-1510] Running: set_directive_array_partition -type complete -dim 2 dct buf_2d_in 
INFO: [HLS 200-1510] Running: set_directive_array_partition -type complete -dim 2 dct_2d col_inbuf 
INFO: [HLS 200-1510] Running: set_directive_dataflow dct 
INFO: [HLS 200-1510] Running: set_directive_inline dct_2d 
INFO: [HLS 200-1510] Running: csynth_design 
INFO: [HLS 200-111] Finished File checks and directory preparation: CPU user time: 0 seconds. CPU system time: 0 seconds. Elapsed time: 0.093 seconds; current allocated memory: 533.199 MB.
INFO: [HLS 200-10] Analyzing design file '../xup_high_level_synthesis_design_flow-main/source/lab3/dct.c' ... 
WARNING: [HLS 214-114] Since the only kind of statements allowed in a canonical dataflow region are variable declarations and function calls, the compiler may not be able to correctly handle the region (F:/Education/FPGA_Labs/Labs_2/lab3/lab3/solution7/directives.tcl:15:9)
Resolution: For help on HLS 214-114 see www.xilinx.com/cgi-bin/docs/rdoc?v=2023.1;t=hls+guidance;d=214-114.html
WARNING: [HLS 200-471] Dataflow form checks found 1 issue(s) in file ../xup_high_level_synthesis_design_flow-main/source/lab3/dct.c
Resolution: For help on HLS 200-471 see www.xilinx.com/cgi-bin/docs/rdoc?v=2023.1;t=hls+guidance;d=200-471.html
INFO: [HLS 200-111] Finished Source Code Analysis and Preprocessing: CPU user time: 1 seconds. CPU system time: 1 seconds. Elapsed time: 0.646 seconds; current allocated memory: 535.195 MB.
INFO: [HLS 200-777] Using interface defaults for 'Vivado' flow target.
WARNING: [HLS 214-273] In function 'dct_2d', Pragma conflict happens on 'INLINE' and DATAFLOW pragmas: Inline into dataflow region may break the canonical form (../xup_high_level_synthesis_design_flow-main/source/lab3/dct.c:51:0)
INFO: [HLS 214-131] Inlining function 'dct_2d' into 'dct' (../xup_high_level_synthesis_design_flow-main/source/lab3/dct.c:113:4)
INFO: [HLS 214-291] Loop 'DCT_Inner_Loop' is marked as complete unroll implied by the pipeline pragma (../xup_high_level_synthesis_design_flow-main/source/lab3/dct.c:41:7)
INFO: [HLS 214-186] Unrolling loop 'DCT_Inner_Loop' (../xup_high_level_synthesis_design_flow-main/source/lab3/dct.c:41:7) in function 'dct_1d' completely with a factor of 8 (../xup_high_level_synthesis_design_flow-main/source/lab3/dct.c:31:0)
INFO: [HLS 214-248] Applying array_partition to 'col_inbuf.i': Complete partitioning on dimension 2. (../xup_high_level_synthesis_design_flow-main/source/lab3/dct.c:53:33)
INFO: [HLS 214-248] Applying array_partition to 'buf_2d_in': Complete partitioning on dimension 2. (../xup_high_level_synthesis_design_flow-main/source/lab3/dct.c:107:10)
INFO: [HLS 214-270] Inferring pragma 'array_partition type=complete dim=2' for array 'dct_1d.dct_coeff_table' due to pipeline pragma (F:/Education/FPGA_Labs/Labs_2/lab3/lab3/solution7/directives.tcl:12:9)
INFO: [HLS 214-248] Applying array_partition to 'dct_1d.dct_coeff_table': Complete partitioning on dimension 2. (../xup_high_level_synthesis_design_flow-main/source/lab3/dct.c:34:0)
INFO: [HLS 200-111] Finished Compiling Optimization and Transform: CPU user time: 0 seconds. CPU system time: 0 seconds. Elapsed time: 2.139 seconds; current allocated memory: 536.535 MB.
INFO: [HLS 200-111] Finished Checking Pragmas: CPU user time: 0 seconds. CPU system time: 0 seconds. Elapsed time: 0.002 seconds; current allocated memory: 536.535 MB.
INFO: [HLS 200-10] Starting code transformations ...
INFO: [HLS 200-111] Finished Standard Transforms: CPU user time: 0 seconds. CPU system time: 0 seconds. Elapsed time: 0.04 seconds; current allocated memory: 541.934 MB.
INFO: [HLS 200-10] Checking synthesizability ...
INFO: [HLS 200-111] Finished Checking Synthesizability: CPU user time: 0 seconds. CPU system time: 0 seconds. Elapsed time: 0.044 seconds; current allocated memory: 544.074 MB.
INFO: [XFORM 203-721] Changing loop 'Loop_Row_DCT_Loop_proc' (../xup_high_level_synthesis_design_flow-main/source/lab3/dct.c:58) to a process function for dataflow in function 'dct'.
INFO: [XFORM 203-721] Changing loop 'Loop_Xpose_Row_Outer_Loop_proc' (../xup_high_level_synthesis_design_flow-main/source/lab3/dct.c:63) to a process function for dataflow in function 'dct'.
INFO: [XFORM 203-721] Changing loop 'Loop_Col_DCT_Loop_proc' (../xup_high_level_synthesis_design_flow-main/source/lab3/dct.c:69) to a process function for dataflow in function 'dct'.
INFO: [XFORM 203-721] Changing loop 'Loop_Xpose_Col_Outer_Loop_proc' (../xup_high_level_synthesis_design_flow-main/source/lab3/dct.c:74) to a process function for dataflow in function 'dct'.
INFO: [XFORM 203-712] Applying dataflow to function 'dct' (../xup_high_level_synthesis_design_flow-main/source/lab3/dct.c:15:1), detected/extracted 6 process function(s): 
	 'read_data'
	 'Loop_Row_DCT_Loop_proc'
	 'Loop_Xpose_Row_Outer_Loop_proc'
	 'Loop_Col_DCT_Loop_proc'
	 'Loop_Xpose_Col_Outer_Loop_proc'
	 'write_data'.
INFO: [XFORM 203-602] Inlining function 'dct_1d' into 'Loop_Row_DCT_Loop_proc' (../xup_high_level_synthesis_design_flow-main/source/lab3/dct.c:59->../xup_high_level_synthesis_design_flow-main/source/lab3/dct.c:113) automatically.
INFO: [XFORM 203-602] Inlining function 'dct_1d' into 'Loop_Col_DCT_Loop_proc' (../xup_high_level_synthesis_design_flow-main/source/lab3/dct.c:70->../xup_high_level_synthesis_design_flow-main/source/lab3/dct.c:113) automatically.
INFO: [XFORM 203-11] Balancing expressions in function 'Loop_Row_DCT_Loop_proc' (../xup_high_level_synthesis_design_flow-main/source/lab3/dct.c:12:4)...8 expression(s) balanced.
INFO: [XFORM 203-11] Balancing expressions in function 'Loop_Col_DCT_Loop_proc' (../xup_high_level_synthesis_design_flow-main/source/lab3/dct.c:12:4)...8 expression(s) balanced.
INFO: [HLS 200-111] Finished Loop, function and other optimizations: CPU user time: 0 seconds. CPU system time: 0 seconds. Elapsed time: 0.169 seconds; current allocated memory: 566.871 MB.
INFO: [XFORM 203-541] Flattening a loop nest 'WR_Loop_Row' (../xup_high_level_synthesis_design_flow-main/source/lab3/dct.c:97:4) in function 'write_data'.
INFO: [XFORM 203-541] Flattening a loop nest 'RD_Loop_Row' (../xup_high_level_synthesis_design_flow-main/source/lab3/dct.c:85:4) in function 'read_data'.
INFO: [XFORM 203-541] Flattening a loop nest 'Xpose_Row_Outer_Loop' (../xup_high_level_synthesis_design_flow-main/source/lab3/dct.c:63:4) in function 'Loop_Xpose_Row_Outer_Loop_proc'.
INFO: [XFORM 203-541] Flattening a loop nest 'Xpose_Col_Outer_Loop' (../xup_high_level_synthesis_design_flow-main/source/lab3/dct.c:74:4) in function 'Loop_Xpose_Col_Outer_Loop_proc'.
INFO: [XFORM 203-541] Flattening a loop nest 'Row_DCT_Loop' (../xup_high_level_synthesis_design_flow-main/source/lab3/dct.c:58:4) in function 'Loop_Row_DCT_Loop_proc'.
INFO: [XFORM 203-541] Flattening a loop nest 'Col_DCT_Loop' (../xup_high_level_synthesis_design_flow-main/source/lab3/dct.c:69:4) in function 'Loop_Col_DCT_Loop_proc'.
INFO: [HLS 200-111] Finished Architecture Synthesis: CPU user time: 0 seconds. CPU system time: 0 seconds. Elapsed time: 0.13 seconds; current allocated memory: 613.648 MB.
INFO: [HLS 200-10] Starting hardware synthesis ...
INFO: [HLS 200-10] Synthesizing 'dct' ...
INFO: [HLS 200-10] ----------------------------------------------------------------
INFO: [HLS 200-42] -- Implementing module 'read_data' 
INFO: [HLS 200-10] ----------------------------------------------------------------
INFO: [SCHED 204-11] Starting scheduling ...
INFO: [SCHED 204-61] Pipelining loop 'RD_Loop_Row_RD_Loop_Col'.
INFO: [HLS 200-1470] Pipelining result : Target II = NA, Final II = 1, Depth = 2, loop 'RD_Loop_Row_RD_Loop_Col'
INFO: [SCHED 204-11] Finished scheduling.
INFO: [HLS 200-111] Finished Scheduling: CPU user time: 0 seconds. CPU system time: 0 seconds. Elapsed time: 0.169 seconds; current allocated memory: 618.750 MB.
INFO: [BIND 205-100] Starting micro-architecture generation ...
INFO: [BIND 205-101] Performing variable lifetime analysis.
INFO: [BIND 205-101] Exploring resource sharing.
INFO: [BIND 205-101] Binding ...
INFO: [BIND 205-100] Finished micro-architecture generation.
INFO: [HLS 200-111] Finished Binding: CPU user time: 0 seconds. CPU system time: 0 seconds. Elapsed time: 0.057 seconds; current allocated memory: 619.961 MB.
INFO: [HLS 200-10] ----------------------------------------------------------------
INFO: [HLS 200-42] -- Implementing module 'Loop_Row_DCT_Loop_proc' 
INFO: [HLS 200-10] ----------------------------------------------------------------
INFO: [SCHED 204-11] Starting scheduling ...
INFO: [HLS 200-486] Changing DSP latency (root=mul_ln45_3) to 3 in order to utilize available DSP registers.
INFO: [HLS 200-486] Changing DSP latency (root=mul_ln45_1) to 3 in order to utilize available DSP registers.
INFO: [HLS 200-486] Changing DSP latency (root=mul_ln45_7) to 3 in order to utilize available DSP registers.
INFO: [HLS 200-486] Changing DSP latency (root=mul_ln45_5) to 3 in order to utilize available DSP registers.
INFO: [HLS 200-486] Changing DSP latency (root=mul_ln45) to 3 in order to utilize available DSP registers.
INFO: [SCHED 204-61] Pipelining loop 'Row_DCT_Loop_DCT_Outer_Loop'.
INFO: [HLS 200-1470] Pipelining result : Target II = NA, Final II = 1, Depth = 8, loop 'Row_DCT_Loop_DCT_Outer_Loop'
INFO: [SCHED 204-11] Finished scheduling.
INFO: [HLS 200-111] Finished Scheduling: CPU user time: 0 seconds. CPU system time: 0 seconds. Elapsed time: 0.168 seconds; current allocated memory: 621.023 MB.
INFO: [BIND 205-100] Starting micro-architecture generation ...
INFO: [BIND 205-101] Performing variable lifetime analysis.
INFO: [BIND 205-101] Exploring resource sharing.
INFO: [BIND 205-101] Binding ...
INFO: [BIND 205-100] Finished micro-architecture generation.
INFO: [HLS 200-111] Finished Binding: CPU user time: 0 seconds. CPU system time: 0 seconds. Elapsed time: 0.102 seconds; current allocated memory: 621.262 MB.
INFO: [HLS 200-10] ----------------------------------------------------------------
INFO: [HLS 200-42] -- Implementing module 'Loop_Xpose_Row_Outer_Loop_proc' 
INFO: [HLS 200-10] ----------------------------------------------------------------
INFO: [SCHED 204-11] Starting scheduling ...
INFO: [SCHED 204-61] Pipelining loop 'Xpose_Row_Outer_Loop_Xpose_Row_Inner_Loop'.
INFO: [HLS 200-1470] Pipelining result : Target II = NA, Final II = 1, Depth = 3, loop 'Xpose_Row_Outer_Loop_Xpose_Row_Inner_Loop'
INFO: [SCHED 204-11] Finished scheduling.
INFO: [HLS 200-111] Finished Scheduling: CPU user time: 0 seconds. CPU system time: 0 seconds. Elapsed time: 0.116 seconds; current allocated memory: 621.758 MB.
INFO: [BIND 205-100] Starting micro-architecture generation ...
INFO: [BIND 205-101] Performing variable lifetime analysis.
INFO: [BIND 205-101] Exploring resource sharing.
INFO: [BIND 205-101] Binding ...
INFO: [BIND 205-100] Finished micro-architecture generation.
INFO: [HLS 200-111] Finished Binding: CPU user time: 0 seconds. CPU system time: 0 seconds. Elapsed time: 0.06 seconds; current allocated memory: 621.785 MB.
INFO: [HLS 200-10] ----------------------------------------------------------------
INFO: [HLS 200-42] -- Implementing module 'Loop_Col_DCT_Loop_proc' 
INFO: [HLS 200-10] ----------------------------------------------------------------
INFO: [SCHED 204-11] Starting scheduling ...
INFO: [HLS 200-486] Changing DSP latency (root=mul_ln45_10) to 3 in order to utilize available DSP registers.
INFO: [HLS 200-486] Changing DSP latency (root=mul_ln45_8) to 3 in order to utilize available DSP registers.
INFO: [HLS 200-486] Changing DSP latency (root=mul_ln45_14) to 3 in order to utilize available DSP registers.
INFO: [HLS 200-486] Changing DSP latency (root=mul_ln45_12) to 3 in order to utilize available DSP registers.
INFO: [HLS 200-486] Changing DSP latency (root=mul_ln45) to 3 in order to utilize available DSP registers.
INFO: [SCHED 204-61] Pipelining loop 'Col_DCT_Loop_DCT_Outer_Loop'.
INFO: [HLS 200-1470] Pipelining result : Target II = NA, Final II = 1, Depth = 8, loop 'Col_DCT_Loop_DCT_Outer_Loop'
INFO: [SCHED 204-11] Finished scheduling.
INFO: [HLS 200-111] Finished Scheduling: CPU user time: 0 seconds. CPU system time: 0 seconds. Elapsed time: 0.173 seconds; current allocated memory: 623.008 MB.
INFO: [BIND 205-100] Starting micro-architecture generation ...
INFO: [BIND 205-101] Performing variable lifetime analysis.
INFO: [BIND 205-101] Exploring resource sharing.
INFO: [BIND 205-101] Binding ...
INFO: [BIND 205-100] Finished micro-architecture generation.
INFO: [HLS 200-111] Finished Binding: CPU user time: 0 seconds. CPU system time: 0 seconds. Elapsed time: 0.101 seconds; current allocated memory: 623.070 MB.
INFO: [HLS 200-10] ----------------------------------------------------------------
INFO: [HLS 200-42] -- Implementing module 'Loop_Xpose_Col_Outer_Loop_proc' 
INFO: [HLS 200-10] ----------------------------------------------------------------
INFO: [SCHED 204-11] Starting scheduling ...
INFO: [SCHED 204-61] Pipelining loop 'Xpose_Col_Outer_Loop_Xpose_Col_Inner_Loop'.
INFO: [HLS 200-1470] Pipelining result : Target II = NA, Final II = 1, Depth = 3, loop 'Xpose_Col_Outer_Loop_Xpose_Col_Inner_Loop'
INFO: [SCHED 204-11] Finished scheduling.
INFO: [HLS 200-111] Finished Scheduling: CPU user time: 0 seconds. CPU system time: 0 seconds. Elapsed time: 0.119 seconds; current allocated memory: 623.484 MB.
INFO: [BIND 205-100] Starting micro-architecture generation ...
INFO: [BIND 205-101] Performing variable lifetime analysis.
INFO: [BIND 205-101] Exploring resource sharing.
INFO: [BIND 205-101] Binding ...
INFO: [BIND 205-100] Finished micro-architecture generation.
INFO: [HLS 200-111] Finished Binding: CPU user time: 0 seconds. CPU system time: 0 seconds. Elapsed time: 0.061 seconds; current allocated memory: 623.793 MB.
INFO: [HLS 200-10] ----------------------------------------------------------------
INFO: [HLS 200-42] -- Implementing module 'write_data' 
INFO: [HLS 200-10] ----------------------------------------------------------------
INFO: [SCHED 204-11] Starting scheduling ...
INFO: [SCHED 204-61] Pipelining loop 'WR_Loop_Row_WR_Loop_Col'.
INFO: [HLS 200-1470] Pipelining result : Target II = NA, Final II = 1, Depth = 3, loop 'WR_Loop_Row_WR_Loop_Col'
INFO: [SCHED 204-11] Finished scheduling.
INFO: [HLS 200-111] Finished Scheduling: CPU user time: 1 seconds. CPU system time: 0 seconds. Elapsed time: 0.095 seconds; current allocated memory: 624.051 MB.
INFO: [BIND 205-100] Starting micro-architecture generation ...
INFO: [BIND 205-101] Performing variable lifetime analysis.
INFO: [BIND 205-101] Exploring resource sharing.
INFO: [BIND 205-101] Binding ...
INFO: [BIND 205-100] Finished micro-architecture generation.
INFO: [HLS 200-111] Finished Binding: CPU user time: 0 seconds. CPU system time: 0 seconds. Elapsed time: 0.058 seconds; current allocated memory: 624.094 MB.
INFO: [HLS 200-10] ----------------------------------------------------------------
INFO: [HLS 200-42] -- Implementing module 'dct' 
INFO: [HLS 200-10] ----------------------------------------------------------------
INFO: [SCHED 204-11] Starting scheduling ...
INFO: [SCHED 204-11] Finished scheduling.
INFO: [HLS 200-111] Finished Scheduling: CPU user time: 0 seconds. CPU system time: 0 seconds. Elapsed time: 0.079 seconds; current allocated memory: 624.555 MB.
INFO: [BIND 205-100] Starting micro-architecture generation ...
INFO: [BIND 205-101] Performing variable lifetime analysis.
INFO: [BIND 205-101] Exploring resource sharing.
INFO: [BIND 205-101] Binding ...
INFO: [BIND 205-100] Finished micro-architecture generation.
INFO: [HLS 200-111] Finished Binding: CPU user time: 0 seconds. CPU system time: 0 seconds. Elapsed time: 0.127 seconds; current allocated memory: 624.836 MB.
INFO: [HLS 200-10] ----------------------------------------------------------------
INFO: [HLS 200-10] -- Generating RTL for module 'read_data' 
INFO: [HLS 200-10] ----------------------------------------------------------------
INFO: [HLS 200-1030] Apply Unified Pipeline Control on module 'read_data' pipeline 'RD_Loop_Row_RD_Loop_Col' pipeline type 'loop pipeline'
INFO: [RTGEN 206-100] Finished creating RTL model for 'read_data'.
INFO: [HLS 200-111] Finished Creating RTL model: CPU user time: 0 seconds. CPU system time: 0 seconds. Elapsed time: 0.085 seconds; current allocated memory: 626.598 MB.
INFO: [HLS 200-10] ----------------------------------------------------------------
INFO: [HLS 200-10] -- Generating RTL for module 'Loop_Row_DCT_Loop_proc' 
INFO: [HLS 200-10] ----------------------------------------------------------------
INFO: [HLS 200-1030] Apply Unified Pipeline Control on module 'Loop_Row_DCT_Loop_proc' pipeline 'Row_DCT_Loop_DCT_Outer_Loop' pipeline type 'loop pipeline'
INFO: [RTGEN 206-100] Generating core module 'mac_muladd_16s_15s_13ns_29_4_1': 1 instance(s).
INFO: [RTGEN 206-100] Generating core module 'mac_muladd_16s_15s_29ns_29_4_1': 1 instance(s).
INFO: [RTGEN 206-100] Generating core module 'mac_muladd_16s_15s_29s_29_4_1': 3 instance(s).
INFO: [RTGEN 206-100] Generating core module 'mul_16s_14ns_29_1_1': 1 instance(s).
INFO: [RTGEN 206-100] Generating core module 'mul_16s_15s_29_1_1': 2 instance(s).
INFO: [RTGEN 206-100] Finished creating RTL model for 'Loop_Row_DCT_Loop_proc'.
INFO: [RTMG 210-279] Implementing memory 'dct_Loop_Row_DCT_Loop_proc_dct_1d_dct_coeff_table_0_ROM_AUTO_1R' using auto ROMs.
INFO: [RTMG 210-279] Implementing memory 'dct_Loop_Row_DCT_Loop_proc_dct_1d_dct_coeff_table_1_ROM_AUTO_1R' using auto ROMs.
INFO: [RTMG 210-279] Implementing memory 'dct_Loop_Row_DCT_Loop_proc_dct_1d_dct_coeff_table_2_ROM_AUTO_1R' using auto ROMs.
INFO: [RTMG 210-279] Implementing memory 'dct_Loop_Row_DCT_Loop_proc_dct_1d_dct_coeff_table_3_ROM_AUTO_1R' using auto ROMs.
INFO: [RTMG 210-279] Implementing memory 'dct_Loop_Row_DCT_Loop_proc_dct_1d_dct_coeff_table_4_ROM_AUTO_1R' using auto ROMs.
INFO: [RTMG 210-279] Implementing memory 'dct_Loop_Row_DCT_Loop_proc_dct_1d_dct_coeff_table_5_ROM_AUTO_1R' using auto ROMs.
INFO: [RTMG 210-279] Implementing memory 'dct_Loop_Row_DCT_Loop_proc_dct_1d_dct_coeff_table_6_ROM_AUTO_1R' using auto ROMs.
INFO: [RTMG 210-279] Implementing memory 'dct_Loop_Row_DCT_Loop_proc_dct_1d_dct_coeff_table_7_ROM_AUTO_1R' using auto ROMs.
INFO: [HLS 200-111] Finished Creating RTL model: CPU user time: 0 seconds. CPU system time: 0 seconds. Elapsed time: 0.266 seconds; current allocated memory: 630.500 MB.
INFO: [HLS 200-10] ----------------------------------------------------------------
INFO: [HLS 200-10] -- Generating RTL for module 'Loop_Xpose_Row_Outer_Loop_proc' 
INFO: [HLS 200-10] ----------------------------------------------------------------
INFO: [HLS 200-1030] Apply Unified Pipeline Control on module 'Loop_Xpose_Row_Outer_Loop_proc' pipeline 'Xpose_Row_Outer_Loop_Xpose_Row_Inner_Loop' pipeline type 'loop pipeline'
INFO: [RTGEN 206-100] Finished creating RTL model for 'Loop_Xpose_Row_Outer_Loop_proc'.
INFO: [HLS 200-111] Finished Creating RTL model: CPU user time: 0 seconds. CPU system time: 0 seconds. Elapsed time: 0.218 seconds; current allocated memory: 632.469 MB.
INFO: [HLS 200-10] ----------------------------------------------------------------
INFO: [HLS 200-10] -- Generating RTL for module 'Loop_Col_DCT_Loop_proc' 
INFO: [HLS 200-10] ----------------------------------------------------------------
INFO: [HLS 200-1030] Apply Unified Pipeline Control on module 'Loop_Col_DCT_Loop_proc' pipeline 'Col_DCT_Loop_DCT_Outer_Loop' pipeline type 'loop pipeline'
INFO: [RTGEN 206-100] Generating core module 'mac_muladd_16s_15s_13ns_29_4_1': 1 instance(s).
INFO: [RTGEN 206-100] Generating core module 'mac_muladd_16s_15s_29ns_29_4_1': 1 instance(s).
INFO: [RTGEN 206-100] Generating core module 'mac_muladd_16s_15s_29s_29_4_1': 3 instance(s).
INFO: [RTGEN 206-100] Generating core module 'mul_16s_14ns_29_1_1': 1 instance(s).
INFO: [RTGEN 206-100] Generating core module 'mul_16s_15s_29_1_1': 2 instance(s).
INFO: [RTGEN 206-100] Finished creating RTL model for 'Loop_Col_DCT_Loop_proc'.
INFO: [HLS 200-111] Finished Creating RTL model: CPU user time: 0 seconds. CPU system time: 0 seconds. Elapsed time: 0.197 seconds; current allocated memory: 634.465 MB.
INFO: [HLS 200-10] ----------------------------------------------------------------
INFO: [HLS 200-10] -- Generating RTL for module 'Loop_Xpose_Col_Outer_Loop_proc' 
INFO: [HLS 200-10] ----------------------------------------------------------------
INFO: [HLS 200-1030] Apply Unified Pipeline Control on module 'Loop_Xpose_Col_Outer_Loop_proc' pipeline 'Xpose_Col_Outer_Loop_Xpose_Col_Inner_Loop' pipeline type 'loop pipeline'
INFO: [RTGEN 206-100] Finished creating RTL model for 'Loop_Xpose_Col_Outer_Loop_proc'.
INFO: [HLS 200-111] Finished Creating RTL model: CPU user time: 0 seconds. CPU system time: 0 seconds. Elapsed time: 0.211 seconds; current allocated memory: 636.766 MB.
INFO: [HLS 200-10] ----------------------------------------------------------------
INFO: [HLS 200-10] -- Generating RTL for module 'write_data' 
INFO: [HLS 200-10] ----------------------------------------------------------------
INFO: [HLS 200-1030] Apply Unified Pipeline Control on module 'write_data' pipeline 'WR_Loop_Row_WR_Loop_Col' pipeline type 'loop pipeline'
INFO: [RTGEN 206-100] Finished creating RTL model for 'write_data'.
INFO: [HLS 200-111] Finished Creating RTL model: CPU user time: 0 seconds. CPU system time: 0 seconds. Elapsed time: 0.136 seconds; current allocated memory: 637.777 MB.
INFO: [HLS 200-10] ----------------------------------------------------------------
INFO: [HLS 200-10] -- Generating RTL for module 'dct' 
INFO: [HLS 200-10] ----------------------------------------------------------------
INFO: [RTGEN 206-500] Setting interface mode on port 'dct/input_r' to 'ap_memory'.
INFO: [RTGEN 206-500] Setting interface mode on port 'dct/output_r' to 'ap_memory'.
INFO: [RTGEN 206-500] Setting interface mode on function 'dct' to 'ap_ctrl_hs'.
INFO: [RTGEN 206-100] Finished creating RTL model for 'dct'.
INFO: [HLS 200-741] Implementing PIPO dct_row_outbuf_RAM_AUTO_1R1W using a single memory for all blocks
INFO: [RTMG 210-278] Implementing memory 'dct_row_outbuf_RAM_AUTO_1R1W_memcore' using auto RAMs.
INFO: [HLS 200-741] Implementing PIPO dct_col_inbuf_RAM_AUTO_1R1W using a single memory for all blocks
INFO: [RTMG 210-278] Implementing memory 'dct_col_inbuf_RAM_AUTO_1R1W_memcore' using auto RAMs.
INFO: [HLS 200-111] Finished Creating RTL model: CPU user time: 1 seconds. CPU system time: 0 seconds. Elapsed time: 0.194 seconds; current allocated memory: 641.715 MB.
INFO: [HLS 200-111] Finished Generating all RTL models: CPU user time: 0 seconds. CPU system time: 0 seconds. Elapsed time: 1.606 seconds; current allocated memory: 646.859 MB.
INFO: [HLS 200-111] Finished Updating report files: CPU user time: 1 seconds. CPU system time: 0 seconds. Elapsed time: 0.578 seconds; current allocated memory: 653.789 MB.
INFO: [VHDL 208-304] Generating VHDL RTL for dct.
INFO: [VLOG 209-307] Generating Verilog RTL for dct.
INFO: [HLS 200-790] **** Loop Constraint Status: All loop constraints were satisfied.
INFO: [HLS 200-789] **** Estimated Fmax: 153.66 MHz
INFO: [HLS 200-111] Finished Command csynth_design CPU user time: 4 seconds. CPU system time: 1 seconds. Elapsed time: 8.419 seconds; current allocated memory: 121.234 MB.
INFO: [HLS 200-112] Total CPU user time: 6 seconds. Total CPU system time: 1 seconds. Total elapsed time: 10.675 seconds; peak allocated memory: 654.469 MB.
