21:15:49 DEBUG : Logs will be stored at 'F:/Education/FPGA_Labs/Labs_2/lab4/audio_new/IDE.log'.
21:15:53 INFO  : Launching XSCT server: xsct.bat -n  -interactive F:\Education\FPGA_Labs\Labs_2\lab4\audio_new\temp_xsdb_launch_script.tcl
21:15:53 INFO  : Registering command handlers for Vitis TCF services
21:15:54 INFO  : Platform repository initialization has completed.
21:15:55 INFO  : XSCT server has started successfully.
21:15:55 INFO  : Successfully done setting XSCT server connection channel  
21:15:56 INFO  : plnx-install-location is set to ''
21:15:56 INFO  : Successfully done setting workspace for the tool. 
21:15:56 INFO  : Successfully done query RDI_DATADIR 
21:18:28 INFO  : Result from executing command 'getProjects': audio
21:18:28 INFO  : Result from executing command 'getPlatforms': xilinx_zcu102_base_202310_1|F:/Xilinx/Vitis/Vitis/2023.1/base_platforms/xilinx_zcu102_base_202310_1/xilinx_zcu102_base_202310_1.xpfm;xilinx_zcu102_base_dfx_202310_1|F:/Xilinx/Vitis/Vitis/2023.1/base_platforms/xilinx_zcu102_base_dfx_202310_1/xilinx_zcu102_base_dfx_202310_1.xpfm;xilinx_zcu104_base_202310_1|F:/Xilinx/Vitis/Vitis/2023.1/base_platforms/xilinx_zcu104_base_202310_1/xilinx_zcu104_base_202310_1.xpfm
14:21:54 DEBUG : Logs will be stored at 'F:/Education/FPGA_Labs/Labs_2/lab4/audio_new/IDE.log'.
14:21:55 INFO  : Launching XSCT server: xsct.bat -n  -interactive F:\Education\FPGA_Labs\Labs_2\lab4\audio_new\temp_xsdb_launch_script.tcl
14:22:00 INFO  : Registering command handlers for Vitis TCF services
14:22:02 INFO  : Platform repository initialization has completed.
14:22:03 INFO  : XSCT server has started successfully.
14:22:03 INFO  : Successfully done setting XSCT server connection channel  
14:22:09 INFO  : plnx-install-location is set to ''
14:22:09 INFO  : Successfully done setting workspace for the tool. 
14:22:32 INFO  : Successfully done query RDI_DATADIR 
14:22:32 INFO  : Result from executing command 'getProjects': audio
14:22:34 INFO  : Result from executing command 'getPlatforms': audio|F:/Education/FPGA_Labs/Labs_2/lab4/audio_new/audio/export/audio/audio.xpfm;xilinx_zcu102_base_202310_1|F:/Xilinx/Vitis/Vitis/2023.1/base_platforms/xilinx_zcu102_base_202310_1/xilinx_zcu102_base_202310_1.xpfm;xilinx_zcu102_base_dfx_202310_1|F:/Xilinx/Vitis/Vitis/2023.1/base_platforms/xilinx_zcu102_base_dfx_202310_1/xilinx_zcu102_base_dfx_202310_1.xpfm;xilinx_zcu104_base_202310_1|F:/Xilinx/Vitis/Vitis/2023.1/base_platforms/xilinx_zcu104_base_202310_1/xilinx_zcu104_base_202310_1.xpfm
14:24:44 INFO  : Checking for BSP changes to sync application flags for project 'audio_vitis'...
14:26:04 INFO  : Checking for BSP changes to sync application flags for project 'audio_vitis'...
14:26:18 INFO  : Checking for BSP changes to sync application flags for project 'audio_vitis'...
14:31:11 INFO  : Connected to target on host '127.0.0.1' and port '3121'.
14:31:30 INFO  : ----------------XSDB Script----------------
connect -url tcp:127.0.0.1:3121
----------------End of Script----------------

14:31:30 ERROR : Could not find ARM device on the board for connection 'Local'.
Check if the target is in:
1. Split JTAG - No operations are possible with ARM DAP.
2. Non JTAG bootmode - Bootrom may need time to enable DAP.
Please try again.


Troubleshooting hints:
1. Check whether board is connected to system properly.
2. In case of zynq board, check whether Digilent/Xilinx cable switch settings are correct.
3. If you are using Xilinx Platform Cable USB, ensure that status LED is green.
14:32:01 INFO  : Connected to target on host '127.0.0.1' and port '3121'.
14:32:01 INFO  : Jtag cable 'Digilent Zed 210248B9DA84' is selected.
14:32:01 INFO  : 'jtag frequency' command is executed.
14:32:01 INFO  : Context for 'APU' is selected.
14:32:01 INFO  : System reset is completed.
14:32:04 INFO  : 'after 3000' command is executed.
14:32:04 INFO  : 'targets -set -filter {jtag_cable_name =~ "Digilent Zed 210248B9DA84" && level==0 && jtag_device_ctx=="jsn-Zed-210248B9DA84-23727093-0"}' command is executed.
14:32:06 INFO  : Device configured successfully with "F:/Education/FPGA_Labs/Labs_2/lab4/audio_new/audio_vitis/_ide/bitstream/design_1_wrapper.bit"
14:32:06 INFO  : Context for 'APU' is selected.
14:32:06 INFO  : Hardware design and registers information is loaded from 'F:/Education/FPGA_Labs/Labs_2/lab4/audio_new/audio/export/audio/hw/design_1_wrapper.xsa'.
14:32:06 INFO  : 'configparams force-mem-access 1' command is executed.
14:32:06 INFO  : Context for 'APU' is selected.
14:32:06 INFO  : Sourcing of 'F:/Education/FPGA_Labs/Labs_2/lab4/audio_new/audio_vitis/_ide/psinit/ps7_init.tcl' is done.
14:32:07 INFO  : 'ps7_init' command is executed.
14:32:07 INFO  : 'ps7_post_config' command is executed.
14:32:07 INFO  : Context for processor 'ps7_cortexa9_0' is selected.
14:32:07 INFO  : The application 'F:/Education/FPGA_Labs/Labs_2/lab4/audio_new/audio_vitis/Debug/audio_vitis.elf' is downloaded to processor 'ps7_cortexa9_0'.
14:32:07 INFO  : 'configparams force-mem-access 0' command is executed.
14:32:07 INFO  : ----------------XSDB Script----------------
connect -url tcp:127.0.0.1:3121
targets -set -nocase -filter {name =~"APU*"}
rst -system
after 3000
targets -set -filter {jtag_cable_name =~ "Digilent Zed 210248B9DA84" && level==0 && jtag_device_ctx=="jsn-Zed-210248B9DA84-23727093-0"}
fpga -file F:/Education/FPGA_Labs/Labs_2/lab4/audio_new/audio_vitis/_ide/bitstream/design_1_wrapper.bit
targets -set -nocase -filter {name =~"APU*"}
loadhw -hw F:/Education/FPGA_Labs/Labs_2/lab4/audio_new/audio/export/audio/hw/design_1_wrapper.xsa -mem-ranges [list {0x40000000 0xbfffffff}] -regs
configparams force-mem-access 1
targets -set -nocase -filter {name =~"APU*"}
source F:/Education/FPGA_Labs/Labs_2/lab4/audio_new/audio_vitis/_ide/psinit/ps7_init.tcl
ps7_init
ps7_post_config
targets -set -nocase -filter {name =~ "*A9*#0"}
dow F:/Education/FPGA_Labs/Labs_2/lab4/audio_new/audio_vitis/Debug/audio_vitis.elf
configparams force-mem-access 0
----------------End of Script----------------

14:32:07 INFO  : Context for processor 'ps7_cortexa9_0' is selected.
14:32:07 INFO  : 'con' command is executed.
14:32:07 INFO  : ----------------XSDB Script (After Launch)----------------
targets -set -nocase -filter {name =~ "*A9*#0"}
con
----------------End of Script----------------

14:32:07 INFO  : Launch script is exported to file 'F:\Education\FPGA_Labs\Labs_2\lab4\audio_new\audio_vitis_system\_ide\scripts\systemdebugger_audio_vitis_system_standalone.tcl'
14:36:36 INFO  : Disconnected from the channel tcfchan#2.
14:36:36 INFO  : Connected to target on host '127.0.0.1' and port '3121'.
14:36:36 INFO  : Jtag cable 'Digilent Zed 210248B9DA84' is selected.
14:36:36 INFO  : 'jtag frequency' command is executed.
14:36:36 INFO  : Context for 'APU' is selected.
14:36:36 INFO  : System reset is completed.
14:36:39 INFO  : 'after 3000' command is executed.
14:36:39 INFO  : 'targets -set -filter {jtag_cable_name =~ "Digilent Zed 210248B9DA84" && level==0 && jtag_device_ctx=="jsn-Zed-210248B9DA84-23727093-0"}' command is executed.
14:36:41 INFO  : Device configured successfully with "F:/Education/FPGA_Labs/Labs_2/lab4/audio_new/audio_vitis/_ide/bitstream/design_1_wrapper.bit"
14:36:41 INFO  : Context for 'APU' is selected.
14:36:41 INFO  : Hardware design and registers information is loaded from 'F:/Education/FPGA_Labs/Labs_2/lab4/audio_new/audio/export/audio/hw/design_1_wrapper.xsa'.
14:36:41 INFO  : 'configparams force-mem-access 1' command is executed.
14:36:41 INFO  : Context for 'APU' is selected.
14:36:41 INFO  : Sourcing of 'F:/Education/FPGA_Labs/Labs_2/lab4/audio_new/audio_vitis/_ide/psinit/ps7_init.tcl' is done.
14:36:42 INFO  : 'ps7_init' command is executed.
14:36:42 INFO  : 'ps7_post_config' command is executed.
14:36:42 INFO  : Context for processor 'ps7_cortexa9_0' is selected.
14:36:42 INFO  : The application 'F:/Education/FPGA_Labs/Labs_2/lab4/audio_new/audio_vitis/Debug/audio_vitis.elf' is downloaded to processor 'ps7_cortexa9_0'.
14:36:42 INFO  : 'configparams force-mem-access 0' command is executed.
14:36:42 INFO  : ----------------XSDB Script----------------
connect -url tcp:127.0.0.1:3121
targets -set -nocase -filter {name =~"APU*"}
rst -system
after 3000
targets -set -filter {jtag_cable_name =~ "Digilent Zed 210248B9DA84" && level==0 && jtag_device_ctx=="jsn-Zed-210248B9DA84-23727093-0"}
fpga -file F:/Education/FPGA_Labs/Labs_2/lab4/audio_new/audio_vitis/_ide/bitstream/design_1_wrapper.bit
targets -set -nocase -filter {name =~"APU*"}
loadhw -hw F:/Education/FPGA_Labs/Labs_2/lab4/audio_new/audio/export/audio/hw/design_1_wrapper.xsa -mem-ranges [list {0x40000000 0xbfffffff}] -regs
configparams force-mem-access 1
targets -set -nocase -filter {name =~"APU*"}
source F:/Education/FPGA_Labs/Labs_2/lab4/audio_new/audio_vitis/_ide/psinit/ps7_init.tcl
ps7_init
ps7_post_config
targets -set -nocase -filter {name =~ "*A9*#0"}
dow F:/Education/FPGA_Labs/Labs_2/lab4/audio_new/audio_vitis/Debug/audio_vitis.elf
configparams force-mem-access 0
----------------End of Script----------------

14:36:42 INFO  : Context for processor 'ps7_cortexa9_0' is selected.
14:36:42 INFO  : 'con' command is executed.
14:36:42 INFO  : ----------------XSDB Script (After Launch)----------------
targets -set -nocase -filter {name =~ "*A9*#0"}
con
----------------End of Script----------------

14:36:42 INFO  : Launch script is exported to file 'F:\Education\FPGA_Labs\Labs_2\lab4\audio_new\audio_vitis_system\_ide\scripts\systemdebugger_audio_vitis_system_standalone.tcl'
