Copyright 1986-2022 Xilinx, Inc. All Rights Reserved. Copyright 2022-2023 Advanced Micro Devices, Inc. All Rights Reserved.
---------------------------------------------------------------------------------------------------------------------------------------------
| Tool Version : Vivado v.2023.1 (win64) Build 3865809 Sun May  7 15:05:29 MDT 2023
| Date         : Sun Dec  8 18:17:42 2024
| Host         : DESKTOP-2ENERJB running 64-bit major release  (build 9200)
| Command      : upgrade_ip
| Device       : xc7z020clg484-1
---------------------------------------------------------------------------------------------------------------------------------------------

Upgrade Log for IP 'design_1_fir_1_2'

1. Summary
----------

SUCCESS in the upgrade of design_1_fir_1_2 (xilinx.com:hls:fir:1.0) from (Rev. 2113857107) to (Rev. 2113857137)






Copyright 1986-2022 Xilinx, Inc. All Rights Reserved. Copyright 2022-2023 Advanced Micro Devices, Inc. All Rights Reserved.
---------------------------------------------------------------------------------------------------------------------------------------------
| Tool Version : Vivado v.2023.1 (win64) Build 3865809 Sun May  7 15:05:29 MDT 2023
| Date         : Sun Dec  8 18:17:41 2024
| Host         : DESKTOP-2ENERJB running 64-bit major release  (build 9200)
| Command      : upgrade_ip
| Device       : xc7z020clg484-1
---------------------------------------------------------------------------------------------------------------------------------------------

Upgrade Log for IP 'design_1_fir_0_4'

1. Summary
----------

SUCCESS in the upgrade of design_1_fir_0_4 (xilinx.com:hls:fir:1.0) from (Rev. 2113857107) to (Rev. 2113857137)

