#-----------------------------------------------------------
# Vivado v2023.1 (64-bit)
# SW Build 3865809 on Sun May  7 15:05:29 MDT 2023
# IP Build 3864474 on Sun May  7 20:36:21 MDT 2023
# SharedData Build 3865790 on Sun May 07 13:33:03 MDT 2023
# Start of session at: Sun Dec  1 16:34:15 2024
# Process ID: 3868
# Current directory: F:/Education/FPGA_Labs/Labs_2/lab4/audio_new
# Command line: vivado.exe -gui_launcher_event rodinguilauncherevent10496 F:\Education\FPGA_Labs\Labs_2\lab4\audio_new\audio_new.xpr
# Log file: F:/Education/FPGA_Labs/Labs_2/lab4/audio_new/vivado.log
# Journal file: F:/Education/FPGA_Labs/Labs_2/lab4/audio_new\vivado.jou
# Running On: DESKTOP-2ENERJB, OS: Windows, CPU Frequency: 2496 MHz, CPU Physical cores: 6, Host memory: 34191 MB
#-----------------------------------------------------------
start_gui
open_project F:/Education/FPGA_Labs/Labs_2/lab4/audio_new/audio_new.xpr
Scanning sources...
Finished scanning sources
WARNING: [Board 49-26] cannot add Board Part xilinx.com:kcu105:part0:1.6 available at F:/Xilinx/Vitis/Vivado/2023.1/data/xhub/boards/XilinxBoardStore/boards/Xilinx/kcu105/1.6/board.xml as part xcku040-ffva1156-2-e specified in board_part file is either invalid or not available
WARNING: [Board 49-26] cannot add Board Part xilinx.com:kcu105:part0:1.7 available at F:/Xilinx/Vitis/Vivado/2023.1/data/xhub/boards/XilinxBoardStore/boards/Xilinx/kcu105/1.7/board.xml as part xcku040-ffva1156-2-e specified in board_part file is either invalid or not available
WARNING: [Board 49-26] cannot add Board Part xilinx.com:kcu116:part0:1.4 available at F:/Xilinx/Vitis/Vivado/2023.1/data/xhub/boards/XilinxBoardStore/boards/Xilinx/kcu116/1.4/board.xml as part xcku5p-ffvb676-2-e specified in board_part file is either invalid or not available
WARNING: [Board 49-26] cannot add Board Part xilinx.com:kcu116:part0:1.5 available at F:/Xilinx/Vitis/Vivado/2023.1/data/xhub/boards/XilinxBoardStore/boards/Xilinx/kcu116/1.5/board.xml as part xcku5p-ffvb676-2-e specified in board_part file is either invalid or not available
WARNING: [Board 49-26] cannot add Board Part xilinx.com:kcu1500:part0:1.2 available at F:/Xilinx/Vitis/Vivado/2023.1/data/xhub/boards/XilinxBoardStore/boards/Xilinx/kcu1500/1.2/board.xml as part xcku115-flvb2104-2-e specified in board_part file is either invalid or not available
WARNING: [Board 49-26] cannot add Board Part xilinx.com:vck190:part0:2.2 available at F:/Xilinx/Vitis/Vivado/2023.1/data/xhub/boards/XilinxBoardStore/boards/Xilinx/vck190/production/2.2/board.xml as part xcvc1902-vsva2197-2mp-e-s specified in board_part file is either invalid or not available
WARNING: [Board 49-26] cannot add Board Part xilinx.com:vck190:part0:3.0 available at F:/Xilinx/Vitis/Vivado/2023.1/data/xhub/boards/XilinxBoardStore/boards/Xilinx/vck190/production/3.0/board.xml as part xcvc1902-vsva2197-2mp-e-s specified in board_part file is either invalid or not available
WARNING: [Board 49-26] cannot add Board Part xilinx.com:vck190:part0:3.1 available at F:/Xilinx/Vitis/Vivado/2023.1/data/xhub/boards/XilinxBoardStore/boards/Xilinx/vck190/production/3.1/board.xml as part xcvc1902-vsva2197-2mp-e-s specified in board_part file is either invalid or not available
WARNING: [Board 49-26] cannot add Board Part xilinx.com:vck190:part0:3.2 available at F:/Xilinx/Vitis/Vivado/2023.1/data/xhub/boards/XilinxBoardStore/boards/Xilinx/vck190/production/3.2/board.xml as part xcvc1902-vsva2197-2mp-e-s specified in board_part file is either invalid or not available
WARNING: [Board 49-26] cannot add Board Part xilinx.com:vck190_newl:part0:1.0 available at F:/Xilinx/Vitis/Vivado/2023.1/data/xhub/boards/XilinxBoardStore/boards/Xilinx/vck190_newl/production/1.0/board.xml as part xcvc1902-vsva2197-2mp-e-s specified in board_part file is either invalid or not available
WARNING: [Board 49-26] cannot add Board Part xilinx.com:vck190_newl:part0:1.1 available at F:/Xilinx/Vitis/Vivado/2023.1/data/xhub/boards/XilinxBoardStore/boards/Xilinx/vck190_newl/production/1.1/board.xml as part xcvc1902-vsva2197-2mp-e-s specified in board_part file is either invalid or not available
WARNING: [Board 49-26] cannot add Board Part xilinx.com:vcu108:part0:1.6 available at F:/Xilinx/Vitis/Vivado/2023.1/data/xhub/boards/XilinxBoardStore/boards/Xilinx/vcu108/1.6/board.xml as part xcvu095-ffva2104-2-e specified in board_part file is either invalid or not available
WARNING: [Board 49-26] cannot add Board Part xilinx.com:vcu108:part0:1.7 available at F:/Xilinx/Vitis/Vivado/2023.1/data/xhub/boards/XilinxBoardStore/boards/Xilinx/vcu108/1.7/board.xml as part xcvu095-ffva2104-2-e specified in board_part file is either invalid or not available
WARNING: [Board 49-26] cannot add Board Part xilinx.com:vcu110:part0:1.4 available at F:/Xilinx/Vitis/Vivado/2023.1/data/xhub/boards/XilinxBoardStore/boards/Xilinx/vcu110/1.4/board.xml as part xcvu190-flgc2104-2-e specified in board_part file is either invalid or not available
WARNING: [Board 49-26] cannot add Board Part xilinx.com:vcu118:part0:2.0 available at F:/Xilinx/Vitis/Vivado/2023.1/data/xhub/boards/XilinxBoardStore/boards/Xilinx/vcu118/2.0/board.xml as part xcvu9p-flga2104-2l-e specified in board_part file is either invalid or not available
WARNING: [Board 49-26] cannot add Board Part xilinx.com:vcu118:part0:2.3 available at F:/Xilinx/Vitis/Vivado/2023.1/data/xhub/boards/XilinxBoardStore/boards/Xilinx/vcu118/2.3/board.xml as part xcvu9p-flga2104-2l-e specified in board_part file is either invalid or not available
WARNING: [Board 49-26] cannot add Board Part xilinx.com:vcu118:part0:2.4 available at F:/Xilinx/Vitis/Vivado/2023.1/data/xhub/boards/XilinxBoardStore/boards/Xilinx/vcu118/2.4/board.xml as part xcvu9p-flga2104-2l-e specified in board_part file is either invalid or not available
WARNING: [Board 49-26] cannot add Board Part xilinx.com:vcu128:part0:1.0 available at F:/Xilinx/Vitis/Vivado/2023.1/data/xhub/boards/XilinxBoardStore/boards/Xilinx/vcu128/production/1.0/board.xml as part xcvu37p-fsvh2892-2l-e specified in board_part file is either invalid or not available
WARNING: [Board 49-26] cannot add Board Part xilinx.com:vcu129:part0:1.0 available at F:/Xilinx/Vitis/Vivado/2023.1/data/xhub/boards/XilinxBoardStore/boards/Xilinx/vcu129/production/1.0/board.xml as part xcvu29p-fsga2577-2l-e specified in board_part file is either invalid or not available
WARNING: [Board 49-26] cannot add Board Part xilinx.com:vcu1525:part0:1.3 available at F:/Xilinx/Vitis/Vivado/2023.1/data/xhub/boards/XilinxBoardStore/boards/Xilinx/vcu1525/1.3/board.xml as part xcvu9p-fsgd2104-2l-e specified in board_part file is either invalid or not available
WARNING: [Board 49-26] cannot add Board Part xilinx.com:vek280_es:part0:1.0 available at F:/Xilinx/Vitis/Vivado/2023.1/data/xhub/boards/XilinxBoardStore/boards/Xilinx/vek280/es/rev_a/1.0/board.xml as part xcve2802-vsvh1760-2lp-e-s-es1 specified in board_part file is either invalid or not available
WARNING: [Board 49-26] cannot add Board Part xilinx.com:vek280_es:part0:1.1 available at F:/Xilinx/Vitis/Vivado/2023.1/data/xhub/boards/XilinxBoardStore/boards/Xilinx/vek280/es/rev_a/1.1/board.xml as part xcve2802-vsvh1760-2lp-e-s-es1 specified in board_part file is either invalid or not available
WARNING: [Board 49-26] cannot add Board Part xilinx.com:vek280_es_revb:part0:1.0 available at F:/Xilinx/Vitis/Vivado/2023.1/data/xhub/boards/XilinxBoardStore/boards/Xilinx/vek280/es/rev_b/1.0/board.xml as part xcve2802-vsvh1760-2mp-e-s-es1 specified in board_part file is either invalid or not available
WARNING: [Board 49-26] cannot add Board Part xilinx.com:vek280_es_revb:part0:1.1 available at F:/Xilinx/Vitis/Vivado/2023.1/data/xhub/boards/XilinxBoardStore/boards/Xilinx/vek280/es/rev_b/1.1/board.xml as part xcve2802-vsvh1760-2mp-e-s-es1 specified in board_part file is either invalid or not available
WARNING: [Board 49-26] cannot add Board Part xilinx.com:vhk158:part0:1.0 available at F:/Xilinx/Vitis/Vivado/2023.1/data/xhub/boards/XilinxBoardStore/boards/Xilinx/vhk158/production/1.0/board.xml as part xcvh1582-vsva3697-2mp-e-s specified in board_part file is either invalid or not available
WARNING: [Board 49-26] cannot add Board Part xilinx.com:vhk158_es:part0:1.0 available at F:/Xilinx/Vitis/Vivado/2023.1/data/xhub/boards/XilinxBoardStore/boards/Xilinx/vhk158/es/1.0/board.xml as part xcvh1582-vsva3697-2mp-e-s-es1 specified in board_part file is either invalid or not available
WARNING: [Board 49-26] cannot add Board Part xilinx.com:vhk158_es:part0:1.1 available at F:/Xilinx/Vitis/Vivado/2023.1/data/xhub/boards/XilinxBoardStore/boards/Xilinx/vhk158/es/1.1/board.xml as part xcvh1582-vsva3697-2mp-e-s-es1 specified in board_part file is either invalid or not available
WARNING: [Board 49-26] cannot add Board Part xilinx.com:vmk180:part0:2.2 available at F:/Xilinx/Vitis/Vivado/2023.1/data/xhub/boards/XilinxBoardStore/boards/Xilinx/vmk180/production/2.2/board.xml as part xcvm1802-vsva2197-2mp-e-s specified in board_part file is either invalid or not available
WARNING: [Board 49-26] cannot add Board Part xilinx.com:vmk180:part0:3.0 available at F:/Xilinx/Vitis/Vivado/2023.1/data/xhub/boards/XilinxBoardStore/boards/Xilinx/vmk180/production/3.0/board.xml as part xcvm1802-vsva2197-2mp-e-s specified in board_part file is either invalid or not available
WARNING: [Board 49-26] cannot add Board Part xilinx.com:vmk180:part0:3.1 available at F:/Xilinx/Vitis/Vivado/2023.1/data/xhub/boards/XilinxBoardStore/boards/Xilinx/vmk180/production/3.1/board.xml as part xcvm1802-vsva2197-2mp-e-s specified in board_part file is either invalid or not available
WARNING: [Board 49-26] cannot add Board Part xilinx.com:vmk180:part0:3.2 available at F:/Xilinx/Vitis/Vivado/2023.1/data/xhub/boards/XilinxBoardStore/boards/Xilinx/vmk180/production/3.2/board.xml as part xcvm1802-vsva2197-2mp-e-s specified in board_part file is either invalid or not available
WARNING: [Board 49-26] cannot add Board Part xilinx.com:vmk180_newl:part0:1.0 available at F:/Xilinx/Vitis/Vivado/2023.1/data/xhub/boards/XilinxBoardStore/boards/Xilinx/vmk180_newl/production/1.0/board.xml as part xcvm1802-vsva2197-2mp-e-s specified in board_part file is either invalid or not available
WARNING: [Board 49-26] cannot add Board Part xilinx.com:vmk180_newl:part0:1.1 available at F:/Xilinx/Vitis/Vivado/2023.1/data/xhub/boards/XilinxBoardStore/boards/Xilinx/vmk180_newl/production/1.1/board.xml as part xcvm1802-vsva2197-2mp-e-s specified in board_part file is either invalid or not available
WARNING: [Board 49-26] cannot add Board Part xilinx.com:vpk120:part0:1.0 available at F:/Xilinx/Vitis/Vivado/2023.1/data/xhub/boards/XilinxBoardStore/boards/Xilinx/vpk120/production/1.0/board.xml as part xcvp1202-vsva2785-2mp-e-s specified in board_part file is either invalid or not available
WARNING: [Board 49-26] cannot add Board Part xilinx.com:vpk120:part0:1.1 available at F:/Xilinx/Vitis/Vivado/2023.1/data/xhub/boards/XilinxBoardStore/boards/Xilinx/vpk120/production/1.1/board.xml as part xcvp1202-vsva2785-2mp-e-s specified in board_part file is either invalid or not available
WARNING: [Board 49-26] cannot add Board Part xilinx.com:vpk120_es:part0:1.2 available at F:/Xilinx/Vitis/Vivado/2023.1/data/xhub/boards/XilinxBoardStore/boards/Xilinx/vpk120/es/1.2/board.xml as part xcvp1202-vsva2785-2mp-e-s-es1 specified in board_part file is either invalid or not available
WARNING: [Board 49-26] cannot add Board Part xilinx.com:vpk120_es:part0:1.3 available at F:/Xilinx/Vitis/Vivado/2023.1/data/xhub/boards/XilinxBoardStore/boards/Xilinx/vpk120/es/1.3/board.xml as part xcvp1202-vsva2785-2mp-e-s-es1 specified in board_part file is either invalid or not available
WARNING: [Board 49-26] cannot add Board Part xilinx.com:vpk120_es_revb:part0:1.0 available at F:/Xilinx/Vitis/Vivado/2023.1/data/xhub/boards/XilinxBoardStore/boards/Xilinx/vpk120_revb/es/1.0/board.xml as part xcvp1202-vsva2785-2mp-e-s-es1 specified in board_part file is either invalid or not available
WARNING: [Board 49-26] cannot add Board Part xilinx.com:vpk120_es_revb:part0:1.1 available at F:/Xilinx/Vitis/Vivado/2023.1/data/xhub/boards/XilinxBoardStore/boards/Xilinx/vpk120_revb/es/1.1/board.xml as part xcvp1202-vsva2785-2mp-e-s-es1 specified in board_part file is either invalid or not available
WARNING: [Board 49-26] cannot add Board Part xilinx.com:vpk180:part0:1.0 available at F:/Xilinx/Vitis/Vivado/2023.1/data/xhub/boards/XilinxBoardStore/boards/Xilinx/vpk180/production/1.0/board.xml as part xcvp1802-lsvc4072-2mp-e-s specified in board_part file is either invalid or not available
WARNING: [Board 49-26] cannot add Board Part xilinx.com:vpk180:part0:1.1 available at F:/Xilinx/Vitis/Vivado/2023.1/data/xhub/boards/XilinxBoardStore/boards/Xilinx/vpk180/production/1.1/board.xml as part xcvp1802-lsvc4072-2mp-e-s specified in board_part file is either invalid or not available
WARNING: [Board 49-26] cannot add Board Part xilinx.com:vpk180_es:part0:1.0 available at F:/Xilinx/Vitis/Vivado/2023.1/data/xhub/boards/XilinxBoardStore/boards/Xilinx/vpk180/es/1.0/board.xml as part xcvp1802-lsvc4072-2mp-e-s-es1 specified in board_part file is either invalid or not available
WARNING: [Board 49-26] cannot add Board Part xilinx.com:vpk180_es:part0:1.1 available at F:/Xilinx/Vitis/Vivado/2023.1/data/xhub/boards/XilinxBoardStore/boards/Xilinx/vpk180/es/1.1/board.xml as part xcvp1802-lsvc4072-2mp-e-s-es1 specified in board_part file is either invalid or not available
WARNING: [Board 49-26] cannot add Board Part xilinx.com:zcu208ld:part0:2.0 available at F:/Xilinx/Vitis/Vivado/2023.1/data/xhub/boards/XilinxBoardStore/boards/Xilinx/zcu208ld/production/2.0/board.xml as part xczu58dr-fsvg1517-2-i specified in board_part file is either invalid or not available
WARNING: [Board 49-26] cannot add Board Part xilinx.com:zcu216ld:part0:2.0 available at F:/Xilinx/Vitis/Vivado/2023.1/data/xhub/boards/XilinxBoardStore/boards/Xilinx/zcu216ld/production/2.0/board.xml as part xczu59dr-ffvf1760-2-i specified in board_part file is either invalid or not available
WARNING: [Board 49-26] cannot add Board Part xilinx.com:zcu670:part0:2.0 available at F:/Xilinx/Vitis/Vivado/2023.1/data/xhub/boards/XilinxBoardStore/boards/Xilinx/zcu670/2.0/board.xml as part xczu67dr-fsve1156-2-i specified in board_part file is either invalid or not available
WARNING: [Board 49-26] cannot add Board Part xilinx.com:zcu670ld:part0:1.0 available at F:/Xilinx/Vitis/Vivado/2023.1/data/xhub/boards/XilinxBoardStore/boards/Xilinx/zcu670ld/1.0/board.xml as part xczu57dr-fsve1156-2-i specified in board_part file is either invalid or not available
INFO: [IP_Flow 19-234] Refreshing IP repositories
INFO: [IP_Flow 19-1700] Loaded user IP repository 'f:/Education/FPGA_Labs/Labs_2/lab4/fir/solution1/impl/ip'.
INFO: [IP_Flow 19-1700] Loaded user IP repository 'f:/Education/FPGA_Labs/Labs_2/lab4/ip_repo'.
INFO: [IP_Flow 19-1700] Loaded user IP repository 'f:/Education/FPGA_Labs/Labs_2/xup_high_level_synthesis_design_flow-main/source/lab4'.
INFO: [IP_Flow 19-2313] Loaded Vivado IP repository 'F:/Xilinx/Vitis/Vivado/2023.1/data/ip'.
open_project: Time (s): cpu = 00:00:17 ; elapsed = 00:00:10 . Memory (MB): peak = 1929.672 ; gain = 415.141
update_compile_order -fileset sources_1
set_property  ip_repo_paths  {f:/Education/FPGA_Labs/Labs_2/lab4/fir/solution1/impl/ip f:/Education/FPGA_Labs/Labs_2/xup_high_level_synthesis_design_flow-main/source/lab4} [current_project]
update_ip_catalog
INFO: [IP_Flow 19-234] Refreshing IP repositories
INFO: [IP_Flow 19-1700] Loaded user IP repository 'f:/Education/FPGA_Labs/Labs_2/lab4/fir/solution1/impl/ip'.
INFO: [IP_Flow 19-1700] Loaded user IP repository 'f:/Education/FPGA_Labs/Labs_2/xup_high_level_synthesis_design_flow-main/source/lab4'.
set_property  ip_repo_paths  f:/Education/FPGA_Labs/Labs_2/lab4/fir/solution1/impl/ip [current_project]
update_ip_catalog
INFO: [IP_Flow 19-234] Refreshing IP repositories
INFO: [IP_Flow 19-1700] Loaded user IP repository 'f:/Education/FPGA_Labs/Labs_2/lab4/fir/solution1/impl/ip'.
update_ip_catalog -rebuild
INFO: [IP_Flow 19-234] Refreshing IP repositories
INFO: [IP_Flow 19-1700] Loaded user IP repository 'f:/Education/FPGA_Labs/Labs_2/lab4/fir/solution1/impl/ip'.
set_property  ip_repo_paths  {f:/Education/FPGA_Labs/Labs_2/lab4/fir/solution1/impl/ip F:/Education/FPGA_Labs/Labs_2/lab4/audio_codec_ctrl_v1.0} [current_project]
update_ip_catalog
INFO: [IP_Flow 19-234] Refreshing IP repositories
INFO: [IP_Flow 19-1700] Loaded user IP repository 'f:/Education/FPGA_Labs/Labs_2/lab4/fir/solution1/impl/ip'.
INFO: [IP_Flow 19-1700] Loaded user IP repository 'f:/Education/FPGA_Labs/Labs_2/lab4/audio_codec_ctrl_v1.0'.
open_bd_design {F:/Education/FPGA_Labs/Labs_2/lab4/audio_new/audio_new.srcs/sources_1/bd/design_1/design_1.bd}
Reading block design file <F:/Education/FPGA_Labs/Labs_2/lab4/audio_new/audio_new.srcs/sources_1/bd/design_1/design_1.bd>...
Adding component instance block -- xilinx.com:ip:processing_system7:5.5 - processing_system7_0
Adding component instance block -- xilinx.com:ip:axi_gpio:2.0 - axi_gpio_0
Adding component instance block -- xilinx.com:ip:axi_interconnect:2.1 - ps7_0_axi_periph
Adding component instance block -- xilinx.com:ip:axi_protocol_converter:2.1 - auto_pc
Adding component instance block -- xilinx.com:ip:proc_sys_reset:5.0 - rst_ps7_0_100M
Successfully read diagram <design_1> from block design file <F:/Education/FPGA_Labs/Labs_2/lab4/audio_new/audio_new.srcs/sources_1/bd/design_1/design_1.bd>
open_bd_design: Time (s): cpu = 00:00:05 ; elapsed = 00:00:06 . Memory (MB): peak = 2056.523 ; gain = 54.164
startgroup
create_bd_cell -type ip -vlnv xilinx.com:user:audio_codec_ctrl:1.0 audio_codec_ctrl_0
endgroup
set_property location {1 78 83} [get_bd_cells audio_codec_ctrl_0]
apply_bd_automation -rule xilinx.com:bd_rule:axi4 -config { Clk_master {/processing_system7_0/FCLK_CLK0 (100 MHz)} Clk_slave {Auto} Clk_xbar {/processing_system7_0/FCLK_CLK0 (100 MHz)} Master {/processing_system7_0/M_AXI_GP0} Slave {/audio_codec_ctrl_0/S_AXI} ddr_seg {Auto} intc_ip {/ps7_0_axi_periph} master_apm {0}}  [get_bd_intf_pins audio_codec_ctrl_0/S_AXI]
Slave segment '/audio_codec_ctrl_0/S_AXI/reg0' is being assigned into address space '/processing_system7_0/Data' at <0x43C0_0000 [ 64K ]>.
regenerate_bd_layout
validate_bd_design
CRITICAL WARNING: [BD 41-759] The input pins (listed below) are either not connected or do not have a source port, and they don't have a tie-off specified. These pins are tied-off to all 0's to avoid error in Implementation flow.
Please check your design and connect them as needed: 
/audio_codec_ctrl_0/sdata_i

set_property name GPIO [get_bd_intf_nets axi_gpio_0_GPIO]
GPIO
set_property name GPIO [get_bd_intf_ports gpio_rtl]
set_property name GPIO2 [get_bd_intf_ports gpio_rtl_0]
regenerate_bd_layout
validate_bd_design
CRITICAL WARNING: [BD 41-759] The input pins (listed below) are either not connected or do not have a source port, and they don't have a tie-off specified. These pins are tied-off to all 0's to avoid error in Implementation flow.
Please check your design and connect them as needed: 
/audio_codec_ctrl_0/sdata_i

startgroup
make_bd_pins_external  [get_bd_pins audio_codec_ctrl_0/bclk]
endgroup
startgroup
make_bd_pins_external  [get_bd_pins audio_codec_ctrl_0/lrclk]
endgroup
startgroup
make_bd_pins_external  [get_bd_pins audio_codec_ctrl_0/sdata_o]
endgroup
startgroup
make_bd_pins_external  [get_bd_pins audio_codec_ctrl_0/codec_address]
endgroup
set_property name LRCLK [get_bd_ports lrclk_0]
set_property name BCLK [get_bd_ports bclk_0]
set_property name SDATA_O [get_bd_ports sdata_o_0]
validate_bd_design
CRITICAL WARNING: [BD 41-759] The input pins (listed below) are either not connected or do not have a source port, and they don't have a tie-off specified. These pins are tied-off to all 0's to avoid error in Implementation flow.
Please check your design and connect them as needed: 
/audio_codec_ctrl_0/sdata_i

startgroup
make_bd_pins_external  [get_bd_pins audio_codec_ctrl_0/sdata_i]
endgroup
set_property name SDATA_I [get_bd_ports sdata_i_0]
regenerate_bd_layout
validate_bd_design
startgroup
make_bd_pins_external  [get_bd_pins processing_system7_0/FCLK_CLK1]
endgroup
set_property name FCLK_CLK1 [get_bd_ports FCLK_CLK1_0]
CRITICAL WARNING: [PSU-1]  Parameter : PCW_UIPARAM_DDR_DQS_TO_CLK_DELAY_0 has negative value -0.073 . PS DDR interfaces might fail when entering negative DQS skew values. 
CRITICAL WARNING: [PSU-2]  Parameter : PCW_UIPARAM_DDR_DQS_TO_CLK_DELAY_1 has negative value -0.034 . PS DDR interfaces might fail when entering negative DQS skew values. 
CRITICAL WARNING: [PSU-3]  Parameter : PCW_UIPARAM_DDR_DQS_TO_CLK_DELAY_2 has negative value -0.03 . PS DDR interfaces might fail when entering negative DQS skew values. 
CRITICAL WARNING: [PSU-4]  Parameter : PCW_UIPARAM_DDR_DQS_TO_CLK_DELAY_3 has negative value -0.082 . PS DDR interfaces might fail when entering negative DQS skew values. 
CRITICAL WARNING: [PSU-1]  Parameter : PCW_UIPARAM_DDR_DQS_TO_CLK_DELAY_0 has negative value -0.073 . PS DDR interfaces might fail when entering negative DQS skew values. 
CRITICAL WARNING: [PSU-2]  Parameter : PCW_UIPARAM_DDR_DQS_TO_CLK_DELAY_1 has negative value -0.034 . PS DDR interfaces might fail when entering negative DQS skew values. 
CRITICAL WARNING: [PSU-3]  Parameter : PCW_UIPARAM_DDR_DQS_TO_CLK_DELAY_2 has negative value -0.03 . PS DDR interfaces might fail when entering negative DQS skew values. 
CRITICAL WARNING: [PSU-4]  Parameter : PCW_UIPARAM_DDR_DQS_TO_CLK_DELAY_3 has negative value -0.082 . PS DDR interfaces might fail when entering negative DQS skew values. 
WARNING: [IP_Flow 19-474] Invalid Parameter 'Component_Name'
CRITICAL WARNING: [PSU-1]  Parameter : PCW_UIPARAM_DDR_DQS_TO_CLK_DELAY_0 has negative value -0.073 . PS DDR interfaces might fail when entering negative DQS skew values. 
CRITICAL WARNING: [PSU-2]  Parameter : PCW_UIPARAM_DDR_DQS_TO_CLK_DELAY_1 has negative value -0.034 . PS DDR interfaces might fail when entering negative DQS skew values. 
CRITICAL WARNING: [PSU-3]  Parameter : PCW_UIPARAM_DDR_DQS_TO_CLK_DELAY_2 has negative value -0.03 . PS DDR interfaces might fail when entering negative DQS skew values. 
CRITICAL WARNING: [PSU-4]  Parameter : PCW_UIPARAM_DDR_DQS_TO_CLK_DELAY_3 has negative value -0.082 . PS DDR interfaces might fail when entering negative DQS skew values. 
CRITICAL WARNING: [PSU-1]  Parameter : PCW_UIPARAM_DDR_DQS_TO_CLK_DELAY_0 has negative value -0.073 . PS DDR interfaces might fail when entering negative DQS skew values. 
CRITICAL WARNING: [PSU-2]  Parameter : PCW_UIPARAM_DDR_DQS_TO_CLK_DELAY_1 has negative value -0.034 . PS DDR interfaces might fail when entering negative DQS skew values. 
CRITICAL WARNING: [PSU-3]  Parameter : PCW_UIPARAM_DDR_DQS_TO_CLK_DELAY_2 has negative value -0.03 . PS DDR interfaces might fail when entering negative DQS skew values. 
CRITICAL WARNING: [PSU-4]  Parameter : PCW_UIPARAM_DDR_DQS_TO_CLK_DELAY_3 has negative value -0.082 . PS DDR interfaces might fail when entering negative DQS skew values. 
CRITICAL WARNING: [PSU-1]  Parameter : PCW_UIPARAM_DDR_DQS_TO_CLK_DELAY_0 has negative value -0.073 . PS DDR interfaces might fail when entering negative DQS skew values. 
CRITICAL WARNING: [PSU-2]  Parameter : PCW_UIPARAM_DDR_DQS_TO_CLK_DELAY_1 has negative value -0.034 . PS DDR interfaces might fail when entering negative DQS skew values. 
CRITICAL WARNING: [PSU-3]  Parameter : PCW_UIPARAM_DDR_DQS_TO_CLK_DELAY_2 has negative value -0.03 . PS DDR interfaces might fail when entering negative DQS skew values. 
CRITICAL WARNING: [PSU-4]  Parameter : PCW_UIPARAM_DDR_DQS_TO_CLK_DELAY_3 has negative value -0.082 . PS DDR interfaces might fail when entering negative DQS skew values. 
CRITICAL WARNING: [PSU-1]  Parameter : PCW_UIPARAM_DDR_DQS_TO_CLK_DELAY_0 has negative value -0.073 . PS DDR interfaces might fail when entering negative DQS skew values. 
CRITICAL WARNING: [PSU-2]  Parameter : PCW_UIPARAM_DDR_DQS_TO_CLK_DELAY_1 has negative value -0.034 . PS DDR interfaces might fail when entering negative DQS skew values. 
CRITICAL WARNING: [PSU-3]  Parameter : PCW_UIPARAM_DDR_DQS_TO_CLK_DELAY_2 has negative value -0.03 . PS DDR interfaces might fail when entering negative DQS skew values. 
CRITICAL WARNING: [PSU-4]  Parameter : PCW_UIPARAM_DDR_DQS_TO_CLK_DELAY_3 has negative value -0.082 . PS DDR interfaces might fail when entering negative DQS skew values. 
CRITICAL WARNING: [PSU-1]  Parameter : PCW_UIPARAM_DDR_DQS_TO_CLK_DELAY_0 has negative value -0.073 . PS DDR interfaces might fail when entering negative DQS skew values. 
CRITICAL WARNING: [PSU-2]  Parameter : PCW_UIPARAM_DDR_DQS_TO_CLK_DELAY_1 has negative value -0.034 . PS DDR interfaces might fail when entering negative DQS skew values. 
CRITICAL WARNING: [PSU-3]  Parameter : PCW_UIPARAM_DDR_DQS_TO_CLK_DELAY_2 has negative value -0.03 . PS DDR interfaces might fail when entering negative DQS skew values. 
CRITICAL WARNING: [PSU-4]  Parameter : PCW_UIPARAM_DDR_DQS_TO_CLK_DELAY_3 has negative value -0.082 . PS DDR interfaces might fail when entering negative DQS skew values. 
CRITICAL WARNING: [PSU-1]  Parameter : PCW_UIPARAM_DDR_DQS_TO_CLK_DELAY_0 has negative value -0.073 . PS DDR interfaces might fail when entering negative DQS skew values. 
CRITICAL WARNING: [PSU-2]  Parameter : PCW_UIPARAM_DDR_DQS_TO_CLK_DELAY_1 has negative value -0.034 . PS DDR interfaces might fail when entering negative DQS skew values. 
CRITICAL WARNING: [PSU-3]  Parameter : PCW_UIPARAM_DDR_DQS_TO_CLK_DELAY_2 has negative value -0.03 . PS DDR interfaces might fail when entering negative DQS skew values. 
CRITICAL WARNING: [PSU-4]  Parameter : PCW_UIPARAM_DDR_DQS_TO_CLK_DELAY_3 has negative value -0.082 . PS DDR interfaces might fail when entering negative DQS skew values. 
startgroup
set_property -dict [list \
  CONFIG.PCW_ENET0_PERIPHERAL_ENABLE {0} \
  CONFIG.PCW_GPIO_MIO_GPIO_ENABLE {0} \
  CONFIG.PCW_I2C1_PERIPHERAL_ENABLE {1} \
  CONFIG.PCW_QSPI_GRP_SINGLE_SS_ENABLE {1} \
  CONFIG.PCW_SD0_PERIPHERAL_ENABLE {0} \
  CONFIG.PCW_USB0_PERIPHERAL_ENABLE {0} \
] [get_bd_cells processing_system7_0]
CRITICAL WARNING: [PSU-1]  Parameter : PCW_UIPARAM_DDR_DQS_TO_CLK_DELAY_0 has negative value -0.073 . PS DDR interfaces might fail when entering negative DQS skew values. 
CRITICAL WARNING: [PSU-2]  Parameter : PCW_UIPARAM_DDR_DQS_TO_CLK_DELAY_1 has negative value -0.034 . PS DDR interfaces might fail when entering negative DQS skew values. 
CRITICAL WARNING: [PSU-3]  Parameter : PCW_UIPARAM_DDR_DQS_TO_CLK_DELAY_2 has negative value -0.03 . PS DDR interfaces might fail when entering negative DQS skew values. 
CRITICAL WARNING: [PSU-4]  Parameter : PCW_UIPARAM_DDR_DQS_TO_CLK_DELAY_3 has negative value -0.082 . PS DDR interfaces might fail when entering negative DQS skew values. 
endgroup
regenerate_bd_layout
validate_bd_design
startgroup
make_bd_intf_pins_external  [get_bd_intf_pins processing_system7_0/IIC_1]
endgroup
CRITICAL WARNING: [PSU-1]  Parameter : PCW_UIPARAM_DDR_DQS_TO_CLK_DELAY_0 has negative value -0.073 . PS DDR interfaces might fail when entering negative DQS skew values. 
CRITICAL WARNING: [PSU-2]  Parameter : PCW_UIPARAM_DDR_DQS_TO_CLK_DELAY_1 has negative value -0.034 . PS DDR interfaces might fail when entering negative DQS skew values. 
CRITICAL WARNING: [PSU-3]  Parameter : PCW_UIPARAM_DDR_DQS_TO_CLK_DELAY_2 has negative value -0.03 . PS DDR interfaces might fail when entering negative DQS skew values. 
CRITICAL WARNING: [PSU-4]  Parameter : PCW_UIPARAM_DDR_DQS_TO_CLK_DELAY_3 has negative value -0.082 . PS DDR interfaces might fail when entering negative DQS skew values. 
WARNING: [IP_Flow 19-474] Invalid Parameter 'Component_Name'
CRITICAL WARNING: [PSU-1]  Parameter : PCW_UIPARAM_DDR_DQS_TO_CLK_DELAY_0 has negative value -0.073 . PS DDR interfaces might fail when entering negative DQS skew values. 
CRITICAL WARNING: [PSU-2]  Parameter : PCW_UIPARAM_DDR_DQS_TO_CLK_DELAY_1 has negative value -0.034 . PS DDR interfaces might fail when entering negative DQS skew values. 
CRITICAL WARNING: [PSU-3]  Parameter : PCW_UIPARAM_DDR_DQS_TO_CLK_DELAY_2 has negative value -0.03 . PS DDR interfaces might fail when entering negative DQS skew values. 
CRITICAL WARNING: [PSU-4]  Parameter : PCW_UIPARAM_DDR_DQS_TO_CLK_DELAY_3 has negative value -0.082 . PS DDR interfaces might fail when entering negative DQS skew values. 
CRITICAL WARNING: [PSU-1]  Parameter : PCW_UIPARAM_DDR_DQS_TO_CLK_DELAY_0 has negative value -0.073 . PS DDR interfaces might fail when entering negative DQS skew values. 
CRITICAL WARNING: [PSU-2]  Parameter : PCW_UIPARAM_DDR_DQS_TO_CLK_DELAY_1 has negative value -0.034 . PS DDR interfaces might fail when entering negative DQS skew values. 
CRITICAL WARNING: [PSU-3]  Parameter : PCW_UIPARAM_DDR_DQS_TO_CLK_DELAY_2 has negative value -0.03 . PS DDR interfaces might fail when entering negative DQS skew values. 
CRITICAL WARNING: [PSU-4]  Parameter : PCW_UIPARAM_DDR_DQS_TO_CLK_DELAY_3 has negative value -0.082 . PS DDR interfaces might fail when entering negative DQS skew values. 
startgroup
set_property -dict [list \
  CONFIG.PCW_QSPI_GRP_SINGLE_SS_ENABLE {1} \
  CONFIG.PCW_TTC0_PERIPHERAL_ENABLE {0} \
] [get_bd_cells processing_system7_0]
CRITICAL WARNING: [PSU-1]  Parameter : PCW_UIPARAM_DDR_DQS_TO_CLK_DELAY_0 has negative value -0.073 . PS DDR interfaces might fail when entering negative DQS skew values. 
CRITICAL WARNING: [PSU-2]  Parameter : PCW_UIPARAM_DDR_DQS_TO_CLK_DELAY_1 has negative value -0.034 . PS DDR interfaces might fail when entering negative DQS skew values. 
CRITICAL WARNING: [PSU-3]  Parameter : PCW_UIPARAM_DDR_DQS_TO_CLK_DELAY_2 has negative value -0.03 . PS DDR interfaces might fail when entering negative DQS skew values. 
CRITICAL WARNING: [PSU-4]  Parameter : PCW_UIPARAM_DDR_DQS_TO_CLK_DELAY_3 has negative value -0.082 . PS DDR interfaces might fail when entering negative DQS skew values. 
endgroup
regenerate_bd_layout
validate_bd_design
save_bd_design
Wrote  : <F:\Education\FPGA_Labs\Labs_2\lab4\audio_new\audio_new.srcs\sources_1\bd\design_1\design_1.bd> 
Wrote  : <F:/Education/FPGA_Labs/Labs_2/lab4/audio_new/audio_new.srcs/sources_1/bd/design_1/ui/bd_1f5defd0.ui> 
startgroup
create_bd_cell -type ip -vlnv xilinx.com:hls:fir:1.0 fir_0
endgroup
apply_bd_automation -rule xilinx.com:bd_rule:axi4 -config { Clk_master {/processing_system7_0/FCLK_CLK0 (100 MHz)} Clk_slave {Auto} Clk_xbar {/processing_system7_0/FCLK_CLK0 (100 MHz)} Master {/processing_system7_0/M_AXI_GP0} Slave {/fir_0/s_axi_fir_io} ddr_seg {Auto} intc_ip {/ps7_0_axi_periph} master_apm {0}}  [get_bd_intf_pins fir_0/s_axi_fir_io]
Slave segment '/fir_0/s_axi_fir_io/Reg' is being assigned into address space '/processing_system7_0/Data' at <0x4000_0000 [ 64K ]>.
undo
INFO: [Common 17-17] undo 'apply_bd_automation -rule xilinx.com:bd_rule:axi4 -config { Clk_master {/processing_system7_0/FCLK_CLK0 (100 MHz)} Clk_slave {Auto} Clk_xbar {/processing_system7_0/FCLK_CLK0 (100 MHz)} Master {/processing_system7_0/M_AXI_GP0} Slave {/fir_0/s_axi_fir_io} ddr_seg {Auto} intc_ip {/ps7_0_axi_periph} master_apm {0}}  [get_bd_intf_pins fir_0/s_axi_fir_io]'
apply_bd_automation -rule xilinx.com:bd_rule:axi4 -config { Clk_master {/processing_system7_0/FCLK_CLK0 (100 MHz)} Clk_slave {Auto} Clk_xbar {/processing_system7_0/FCLK_CLK0 (100 MHz)} Master {/processing_system7_0/M_AXI_GP0} Slave {/fir_0/s_axi_fir_io} ddr_seg {Auto} intc_ip {/ps7_0_axi_periph} master_apm {0}}  [get_bd_intf_pins fir_0/s_axi_fir_io]
Slave segment '/fir_0/s_axi_fir_io/Reg' is being assigned into address space '/processing_system7_0/Data' at <0x4000_0000 [ 64K ]>.
startgroup
create_bd_cell -type ip -vlnv xilinx.com:hls:fir:1.0 fir_1
endgroup
apply_bd_automation -rule xilinx.com:bd_rule:axi4 -config { Clk_master {/processing_system7_0/FCLK_CLK0 (100 MHz)} Clk_slave {Auto} Clk_xbar {/processing_system7_0/FCLK_CLK0 (100 MHz)} Master {/processing_system7_0/M_AXI_GP0} Slave {/fir_1/s_axi_fir_io} ddr_seg {Auto} intc_ip {/ps7_0_axi_periph} master_apm {0}}  [get_bd_intf_pins fir_1/s_axi_fir_io]
Slave segment '/fir_1/s_axi_fir_io/Reg' is being assigned into address space '/processing_system7_0/Data' at <0x4001_0000 [ 64K ]>.
regenerate_bd_layout
validate_bd_design
CRITICAL WARNING: [PSU-1]  Parameter : PCW_UIPARAM_DDR_DQS_TO_CLK_DELAY_0 has negative value -0.073 . PS DDR interfaces might fail when entering negative DQS skew values. 
CRITICAL WARNING: [PSU-2]  Parameter : PCW_UIPARAM_DDR_DQS_TO_CLK_DELAY_1 has negative value -0.034 . PS DDR interfaces might fail when entering negative DQS skew values. 
CRITICAL WARNING: [PSU-3]  Parameter : PCW_UIPARAM_DDR_DQS_TO_CLK_DELAY_2 has negative value -0.03 . PS DDR interfaces might fail when entering negative DQS skew values. 
CRITICAL WARNING: [PSU-4]  Parameter : PCW_UIPARAM_DDR_DQS_TO_CLK_DELAY_3 has negative value -0.082 . PS DDR interfaces might fail when entering negative DQS skew values. 
WARNING: [IP_Flow 19-474] Invalid Parameter 'Component_Name'
startgroup
set_property -dict [list \
  CONFIG.PCW_IRQ_F2P_INTR {1} \
  CONFIG.PCW_USE_FABRIC_INTERRUPT {1} \
] [get_bd_cells processing_system7_0]
endgroup
startgroup
create_bd_cell -type ip -vlnv xilinx.com:ip:xlconcat:2.1 xlconcat_0
endgroup
validate_bd_design
regenerate_bd_layout
set_property location {2 543 140} [get_bd_cells xlconcat_0]
startgroup
connect_bd_net [get_bd_pins xlconcat_0/dout] [get_bd_pins processing_system7_0/IRQ_F2P]
endgroup
set_property location {2 543 129} [get_bd_cells xlconcat_0]
connect_bd_net [get_bd_pins xlconcat_0/In0] [get_bd_pins fir_0/interrupt]
connect_bd_net [get_bd_pins xlconcat_0/In1] [get_bd_pins fir_1/interrupt]
regenerate_bd_layout
validate_bd_design
make_wrapper -files [get_files F:/Education/FPGA_Labs/Labs_2/lab4/audio_new/audio_new.srcs/sources_1/bd/design_1/design_1.bd] -top
INFO: [BD 41-1662] The design 'design_1.bd' is already validated. Therefore parameter propagation will not be re-run.
Wrote  : <F:\Education\FPGA_Labs\Labs_2\lab4\audio_new\audio_new.srcs\sources_1\bd\design_1\design_1.bd> 
Wrote  : <F:/Education/FPGA_Labs/Labs_2/lab4/audio_new/audio_new.srcs/sources_1/bd/design_1/ui/bd_1f5defd0.ui> 
Verilog Output written to : f:/Education/FPGA_Labs/Labs_2/lab4/audio_new/audio_new.gen/sources_1/bd/design_1/synth/design_1.v
Verilog Output written to : f:/Education/FPGA_Labs/Labs_2/lab4/audio_new/audio_new.gen/sources_1/bd/design_1/sim/design_1.v
Verilog Output written to : f:/Education/FPGA_Labs/Labs_2/lab4/audio_new/audio_new.gen/sources_1/bd/design_1/hdl/design_1_wrapper.v
make_wrapper: Time (s): cpu = 00:00:03 ; elapsed = 00:00:09 . Memory (MB): peak = 2480.211 ; gain = 182.500
add_files -norecurse f:/Education/FPGA_Labs/Labs_2/lab4/audio_new/audio_new.gen/sources_1/bd/design_1/hdl/design_1_wrapper.v
add_files -fileset constrs_1 -norecurse F:/Education/FPGA_Labs/Labs_2/lab4/cnstr/zedboard.xdc
report_ip_status -name ip_status 
add_files -fileset constrs_1 -norecurse F:/Education/FPGA_Labs/Labs_2/xup_high_level_synthesis_design_flow-main/source/lab4/pynq_z2_audio_constraints.xdc
export_ip_user_files -of_objects  [get_files F:/Education/FPGA_Labs/Labs_2/lab4/cnstr/zedboard.xdc] -no_script -reset -force -quiet
remove_files  -fileset constrs_1 F:/Education/FPGA_Labs/Labs_2/lab4/cnstr/zedboard.xdc
export_ip_user_files -of_objects  [get_files F:/Education/FPGA_Labs/Labs_2/xup_high_level_synthesis_design_flow-main/source/lab4/pynq_z2_audio_constraints.xdc] -no_script -reset -force -quiet
remove_files  -fileset constrs_1 F:/Education/FPGA_Labs/Labs_2/xup_high_level_synthesis_design_flow-main/source/lab4/pynq_z2_audio_constraints.xdc
add_files -fileset constrs_1 -norecurse F:/Education/FPGA_Labs/Labs_2/lab4/cnstr/zedboard.xdc
set_property name BCLK_O [get_bd_ports BCLK]
save_bd_design
Wrote  : <F:\Education\FPGA_Labs\Labs_2\lab4\audio_new\audio_new.srcs\sources_1\bd\design_1\design_1.bd> 
Wrote  : <F:/Education/FPGA_Labs/Labs_2/lab4/audio_new/audio_new.srcs/sources_1/bd/design_1/ui/bd_1f5defd0.ui> 
set_property name LRCLK_O [get_bd_ports LRCLK]
save_bd_design
Wrote  : <F:\Education\FPGA_Labs\Labs_2\lab4\audio_new\audio_new.srcs\sources_1\bd\design_1\design_1.bd> 
Wrote  : <F:/Education/FPGA_Labs/Labs_2/lab4/audio_new/audio_new.srcs/sources_1/bd/design_1/ui/bd_1f5defd0.ui> 
delete_bd_objs [get_bd_nets audio_codec_ctrl_0_codec_address] [get_bd_ports codec_address_0]
regenerate_bd_layout
validate_bd_design
save_bd_design
Wrote  : <F:\Education\FPGA_Labs\Labs_2\lab4\audio_new\audio_new.srcs\sources_1\bd\design_1\design_1.bd> 
Wrote  : <F:/Education/FPGA_Labs/Labs_2/lab4/audio_new/audio_new.srcs/sources_1/bd/design_1/ui/bd_1f5defd0.ui> 
launch_runs impl_1 -to_step write_bitstream -jobs 12
INFO: [BD 41-1662] The design 'design_1.bd' is already validated. Therefore parameter propagation will not be re-run.
Verilog Output written to : f:/Education/FPGA_Labs/Labs_2/lab4/audio_new/audio_new.gen/sources_1/bd/design_1/synth/design_1.v
Verilog Output written to : f:/Education/FPGA_Labs/Labs_2/lab4/audio_new/audio_new.gen/sources_1/bd/design_1/sim/design_1.v
Verilog Output written to : f:/Education/FPGA_Labs/Labs_2/lab4/audio_new/audio_new.gen/sources_1/bd/design_1/hdl/design_1_wrapper.v
INFO: [IP_Flow 19-5611] Unable to find an associated reset port for the interface 'M_AXI_GP0'. A default connection has been created.
INFO: [BD 41-1029] Generation completed for the IP Integrator block processing_system7_0 .
INFO: [BD 41-1029] Generation completed for the IP Integrator block axi_gpio_0 .
INFO: [BD 41-1029] Generation completed for the IP Integrator block rst_ps7_0_100M .
INFO: [BD 41-1029] Generation completed for the IP Integrator block ps7_0_axi_periph/xbar .
INFO: [BD 41-1029] Generation completed for the IP Integrator block audio_codec_ctrl_0 .
INFO: [BD 41-1029] Generation completed for the IP Integrator block fir_0 .
INFO: [BD 41-1029] Generation completed for the IP Integrator block fir_1 .
INFO: [BD 41-1029] Generation completed for the IP Integrator block xlconcat_0 .
WARNING: [IP_Flow 19-4994] Overwriting existing constraint file 'f:/Education/FPGA_Labs/Labs_2/lab4/audio_new/audio_new.gen/sources_1/bd/design_1/ip/design_1_auto_pc_0/design_1_auto_pc_0_ooc.xdc'
INFO: [BD 41-1029] Generation completed for the IP Integrator block ps7_0_axi_periph/s00_couplers/auto_pc .
Exporting to file f:/Education/FPGA_Labs/Labs_2/lab4/audio_new/audio_new.gen/sources_1/bd/design_1/hw_handoff/design_1.hwh
Generated Hardware Definition File f:/Education/FPGA_Labs/Labs_2/lab4/audio_new/audio_new.gen/sources_1/bd/design_1/synth/design_1.hwdef
INFO: [IP_Flow 19-6930] IPCACHE: runCacheChecks() number of threads = 8
INFO: [IP_Flow 19-6921] IPCACHE: Adding cache check func to thread queue for IP design_1_audio_codec_ctrl_0_0
INFO: [IP_Flow 19-6921] IPCACHE: Adding cache check func to thread queue for IP design_1_auto_pc_0
INFO: [IP_Flow 19-6921] IPCACHE: Adding cache check func to thread queue for IP design_1_axi_gpio_0_0
INFO: [IP_Flow 19-6921] IPCACHE: Adding cache check func to thread queue for IP design_1_fir_0_0
INFO: [IP_Flow 19-6921] IPCACHE: Adding cache check func to thread queue for IP design_1_fir_1_0
INFO: [IP_Flow 19-6921] IPCACHE: Adding cache check func to thread queue for IP design_1_rst_ps7_0_100M_0
INFO: [IP_Flow 19-6921] IPCACHE: Adding cache check func to thread queue for IP design_1_xbar_0
INFO: [IP_Flow 19-8020] IPCACHE: runCacheChecks() calling threadPool finishWork()
INFO: [IP_Flow 19-6924] IPCACHE: Running cache check for IP inst: design_1_audio_codec_ctrl_0_0
INFO: [IP_Flow 19-6924] IPCACHE: Running cache check for IP inst: design_1_auto_pc_0
INFO: [IP_Flow 19-6924] IPCACHE: Running cache check for IP inst: design_1_axi_gpio_0_0
INFO: [IP_Flow 19-6924] IPCACHE: Running cache check for IP inst: design_1_fir_0_0
INFO: [IP_Flow 19-6924] IPCACHE: Running cache check for IP inst: design_1_fir_1_0
INFO: [IP_Flow 19-6924] IPCACHE: Running cache check for IP inst: design_1_rst_ps7_0_100M_0
INFO: [IP_Flow 19-6924] IPCACHE: Running cache check for IP inst: design_1_xbar_0
[Sun Dec  1 17:10:51 2024] Launched design_1_rst_ps7_0_100M_0_synth_1, design_1_processing_system7_0_0_synth_1, design_1_axi_gpio_0_0_synth_1, design_1_audio_codec_ctrl_0_0_synth_1, design_1_xbar_0_synth_1, design_1_fir_0_0_synth_1, design_1_fir_1_0_synth_1, design_1_auto_pc_0_synth_1, synth_1...
Run output will be captured here:
design_1_rst_ps7_0_100M_0_synth_1: F:/Education/FPGA_Labs/Labs_2/lab4/audio_new/audio_new.runs/design_1_rst_ps7_0_100M_0_synth_1/runme.log
design_1_processing_system7_0_0_synth_1: F:/Education/FPGA_Labs/Labs_2/lab4/audio_new/audio_new.runs/design_1_processing_system7_0_0_synth_1/runme.log
design_1_axi_gpio_0_0_synth_1: F:/Education/FPGA_Labs/Labs_2/lab4/audio_new/audio_new.runs/design_1_axi_gpio_0_0_synth_1/runme.log
design_1_audio_codec_ctrl_0_0_synth_1: F:/Education/FPGA_Labs/Labs_2/lab4/audio_new/audio_new.runs/design_1_audio_codec_ctrl_0_0_synth_1/runme.log
design_1_xbar_0_synth_1: F:/Education/FPGA_Labs/Labs_2/lab4/audio_new/audio_new.runs/design_1_xbar_0_synth_1/runme.log
design_1_fir_0_0_synth_1: F:/Education/FPGA_Labs/Labs_2/lab4/audio_new/audio_new.runs/design_1_fir_0_0_synth_1/runme.log
design_1_fir_1_0_synth_1: F:/Education/FPGA_Labs/Labs_2/lab4/audio_new/audio_new.runs/design_1_fir_1_0_synth_1/runme.log
design_1_auto_pc_0_synth_1: F:/Education/FPGA_Labs/Labs_2/lab4/audio_new/audio_new.runs/design_1_auto_pc_0_synth_1/runme.log
synth_1: F:/Education/FPGA_Labs/Labs_2/lab4/audio_new/audio_new.runs/synth_1/runme.log
[Sun Dec  1 17:10:51 2024] Launched impl_1...
Run output will be captured here: F:/Education/FPGA_Labs/Labs_2/lab4/audio_new/audio_new.runs/impl_1/runme.log
launch_runs: Time (s): cpu = 00:00:16 ; elapsed = 00:00:25 . Memory (MB): peak = 2599.520 ; gain = 94.500
set_property name IIC_1 [get_bd_intf_ports IIC_1_0]
save_bd_design
Wrote  : <F:\Education\FPGA_Labs\Labs_2\lab4\audio_new\audio_new.srcs\sources_1\bd\design_1\design_1.bd> 
Wrote  : <F:/Education/FPGA_Labs/Labs_2/lab4/audio_new/audio_new.srcs/sources_1/bd/design_1/ui/bd_1f5defd0.ui> 
reset_run synth_1
INFO: [Project 1-1160] Copying file F:/Education/FPGA_Labs/Labs_2/lab4/audio_new/audio_new.runs/synth_1/design_1_wrapper.dcp to F:/Education/FPGA_Labs/Labs_2/lab4/audio_new/audio_new.srcs/utils_1/imports/synth_1 and adding it to utils fileset
launch_runs impl_1 -to_step write_bitstream -jobs 12
Wrote  : <F:\Education\FPGA_Labs\Labs_2\lab4\audio_new\audio_new.srcs\sources_1\bd\design_1\design_1.bd> 
Verilog Output written to : f:/Education/FPGA_Labs/Labs_2/lab4/audio_new/audio_new.gen/sources_1/bd/design_1/synth/design_1.v
Verilog Output written to : f:/Education/FPGA_Labs/Labs_2/lab4/audio_new/audio_new.gen/sources_1/bd/design_1/sim/design_1.v
Verilog Output written to : f:/Education/FPGA_Labs/Labs_2/lab4/audio_new/audio_new.gen/sources_1/bd/design_1/hdl/design_1_wrapper.v
WARNING: [IP_Flow 19-4994] Overwriting existing constraint file 'f:/Education/FPGA_Labs/Labs_2/lab4/audio_new/audio_new.gen/sources_1/bd/design_1/ip/design_1_auto_pc_0/design_1_auto_pc_0_ooc.xdc'
INFO: [BD 41-1029] Generation completed for the IP Integrator block ps7_0_axi_periph/s00_couplers/auto_pc .
Exporting to file f:/Education/FPGA_Labs/Labs_2/lab4/audio_new/audio_new.gen/sources_1/bd/design_1/hw_handoff/design_1.hwh
Generated Hardware Definition File f:/Education/FPGA_Labs/Labs_2/lab4/audio_new/audio_new.gen/sources_1/bd/design_1/synth/design_1.hwdef
INFO: [IP_Flow 19-6924] IPCACHE: Running cache check for IP inst: design_1_auto_pc_0
INFO: [IP_Flow 19-6922] IPCACHE: Exporting cached entry d8e790861119c502 to dir: f:/Education/FPGA_Labs/Labs_2/lab4/audio_new/audio_new.gen/sources_1/bd/design_1/ip/design_1_auto_pc_0
INFO: [IP_Flow 19-6928] IPCACHE: copied cached file f:/Education/FPGA_Labs/Labs_2/lab4/audio_new/audio_new.cache/ip/2023.1/d/8/d8e790861119c502/design_1_auto_pc_0.dcp to f:/Education/FPGA_Labs/Labs_2/lab4/audio_new/audio_new.gen/sources_1/bd/design_1/ip/design_1_auto_pc_0/design_1_auto_pc_0.dcp.
INFO: [IP_Flow 19-6926] IPCACHE: added file to list for BOM: f:/Education/FPGA_Labs/Labs_2/lab4/audio_new/audio_new.gen/sources_1/bd/design_1/ip/design_1_auto_pc_0/design_1_auto_pc_0.dcp
INFO: [IP_Flow 19-6928] IPCACHE: copied cached file f:/Education/FPGA_Labs/Labs_2/lab4/audio_new/audio_new.cache/ip/2023.1/d/8/d8e790861119c502/design_1_auto_pc_0_sim_netlist.v to f:/Education/FPGA_Labs/Labs_2/lab4/audio_new/audio_new.gen/sources_1/bd/design_1/ip/design_1_auto_pc_0/design_1_auto_pc_0_sim_netlist.v.
INFO: [IP_Flow 19-6926] IPCACHE: added file to list for BOM: f:/Education/FPGA_Labs/Labs_2/lab4/audio_new/audio_new.gen/sources_1/bd/design_1/ip/design_1_auto_pc_0/design_1_auto_pc_0_sim_netlist.v
INFO: [IP_Flow 19-6928] IPCACHE: copied cached file f:/Education/FPGA_Labs/Labs_2/lab4/audio_new/audio_new.cache/ip/2023.1/d/8/d8e790861119c502/design_1_auto_pc_0_sim_netlist.vhdl to f:/Education/FPGA_Labs/Labs_2/lab4/audio_new/audio_new.gen/sources_1/bd/design_1/ip/design_1_auto_pc_0/design_1_auto_pc_0_sim_netlist.vhdl.
INFO: [IP_Flow 19-6926] IPCACHE: added file to list for BOM: f:/Education/FPGA_Labs/Labs_2/lab4/audio_new/audio_new.gen/sources_1/bd/design_1/ip/design_1_auto_pc_0/design_1_auto_pc_0_sim_netlist.vhdl
INFO: [IP_Flow 19-6928] IPCACHE: copied cached file f:/Education/FPGA_Labs/Labs_2/lab4/audio_new/audio_new.cache/ip/2023.1/d/8/d8e790861119c502/design_1_auto_pc_0_stub.v to f:/Education/FPGA_Labs/Labs_2/lab4/audio_new/audio_new.gen/sources_1/bd/design_1/ip/design_1_auto_pc_0/design_1_auto_pc_0_stub.v.
INFO: [IP_Flow 19-6926] IPCACHE: added file to list for BOM: f:/Education/FPGA_Labs/Labs_2/lab4/audio_new/audio_new.gen/sources_1/bd/design_1/ip/design_1_auto_pc_0/design_1_auto_pc_0_stub.v
INFO: [IP_Flow 19-6928] IPCACHE: copied cached file f:/Education/FPGA_Labs/Labs_2/lab4/audio_new/audio_new.cache/ip/2023.1/d/8/d8e790861119c502/design_1_auto_pc_0_stub.vhdl to f:/Education/FPGA_Labs/Labs_2/lab4/audio_new/audio_new.gen/sources_1/bd/design_1/ip/design_1_auto_pc_0/design_1_auto_pc_0_stub.vhdl.
INFO: [IP_Flow 19-6926] IPCACHE: added file to list for BOM: f:/Education/FPGA_Labs/Labs_2/lab4/audio_new/audio_new.gen/sources_1/bd/design_1/ip/design_1_auto_pc_0/design_1_auto_pc_0_stub.vhdl
INFO: [IP_Flow 19-4993] Using cached IP synthesis design for IP design_1_auto_pc_0, cache-ID = d8e790861119c502; cache size = 2.878 MB.
[Sun Dec  1 19:05:24 2024] Launched synth_1...
Run output will be captured here: F:/Education/FPGA_Labs/Labs_2/lab4/audio_new/audio_new.runs/synth_1/runme.log
[Sun Dec  1 19:05:24 2024] Launched impl_1...
Run output will be captured here: F:/Education/FPGA_Labs/Labs_2/lab4/audio_new/audio_new.runs/impl_1/runme.log
launch_runs: Time (s): cpu = 00:00:10 ; elapsed = 00:00:10 . Memory (MB): peak = 2616.641 ; gain = 0.000
set_property name BCLK [get_bd_ports BCLK_O]
set_property name LRCLK [get_bd_ports LRCLK_O]
save_bd_design
Wrote  : <F:\Education\FPGA_Labs\Labs_2\lab4\audio_new\audio_new.srcs\sources_1\bd\design_1\design_1.bd> 
Wrote  : <F:/Education/FPGA_Labs/Labs_2/lab4/audio_new/audio_new.srcs/sources_1/bd/design_1/ui/bd_1f5defd0.ui> 
reset_run synth_1
INFO: [Project 1-1161] Replacing file F:/Education/FPGA_Labs/Labs_2/lab4/audio_new/audio_new.srcs/utils_1/imports/synth_1/design_1_wrapper.dcp with file F:/Education/FPGA_Labs/Labs_2/lab4/audio_new/audio_new.runs/synth_1/design_1_wrapper.dcp
launch_runs impl_1 -to_step write_bitstream -jobs 12
Wrote  : <F:\Education\FPGA_Labs\Labs_2\lab4\audio_new\audio_new.srcs\sources_1\bd\design_1\design_1.bd> 
Verilog Output written to : f:/Education/FPGA_Labs/Labs_2/lab4/audio_new/audio_new.gen/sources_1/bd/design_1/synth/design_1.v
Verilog Output written to : f:/Education/FPGA_Labs/Labs_2/lab4/audio_new/audio_new.gen/sources_1/bd/design_1/sim/design_1.v
Verilog Output written to : f:/Education/FPGA_Labs/Labs_2/lab4/audio_new/audio_new.gen/sources_1/bd/design_1/hdl/design_1_wrapper.v
WARNING: [IP_Flow 19-4994] Overwriting existing constraint file 'f:/Education/FPGA_Labs/Labs_2/lab4/audio_new/audio_new.gen/sources_1/bd/design_1/ip/design_1_auto_pc_0/design_1_auto_pc_0_ooc.xdc'
INFO: [BD 41-1029] Generation completed for the IP Integrator block ps7_0_axi_periph/s00_couplers/auto_pc .
Exporting to file f:/Education/FPGA_Labs/Labs_2/lab4/audio_new/audio_new.gen/sources_1/bd/design_1/hw_handoff/design_1.hwh
Generated Hardware Definition File f:/Education/FPGA_Labs/Labs_2/lab4/audio_new/audio_new.gen/sources_1/bd/design_1/synth/design_1.hwdef
INFO: [IP_Flow 19-6924] IPCACHE: Running cache check for IP inst: design_1_auto_pc_0
INFO: [IP_Flow 19-6922] IPCACHE: Exporting cached entry d8e790861119c502 to dir: f:/Education/FPGA_Labs/Labs_2/lab4/audio_new/audio_new.gen/sources_1/bd/design_1/ip/design_1_auto_pc_0
INFO: [IP_Flow 19-6928] IPCACHE: copied cached file f:/Education/FPGA_Labs/Labs_2/lab4/audio_new/audio_new.cache/ip/2023.1/d/8/d8e790861119c502/design_1_auto_pc_0.dcp to f:/Education/FPGA_Labs/Labs_2/lab4/audio_new/audio_new.gen/sources_1/bd/design_1/ip/design_1_auto_pc_0/design_1_auto_pc_0.dcp.
INFO: [IP_Flow 19-6926] IPCACHE: added file to list for BOM: f:/Education/FPGA_Labs/Labs_2/lab4/audio_new/audio_new.gen/sources_1/bd/design_1/ip/design_1_auto_pc_0/design_1_auto_pc_0.dcp
INFO: [IP_Flow 19-6928] IPCACHE: copied cached file f:/Education/FPGA_Labs/Labs_2/lab4/audio_new/audio_new.cache/ip/2023.1/d/8/d8e790861119c502/design_1_auto_pc_0_sim_netlist.v to f:/Education/FPGA_Labs/Labs_2/lab4/audio_new/audio_new.gen/sources_1/bd/design_1/ip/design_1_auto_pc_0/design_1_auto_pc_0_sim_netlist.v.
INFO: [IP_Flow 19-6926] IPCACHE: added file to list for BOM: f:/Education/FPGA_Labs/Labs_2/lab4/audio_new/audio_new.gen/sources_1/bd/design_1/ip/design_1_auto_pc_0/design_1_auto_pc_0_sim_netlist.v
INFO: [IP_Flow 19-6928] IPCACHE: copied cached file f:/Education/FPGA_Labs/Labs_2/lab4/audio_new/audio_new.cache/ip/2023.1/d/8/d8e790861119c502/design_1_auto_pc_0_sim_netlist.vhdl to f:/Education/FPGA_Labs/Labs_2/lab4/audio_new/audio_new.gen/sources_1/bd/design_1/ip/design_1_auto_pc_0/design_1_auto_pc_0_sim_netlist.vhdl.
INFO: [IP_Flow 19-6926] IPCACHE: added file to list for BOM: f:/Education/FPGA_Labs/Labs_2/lab4/audio_new/audio_new.gen/sources_1/bd/design_1/ip/design_1_auto_pc_0/design_1_auto_pc_0_sim_netlist.vhdl
INFO: [IP_Flow 19-6928] IPCACHE: copied cached file f:/Education/FPGA_Labs/Labs_2/lab4/audio_new/audio_new.cache/ip/2023.1/d/8/d8e790861119c502/design_1_auto_pc_0_stub.v to f:/Education/FPGA_Labs/Labs_2/lab4/audio_new/audio_new.gen/sources_1/bd/design_1/ip/design_1_auto_pc_0/design_1_auto_pc_0_stub.v.
INFO: [IP_Flow 19-6926] IPCACHE: added file to list for BOM: f:/Education/FPGA_Labs/Labs_2/lab4/audio_new/audio_new.gen/sources_1/bd/design_1/ip/design_1_auto_pc_0/design_1_auto_pc_0_stub.v
INFO: [IP_Flow 19-6928] IPCACHE: copied cached file f:/Education/FPGA_Labs/Labs_2/lab4/audio_new/audio_new.cache/ip/2023.1/d/8/d8e790861119c502/design_1_auto_pc_0_stub.vhdl to f:/Education/FPGA_Labs/Labs_2/lab4/audio_new/audio_new.gen/sources_1/bd/design_1/ip/design_1_auto_pc_0/design_1_auto_pc_0_stub.vhdl.
INFO: [IP_Flow 19-6926] IPCACHE: added file to list for BOM: f:/Education/FPGA_Labs/Labs_2/lab4/audio_new/audio_new.gen/sources_1/bd/design_1/ip/design_1_auto_pc_0/design_1_auto_pc_0_stub.vhdl
INFO: [IP_Flow 19-4993] Using cached IP synthesis design for IP design_1_auto_pc_0, cache-ID = d8e790861119c502; cache size = 2.878 MB.
[Sun Dec  1 19:09:53 2024] Launched synth_1...
Run output will be captured here: F:/Education/FPGA_Labs/Labs_2/lab4/audio_new/audio_new.runs/synth_1/runme.log
[Sun Dec  1 19:09:53 2024] Launched impl_1...
Run output will be captured here: F:/Education/FPGA_Labs/Labs_2/lab4/audio_new/audio_new.runs/impl_1/runme.log
launch_runs: Time (s): cpu = 00:00:09 ; elapsed = 00:00:11 . Memory (MB): peak = 2646.551 ; gain = 29.910
startgroup
set_property CONFIG.C_ALL_INPUTS_2 {1} [get_bd_cells axi_gpio_0]
endgroup
save_bd_design
Wrote  : <F:\Education\FPGA_Labs\Labs_2\lab4\audio_new\audio_new.srcs\sources_1\bd\design_1\design_1.bd> 
Wrote  : <F:/Education/FPGA_Labs/Labs_2/lab4/audio_new/audio_new.srcs/sources_1/bd/design_1/ui/bd_1f5defd0.ui> 
regenerate_bd_layout
validate_bd_design
save_bd_design
Wrote  : <F:\Education\FPGA_Labs\Labs_2\lab4\audio_new\audio_new.srcs\sources_1\bd\design_1\design_1.bd> 
Wrote  : <F:/Education/FPGA_Labs/Labs_2/lab4/audio_new/audio_new.srcs/sources_1/bd/design_1/ui/bd_1f5defd0.ui> 
reset_run synth_1
INFO: [Project 1-1161] Replacing file F:/Education/FPGA_Labs/Labs_2/lab4/audio_new/audio_new.srcs/utils_1/imports/synth_1/design_1_wrapper.dcp with file F:/Education/FPGA_Labs/Labs_2/lab4/audio_new/audio_new.runs/synth_1/design_1_wrapper.dcp
reset_run design_1_axi_gpio_0_0_synth_1
launch_runs impl_1 -to_step write_bitstream -jobs 12
INFO: [BD 41-1662] The design 'design_1.bd' is already validated. Therefore parameter propagation will not be re-run.
Verilog Output written to : f:/Education/FPGA_Labs/Labs_2/lab4/audio_new/audio_new.gen/sources_1/bd/design_1/synth/design_1.v
Verilog Output written to : f:/Education/FPGA_Labs/Labs_2/lab4/audio_new/audio_new.gen/sources_1/bd/design_1/sim/design_1.v
Verilog Output written to : f:/Education/FPGA_Labs/Labs_2/lab4/audio_new/audio_new.gen/sources_1/bd/design_1/hdl/design_1_wrapper.v
INFO: [BD 41-1029] Generation completed for the IP Integrator block axi_gpio_0 .
WARNING: [IP_Flow 19-4994] Overwriting existing constraint file 'f:/Education/FPGA_Labs/Labs_2/lab4/audio_new/audio_new.gen/sources_1/bd/design_1/ip/design_1_auto_pc_0/design_1_auto_pc_0_ooc.xdc'
INFO: [BD 41-1029] Generation completed for the IP Integrator block ps7_0_axi_periph/s00_couplers/auto_pc .
Exporting to file f:/Education/FPGA_Labs/Labs_2/lab4/audio_new/audio_new.gen/sources_1/bd/design_1/hw_handoff/design_1.hwh
Generated Hardware Definition File f:/Education/FPGA_Labs/Labs_2/lab4/audio_new/audio_new.gen/sources_1/bd/design_1/synth/design_1.hwdef
INFO: [IP_Flow 19-6930] IPCACHE: runCacheChecks() number of threads = 8
INFO: [IP_Flow 19-6921] IPCACHE: Adding cache check func to thread queue for IP design_1_auto_pc_0
INFO: [IP_Flow 19-6921] IPCACHE: Adding cache check func to thread queue for IP design_1_axi_gpio_0_0
INFO: [IP_Flow 19-8020] IPCACHE: runCacheChecks() calling threadPool finishWork()
INFO: [IP_Flow 19-6924] IPCACHE: Running cache check for IP inst: design_1_auto_pc_0
INFO: [IP_Flow 19-6922] IPCACHE: Exporting cached entry d8e790861119c502 to dir: f:/Education/FPGA_Labs/Labs_2/lab4/audio_new/audio_new.gen/sources_1/bd/design_1/ip/design_1_auto_pc_0
INFO: [IP_Flow 19-6928] IPCACHE: copied cached file f:/Education/FPGA_Labs/Labs_2/lab4/audio_new/audio_new.cache/ip/2023.1/d/8/d8e790861119c502/design_1_auto_pc_0.dcp to f:/Education/FPGA_Labs/Labs_2/lab4/audio_new/audio_new.gen/sources_1/bd/design_1/ip/design_1_auto_pc_0/design_1_auto_pc_0.dcp.
INFO: [IP_Flow 19-6926] IPCACHE: added file to list for BOM: f:/Education/FPGA_Labs/Labs_2/lab4/audio_new/audio_new.gen/sources_1/bd/design_1/ip/design_1_auto_pc_0/design_1_auto_pc_0.dcp
INFO: [IP_Flow 19-6928] IPCACHE: copied cached file f:/Education/FPGA_Labs/Labs_2/lab4/audio_new/audio_new.cache/ip/2023.1/d/8/d8e790861119c502/design_1_auto_pc_0_sim_netlist.v to f:/Education/FPGA_Labs/Labs_2/lab4/audio_new/audio_new.gen/sources_1/bd/design_1/ip/design_1_auto_pc_0/design_1_auto_pc_0_sim_netlist.v.
INFO: [IP_Flow 19-6926] IPCACHE: added file to list for BOM: f:/Education/FPGA_Labs/Labs_2/lab4/audio_new/audio_new.gen/sources_1/bd/design_1/ip/design_1_auto_pc_0/design_1_auto_pc_0_sim_netlist.v
INFO: [IP_Flow 19-6928] IPCACHE: copied cached file f:/Education/FPGA_Labs/Labs_2/lab4/audio_new/audio_new.cache/ip/2023.1/d/8/d8e790861119c502/design_1_auto_pc_0_sim_netlist.vhdl to f:/Education/FPGA_Labs/Labs_2/lab4/audio_new/audio_new.gen/sources_1/bd/design_1/ip/design_1_auto_pc_0/design_1_auto_pc_0_sim_netlist.vhdl.
INFO: [IP_Flow 19-6926] IPCACHE: added file to list for BOM: f:/Education/FPGA_Labs/Labs_2/lab4/audio_new/audio_new.gen/sources_1/bd/design_1/ip/design_1_auto_pc_0/design_1_auto_pc_0_sim_netlist.vhdl
INFO: [IP_Flow 19-6928] IPCACHE: copied cached file f:/Education/FPGA_Labs/Labs_2/lab4/audio_new/audio_new.cache/ip/2023.1/d/8/d8e790861119c502/design_1_auto_pc_0_stub.v to f:/Education/FPGA_Labs/Labs_2/lab4/audio_new/audio_new.gen/sources_1/bd/design_1/ip/design_1_auto_pc_0/design_1_auto_pc_0_stub.v.
INFO: [IP_Flow 19-6926] IPCACHE: added file to list for BOM: f:/Education/FPGA_Labs/Labs_2/lab4/audio_new/audio_new.gen/sources_1/bd/design_1/ip/design_1_auto_pc_0/design_1_auto_pc_0_stub.v
INFO: [IP_Flow 19-6928] IPCACHE: copied cached file f:/Education/FPGA_Labs/Labs_2/lab4/audio_new/audio_new.cache/ip/2023.1/d/8/d8e790861119c502/design_1_auto_pc_0_stub.vhdl to f:/Education/FPGA_Labs/Labs_2/lab4/audio_new/audio_new.gen/sources_1/bd/design_1/ip/design_1_auto_pc_0/design_1_auto_pc_0_stub.vhdl.
INFO: [IP_Flow 19-6926] IPCACHE: added file to list for BOM: f:/Education/FPGA_Labs/Labs_2/lab4/audio_new/audio_new.gen/sources_1/bd/design_1/ip/design_1_auto_pc_0/design_1_auto_pc_0_stub.vhdl
INFO: [IP_Flow 19-4993] Using cached IP synthesis design for IP design_1_auto_pc_0, cache-ID = d8e790861119c502; cache size = 2.878 MB.
INFO: [IP_Flow 19-6924] IPCACHE: Running cache check for IP inst: design_1_axi_gpio_0_0
[Sun Dec  1 19:27:42 2024] Launched design_1_axi_gpio_0_0_synth_1, synth_1...
Run output will be captured here:
design_1_axi_gpio_0_0_synth_1: F:/Education/FPGA_Labs/Labs_2/lab4/audio_new/audio_new.runs/design_1_axi_gpio_0_0_synth_1/runme.log
synth_1: F:/Education/FPGA_Labs/Labs_2/lab4/audio_new/audio_new.runs/synth_1/runme.log
[Sun Dec  1 19:27:42 2024] Launched impl_1...
Run output will be captured here: F:/Education/FPGA_Labs/Labs_2/lab4/audio_new/audio_new.runs/impl_1/runme.log
launch_runs: Time (s): cpu = 00:00:03 ; elapsed = 00:00:06 . Memory (MB): peak = 2670.961 ; gain = 24.059
write_hw_platform -fixed -include_bit -force -file F:/Education/FPGA_Labs/Labs_2/lab4/audio_new/design_1_wrapper.xsa
INFO: [Project 1-1918] Creating Hardware Platform: F:/Education/FPGA_Labs/Labs_2/lab4/audio_new/design_1_wrapper.xsa ...
INFO: [Project 1-1943] The Hardware Platform can be used for Hardware
INFO: [Project 1-1941] Successfully created Hardware Platform: F:/Education/FPGA_Labs/Labs_2/lab4/audio_new/design_1_wrapper.xsa
INFO: [Hsi 55-2053] elapsed time for repository (F:/Xilinx/Vitis/Vivado/2023.1/data/embeddedsw) loading 3 seconds
write_hw_platform: Time (s): cpu = 00:00:03 ; elapsed = 00:00:07 . Memory (MB): peak = 2837.379 ; gain = 166.344
INFO: [Vivado 12-8231] Launching Vitis
INFO: [Vivado 12-417] Running vitis
INFO: [Vivado 12-8232] Vitis launch initiated. Please check console for any further messages.
INFO: [Vivado 12-8231] Launching Vitis
INFO: [Vivado 12-417] Running vitis
INFO: [Vivado 12-8232] Vitis launch initiated. Please check console for any further messages.
exit
INFO: [Common 17-206] Exiting Vivado at Sun Dec  1 23:18:21 2024...
