
*** Running vivado
    with args -log design_1_wrapper.vdi -applog -m64 -product Vivado -messageDb vivado.pb -mode batch -source design_1_wrapper.tcl -notrace



****** Vivado v2023.1 (64-bit)
  **** SW Build 3865809 on Sun May  7 15:05:29 MDT 2023
  **** IP Build 3864474 on Sun May  7 20:36:21 MDT 2023
  **** SharedData Build 3865790 on Sun May 07 13:33:03 MDT 2023
    ** Copyright 1986-2022 Xilinx, Inc. All Rights Reserved.
    ** Copyright 2022-2023 Advanced Micro Devices, Inc. All Rights Reserved.

source design_1_wrapper.tcl -notrace
create_project: Time (s): cpu = 00:00:05 ; elapsed = 00:00:05 . Memory (MB): peak = 910.758 ; gain = 159.180
INFO: [IP_Flow 19-234] Refreshing IP repositories
INFO: [IP_Flow 19-1700] Loaded user IP repository 'f:/Education/FPGA_Labs/Labs_2/lab4/audio_codec_ctrl_v1.0'.
INFO: [IP_Flow 19-1700] Loaded user IP repository 'f:/Education/FPGA_Labs/Labs_2/lab4/fir/iz_solution1/impl'.
INFO: [IP_Flow 19-2313] Loaded Vivado IP repository 'F:/Xilinx/Vitis/Vivado/2023.1/data/ip'.
Command: link_design -top design_1_wrapper -part xc7z020clg484-1
Design is defaulting to srcset: sources_1
Design is defaulting to constrset: constrs_1
INFO: [Device 21-403] Loading part xc7z020clg484-1
INFO: [Project 1-454] Reading design checkpoint 'f:/Education/FPGA_Labs/Labs_2/lab4/audio_new/audio_new.gen/sources_1/bd/design_1/ip/design_1_audio_codec_ctrl_0_0/design_1_audio_codec_ctrl_0_0.dcp' for cell 'design_1_i/audio_codec_ctrl_0'
INFO: [Project 1-454] Reading design checkpoint 'f:/Education/FPGA_Labs/Labs_2/lab4/audio_new/audio_new.gen/sources_1/bd/design_1/ip/design_1_axi_gpio_0_0/design_1_axi_gpio_0_0.dcp' for cell 'design_1_i/axi_gpio_0'
INFO: [Project 1-454] Reading design checkpoint 'f:/Education/FPGA_Labs/Labs_2/lab4/audio_new/audio_new.gen/sources_1/bd/design_1/ip/design_1_fir_0_4/design_1_fir_0_4.dcp' for cell 'design_1_i/fir_0'
INFO: [Project 1-454] Reading design checkpoint 'f:/Education/FPGA_Labs/Labs_2/lab4/audio_new/audio_new.gen/sources_1/bd/design_1/ip/design_1_fir_1_2/design_1_fir_1_2.dcp' for cell 'design_1_i/fir_1'
INFO: [Project 1-454] Reading design checkpoint 'f:/Education/FPGA_Labs/Labs_2/lab4/audio_new/audio_new.gen/sources_1/bd/design_1/ip/design_1_processing_system7_0_0/design_1_processing_system7_0_0.dcp' for cell 'design_1_i/processing_system7_0'
INFO: [Project 1-454] Reading design checkpoint 'f:/Education/FPGA_Labs/Labs_2/lab4/audio_new/audio_new.gen/sources_1/bd/design_1/ip/design_1_rst_ps7_0_100M_0/design_1_rst_ps7_0_100M_0.dcp' for cell 'design_1_i/rst_ps7_0_100M'
INFO: [Project 1-454] Reading design checkpoint 'f:/Education/FPGA_Labs/Labs_2/lab4/audio_new/audio_new.gen/sources_1/bd/design_1/ip/design_1_xbar_0/design_1_xbar_0.dcp' for cell 'design_1_i/ps7_0_axi_periph/xbar'
INFO: [Project 1-454] Reading design checkpoint 'f:/Education/FPGA_Labs/Labs_2/lab4/audio_new/audio_new.gen/sources_1/bd/design_1/ip/design_1_auto_pc_0/design_1_auto_pc_0.dcp' for cell 'design_1_i/ps7_0_axi_periph/s00_couplers/auto_pc'
Netlist sorting complete. Time (s): cpu = 00:00:00 ; elapsed = 00:00:00.093 . Memory (MB): peak = 1392.441 ; gain = 0.000
INFO: [Netlist 29-17] Analyzing 30 Unisim elements for replacement
INFO: [Netlist 29-28] Unisim Transformation completed in 0 CPU seconds
INFO: [Project 1-479] Netlist was created with Vivado 2023.1
INFO: [Project 1-570] Preparing netlist for logic optimization
Parsing XDC File [f:/Education/FPGA_Labs/Labs_2/lab4/audio_new/audio_new.gen/sources_1/bd/design_1/ip/design_1_processing_system7_0_0/design_1_processing_system7_0_0.xdc] for cell 'design_1_i/processing_system7_0/inst'
Finished Parsing XDC File [f:/Education/FPGA_Labs/Labs_2/lab4/audio_new/audio_new.gen/sources_1/bd/design_1/ip/design_1_processing_system7_0_0/design_1_processing_system7_0_0.xdc] for cell 'design_1_i/processing_system7_0/inst'
Parsing XDC File [f:/Education/FPGA_Labs/Labs_2/lab4/audio_new/audio_new.gen/sources_1/bd/design_1/ip/design_1_axi_gpio_0_0/design_1_axi_gpio_0_0_board.xdc] for cell 'design_1_i/axi_gpio_0/U0'
Finished Parsing XDC File [f:/Education/FPGA_Labs/Labs_2/lab4/audio_new/audio_new.gen/sources_1/bd/design_1/ip/design_1_axi_gpio_0_0/design_1_axi_gpio_0_0_board.xdc] for cell 'design_1_i/axi_gpio_0/U0'
Parsing XDC File [f:/Education/FPGA_Labs/Labs_2/lab4/audio_new/audio_new.gen/sources_1/bd/design_1/ip/design_1_axi_gpio_0_0/design_1_axi_gpio_0_0.xdc] for cell 'design_1_i/axi_gpio_0/U0'
Finished Parsing XDC File [f:/Education/FPGA_Labs/Labs_2/lab4/audio_new/audio_new.gen/sources_1/bd/design_1/ip/design_1_axi_gpio_0_0/design_1_axi_gpio_0_0.xdc] for cell 'design_1_i/axi_gpio_0/U0'
Parsing XDC File [f:/Education/FPGA_Labs/Labs_2/lab4/audio_new/audio_new.gen/sources_1/bd/design_1/ip/design_1_rst_ps7_0_100M_0/design_1_rst_ps7_0_100M_0_board.xdc] for cell 'design_1_i/rst_ps7_0_100M/U0'
Finished Parsing XDC File [f:/Education/FPGA_Labs/Labs_2/lab4/audio_new/audio_new.gen/sources_1/bd/design_1/ip/design_1_rst_ps7_0_100M_0/design_1_rst_ps7_0_100M_0_board.xdc] for cell 'design_1_i/rst_ps7_0_100M/U0'
Parsing XDC File [f:/Education/FPGA_Labs/Labs_2/lab4/audio_new/audio_new.gen/sources_1/bd/design_1/ip/design_1_rst_ps7_0_100M_0/design_1_rst_ps7_0_100M_0.xdc] for cell 'design_1_i/rst_ps7_0_100M/U0'
Finished Parsing XDC File [f:/Education/FPGA_Labs/Labs_2/lab4/audio_new/audio_new.gen/sources_1/bd/design_1/ip/design_1_rst_ps7_0_100M_0/design_1_rst_ps7_0_100M_0.xdc] for cell 'design_1_i/rst_ps7_0_100M/U0'
Parsing XDC File [F:/Education/FPGA_Labs/Labs_2/lab4/cnstr/zedboard.xdc]
WARNING: [Vivado 12-584] No ports matched 'switch_var_0'. [F:/Education/FPGA_Labs/Labs_2/lab4/cnstr/zedboard.xdc:69]
CRITICAL WARNING: [Common 17-55] 'set_property' expects at least one object. [F:/Education/FPGA_Labs/Labs_2/lab4/cnstr/zedboard.xdc:69]
Resolution: If [get_<value>] was used to populate the object, check to make sure this command returns at least one valid object.
Finished Parsing XDC File [F:/Education/FPGA_Labs/Labs_2/lab4/cnstr/zedboard.xdc]
INFO: [Opt 31-138] Pushed 0 inverter(s) to 0 load pin(s).
Netlist sorting complete. Time (s): cpu = 00:00:00 ; elapsed = 00:00:00.001 . Memory (MB): peak = 1554.609 ; gain = 0.000
INFO: [Project 1-111] Unisim Transformation Summary:
  A total of 4 instances were transformed.
  IOBUF => IOBUF (IBUF, OBUFT): 4 instances

19 Infos, 1 Warnings, 1 Critical Warnings and 0 Errors encountered.
link_design completed successfully
link_design: Time (s): cpu = 00:00:06 ; elapsed = 00:00:09 . Memory (MB): peak = 1554.609 ; gain = 590.988
Command: opt_design
Attempting to get a license for feature 'Implementation' and/or device 'xc7z020'
INFO: [Common 17-349] Got license for feature 'Implementation' and/or device 'xc7z020'
Running DRC as a precondition to command opt_design

Starting DRC Task
INFO: [DRC 23-27] Running DRC with 2 threads
INFO: [Project 1-461] DRC finished with 0 Errors
INFO: [Project 1-462] Please refer to the DRC report (report_drc) for more information.

Time (s): cpu = 00:00:01 ; elapsed = 00:00:00.738 . Memory (MB): peak = 1580.605 ; gain = 25.996

Starting Cache Timing Information Task
INFO: [Timing 38-35] Done setting XDC timing constraints.
Ending Cache Timing Information Task | Checksum: 121669f77

Time (s): cpu = 00:00:05 ; elapsed = 00:00:05 . Memory (MB): peak = 2085.891 ; gain = 505.285

Starting Logic Optimization Task

Phase 1 Retarget
INFO: [Opt 31-138] Pushed 0 inverter(s) to 0 load pin(s).
INFO: [Opt 31-49] Retargeted 0 cell(s).
Phase 1 Retarget | Checksum: 1e26c44d9

Time (s): cpu = 00:00:00 ; elapsed = 00:00:00.098 . Memory (MB): peak = 2427.883 ; gain = 0.000
INFO: [Opt 31-389] Phase Retarget created 33 cells and removed 61 cells
INFO: [Opt 31-1021] In phase Retarget, 4 netlist objects are constrained preventing optimization. Please run opt_design with -debug_log to get more detail. 

Phase 2 Constant propagation
INFO: [Opt 31-138] Pushed 0 inverter(s) to 0 load pin(s).
Phase 2 Constant propagation | Checksum: 19c974663

Time (s): cpu = 00:00:00 ; elapsed = 00:00:00.114 . Memory (MB): peak = 2427.883 ; gain = 0.000
INFO: [Opt 31-389] Phase Constant propagation created 4 cells and removed 8 cells

Phase 3 Sweep
Phase 3 Sweep | Checksum: 1726d26ce

Time (s): cpu = 00:00:00 ; elapsed = 00:00:00.215 . Memory (MB): peak = 2427.883 ; gain = 0.000
INFO: [Opt 31-389] Phase Sweep created 0 cells and removed 87 cells

Phase 4 BUFG optimization
Phase 4 BUFG optimization | Checksum: 1726d26ce

Time (s): cpu = 00:00:00 ; elapsed = 00:00:00.246 . Memory (MB): peak = 2427.883 ; gain = 0.000
INFO: [Opt 31-662] Phase BUFG optimization created 0 cells of which 0 are BUFGs and removed 0 cells.

Phase 5 Shift Register Optimization
INFO: [Opt 31-1064] SRL Remap converted 0 SRLs to 0 registers and converted 0 registers of register chains to 0 SRLs
Phase 5 Shift Register Optimization | Checksum: 85f98611

Time (s): cpu = 00:00:00 ; elapsed = 00:00:00.316 . Memory (MB): peak = 2427.883 ; gain = 0.000
INFO: [Opt 31-389] Phase Shift Register Optimization created 0 cells and removed 0 cells

Phase 6 Post Processing Netlist
Phase 6 Post Processing Netlist | Checksum: cf9a0f04

Time (s): cpu = 00:00:00 ; elapsed = 00:00:00.327 . Memory (MB): peak = 2427.883 ; gain = 0.000
INFO: [Opt 31-389] Phase Post Processing Netlist created 0 cells and removed 0 cells
Opt_design Change Summary
=========================


-------------------------------------------------------------------------------------------------------------------------
|  Phase                        |  #Cells created  |  #Cells Removed  |  #Constrained objects preventing optimizations  |
-------------------------------------------------------------------------------------------------------------------------
|  Retarget                     |              33  |              61  |                                              4  |
|  Constant propagation         |               4  |               8  |                                              0  |
|  Sweep                        |               0  |              87  |                                              0  |
|  BUFG optimization            |               0  |               0  |                                              0  |
|  Shift Register Optimization  |               0  |               0  |                                              0  |
|  Post Processing Netlist      |               0  |               0  |                                              0  |
-------------------------------------------------------------------------------------------------------------------------



Starting Connectivity Check Task

Time (s): cpu = 00:00:00 ; elapsed = 00:00:00.002 . Memory (MB): peak = 2427.883 ; gain = 0.000
Ending Logic Optimization Task | Checksum: f64e84a1

Time (s): cpu = 00:00:00 ; elapsed = 00:00:00.336 . Memory (MB): peak = 2427.883 ; gain = 0.000

Starting Power Optimization Task
INFO: [Pwropt 34-132] Skipping clock gating for clocks with a period < 2.00 ns.
INFO: [Pwropt 34-9] Applying IDT optimizations ...
INFO: [Pwropt 34-10] Applying ODC optimizations ...
INFO: [Timing 38-35] Done setting XDC timing constraints.
Running Vector-less Activity Propagation...

Finished Running Vector-less Activity Propagation


Starting PowerOpt Patch Enables Task
INFO: [Pwropt 34-162] WRITE_MODE attribute of 0 BRAM(s) out of a total of 2 has been updated to save power. Run report_power_opt to get a complete listing of the BRAMs updated.
INFO: [Pwropt 34-201] Structural ODC has moved 0 WE to EN ports
Number of BRAM Ports augmented: 0 newly gated: 0 Total Ports: 4
Ending PowerOpt Patch Enables Task | Checksum: f64e84a1

Time (s): cpu = 00:00:00 ; elapsed = 00:00:00.010 . Memory (MB): peak = 2527.133 ; gain = 0.000
Ending Power Optimization Task | Checksum: f64e84a1

Time (s): cpu = 00:00:02 ; elapsed = 00:00:00.600 . Memory (MB): peak = 2527.133 ; gain = 99.250

Starting Final Cleanup Task
Ending Final Cleanup Task | Checksum: f64e84a1

Time (s): cpu = 00:00:00 ; elapsed = 00:00:00.001 . Memory (MB): peak = 2527.133 ; gain = 0.000

Starting Netlist Obfuscation Task
Netlist sorting complete. Time (s): cpu = 00:00:00 ; elapsed = 00:00:00.001 . Memory (MB): peak = 2527.133 ; gain = 0.000
Ending Netlist Obfuscation Task | Checksum: f64e84a1

Time (s): cpu = 00:00:00 ; elapsed = 00:00:00.002 . Memory (MB): peak = 2527.133 ; gain = 0.000
INFO: [Common 17-83] Releasing license: Implementation
42 Infos, 1 Warnings, 1 Critical Warnings and 0 Errors encountered.
opt_design completed successfully
opt_design: Time (s): cpu = 00:00:10 ; elapsed = 00:00:09 . Memory (MB): peak = 2527.133 ; gain = 972.523
INFO: [runtcl-4] Executing : report_drc -file design_1_wrapper_drc_opted.rpt -pb design_1_wrapper_drc_opted.pb -rpx design_1_wrapper_drc_opted.rpx
Command: report_drc -file design_1_wrapper_drc_opted.rpt -pb design_1_wrapper_drc_opted.pb -rpx design_1_wrapper_drc_opted.rpx
INFO: [IP_Flow 19-1839] IP Catalog is up to date.
INFO: [DRC 23-27] Running DRC with 2 threads
INFO: [Vivado_Tcl 2-168] The results of DRC are in file F:/Education/FPGA_Labs/Labs_2/lab4/audio_new/audio_new.runs/impl_1/design_1_wrapper_drc_opted.rpt.
report_drc completed successfully
INFO: [Timing 38-480] Writing timing data to binary archive.
Writing XDEF routing.
Writing XDEF routing logical nets.
Writing XDEF routing special nets.
Write XDEF Complete: Time (s): cpu = 00:00:00 ; elapsed = 00:00:00.050 . Memory (MB): peak = 2527.133 ; gain = 0.000
INFO: [Common 17-1381] The checkpoint 'F:/Education/FPGA_Labs/Labs_2/lab4/audio_new/audio_new.runs/impl_1/design_1_wrapper_opt.dcp' has been generated.
Command: place_design
Attempting to get a license for feature 'Implementation' and/or device 'xc7z020'
INFO: [Common 17-349] Got license for feature 'Implementation' and/or device 'xc7z020'
INFO: [DRC 23-27] Running DRC with 2 threads
INFO: [Vivado_Tcl 4-198] DRC finished with 0 Errors
INFO: [Vivado_Tcl 4-199] Please refer to the DRC report (report_drc) for more information.
Running DRC as a precondition to command place_design
INFO: [DRC 23-27] Running DRC with 2 threads
INFO: [Vivado_Tcl 4-198] DRC finished with 0 Errors
INFO: [Vivado_Tcl 4-199] Please refer to the DRC report (report_drc) for more information.

Starting Placer Task
INFO: [Place 30-611] Multithreading enabled for place_design using a maximum of 2 CPUs

Phase 1 Placer Initialization

Phase 1.1 Placer Initialization Netlist Sorting
Netlist sorting complete. Time (s): cpu = 00:00:00 ; elapsed = 00:00:00.001 . Memory (MB): peak = 2527.133 ; gain = 0.000
Phase 1.1 Placer Initialization Netlist Sorting | Checksum: 76c05429

Time (s): cpu = 00:00:00 ; elapsed = 00:00:00.006 . Memory (MB): peak = 2527.133 ; gain = 0.000
Netlist sorting complete. Time (s): cpu = 00:00:00 ; elapsed = 00:00:00.001 . Memory (MB): peak = 2527.133 ; gain = 0.000

Phase 1.2 IO Placement/ Clock Placement/ Build Placer Device
INFO: [Timing 38-35] Done setting XDC timing constraints.
Phase 1.2 IO Placement/ Clock Placement/ Build Placer Device | Checksum: 10a09f829

Time (s): cpu = 00:00:00 ; elapsed = 00:00:00.446 . Memory (MB): peak = 2527.133 ; gain = 0.000

Phase 1.3 Build Placer Netlist Model
Phase 1.3 Build Placer Netlist Model | Checksum: 12218a6f4

Time (s): cpu = 00:00:01 ; elapsed = 00:00:00.753 . Memory (MB): peak = 2527.133 ; gain = 0.000

Phase 1.4 Constrain Clocks/Macros
Phase 1.4 Constrain Clocks/Macros | Checksum: 12218a6f4

Time (s): cpu = 00:00:01 ; elapsed = 00:00:00.757 . Memory (MB): peak = 2527.133 ; gain = 0.000
Phase 1 Placer Initialization | Checksum: 12218a6f4

Time (s): cpu = 00:00:01 ; elapsed = 00:00:00.763 . Memory (MB): peak = 2527.133 ; gain = 0.000

Phase 2 Global Placement

Phase 2.1 Floorplanning
Phase 2.1 Floorplanning | Checksum: e6c934ec

Time (s): cpu = 00:00:01 ; elapsed = 00:00:00.875 . Memory (MB): peak = 2527.133 ; gain = 0.000

Phase 2.2 Update Timing before SLR Path Opt
Phase 2.2 Update Timing before SLR Path Opt | Checksum: 11e3c9ba1

Time (s): cpu = 00:00:01 ; elapsed = 00:00:00.958 . Memory (MB): peak = 2527.133 ; gain = 0.000

Phase 2.3 Post-Processing in Floorplanning
Phase 2.3 Post-Processing in Floorplanning | Checksum: 11e3c9ba1

Time (s): cpu = 00:00:01 ; elapsed = 00:00:00.963 . Memory (MB): peak = 2527.133 ; gain = 0.000

Phase 2.4 Global Placement Core

Phase 2.4.1 UpdateTiming Before Physical Synthesis
Phase 2.4.1 UpdateTiming Before Physical Synthesis | Checksum: 1f52149fa

Time (s): cpu = 00:00:05 ; elapsed = 00:00:03 . Memory (MB): peak = 2527.133 ; gain = 0.000

Phase 2.4.2 Physical Synthesis In Placer
INFO: [Physopt 32-1035] Found 0 LUTNM shape to break, 234 LUT instances to create LUTNM shape
INFO: [Physopt 32-1044] Break lutnm for timing: one critical 0, two critical 0, total 0, new lutff created 0
INFO: [Physopt 32-1138] End 1 Pass. Optimized 107 nets or LUTs. Breaked 0 LUT, combined 107 existing LUTs and moved 0 existing LUT
INFO: [Physopt 32-65] No nets found for high-fanout optimization.
INFO: [Physopt 32-232] Optimized 0 net. Created 0 new instance.
INFO: [Physopt 32-775] End 1 Pass. Optimized 0 net or cell. Created 0 new cell, deleted 0 existing cell and moved 0 existing cell
INFO: [Physopt 32-670] No setup violation found.  DSP Register Optimization was not performed.
INFO: [Physopt 32-670] No setup violation found.  Shift Register to Pipeline Optimization was not performed.
INFO: [Physopt 32-670] No setup violation found.  Shift Register Optimization was not performed.
INFO: [Physopt 32-670] No setup violation found.  BRAM Register Optimization was not performed.
INFO: [Physopt 32-670] No setup violation found.  URAM Register Optimization was not performed.
INFO: [Physopt 32-949] No candidate nets found for dynamic/static region interface net replication
INFO: [Physopt 32-775] End 1 Pass. Optimized 0 net or cell. Created 0 new cell, deleted 0 existing cell and moved 0 existing cell
Netlist sorting complete. Time (s): cpu = 00:00:00 ; elapsed = 00:00:00.001 . Memory (MB): peak = 2527.133 ; gain = 0.000

Summary of Physical Synthesis Optimizations
============================================


-----------------------------------------------------------------------------------------------------------------------------------------------------------
|  Optimization                                     |  Added Cells  |  Removed Cells  |  Optimized Cells/Nets  |  Dont Touch  |  Iterations  |  Elapsed   |
-----------------------------------------------------------------------------------------------------------------------------------------------------------
|  LUT Combining                                    |            0  |            107  |                   107  |           0  |           1  |  00:00:00  |
|  Retime                                           |            0  |              0  |                     0  |           0  |           1  |  00:00:00  |
|  Very High Fanout                                 |            0  |              0  |                     0  |           0  |           1  |  00:00:00  |
|  DSP Register                                     |            0  |              0  |                     0  |           0  |           0  |  00:00:00  |
|  Shift Register to Pipeline                       |            0  |              0  |                     0  |           0  |           0  |  00:00:00  |
|  Shift Register                                   |            0  |              0  |                     0  |           0  |           0  |  00:00:00  |
|  BRAM Register                                    |            0  |              0  |                     0  |           0  |           0  |  00:00:00  |
|  URAM Register                                    |            0  |              0  |                     0  |           0  |           0  |  00:00:00  |
|  Dynamic/Static Region Interface Net Replication  |            0  |              0  |                     0  |           0  |           1  |  00:00:00  |
|  Total                                            |            0  |            107  |                   107  |           0  |           4  |  00:00:00  |
-----------------------------------------------------------------------------------------------------------------------------------------------------------


Phase 2.4.2 Physical Synthesis In Placer | Checksum: 239a37feb

Time (s): cpu = 00:00:05 ; elapsed = 00:00:03 . Memory (MB): peak = 2527.133 ; gain = 0.000
Phase 2.4 Global Placement Core | Checksum: 2102e017e

Time (s): cpu = 00:00:05 ; elapsed = 00:00:03 . Memory (MB): peak = 2527.133 ; gain = 0.000
Phase 2 Global Placement | Checksum: 2102e017e

Time (s): cpu = 00:00:05 ; elapsed = 00:00:03 . Memory (MB): peak = 2527.133 ; gain = 0.000

Phase 3 Detail Placement

Phase 3.1 Commit Multi Column Macros
Phase 3.1 Commit Multi Column Macros | Checksum: 1a97f5f64

Time (s): cpu = 00:00:05 ; elapsed = 00:00:03 . Memory (MB): peak = 2527.133 ; gain = 0.000

Phase 3.2 Commit Most Macros & LUTRAMs
Phase 3.2 Commit Most Macros & LUTRAMs | Checksum: 211dc4110

Time (s): cpu = 00:00:06 ; elapsed = 00:00:03 . Memory (MB): peak = 2527.133 ; gain = 0.000

Phase 3.3 Area Swap Optimization
Phase 3.3 Area Swap Optimization | Checksum: 1fd4aecb5

Time (s): cpu = 00:00:06 ; elapsed = 00:00:03 . Memory (MB): peak = 2527.133 ; gain = 0.000

Phase 3.4 Pipeline Register Optimization
Phase 3.4 Pipeline Register Optimization | Checksum: 1b6bf8096

Time (s): cpu = 00:00:06 ; elapsed = 00:00:03 . Memory (MB): peak = 2527.133 ; gain = 0.000

Phase 3.5 Small Shape Detail Placement
Phase 3.5 Small Shape Detail Placement | Checksum: 1f8bfa4dc

Time (s): cpu = 00:00:06 ; elapsed = 00:00:04 . Memory (MB): peak = 2527.133 ; gain = 0.000

Phase 3.6 Re-assign LUT pins
Phase 3.6 Re-assign LUT pins | Checksum: 14ced6415

Time (s): cpu = 00:00:06 ; elapsed = 00:00:04 . Memory (MB): peak = 2527.133 ; gain = 0.000

Phase 3.7 Pipeline Register Optimization
Phase 3.7 Pipeline Register Optimization | Checksum: 1c47057f8

Time (s): cpu = 00:00:06 ; elapsed = 00:00:04 . Memory (MB): peak = 2527.133 ; gain = 0.000
Phase 3 Detail Placement | Checksum: 1c47057f8

Time (s): cpu = 00:00:06 ; elapsed = 00:00:04 . Memory (MB): peak = 2527.133 ; gain = 0.000

Phase 4 Post Placement Optimization and Clean-Up

Phase 4.1 Post Commit Optimization
INFO: [Timing 38-35] Done setting XDC timing constraints.

Phase 4.1.1 Post Placement Optimization
Post Placement Optimization Initialization | Checksum: 8fed5cf0

Phase 4.1.1.1 BUFG Insertion

Starting Physical Synthesis Task

Phase 1 Physical Synthesis Initialization
INFO: [Physopt 32-721] Multithreading enabled for phys_opt_design using a maximum of 2 CPUs
INFO: [Physopt 32-619] Estimated Timing Summary | WNS=2.209 | TNS=0.000 |
Phase 1 Physical Synthesis Initialization | Checksum: fc225ee3

Time (s): cpu = 00:00:00 ; elapsed = 00:00:00.079 . Memory (MB): peak = 2527.133 ; gain = 0.000
INFO: [Place 46-56] BUFG insertion identified 0 candidate nets. Inserted BUFG: 0, Replicated BUFG Driver: 0, Skipped due to Placement/Routing Conflicts: 0, Skipped due to Timing Degradation: 0, Skipped due to netlist editing failed: 0.
Ending Physical Synthesis Task | Checksum: fc225ee3

Time (s): cpu = 00:00:00 ; elapsed = 00:00:00.096 . Memory (MB): peak = 2527.133 ; gain = 0.000
Phase 4.1.1.1 BUFG Insertion | Checksum: 8fed5cf0

Time (s): cpu = 00:00:07 ; elapsed = 00:00:04 . Memory (MB): peak = 2527.133 ; gain = 0.000

Phase 4.1.1.2 Post Placement Timing Optimization
INFO: [Place 30-746] Post Placement Timing Summary WNS=2.209. For the most accurate timing information please run report_timing.
Phase 4.1.1.2 Post Placement Timing Optimization | Checksum: 11b6bb890

Time (s): cpu = 00:00:07 ; elapsed = 00:00:04 . Memory (MB): peak = 2527.133 ; gain = 0.000

Time (s): cpu = 00:00:07 ; elapsed = 00:00:04 . Memory (MB): peak = 2527.133 ; gain = 0.000
Phase 4.1 Post Commit Optimization | Checksum: 11b6bb890

Time (s): cpu = 00:00:07 ; elapsed = 00:00:04 . Memory (MB): peak = 2527.133 ; gain = 0.000

Phase 4.2 Post Placement Cleanup
Phase 4.2 Post Placement Cleanup | Checksum: 11b6bb890

Time (s): cpu = 00:00:07 ; elapsed = 00:00:04 . Memory (MB): peak = 2527.133 ; gain = 0.000

Phase 4.3 Placer Reporting

Phase 4.3.1 Print Estimated Congestion
INFO: [Place 30-612] Post-Placement Estimated Congestion 
 ____________________________________________________
|           | Global Congestion | Short Congestion  |
| Direction | Region Size       | Region Size       |
|___________|___________________|___________________|
|      North|                1x1|                1x1|
|___________|___________________|___________________|
|      South|                1x1|                1x1|
|___________|___________________|___________________|
|       East|                1x1|                1x1|
|___________|___________________|___________________|
|       West|                1x1|                1x1|
|___________|___________________|___________________|

Phase 4.3.1 Print Estimated Congestion | Checksum: 11b6bb890

Time (s): cpu = 00:00:07 ; elapsed = 00:00:04 . Memory (MB): peak = 2527.133 ; gain = 0.000
Phase 4.3 Placer Reporting | Checksum: 11b6bb890

Time (s): cpu = 00:00:07 ; elapsed = 00:00:04 . Memory (MB): peak = 2527.133 ; gain = 0.000

Phase 4.4 Final Placement Cleanup
Netlist sorting complete. Time (s): cpu = 00:00:00 ; elapsed = 00:00:00.001 . Memory (MB): peak = 2527.133 ; gain = 0.000

Time (s): cpu = 00:00:07 ; elapsed = 00:00:04 . Memory (MB): peak = 2527.133 ; gain = 0.000
Phase 4 Post Placement Optimization and Clean-Up | Checksum: 187f3200b

Time (s): cpu = 00:00:07 ; elapsed = 00:00:04 . Memory (MB): peak = 2527.133 ; gain = 0.000
Ending Placer Task | Checksum: e91b95e6

Time (s): cpu = 00:00:07 ; elapsed = 00:00:04 . Memory (MB): peak = 2527.133 ; gain = 0.000
INFO: [Common 17-83] Releasing license: Implementation
77 Infos, 1 Warnings, 1 Critical Warnings and 0 Errors encountered.
place_design completed successfully
place_design: Time (s): cpu = 00:00:09 ; elapsed = 00:00:05 . Memory (MB): peak = 2527.133 ; gain = 0.000
INFO: [runtcl-4] Executing : report_io -file design_1_wrapper_io_placed.rpt
report_io: Time (s): cpu = 00:00:01 ; elapsed = 00:00:00.052 . Memory (MB): peak = 2527.133 ; gain = 0.000
INFO: [runtcl-4] Executing : report_utilization -file design_1_wrapper_utilization_placed.rpt -pb design_1_wrapper_utilization_placed.pb
INFO: [runtcl-4] Executing : report_control_sets -verbose -file design_1_wrapper_control_sets_placed.rpt
report_control_sets: Time (s): cpu = 00:00:00 ; elapsed = 00:00:00.007 . Memory (MB): peak = 2527.133 ; gain = 0.000
INFO: [Timing 38-480] Writing timing data to binary archive.
Writing XDEF routing.
Writing XDEF routing logical nets.
Writing XDEF routing special nets.
Write XDEF Complete: Time (s): cpu = 00:00:00 ; elapsed = 00:00:00.219 . Memory (MB): peak = 2527.133 ; gain = 0.000
INFO: [Common 17-1381] The checkpoint 'F:/Education/FPGA_Labs/Labs_2/lab4/audio_new/audio_new.runs/impl_1/design_1_wrapper_placed.dcp' has been generated.
Command: phys_opt_design
Attempting to get a license for feature 'Implementation' and/or device 'xc7z020'
INFO: [Common 17-349] Got license for feature 'Implementation' and/or device 'xc7z020'

Starting Initial Update Timing Task

Time (s): cpu = 00:00:00 ; elapsed = 00:00:00.213 . Memory (MB): peak = 2527.133 ; gain = 0.000
INFO: [Vivado_Tcl 4-383] Design worst setup slack (WNS) is greater than or equal to 0.000 ns. Skipping all physical synthesis optimizations.
INFO: [Vivado_Tcl 4-232] No setup violation found. The netlist was not modified.
INFO: [Common 17-83] Releasing license: Implementation
86 Infos, 1 Warnings, 1 Critical Warnings and 0 Errors encountered.
phys_opt_design completed successfully
INFO: [Timing 38-480] Writing timing data to binary archive.
Writing XDEF routing.
Writing XDEF routing logical nets.
Writing XDEF routing special nets.
Write XDEF Complete: Time (s): cpu = 00:00:01 ; elapsed = 00:00:00.232 . Memory (MB): peak = 2527.133 ; gain = 0.000
INFO: [Common 17-1381] The checkpoint 'F:/Education/FPGA_Labs/Labs_2/lab4/audio_new/audio_new.runs/impl_1/design_1_wrapper_physopt.dcp' has been generated.
Command: route_design
Attempting to get a license for feature 'Implementation' and/or device 'xc7z020'
INFO: [Common 17-349] Got license for feature 'Implementation' and/or device 'xc7z020'
Running DRC as a precondition to command route_design
INFO: [DRC 23-27] Running DRC with 2 threads
INFO: [Vivado_Tcl 4-198] DRC finished with 0 Errors
INFO: [Vivado_Tcl 4-199] Please refer to the DRC report (report_drc) for more information.


Starting Routing Task
INFO: [Route 35-254] Multithreading enabled for route_design using a maximum of 2 CPUs

Phase 1 Build RT Design
Checksum: PlaceDB: 485f112e ConstDB: 0 ShapeSum: a0bc84b8 RouteDB: 0
Post Restoration Checksum: NetGraph: 54207f3 | NumContArr: 8915335e | Constraints: 190a55ad | Timing: 0
Phase 1 Build RT Design | Checksum: a76190fe

Time (s): cpu = 00:00:19 ; elapsed = 00:00:18 . Memory (MB): peak = 2587.684 ; gain = 60.551

Phase 2 Router Initialization

Phase 2.1 Fix Topology Constraints
Phase 2.1 Fix Topology Constraints | Checksum: a76190fe

Time (s): cpu = 00:00:19 ; elapsed = 00:00:18 . Memory (MB): peak = 2587.684 ; gain = 60.551

Phase 2.2 Pre Route Cleanup
Phase 2.2 Pre Route Cleanup | Checksum: a76190fe

Time (s): cpu = 00:00:19 ; elapsed = 00:00:18 . Memory (MB): peak = 2587.684 ; gain = 60.551
 Number of Nodes with overlaps = 0

Phase 2.3 Update Timing
Phase 2.3 Update Timing | Checksum: 1f5f73360

Time (s): cpu = 00:00:20 ; elapsed = 00:00:19 . Memory (MB): peak = 2604.215 ; gain = 77.082
INFO: [Route 35-416] Intermediate Timing Summary | WNS=2.372  | TNS=0.000  | WHS=-0.194 | THS=-37.565|


Router Utilization Summary
  Global Vertical Routing Utilization    = 0 %
  Global Horizontal Routing Utilization  = 0 %
  Routable Net Status*
  *Does not include unroutable nets such as driverless and loadless.
  Run report_route_status for detailed report.
  Number of Failed Nets               = 2840
    (Failed Nets is the sum of unrouted and partially routed nets)
  Number of Unrouted Nets             = 2840
  Number of Partially Routed Nets     = 0
  Number of Node Overlaps             = 0

Phase 2 Router Initialization | Checksum: 1a5480515

Time (s): cpu = 00:00:20 ; elapsed = 00:00:19 . Memory (MB): peak = 2608.090 ; gain = 80.957

Phase 3 Initial Routing

Phase 3.1 Global Routing
Phase 3.1 Global Routing | Checksum: 1a5480515

Time (s): cpu = 00:00:20 ; elapsed = 00:00:19 . Memory (MB): peak = 2608.090 ; gain = 80.957
Phase 3 Initial Routing | Checksum: 1b758f60a

Time (s): cpu = 00:00:21 ; elapsed = 00:00:19 . Memory (MB): peak = 2608.090 ; gain = 80.957

Phase 4 Rip-up And Reroute

Phase 4.1 Global Iteration 0
 Number of Nodes with overlaps = 188
 Number of Nodes with overlaps = 2
 Number of Nodes with overlaps = 0
INFO: [Route 35-416] Intermediate Timing Summary | WNS=3.019  | TNS=0.000  | WHS=N/A    | THS=N/A    |

Phase 4.1 Global Iteration 0 | Checksum: 182b3035b

Time (s): cpu = 00:00:21 ; elapsed = 00:00:20 . Memory (MB): peak = 2608.090 ; gain = 80.957

Phase 4.2 Global Iteration 1
 Number of Nodes with overlaps = 0
INFO: [Route 35-416] Intermediate Timing Summary | WNS=3.019  | TNS=0.000  | WHS=N/A    | THS=N/A    |

Phase 4.2 Global Iteration 1 | Checksum: 166cc0e41

Time (s): cpu = 00:00:22 ; elapsed = 00:00:20 . Memory (MB): peak = 2608.090 ; gain = 80.957
Phase 4 Rip-up And Reroute | Checksum: 166cc0e41

Time (s): cpu = 00:00:22 ; elapsed = 00:00:20 . Memory (MB): peak = 2608.090 ; gain = 80.957

Phase 5 Delay and Skew Optimization

Phase 5.1 Delay CleanUp
Phase 5.1 Delay CleanUp | Checksum: 166cc0e41

Time (s): cpu = 00:00:22 ; elapsed = 00:00:20 . Memory (MB): peak = 2608.090 ; gain = 80.957

Phase 5.2 Clock Skew Optimization
Phase 5.2 Clock Skew Optimization | Checksum: 166cc0e41

Time (s): cpu = 00:00:22 ; elapsed = 00:00:20 . Memory (MB): peak = 2608.090 ; gain = 80.957
Phase 5 Delay and Skew Optimization | Checksum: 166cc0e41

Time (s): cpu = 00:00:22 ; elapsed = 00:00:20 . Memory (MB): peak = 2608.090 ; gain = 80.957

Phase 6 Post Hold Fix

Phase 6.1 Hold Fix Iter

Phase 6.1.1 Update Timing
Phase 6.1.1 Update Timing | Checksum: b4d5a359

Time (s): cpu = 00:00:22 ; elapsed = 00:00:20 . Memory (MB): peak = 2608.090 ; gain = 80.957
INFO: [Route 35-416] Intermediate Timing Summary | WNS=3.033  | TNS=0.000  | WHS=0.052  | THS=0.000  |

Phase 6.1 Hold Fix Iter | Checksum: e1ccec4b

Time (s): cpu = 00:00:22 ; elapsed = 00:00:20 . Memory (MB): peak = 2608.090 ; gain = 80.957
Phase 6 Post Hold Fix | Checksum: e1ccec4b

Time (s): cpu = 00:00:22 ; elapsed = 00:00:20 . Memory (MB): peak = 2608.090 ; gain = 80.957

Phase 7 Route finalize

Router Utilization Summary
  Global Vertical Routing Utilization    = 0.504919 %
  Global Horizontal Routing Utilization  = 0.536089 %
  Routable Net Status*
  *Does not include unroutable nets such as driverless and loadless.
  Run report_route_status for detailed report.
  Number of Failed Nets               = 0
    (Failed Nets is the sum of unrouted and partially routed nets)
  Number of Unrouted Nets             = 0
  Number of Partially Routed Nets     = 0
  Number of Node Overlaps             = 0

Phase 7 Route finalize | Checksum: 1024439fd

Time (s): cpu = 00:00:22 ; elapsed = 00:00:20 . Memory (MB): peak = 2608.090 ; gain = 80.957

Phase 8 Verifying routed nets

 Verification completed successfully
Phase 8 Verifying routed nets | Checksum: 1024439fd

Time (s): cpu = 00:00:22 ; elapsed = 00:00:20 . Memory (MB): peak = 2608.090 ; gain = 80.957

Phase 9 Depositing Routes
Phase 9 Depositing Routes | Checksum: 149b517d9

Time (s): cpu = 00:00:22 ; elapsed = 00:00:20 . Memory (MB): peak = 2608.090 ; gain = 80.957

Phase 10 Post Router Timing
INFO: [Route 35-57] Estimated Timing Summary | WNS=3.033  | TNS=0.000  | WHS=0.052  | THS=0.000  |

INFO: [Route 35-327] The final timing numbers are based on the router estimated timing analysis. For a complete and accurate timing signoff, please run report_timing_summary.
Phase 10 Post Router Timing | Checksum: 149b517d9

Time (s): cpu = 00:00:22 ; elapsed = 00:00:20 . Memory (MB): peak = 2608.090 ; gain = 80.957
INFO: [Route 35-16] Router Completed Successfully

Phase 11 Post-Route Event Processing
Phase 11 Post-Route Event Processing | Checksum: 131f366c5

Time (s): cpu = 00:00:22 ; elapsed = 00:00:20 . Memory (MB): peak = 2608.090 ; gain = 80.957

Time (s): cpu = 00:00:22 ; elapsed = 00:00:20 . Memory (MB): peak = 2608.090 ; gain = 80.957

Routing Is Done.
INFO: [Common 17-83] Releasing license: Implementation
101 Infos, 1 Warnings, 1 Critical Warnings and 0 Errors encountered.
route_design completed successfully
route_design: Time (s): cpu = 00:00:23 ; elapsed = 00:00:21 . Memory (MB): peak = 2608.090 ; gain = 80.957
INFO: [runtcl-4] Executing : report_drc -file design_1_wrapper_drc_routed.rpt -pb design_1_wrapper_drc_routed.pb -rpx design_1_wrapper_drc_routed.rpx
Command: report_drc -file design_1_wrapper_drc_routed.rpt -pb design_1_wrapper_drc_routed.pb -rpx design_1_wrapper_drc_routed.rpx
INFO: [IP_Flow 19-1839] IP Catalog is up to date.
INFO: [DRC 23-27] Running DRC with 2 threads
INFO: [Vivado_Tcl 2-168] The results of DRC are in file F:/Education/FPGA_Labs/Labs_2/lab4/audio_new/audio_new.runs/impl_1/design_1_wrapper_drc_routed.rpt.
report_drc completed successfully
INFO: [runtcl-4] Executing : report_methodology -file design_1_wrapper_methodology_drc_routed.rpt -pb design_1_wrapper_methodology_drc_routed.pb -rpx design_1_wrapper_methodology_drc_routed.rpx
Command: report_methodology -file design_1_wrapper_methodology_drc_routed.rpt -pb design_1_wrapper_methodology_drc_routed.pb -rpx design_1_wrapper_methodology_drc_routed.rpx
INFO: [Timing 38-35] Done setting XDC timing constraints.
INFO: [DRC 23-133] Running Methodology with 2 threads
INFO: [Vivado_Tcl 2-1520] The results of Report Methodology are in file F:/Education/FPGA_Labs/Labs_2/lab4/audio_new/audio_new.runs/impl_1/design_1_wrapper_methodology_drc_routed.rpt.
report_methodology completed successfully
INFO: [runtcl-4] Executing : report_power -file design_1_wrapper_power_routed.rpt -pb design_1_wrapper_power_summary_routed.pb -rpx design_1_wrapper_power_routed.rpx
Command: report_power -file design_1_wrapper_power_routed.rpt -pb design_1_wrapper_power_summary_routed.pb -rpx design_1_wrapper_power_routed.rpx
INFO: [Timing 38-35] Done setting XDC timing constraints.
Running Vector-less Activity Propagation...

Finished Running Vector-less Activity Propagation
111 Infos, 1 Warnings, 1 Critical Warnings and 0 Errors encountered.
report_power completed successfully
INFO: [runtcl-4] Executing : report_route_status -file design_1_wrapper_route_status.rpt -pb design_1_wrapper_route_status.pb
INFO: [runtcl-4] Executing : report_timing_summary -max_paths 10 -report_unconstrained -file design_1_wrapper_timing_summary_routed.rpt -pb design_1_wrapper_timing_summary_routed.pb -rpx design_1_wrapper_timing_summary_routed.rpx -warn_on_violation 
INFO: [Timing 38-91] UpdateTimingParams: Speed grade: -1, Delay Type: min_max.
INFO: [Timing 38-191] Multithreading enabled for timing update using a maximum of 2 CPUs
INFO: [runtcl-4] Executing : report_incremental_reuse -file design_1_wrapper_incremental_reuse_routed.rpt
INFO: [Vivado_Tcl 4-1062] Incremental flow is disabled. No incremental reuse Info to report.
INFO: [runtcl-4] Executing : report_clock_utilization -file design_1_wrapper_clock_utilization_routed.rpt
INFO: [runtcl-4] Executing : report_bus_skew -warn_on_violation -file design_1_wrapper_bus_skew_routed.rpt -pb design_1_wrapper_bus_skew_routed.pb -rpx design_1_wrapper_bus_skew_routed.rpx
INFO: [Timing 38-91] UpdateTimingParams: Speed grade: -1, Delay Type: min_max.
INFO: [Timing 38-191] Multithreading enabled for timing update using a maximum of 2 CPUs
INFO: [Timing 38-480] Writing timing data to binary archive.
Writing XDEF routing.
Writing XDEF routing logical nets.
Writing XDEF routing special nets.
Write XDEF Complete: Time (s): cpu = 00:00:01 ; elapsed = 00:00:00.257 . Memory (MB): peak = 2636.695 ; gain = 0.000
INFO: [Common 17-1381] The checkpoint 'F:/Education/FPGA_Labs/Labs_2/lab4/audio_new/audio_new.runs/impl_1/design_1_wrapper_routed.dcp' has been generated.
Command: write_bitstream -force design_1_wrapper.bit
Attempting to get a license for feature 'Implementation' and/or device 'xc7z020'
INFO: [Common 17-349] Got license for feature 'Implementation' and/or device 'xc7z020'
Running DRC as a precondition to command write_bitstream
INFO: [IP_Flow 19-1839] IP Catalog is up to date.
INFO: [DRC 23-27] Running DRC with 2 threads
WARNING: [DRC DPIP-1] Input pipelining: DSP design_1_i/fir_0/inst/grp_fir_Pipeline_loop_fu_90/mac_muladd_16s_16s_37s_37_4_1_U1/fir_mac_muladd_16s_16s_37s_37_4_1_DSP48_0_U/p_reg_reg input design_1_i/fir_0/inst/grp_fir_Pipeline_loop_fu_90/mac_muladd_16s_16s_37s_37_4_1_U1/fir_mac_muladd_16s_16s_37s_37_4_1_DSP48_0_U/p_reg_reg/C[47:0] is not pipelined. Pipelining DSP48 input will improve performance.
WARNING: [DRC DPIP-1] Input pipelining: DSP design_1_i/fir_1/inst/grp_fir_Pipeline_loop_fu_90/mac_muladd_16s_16s_37s_37_4_1_U1/fir_mac_muladd_16s_16s_37s_37_4_1_DSP48_0_U/p_reg_reg input design_1_i/fir_1/inst/grp_fir_Pipeline_loop_fu_90/mac_muladd_16s_16s_37s_37_4_1_U1/fir_mac_muladd_16s_16s_37s_37_4_1_DSP48_0_U/p_reg_reg/C[47:0] is not pipelined. Pipelining DSP48 input will improve performance.
WARNING: [DRC DPOP-2] MREG Output pipelining: DSP design_1_i/fir_0/inst/mul_28s_16s_28_3_1_U9/buff0_reg multiplier stage design_1_i/fir_0/inst/mul_28s_16s_28_3_1_U9/buff0_reg/P[47:0] is not pipelined (MREG=0). Pipelining the multiplier function will improve performance and will save significant power so it is suggested whenever possible to fully pipeline this function.  If this multiplier was inferred, it is suggested to describe an additional register stage after this function.  If there is no registered adder/accumulator following the multiply function, two pipeline stages are suggested to allow both the MREG and PREG registers to be used.  If the DSP48 was instantiated in the design, it is suggested to set both the MREG and PREG attributes to 1 when performing multiply functions.
WARNING: [DRC DPOP-2] MREG Output pipelining: DSP design_1_i/fir_1/inst/mul_28s_16s_28_3_1_U9/buff0_reg multiplier stage design_1_i/fir_1/inst/mul_28s_16s_28_3_1_U9/buff0_reg/P[47:0] is not pipelined (MREG=0). Pipelining the multiplier function will improve performance and will save significant power so it is suggested whenever possible to fully pipeline this function.  If this multiplier was inferred, it is suggested to describe an additional register stage after this function.  If there is no registered adder/accumulator following the multiply function, two pipeline stages are suggested to allow both the MREG and PREG registers to be used.  If the DSP48 was instantiated in the design, it is suggested to set both the MREG and PREG attributes to 1 when performing multiply functions.
INFO: [Vivado 12-3199] DRC finished with 0 Errors, 4 Warnings
INFO: [Vivado 12-3200] Please refer to the DRC report (report_drc) for more information.
INFO: [Designutils 20-2272] Running write_bitstream with 2 threads.
Loading data files...
Loading site data...
Loading route data...
Processing options...
Creating bitmap...
Creating bitstream...
Writing bitstream ./design_1_wrapper.bit...
INFO: [Vivado 12-1842] Bitgen Completed Successfully.
INFO: [Project 1-1876] WebTalk data collection is mandatory when using a ULT device. To see the specific WebTalk data collected for your design, open the usage_statistics_webtalk.html or usage_statistics_webtalk.xml file in the implementation directory.
INFO: [Common 17-83] Releasing license: Implementation
14 Infos, 4 Warnings, 0 Critical Warnings and 0 Errors encountered.
write_bitstream completed successfully
write_bitstream: Time (s): cpu = 00:00:12 ; elapsed = 00:00:10 . Memory (MB): peak = 3218.566 ; gain = 581.871
INFO: [Common 17-206] Exiting Vivado at Sun Dec  8 18:20:55 2024...
