

================================================================
== Synthesis Summary Report of 'fir'
================================================================
+ General Information: 
    * Date:           Sun Dec  1 15:28:00 2024
    * Version:        2023.1 (Build 3854077 on May  4 2023)
    * Project:        fir
    * Solution:       solution1 (Vivado IP Flow Target)
    * Product family: zynq
    * Target device:  xc7z020-clg484-1
    

+ Performance & Resource Estimates: 
    
    PS: '+' for module; 'o' for loop; '*' for dataflow
    +----------------------+------+------+---------+---------+----------+---------+------+----------+------+---------+-----------+-----------+-----+
    |        Modules       | Issue|      | Latency | Latency | Iteration|         | Trip |          |      |         |           |           |     |
    |        & Loops       | Type | Slack| (cycles)|   (ns)  |  Latency | Interval| Count| Pipelined| BRAM |   DSP   |     FF    |    LUT    | URAM|
    +----------------------+------+------+---------+---------+----------+---------+------+----------+------+---------+-----------+-----------+-----+
    |+ fir                 |     -|  1.72|       68|  680.000|         -|       69|     -|        no|     -|   3 (1%)|  347 (~0%)|  360 (~0%)|    -|
    | + fir_Pipeline_loop  |     -|  2.66|       62|  620.000|         -|       62|     -|        no|     -|  1 (~0%)|  139 (~0%)|  131 (~0%)|    -|
    |  o loop              |     -|  7.30|       60|  600.000|         5|        1|    57|       yes|     -|        -|          -|          -|    -|
    +----------------------+------+------+---------+---------+----------+---------+------+----------+------+---------+-----------+-----------+-----+


================================================================
== HW Interfaces
================================================================
* S_AXILITE Interfaces
+--------------+------------+---------------+--------+----------+
| Interface    | Data Width | Address Width | Offset | Register |
+--------------+------------+---------------+--------+----------+
| s_axi_fir_io | 32         | 6             | 16     | 0        |
+--------------+------------+---------------+--------+----------+

* S_AXILITE Registers
+--------------+----------+--------+-------+--------+----------------------------------+----------------------------------------------------------------------+
| Interface    | Register | Offset | Width | Access | Description                      | Bit Fields                                                           |
+--------------+----------+--------+-------+--------+----------------------------------+----------------------------------------------------------------------+
| s_axi_fir_io | CTRL     | 0x00   | 32    | RW     | Control signals                  | 0=AP_START 1=AP_DONE 2=AP_IDLE 3=AP_READY 7=AUTO_RESTART 9=INTERRUPT |
| s_axi_fir_io | GIER     | 0x04   | 32    | RW     | Global Interrupt Enable Register | 0=Enable                                                             |
| s_axi_fir_io | IP_IER   | 0x08   | 32    | RW     | IP Interrupt Enable Register     | 0=CHAN0_INT_EN 1=CHAN1_INT_EN                                        |
| s_axi_fir_io | IP_ISR   | 0x0c   | 32    | RW     | IP Interrupt Status Register     | 0=CHAN0_INT_ST 1=CHAN1_INT_ST                                        |
| s_axi_fir_io | y        | 0x10   | 32    | R      | Data signal of y                 |                                                                      |
| s_axi_fir_io | y_ctrl   | 0x14   | 32    | R      | Control signal of y              | 0=y_ap_vld                                                           |
| s_axi_fir_io | x        | 0x20   | 32    | W      | Data signal of x                 |                                                                      |
+--------------+----------+--------+-------+--------+----------------------------------+----------------------------------------------------------------------+

* TOP LEVEL CONTROL
+-----------+------------+-----------+
| Interface | Type       | Ports     |
+-----------+------------+-----------+
| ap_clk    | clock      | ap_clk    |
| ap_rst_n  | reset      | ap_rst_n  |
| interrupt | interrupt  | interrupt |
| ap_ctrl   | ap_ctrl_hs |           |
+-----------+------------+-----------+


================================================================
== SW I/O Information
================================================================
* Top Function Arguments
+----------+-----------+----------+
| Argument | Direction | Datatype |
+----------+-----------+----------+
| y        | out       | short*   |
| x        | in        | short    |
+----------+-----------+----------+

* SW-to-HW Mapping
+----------+--------------+----------+----------------------------------+
| Argument | HW Interface | HW Type  | HW Info                          |
+----------+--------------+----------+----------------------------------+
| y        | s_axi_fir_io | register | name=y offset=0x10 range=32      |
| y        | s_axi_fir_io | register | name=y_ctrl offset=0x14 range=32 |
| x        | s_axi_fir_io | register | name=x offset=0x20 range=32      |
+----------+--------------+----------+----------------------------------+


================================================================
== Bind Op Report
================================================================
+-------------------------------------+-----+--------+----------+-----+--------+---------+
| Name                                | DSP | Pragma | Variable | Op  | Impl   | Latency |
+-------------------------------------+-----+--------+----------+-----+--------+---------+
| + fir                               | 3   |        |          |     |        |         |
|   mul_16s_10s_25_1_1_U7             | 1   |        | mul_ln16 | mul | auto   | 0       |
|   mac_muladd_16s_10s_31s_31_4_1_U8  | 1   |        | mul_ln24 | mul | dsp48  | 3       |
|   mac_muladd_16s_10s_31s_31_4_1_U8  | 1   |        | acc      | add | dsp48  | 3       |
|  + fir_Pipeline_loop                | 1   |        |          |     |        |         |
|    add_ln20_fu_126_p2               | -   |        | add_ln20 | add | fabric | 0       |
|    mac_muladd_16s_16s_37s_37_4_1_U1 | 1   |        | mul_ln21 | mul | dsp48  | 3       |
|    mac_muladd_16s_16s_37s_37_4_1_U1 | 1   |        | acc_2    | add | dsp48  | 3       |
+-------------------------------------+-----+--------+----------+-----+--------+---------+


================================================================
== Bind Storage Report
================================================================
+----------------------+------+------+--------+-----------+---------+------+---------+
| Name                 | BRAM | URAM | Pragma | Variable  | Storage | Impl | Latency |
+----------------------+------+------+--------+-----------+---------+------+---------+
| + fir                | 0    | 0    |        |           |         |      |         |
|   shift_reg_U        | -    | -    |        | shift_reg | ram_s2p | auto | 1       |
|  + fir_Pipeline_loop | 0    | 0    |        |           |         |      |         |
|    c_U               | -    | -    |        | c         | rom_1p  | auto | 1       |
+----------------------+------+------+--------+-----------+---------+------+---------+


================================================================
== Pragma Report
================================================================
* Valid Pragma Syntax
+-----------+-------------------------------------+-----------------------------------------------------------------------------------+
| Type      | Options                             | Location                                                                          |
+-----------+-------------------------------------+-----------------------------------------------------------------------------------+
| interface | s_axilite port=return bundle=fir_io | ../xup_high_level_synthesis_design_flow-main/source/lab4/fir.cpp:7 in fir, return |
| interface | mode=s_axilite bundle=fir_io port=y | ../xup_high_level_synthesis_design_flow-main/source/lab4/fir.cpp:8 in fir, y      |
| interface | mode=s_axilite bundle=fir_io port=x | ../xup_high_level_synthesis_design_flow-main/source/lab4/fir.cpp:9 in fir, x      |
| interface | s_axilite bundle=fir_io port=return | fir/solution1/directives.tcl:8 in fir, return                                     |
+-----------+-------------------------------------+-----------------------------------------------------------------------------------+


