                             latency        interval
transaction       0:             106              95
transaction       1:             118             107
transaction       2:             114             103
transaction       3:             114             103
transaction       4:             114             103
transaction       5:             114             103
transaction       6:             114             103
transaction       7:             114             103
transaction       8:             114             103
transaction       9:             114             103
transaction      10:             114             103
transaction      11:             114             103
transaction      12:             114             103
transaction      13:             114             103
transaction      14:             114             103
transaction      15:             114             103
transaction      16:             114             103
transaction      17:             114             103
transaction      18:             114             103
transaction      19:             114             103
transaction      20:             114             103
transaction      21:             114             103
transaction      22:             114             103
transaction      23:             114             103
transaction      24:             114             103
transaction      25:             114             103
transaction      26:             114             103
transaction      27:             114             103
transaction      28:             114             103
transaction      29:             114             103
transaction      30:             114             103
transaction      31:             114             103
transaction      32:             114             103
transaction      33:             114             103
transaction      34:             114             103
transaction      35:             114             103
transaction      36:             114             103
transaction      37:             114             103
transaction      38:             114             103
transaction      39:             114             103
transaction      40:             114             103
transaction      41:             114             103
transaction      42:             114             103
transaction      43:             114             103
transaction      44:             114             103
transaction      45:             114             103
transaction      46:             114             103
transaction      47:             114             103
transaction      48:             114             103
transaction      49:             114             103
transaction      50:             114             103
transaction      51:             114             103
transaction      52:             114             103
transaction      53:             114             103
transaction      54:             114             103
transaction      55:             114             103
transaction      56:             114             103
transaction      57:             114             103
transaction      58:             114             103
transaction      59:             114             103
transaction      60:             114             103
transaction      61:             114             103
transaction      62:             114             103
transaction      63:             114             103
transaction      64:             114             103
transaction      65:             114             103
transaction      66:             114             103
transaction      67:             114               x
